WARNING: A terminally deprecated method in sun.misc.Unsafe has been called
WARNING: sun.misc.Unsafe::staticFieldBase has been called by com.google.inject.internal.aop.HiddenClassDefiner (file:/C:/Users/mraysmit/scoop/apps/maven/current/lib/guice-5.1.0-classes.jar)
WARNING: Please consider reporting this to the maintainers of class com.google.inject.internal.aop.HiddenClassDefiner
WARNING: sun.misc.Unsafe::staticFieldBase will be removed in a future release
---------------------------------------------------
constituent[0]: file:/C:/Users/mraysmit/scoop/apps/maven/current/conf/logging/
constituent[1]: file:/C:/Users/mraysmit/scoop/apps/maven/current/lib/aopalliance-1.0.jar
constituent[2]: file:/C:/Users/mraysmit/scoop/apps/maven/current/lib/asm-9.8.jar
constituent[3]: file:/C:/Users/mraysmit/scoop/apps/maven/current/lib/commons-cli-1.9.0.jar
constituent[4]: file:/C:/Users/mraysmit/scoop/apps/maven/current/lib/commons-codec-1.18.0.jar
constituent[5]: file:/C:/Users/mraysmit/scoop/apps/maven/current/lib/error_prone_annotations-2.38.0.jar
constituent[6]: file:/C:/Users/mraysmit/scoop/apps/maven/current/lib/failureaccess-1.0.3.jar
constituent[7]: file:/C:/Users/mraysmit/scoop/apps/maven/current/lib/gson-2.13.1.jar
constituent[8]: file:/C:/Users/mraysmit/scoop/apps/maven/current/lib/guava-33.4.8-jre.jar
constituent[9]: file:/C:/Users/mraysmit/scoop/apps/maven/current/lib/guice-5.1.0-classes.jar
constituent[10]: file:/C:/Users/mraysmit/scoop/apps/maven/current/lib/httpclient-4.5.14.jar
constituent[11]: file:/C:/Users/mraysmit/scoop/apps/maven/current/lib/httpcore-4.4.16.jar
constituent[12]: file:/C:/Users/mraysmit/scoop/apps/maven/current/lib/jansi-2.4.2.jar
constituent[13]: file:/C:/Users/mraysmit/scoop/apps/maven/current/lib/javax.annotation-api-1.3.2.jar
constituent[14]: file:/C:/Users/mraysmit/scoop/apps/maven/current/lib/javax.inject-1.jar
constituent[15]: file:/C:/Users/mraysmit/scoop/apps/maven/current/lib/jcl-over-slf4j-1.7.36.jar
constituent[16]: file:/C:/Users/mraysmit/scoop/apps/maven/current/lib/jspecify-1.0.0.jar
constituent[17]: file:/C:/Users/mraysmit/scoop/apps/maven/current/lib/maven-artifact-3.9.11.jar
constituent[18]: file:/C:/Users/mraysmit/scoop/apps/maven/current/lib/maven-builder-support-3.9.11.jar
constituent[19]: file:/C:/Users/mraysmit/scoop/apps/maven/current/lib/maven-compat-3.9.11.jar
constituent[20]: file:/C:/Users/mraysmit/scoop/apps/maven/current/lib/maven-core-3.9.11.jar
constituent[21]: file:/C:/Users/mraysmit/scoop/apps/maven/current/lib/maven-embedder-3.9.11.jar
constituent[22]: file:/C:/Users/mraysmit/scoop/apps/maven/current/lib/maven-model-3.9.11.jar
constituent[23]: file:/C:/Users/mraysmit/scoop/apps/maven/current/lib/maven-model-builder-3.9.11.jar
constituent[24]: file:/C:/Users/mraysmit/scoop/apps/maven/current/lib/maven-plugin-api-3.9.11.jar
constituent[25]: file:/C:/Users/mraysmit/scoop/apps/maven/current/lib/maven-repository-metadata-3.9.11.jar
constituent[26]: file:/C:/Users/mraysmit/scoop/apps/maven/current/lib/maven-resolver-api-1.9.24.jar
constituent[27]: file:/C:/Users/mraysmit/scoop/apps/maven/current/lib/maven-resolver-connector-basic-1.9.24.jar
constituent[28]: file:/C:/Users/mraysmit/scoop/apps/maven/current/lib/maven-resolver-impl-1.9.24.jar
constituent[29]: file:/C:/Users/mraysmit/scoop/apps/maven/current/lib/maven-resolver-named-locks-1.9.24.jar
constituent[30]: file:/C:/Users/mraysmit/scoop/apps/maven/current/lib/maven-resolver-provider-3.9.11.jar
constituent[31]: file:/C:/Users/mraysmit/scoop/apps/maven/current/lib/maven-resolver-spi-1.9.24.jar
constituent[32]: file:/C:/Users/mraysmit/scoop/apps/maven/current/lib/maven-resolver-transport-file-1.9.24.jar
constituent[33]: file:/C:/Users/mraysmit/scoop/apps/maven/current/lib/maven-resolver-transport-http-1.9.24.jar
constituent[34]: file:/C:/Users/mraysmit/scoop/apps/maven/current/lib/maven-resolver-transport-wagon-1.9.24.jar
constituent[35]: file:/C:/Users/mraysmit/scoop/apps/maven/current/lib/maven-resolver-util-1.9.24.jar
constituent[36]: file:/C:/Users/mraysmit/scoop/apps/maven/current/lib/maven-settings-3.9.11.jar
constituent[37]: file:/C:/Users/mraysmit/scoop/apps/maven/current/lib/maven-settings-builder-3.9.11.jar
constituent[38]: file:/C:/Users/mraysmit/scoop/apps/maven/current/lib/maven-shared-utils-3.4.2.jar
constituent[39]: file:/C:/Users/mraysmit/scoop/apps/maven/current/lib/maven-slf4j-provider-3.9.11.jar
constituent[40]: file:/C:/Users/mraysmit/scoop/apps/maven/current/lib/org.eclipse.sisu.inject-0.9.0.M4.jar
constituent[41]: file:/C:/Users/mraysmit/scoop/apps/maven/current/lib/org.eclipse.sisu.plexus-0.9.0.M4.jar
constituent[42]: file:/C:/Users/mraysmit/scoop/apps/maven/current/lib/plexus-cipher-2.0.jar
constituent[43]: file:/C:/Users/mraysmit/scoop/apps/maven/current/lib/plexus-component-annotations-2.2.0.jar
constituent[44]: file:/C:/Users/mraysmit/scoop/apps/maven/current/lib/plexus-interpolation-1.28.jar
constituent[45]: file:/C:/Users/mraysmit/scoop/apps/maven/current/lib/plexus-sec-dispatcher-2.0.jar
constituent[46]: file:/C:/Users/mraysmit/scoop/apps/maven/current/lib/plexus-utils-3.6.0.jar
constituent[47]: file:/C:/Users/mraysmit/scoop/apps/maven/current/lib/slf4j-api-1.7.36.jar
constituent[48]: file:/C:/Users/mraysmit/scoop/apps/maven/current/lib/wagon-file-3.5.3.jar
constituent[49]: file:/C:/Users/mraysmit/scoop/apps/maven/current/lib/wagon-http-3.5.3.jar
constituent[50]: file:/C:/Users/mraysmit/scoop/apps/maven/current/lib/wagon-http-shared-3.5.3.jar
constituent[51]: file:/C:/Users/mraysmit/scoop/apps/maven/current/lib/wagon-provider-api-3.5.3.jar
---------------------------------------------------
Exception in thread "main" java.lang.InternalError: Error loading java.security file
	at java.base/java.security.Security$SecPropLoader.loadMaster(Security.java:142)
	at java.base/java.security.Security$SecPropLoader.loadAll(Security.java:120)
	at java.base/java.security.Security.initialize(Security.java:326)
	at java.base/java.security.Security.<clinit>(Security.java:315)
	at java.base/sun.security.jca.ProviderList.<init>(ProviderList.java:170)
	at java.base/sun.security.jca.ProviderList.fromSecurityProperties(ProviderList.java:89)
	at java.base/sun.security.jca.Providers.<clinit>(Providers.java:55)
	at java.base/java.security.SecureRandom.getDefaultPRNG(SecureRandom.java:274)
	at java.base/java.security.SecureRandom.<init>(SecureRandom.java:226)
	at org.sonatype.plexus.components.cipher.PBECipher.<clinit>(PBECipher.java:63)
	at org.sonatype.plexus.components.cipher.DefaultPlexusCipher.<init>(DefaultPlexusCipher.java:45)
	at org.sonatype.plexus.components.cipher.DefaultPlexusCipher$$FastClassByGuice$$146981640.GUICE$TRAMPOLINE(<generated>)
	at org.sonatype.plexus.components.cipher.DefaultPlexusCipher$$FastClassByGuice$$146981640.apply(<generated>)
	at com.google.inject.internal.DefaultConstructionProxyFactory$FastClassProxy.newInstance(DefaultConstructionProxyFactory.java:82)
	at com.google.inject.internal.ConstructorInjector.provision(ConstructorInjector.java:114)
	at com.google.inject.internal.ConstructorInjector.access$000(ConstructorInjector.java:33)
	at com.google.inject.internal.ConstructorInjector$1.call(ConstructorInjector.java:98)
	at com.google.inject.internal.ProvisionListenerStackCallback$Provision.provision(ProvisionListenerStackCallback.java:109)
	at com.google.inject.internal.ProvisionListenerStackCallback$Provision.provision(ProvisionListenerStackCallback.java:124)
	at com.google.inject.internal.ProvisionListenerStackCallback.provision(ProvisionListenerStackCallback.java:66)
	at com.google.inject.internal.ConstructorInjector.construct(ConstructorInjector.java:93)
	at com.google.inject.internal.ConstructorBindingImpl$Factory.get(ConstructorBindingImpl.java:300)
	at com.google.inject.internal.ProviderToInternalFactoryAdapter.get(ProviderToInternalFactoryAdapter.java:40)
	at com.google.inject.internal.SingletonScope$1.get(SingletonScope.java:169)
	at com.google.inject.internal.InternalFactoryToProviderAdapter.get(InternalFactoryToProviderAdapter.java:45)
	at com.google.inject.internal.FactoryProxy.get(FactoryProxy.java:60)
	at com.google.inject.internal.SingleParameterInjector.inject(SingleParameterInjector.java:40)
	at com.google.inject.internal.SingleParameterInjector.getAll(SingleParameterInjector.java:60)
	at com.google.inject.internal.ConstructorInjector.provision(ConstructorInjector.java:113)
	at com.google.inject.internal.ConstructorInjector.access$000(ConstructorInjector.java:33)
	at com.google.inject.internal.ConstructorInjector$1.call(ConstructorInjector.java:98)
	at com.google.inject.internal.ProvisionListenerStackCallback$Provision.provision(ProvisionListenerStackCallback.java:109)
	at com.google.inject.internal.ProvisionListenerStackCallback$Provision.provision(ProvisionListenerStackCallback.java:124)
	at com.google.inject.internal.ProvisionListenerStackCallback.provision(ProvisionListenerStackCallback.java:66)
	at com.google.inject.internal.ConstructorInjector.construct(ConstructorInjector.java:93)
	at com.google.inject.internal.ConstructorBindingImpl$Factory.get(ConstructorBindingImpl.java:300)
	at com.google.inject.internal.ProviderToInternalFactoryAdapter.get(ProviderToInternalFactoryAdapter.java:40)
	at com.google.inject.internal.SingletonScope$1.get(SingletonScope.java:169)
	at com.google.inject.internal.InternalFactoryToProviderAdapter.get(InternalFactoryToProviderAdapter.java:45)
	at com.google.inject.internal.InjectorImpl$1.get(InjectorImpl.java:1101)
	at com.google.inject.internal.InjectorImpl.getInstance(InjectorImpl.java:1139)
	at org.eclipse.sisu.space.AbstractDeferredClass.get(AbstractDeferredClass.java:50)
	at com.google.inject.internal.ProviderInternalFactory.provision(ProviderInternalFactory.java:86)
	at com.google.inject.internal.InternalFactoryToInitializableAdapter.provision(InternalFactoryToInitializableAdapter.java:57)
	at com.google.inject.internal.ProviderInternalFactory$1.call(ProviderInternalFactory.java:67)
	at com.google.inject.internal.ProvisionListenerStackCallback$Provision.provision(ProvisionListenerStackCallback.java:109)
	at com.google.inject.internal.ProvisionListenerStackCallback$Provision.provision(ProvisionListenerStackCallback.java:124)
	at com.google.inject.internal.ProvisionListenerStackCallback.provision(ProvisionListenerStackCallback.java:66)
	at com.google.inject.internal.ProviderInternalFactory.circularGet(ProviderInternalFactory.java:62)
	at com.google.inject.internal.InternalFactoryToInitializableAdapter.get(InternalFactoryToInitializableAdapter.java:47)
	at com.google.inject.internal.ProviderToInternalFactoryAdapter.get(ProviderToInternalFactoryAdapter.java:40)
	at com.google.inject.internal.SingletonScope$1.get(SingletonScope.java:169)
	at com.google.inject.internal.InternalFactoryToProviderAdapter.get(InternalFactoryToProviderAdapter.java:45)
	at com.google.inject.internal.SingleParameterInjector.inject(SingleParameterInjector.java:40)
	at com.google.inject.internal.SingleParameterInjector.getAll(SingleParameterInjector.java:60)
	at com.google.inject.internal.ConstructorInjector.provision(ConstructorInjector.java:113)
	at com.google.inject.internal.ConstructorInjector.access$000(ConstructorInjector.java:33)
	at com.google.inject.internal.ConstructorInjector$1.call(ConstructorInjector.java:98)
	at com.google.inject.internal.ProvisionListenerStackCallback$Provision.provision(ProvisionListenerStackCallback.java:109)
	at com.google.inject.internal.ProvisionListenerStackCallback$Provision.provision(ProvisionListenerStackCallback.java:124)
	at com.google.inject.internal.ProvisionListenerStackCallback.provision(ProvisionListenerStackCallback.java:66)
	at com.google.inject.internal.ConstructorInjector.construct(ConstructorInjector.java:93)
	at com.google.inject.internal.ConstructorBindingImpl$Factory.get(ConstructorBindingImpl.java:300)
	at com.google.inject.internal.ProviderToInternalFactoryAdapter.get(ProviderToInternalFactoryAdapter.java:40)
	at com.google.inject.internal.SingletonScope$1.get(SingletonScope.java:169)
	at com.google.inject.internal.InternalFactoryToProviderAdapter.get(InternalFactoryToProviderAdapter.java:45)
	at com.google.inject.internal.FactoryProxy.get(FactoryProxy.java:60)
	at com.google.inject.internal.InjectorImpl$1.get(InjectorImpl.java:1101)
	at org.eclipse.sisu.inject.LazyBeanEntry.getValue(LazyBeanEntry.java:83)
	at org.eclipse.sisu.plexus.LazyPlexusBean.getValue(LazyPlexusBean.java:53)
	at org.eclipse.sisu.plexus.PlexusRequirements$RequirementProvider.get(PlexusRequirements.java:252)
	at org.eclipse.sisu.plexus.ProvidedPropertyBinding.injectProperty(ProvidedPropertyBinding.java:50)
	at org.eclipse.sisu.bean.BeanInjector.injectMembers(BeanInjector.java:54)
	at com.google.inject.internal.MembersInjectorImpl.injectMembers(MembersInjectorImpl.java:159)
	at com.google.inject.internal.ConstructorInjector.provision(ConstructorInjector.java:124)
	at com.google.inject.internal.ConstructorInjector.access$000(ConstructorInjector.java:33)
	at com.google.inject.internal.ConstructorInjector$1.call(ConstructorInjector.java:98)
	at com.google.inject.internal.ProvisionListenerStackCallback$Provision.provision(ProvisionListenerStackCallback.java:109)
	at com.google.inject.internal.ProvisionListenerStackCallback$Provision.provision(ProvisionListenerStackCallback.java:124)
	at com.google.inject.internal.ProvisionListenerStackCallback.provision(ProvisionListenerStackCallback.java:66)
	at com.google.inject.internal.ConstructorInjector.construct(ConstructorInjector.java:93)
	at com.google.inject.internal.ConstructorBindingImpl$Factory.get(ConstructorBindingImpl.java:300)
	at com.google.inject.internal.InjectorImpl$1.get(InjectorImpl.java:1101)
	at com.google.inject.internal.InjectorImpl.getInstance(InjectorImpl.java:1139)
	at org.eclipse.sisu.space.AbstractDeferredClass.get(AbstractDeferredClass.java:50)
	at com.google.inject.internal.ProviderInternalFactory.provision(ProviderInternalFactory.java:86)
	at com.google.inject.internal.InternalFactoryToInitializableAdapter.provision(InternalFactoryToInitializableAdapter.java:57)
	at com.google.inject.internal.ProviderInternalFactory$1.call(ProviderInternalFactory.java:67)
	at com.google.inject.internal.ProvisionListenerStackCallback$Provision.provision(ProvisionListenerStackCallback.java:109)
	at com.google.inject.internal.ProvisionListenerStackCallback$Provision.provision(ProvisionListenerStackCallback.java:124)
	at com.google.inject.internal.ProvisionListenerStackCallback.provision(ProvisionListenerStackCallback.java:66)
	at com.google.inject.internal.ProviderInternalFactory.circularGet(ProviderInternalFactory.java:62)
	at com.google.inject.internal.InternalFactoryToInitializableAdapter.get(InternalFactoryToInitializableAdapter.java:47)
	at com.google.inject.internal.ProviderToInternalFactoryAdapter.get(ProviderToInternalFactoryAdapter.java:40)
	at com.google.inject.internal.SingletonScope$1.get(SingletonScope.java:169)
	at com.google.inject.internal.InternalFactoryToProviderAdapter.get(InternalFactoryToProviderAdapter.java:45)
	at com.google.inject.internal.InjectorImpl$1.get(InjectorImpl.java:1101)
	at org.eclipse.sisu.inject.LazyBeanEntry.getValue(LazyBeanEntry.java:83)
	at org.eclipse.sisu.plexus.LazyPlexusBean.getValue(LazyPlexusBean.java:53)
	at org.eclipse.sisu.plexus.PlexusRequirements$RequirementProvider.get(PlexusRequirements.java:252)
	at org.eclipse.sisu.plexus.ProvidedPropertyBinding.injectProperty(ProvidedPropertyBinding.java:50)
	at org.eclipse.sisu.bean.BeanInjector.injectMembers(BeanInjector.java:54)
	at com.google.inject.internal.MembersInjectorImpl.injectMembers(MembersInjectorImpl.java:159)
	at com.google.inject.internal.ConstructorInjector.provision(ConstructorInjector.java:124)
	at com.google.inject.internal.ConstructorInjector.access$000(ConstructorInjector.java:33)
	at com.google.inject.internal.ConstructorInjector$1.call(ConstructorInjector.java:98)
	at com.google.inject.internal.ProvisionListenerStackCallback$Provision.provision(ProvisionListenerStackCallback.java:109)
	at com.google.inject.internal.ProvisionListenerStackCallback$Provision.provision(ProvisionListenerStackCallback.java:124)
	at com.google.inject.internal.ProvisionListenerStackCallback.provision(ProvisionListenerStackCallback.java:66)
	at com.google.inject.internal.ConstructorInjector.construct(ConstructorInjector.java:93)
	at com.google.inject.internal.ConstructorBindingImpl$Factory.get(ConstructorBindingImpl.java:300)
	at com.google.inject.internal.InjectorImpl$1.get(InjectorImpl.java:1101)
	at com.google.inject.internal.InjectorImpl.getInstance(InjectorImpl.java:1139)
	at org.eclipse.sisu.space.AbstractDeferredClass.get(AbstractDeferredClass.java:50)
	at com.google.inject.internal.ProviderInternalFactory.provision(ProviderInternalFactory.java:86)
	at com.google.inject.internal.InternalFactoryToInitializableAdapter.provision(InternalFactoryToInitializableAdapter.java:57)
	at com.google.inject.internal.ProviderInternalFactory$1.call(ProviderInternalFactory.java:67)
	at com.google.inject.internal.ProvisionListenerStackCallback$Provision.provision(ProvisionListenerStackCallback.java:109)
	at com.google.inject.internal.ProvisionListenerStackCallback$Provision.provision(ProvisionListenerStackCallback.java:124)
	at com.google.inject.internal.ProvisionListenerStackCallback.provision(ProvisionListenerStackCallback.java:66)
	at com.google.inject.internal.ProviderInternalFactory.circularGet(ProviderInternalFactory.java:62)
	at com.google.inject.internal.InternalFactoryToInitializableAdapter.get(InternalFactoryToInitializableAdapter.java:47)
	at com.google.inject.internal.ProviderToInternalFactoryAdapter.get(ProviderToInternalFactoryAdapter.java:40)
	at com.google.inject.internal.SingletonScope$1.get(SingletonScope.java:169)
	at com.google.inject.internal.InternalFactoryToProviderAdapter.get(InternalFactoryToProviderAdapter.java:45)
	at com.google.inject.internal.InjectorImpl$1.get(InjectorImpl.java:1101)
	at org.eclipse.sisu.inject.LazyBeanEntry.getValue(LazyBeanEntry.java:83)
	at org.eclipse.sisu.plexus.LazyPlexusBean.getValue(LazyPlexusBean.java:53)
	at org.eclipse.sisu.plexus.PlexusRequirements$RequirementProvider.get(PlexusRequirements.java:252)
	at org.eclipse.sisu.plexus.ProvidedPropertyBinding.injectProperty(ProvidedPropertyBinding.java:50)
	at org.eclipse.sisu.bean.BeanInjector.injectMembers(BeanInjector.java:54)
	at com.google.inject.internal.MembersInjectorImpl.injectMembers(MembersInjectorImpl.java:159)
	at com.google.inject.internal.ConstructorInjector.provision(ConstructorInjector.java:124)
	at com.google.inject.internal.ConstructorInjector.access$000(ConstructorInjector.java:33)
	at com.google.inject.internal.ConstructorInjector$1.call(ConstructorInjector.java:98)
	at com.google.inject.internal.ProvisionListenerStackCallback$Provision.provision(ProvisionListenerStackCallback.java:109)
	at com.google.inject.internal.ProvisionListenerStackCallback$Provision.provision(ProvisionListenerStackCallback.java:124)
	at com.google.inject.internal.ProvisionListenerStackCallback.provision(ProvisionListenerStackCallback.java:66)
	at com.google.inject.internal.ConstructorInjector.construct(ConstructorInjector.java:93)
	at com.google.inject.internal.ConstructorBindingImpl$Factory.get(ConstructorBindingImpl.java:300)
	at com.google.inject.internal.InjectorImpl$1.get(InjectorImpl.java:1101)
	at com.google.inject.internal.InjectorImpl.getInstance(InjectorImpl.java:1139)
	at org.eclipse.sisu.space.AbstractDeferredClass.get(AbstractDeferredClass.java:50)
	at com.google.inject.internal.ProviderInternalFactory.provision(ProviderInternalFactory.java:86)
	at com.google.inject.internal.InternalFactoryToInitializableAdapter.provision(InternalFactoryToInitializableAdapter.java:57)
	at com.google.inject.internal.ProviderInternalFactory$1.call(ProviderInternalFactory.java:67)
	at com.google.inject.internal.ProvisionListenerStackCallback$Provision.provision(ProvisionListenerStackCallback.java:109)
	at com.google.inject.internal.ProvisionListenerStackCallback$Provision.provision(ProvisionListenerStackCallback.java:124)
	at com.google.inject.internal.ProvisionListenerStackCallback.provision(ProvisionListenerStackCallback.java:66)
	at com.google.inject.internal.ProviderInternalFactory.circularGet(ProviderInternalFactory.java:62)
	at com.google.inject.internal.InternalFactoryToInitializableAdapter.get(InternalFactoryToInitializableAdapter.java:47)
	at com.google.inject.internal.ProviderToInternalFactoryAdapter.get(ProviderToInternalFactoryAdapter.java:40)
	at com.google.inject.internal.SingletonScope$1.get(SingletonScope.java:169)
	at com.google.inject.internal.InternalFactoryToProviderAdapter.get(InternalFactoryToProviderAdapter.java:45)
	at com.google.inject.internal.InjectorImpl$1.get(InjectorImpl.java:1101)
	at org.eclipse.sisu.inject.LazyBeanEntry.getValue(LazyBeanEntry.java:83)
	at org.eclipse.sisu.plexus.LazyPlexusBean.getValue(LazyPlexusBean.java:53)
	at org.eclipse.sisu.plexus.PlexusRequirements$RequirementProvider.get(PlexusRequirements.java:252)
	at org.eclipse.sisu.plexus.ProvidedPropertyBinding.injectProperty(ProvidedPropertyBinding.java:50)
	at org.eclipse.sisu.bean.BeanInjector.injectMembers(BeanInjector.java:54)
	at com.google.inject.internal.MembersInjectorImpl.injectMembers(MembersInjectorImpl.java:159)
	at com.google.inject.internal.ConstructorInjector.provision(ConstructorInjector.java:124)
	at com.google.inject.internal.ConstructorInjector.access$000(ConstructorInjector.java:33)
	at com.google.inject.internal.ConstructorInjector$1.call(ConstructorInjector.java:98)
	at com.google.inject.internal.ProvisionListenerStackCallback$Provision.provision(ProvisionListenerStackCallback.java:109)
	at com.google.inject.internal.ProvisionListenerStackCallback$Provision.provision(ProvisionListenerStackCallback.java:124)
	at com.google.inject.internal.ProvisionListenerStackCallback.provision(ProvisionListenerStackCallback.java:66)
	at com.google.inject.internal.ConstructorInjector.construct(ConstructorInjector.java:93)
	at com.google.inject.internal.ConstructorBindingImpl$Factory.get(ConstructorBindingImpl.java:300)
	at com.google.inject.internal.InjectorImpl$1.get(InjectorImpl.java:1101)
	at com.google.inject.internal.InjectorImpl.getInstance(InjectorImpl.java:1139)
	at org.eclipse.sisu.space.AbstractDeferredClass.get(AbstractDeferredClass.java:50)
	at com.google.inject.internal.ProviderInternalFactory.provision(ProviderInternalFactory.java:86)
	at com.google.inject.internal.InternalFactoryToInitializableAdapter.provision(InternalFactoryToInitializableAdapter.java:57)
	at com.google.inject.internal.ProviderInternalFactory$1.call(ProviderInternalFactory.java:67)
	at com.google.inject.internal.ProvisionListenerStackCallback$Provision.provision(ProvisionListenerStackCallback.java:109)
	at org.eclipse.sisu.bean.BeanScheduler$CycleActivator.onProvision(BeanScheduler.java:232)
	at com.google.inject.internal.ProvisionListenerStackCallback$Provision.provision(ProvisionListenerStackCallback.java:117)
	at com.google.inject.internal.ProvisionListenerStackCallback.provision(ProvisionListenerStackCallback.java:66)
	at com.google.inject.internal.ProviderInternalFactory.circularGet(ProviderInternalFactory.java:62)
	at com.google.inject.internal.InternalFactoryToInitializableAdapter.get(InternalFactoryToInitializableAdapter.java:47)
	at com.google.inject.internal.ProviderToInternalFactoryAdapter.get(ProviderToInternalFactoryAdapter.java:40)
	at com.google.inject.internal.SingletonScope$1.get(SingletonScope.java:169)
	at com.google.inject.internal.InternalFactoryToProviderAdapter.get(InternalFactoryToProviderAdapter.java:45)
	at com.google.inject.internal.InjectorImpl$1.get(InjectorImpl.java:1101)
	at org.eclipse.sisu.inject.LazyBeanEntry.getValue(LazyBeanEntry.java:83)
	at org.eclipse.sisu.plexus.LazyPlexusBean.getValue(LazyPlexusBean.java:53)
	at org.codehaus.plexus.DefaultPlexusContainer.lookup(DefaultPlexusContainer.java:267)
	at org.codehaus.plexus.DefaultPlexusContainer.lookup(DefaultPlexusContainer.java:259)
	at org.codehaus.plexus.DefaultPlexusContainer.lookup(DefaultPlexusContainer.java:253)
	at org.apache.maven.cli.MavenCli.container(MavenCli.java:687)
	at org.apache.maven.cli.MavenCli.doMain(MavenCli.java:277)
	at org.apache.maven.cli.MavenCli.main(MavenCli.java:206)
	at java.base/jdk.internal.reflect.DirectMethodHandleAccessor.invoke(DirectMethodHandleAccessor.java:104)
	at java.base/java.lang.reflect.Method.invoke(Method.java:565)
	at org.codehaus.plexus.classworlds.launcher.Launcher.launchEnhanced(Launcher.java:255)
	at org.codehaus.plexus.classworlds.launcher.Launcher.launch(Launcher.java:201)
	at org.codehaus.plexus.classworlds.launcher.Launcher.mainWithExitCode(Launcher.java:361)
	at org.codehaus.plexus.classworlds.launcher.Launcher.main(Launcher.java:314)
Caused by: java.nio.file.AccessDeniedException: C:\Users\mraysmit\.jdks\openjdk-25\conf\security\java.security
	at java.base/sun.nio.fs.WindowsException.translateToIOException(WindowsException.java:89)
	at java.base/sun.nio.fs.WindowsException.rethrowAsIOException(WindowsException.java:96)
	at java.base/sun.nio.fs.WindowsLinkSupport.getRealPath(WindowsLinkSupport.java:280)
	at java.base/sun.nio.fs.WindowsPath.toRealPath(WindowsPath.java:907)
	at java.base/sun.nio.fs.WindowsPath.toRealPath(WindowsPath.java:42)
	at java.base/java.security.Security$SecPropLoader.loadFromPath(Security.java:269)
	at java.base/java.security.Security$SecPropLoader.loadMaster(Security.java:139)
	... 198 more
