WARNING: A terminally deprecated method in sun.misc.Unsafe has been called
WARNING: sun.misc.Unsafe::staticFieldBase has been called by com.google.inject.internal.aop.HiddenClassDefiner (file:/C:/Users/mraysmit/scoop/apps/maven/current/lib/guice-5.1.0-classes.jar)
WARNING: Please consider reporting this to the maintainers of class com.google.inject.internal.aop.HiddenClassDefiner
WARNING: sun.misc.Unsafe::staticFieldBase will be removed in a future release
[INFO] Scanning for projects...
[INFO] ------------------------------------------------------------------------
[INFO] Reactor Build Order:
[INFO] 
[INFO] Quorus File Transfer System                                        [pom]
[INFO] Quorus Core                                                        [jar]
[INFO] Quorus Workflow Engine                                             [jar]
[INFO] Quorus Tenant Management                                           [jar]
[INFO] Quorus Distributed Controller                                      [jar]
[INFO] 
[INFO] --------------------------< dev.mars:quorus >---------------------------
[INFO] Building Quorus File Transfer System 1.0-SNAPSHOT                  [1/5]
[INFO]   from pom.xml
[INFO] --------------------------------[ pom ]---------------------------------
[INFO] 
[INFO] --- jacoco:0.8.15:prepare-agent (prepare-agent) @ quorus ---
[INFO] argLine set to -javaagent:C:\\Users\\mraysmit\\.m2\\repository\\org\\jacoco\\org.jacoco.agent\\0.8.15\\org.jacoco.agent-0.8.15-runtime.jar=destfile=C:\\Users\\mraysmit\\dev\\idea-projects\\quorus\\target\\jacoco.exec,excludes=sun/**:jdk/**:java/**:com/sun/**:org/jcp/**
[INFO] 
[INFO] --- jacoco:0.8.15:report (report) @ quorus ---
[INFO] Skipping JaCoCo execution due to missing execution data file.
[INFO] 
[INFO] ------------------------< dev.mars:quorus-core >------------------------
[INFO] Building Quorus Core 1.0-SNAPSHOT                                  [2/5]
[INFO]   from quorus-core\pom.xml
[INFO] --------------------------------[ jar ]---------------------------------
[INFO] 
[INFO] --- jacoco:0.8.15:prepare-agent (prepare-agent) @ quorus-core ---
[INFO] argLine set to -javaagent:C:\\Users\\mraysmit\\.m2\\repository\\org\\jacoco\\org.jacoco.agent\\0.8.15\\org.jacoco.agent-0.8.15-runtime.jar=destfile=C:\\Users\\mraysmit\\dev\\idea-projects\\quorus\\quorus-core\\target\\jacoco.exec,excludes=sun/**:jdk/**:java/**:com/sun/**:org/jcp/**
[INFO] 
[INFO] --- resources:3.3.1:resources (default-resources) @ quorus-core ---
[INFO] Copying 1 resource from src\main\resources to target\classes
[INFO] 
[INFO] --- compiler:3.13.0:compile (default-compile) @ quorus-core ---
[INFO] Recompiling the module because of added or removed source files.
[INFO] Compiling 72 source files with javac [debug release 25] to target\classes
[INFO] /C:/Users/mraysmit/dev/idea-projects/quorus/quorus-core/src/main/java/dev/mars/quorus/protocol/FtpTransferProtocol.java: Some input files use or override a deprecated API.
[INFO] /C:/Users/mraysmit/dev/idea-projects/quorus/quorus-core/src/main/java/dev/mars/quorus/protocol/FtpTransferProtocol.java: Recompile with -Xlint:deprecation for details.
[INFO] 
[INFO] --- resources:3.3.1:testResources (default-testResources) @ quorus-core ---
[INFO] Copying 11 resources from src\test\resources to target\test-classes
[INFO] 
[INFO] --- compiler:3.13.0:testCompile (default-testCompile) @ quorus-core ---
[INFO] Recompiling the module because of changed dependency.
[INFO] Compiling 85 source files with javac [debug release 25] to target\test-classes
[INFO] /C:/Users/mraysmit/dev/idea-projects/quorus/quorus-core/src/test/java/dev/mars/quorus/connection/TlsTrustAnchorPolicyTest.java: Some input files use or override a deprecated API.
[INFO] /C:/Users/mraysmit/dev/idea-projects/quorus/quorus-core/src/test/java/dev/mars/quorus/connection/TlsTrustAnchorPolicyTest.java: Recompile with -Xlint:deprecation for details.
[INFO] 
[INFO] --- surefire:3.2.2:test (default-test) @ quorus-core ---
[INFO] 
[INFO] --- jacoco:0.8.15:report (report) @ quorus-core ---
[INFO] Skipping JaCoCo execution due to missing execution data file.
[INFO] 
[INFO] ----------------------< dev.mars:quorus-workflow >----------------------
[INFO] Building Quorus Workflow Engine 1.0-SNAPSHOT                       [3/5]
[INFO]   from quorus-workflow\pom.xml
[INFO] --------------------------------[ jar ]---------------------------------
[INFO] 
[INFO] --- jacoco:0.8.15:prepare-agent (prepare-agent) @ quorus-workflow ---
[INFO] argLine set to -javaagent:C:\\Users\\mraysmit\\.m2\\repository\\org\\jacoco\\org.jacoco.agent\\0.8.15\\org.jacoco.agent-0.8.15-runtime.jar=destfile=C:\\Users\\mraysmit\\dev\\idea-projects\\quorus\\quorus-workflow\\target\\jacoco.exec,excludes=sun/**:jdk/**:java/**:com/sun/**:org/jcp/**
[INFO] 
[INFO] --- resources:3.3.1:resources (default-resources) @ quorus-workflow ---
[INFO] Copying 1 resource from src\main\resources to target\classes
[INFO] 
[INFO] --- compiler:3.13.0:compile (default-compile) @ quorus-workflow ---
[INFO] Recompiling the module because of changed dependency.
[INFO] Compiling 15 source files with javac [debug release 25] to target\classes
[INFO] 
[INFO] --- resources:3.3.1:testResources (default-testResources) @ quorus-workflow ---
[INFO] Copying 2 resources from src\test\resources to target\test-classes
[INFO] 
[INFO] --- compiler:3.13.0:testCompile (default-testCompile) @ quorus-workflow ---
[INFO] Recompiling the module because of changed dependency.
[INFO] Compiling 11 source files with javac [debug release 25] to target\test-classes
[INFO] 
[INFO] --- surefire:3.2.2:test (default-test) @ quorus-workflow ---
[INFO] 
[INFO] --- jacoco:0.8.15:report (report) @ quorus-workflow ---
[INFO] Skipping JaCoCo execution due to missing execution data file.
[INFO] 
[INFO] -----------------------< dev.mars:quorus-tenant >-----------------------
[INFO] Building Quorus Tenant Management 1.0-SNAPSHOT                     [4/5]
[INFO]   from quorus-tenant\pom.xml
[INFO] --------------------------------[ jar ]---------------------------------
[INFO] 
[INFO] --- jacoco:0.8.15:prepare-agent (prepare-agent) @ quorus-tenant ---
[INFO] argLine set to -javaagent:C:\\Users\\mraysmit\\.m2\\repository\\org\\jacoco\\org.jacoco.agent\\0.8.15\\org.jacoco.agent-0.8.15-runtime.jar=destfile=C:\\Users\\mraysmit\\dev\\idea-projects\\quorus\\quorus-tenant\\target\\jacoco.exec,excludes=sun/**:jdk/**:java/**:com/sun/**:org/jcp/**
[INFO] 
[INFO] --- resources:3.3.1:resources (default-resources) @ quorus-tenant ---
[INFO] skip non existing resourceDirectory C:\Users\mraysmit\dev\idea-projects\quorus\quorus-tenant\src\main\resources
[INFO] 
[INFO] --- compiler:3.13.0:compile (default-compile) @ quorus-tenant ---
[INFO] Recompiling the module because of changed dependency.
[INFO] Compiling 8 source files with javac [debug release 25] to target\classes
[INFO] 
[INFO] --- resources:3.3.1:testResources (default-testResources) @ quorus-tenant ---
[INFO] Copying 1 resource from src\test\resources to target\test-classes
[INFO] 
[INFO] --- compiler:3.13.0:testCompile (default-testCompile) @ quorus-tenant ---
[INFO] Recompiling the module because of changed dependency.
[INFO] Compiling 5 source files with javac [debug release 25] to target\test-classes
[INFO] 
[INFO] --- surefire:3.2.2:test (default-test) @ quorus-tenant ---
[INFO] 
[INFO] --- jacoco:0.8.15:report (report) @ quorus-tenant ---
[INFO] Loading execution data file C:\Users\mraysmit\dev\idea-projects\quorus\quorus-tenant\target\jacoco.exec
[INFO] Analyzed bundle 'Quorus Tenant Management' with 25 classes
[WARNING] Classes in bundle 'Quorus Tenant Management' do not match with execution data. For report generation the same class files must be used as at runtime.
[WARNING] Execution data for class dev/mars/quorus/tenant/model/TenantConfiguration$ResourceLimits does not match.
[WARNING] Execution data for class dev/mars/quorus/tenant/observability/TenantMetrics$Holder does not match.
[WARNING] Execution data for class dev/mars/quorus/tenant/model/TenantConfiguration$Builder does not match.
[WARNING] Execution data for class dev/mars/quorus/tenant/model/TenantConfiguration$TransferPolicies does not match.
[WARNING] Execution data for class dev/mars/quorus/tenant/model/Tenant$Builder does not match.
[WARNING] Execution data for class dev/mars/quorus/tenant/model/ResourceUsage$Builder does not match.
[WARNING] Execution data for class dev/mars/quorus/tenant/observability/TenantMetrics does not match.
[WARNING] Execution data for class dev/mars/quorus/tenant/service/SimpleResourceManagementService$ResourceReservation does not match.
[WARNING] Execution data for class dev/mars/quorus/tenant/service/SimpleResourceManagementService$TenantCounters does not match.
[WARNING] Execution data for class dev/mars/quorus/tenant/model/ResourceUsage does not match.
[WARNING] Execution data for class dev/mars/quorus/tenant/model/TenantConfiguration$ResourceLimits$Builder does not match.
[WARNING] Execution data for class dev/mars/quorus/tenant/model/Tenant does not match.
[WARNING] Execution data for class dev/mars/quorus/tenant/model/TenantConfiguration$SecuritySettings$Builder does not match.
[WARNING] Execution data for class dev/mars/quorus/tenant/model/TenantConfiguration does not match.
[WARNING] Execution data for class dev/mars/quorus/tenant/model/TenantConfiguration$TransferPolicies$Builder does not match.
[WARNING] Execution data for class dev/mars/quorus/tenant/service/SimpleTenantService does not match.
[WARNING] Execution data for class dev/mars/quorus/tenant/model/TenantConfiguration$SecuritySettings does not match.
[WARNING] Execution data for class dev/mars/quorus/tenant/service/ResourceManagementService$ResourceManagementException does not match.
[WARNING] Execution data for class dev/mars/quorus/tenant/service/TenantService$TenantServiceException does not match.
[WARNING] Execution data for class dev/mars/quorus/tenant/service/SimpleResourceManagementService does not match.
[WARNING] Execution data for class dev/mars/quorus/tenant/service/ResourceManagementService$ResourceUtilization does not match.
[WARNING] Execution data for class dev/mars/quorus/tenant/service/ResourceManagementService$ResourceValidationResult does not match.
[WARNING] Execution data for class dev/mars/quorus/tenant/model/Tenant$TenantStatus does not match.
[INFO] 
[INFO] ---------------------< dev.mars:quorus-controller >---------------------
[INFO] Building Quorus Distributed Controller 1.0-SNAPSHOT                [5/5]
[INFO]   from quorus-controller\pom.xml
[INFO] --------------------------------[ jar ]---------------------------------
[WARNING] The POM for io.github.mraysmit:raftlog-core:jar:1.2.0 is missing, no dependency information available
[INFO] ------------------------------------------------------------------------
[INFO] Reactor Summary for Quorus File Transfer System 1.0-SNAPSHOT:
[INFO] 
[INFO] Quorus File Transfer System ........................ SUCCESS [  0.533 s]
[INFO] Quorus Core ........................................ SUCCESS [  9.792 s]
[INFO] Quorus Workflow Engine ............................. SUCCESS [  1.221 s]
[INFO] Quorus Tenant Management ........................... SUCCESS [  1.189 s]
[INFO] Quorus Distributed Controller ...................... FAILURE [  0.448 s]
[INFO] ------------------------------------------------------------------------
[INFO] BUILD FAILURE
[INFO] ------------------------------------------------------------------------
[INFO] Total time:  13.491 s
[INFO] Finished at: 2026-09-05T11:39:53+08:00
[INFO] ------------------------------------------------------------------------
[ERROR] Failed to execute goal on project quorus-controller: Could not resolve dependencies for project dev.mars:quorus-controller:jar:1.0-SNAPSHOT
[ERROR] dependency: io.github.mraysmit:raftlog-core:jar:1.2.0 (compile)
[ERROR] 	Cannot access central (https://repo.maven.apache.org/maven2) in offline mode and the artifact io.github.mraysmit:raftlog-core:jar:1.2.0 has not been downloaded from it before.
[ERROR] 
[ERROR] -> [Help 1]
[ERROR] 
[ERROR] To see the full stack trace of the errors, re-run Maven with the -e switch.
[ERROR] Re-run Maven using the -X switch to enable full debug logging.
[ERROR] 
[ERROR] For more information about the errors and possible solutions, please read the following articles:
[ERROR] [Help 1] http://cwiki.apache.org/confluence/display/MAVEN/DependencyResolutionException
[ERROR] 
[ERROR] After correcting the problems, you can resume the build with the command
[ERROR]   mvn <args> -rf :quorus-controller
