WARNING: A terminally deprecated method in sun.misc.Unsafe has been called
WARNING: sun.misc.Unsafe::staticFieldBase has been called by com.google.inject.internal.aop.HiddenClassDefiner (file:/C:/Users/mraysmit/scoop/apps/maven/current/lib/guice-5.1.0-classes.jar)
WARNING: Please consider reporting this to the maintainers of class com.google.inject.internal.aop.HiddenClassDefiner
WARNING: sun.misc.Unsafe::staticFieldBase will be removed in a future release
[INFO] Scanning for projects...
[INFO] 
[INFO] ------------------------< dev.mars:quorus-core >------------------------
[INFO] Building Quorus Core 1.0-SNAPSHOT
[INFO]   from pom.xml
[INFO] --------------------------------[ jar ]---------------------------------
[INFO] 
[INFO] --- jacoco:0.8.15:prepare-agent (prepare-agent) @ quorus-core ---
[INFO] argLine set to -javaagent:C:\\Users\\mraysmit\\.m2\\repository\\org\\jacoco\\org.jacoco.agent\\0.8.15\\org.jacoco.agent-0.8.15-runtime.jar=destfile=C:\\Users\\mraysmit\\dev\\idea-projects\\quorus\\quorus-core\\target\\jacoco.exec,excludes=sun/**:jdk/**:java/**:com/sun/**:org/jcp/**
[INFO] 
[INFO] --- resources:3.3.1:resources (default-resources) @ quorus-core ---
[INFO] Copying 1 resource from src\main\resources to target\classes
[INFO] 
[INFO] --- compiler:3.13.0:compile (default-compile) @ quorus-core ---
[INFO] Nothing to compile - all classes are up to date.
[INFO] 
[INFO] --- resources:3.3.1:testResources (default-testResources) @ quorus-core ---
[INFO] Copying 11 resources from src\test\resources to target\test-classes
[INFO] 
[INFO] --- compiler:3.13.0:testCompile (default-testCompile) @ quorus-core ---
[INFO] Recompiling the module because of added or removed source files.
[INFO] Compiling 86 source files with javac [debug release 25] to target\test-classes
[INFO] /C:/Users/mraysmit/dev/idea-projects/quorus/quorus-core/src/test/java/dev/mars/quorus/connection/TlsTrustAnchorPolicyTest.java: Some input files use or override a deprecated API.
[INFO] /C:/Users/mraysmit/dev/idea-projects/quorus/quorus-core/src/test/java/dev/mars/quorus/connection/TlsTrustAnchorPolicyTest.java: Recompile with -Xlint:deprecation for details.
[INFO] Some messages have been simplified; recompile with -Xdiags:verbose to get full output
[INFO] -------------------------------------------------------------
[ERROR] COMPILATION ERROR : 
[INFO] -------------------------------------------------------------
[ERROR] /C:/Users/mraysmit/dev/idea-projects/quorus/quorus-core/src/test/java/dev/mars/quorus/connection/RemotePathBoundaryTest.java:[37,28] method copyResource in class dev.mars.quorus.testing.TestResourceUtils cannot be applied to given types;
  required: java.lang.Class<?>,java.lang.String,java.nio.file.Path
  found:    java.lang.String,java.nio.file.Path
  reason: actual and formal argument lists differ in length
[ERROR] /C:/Users/mraysmit/dev/idea-projects/quorus/quorus-core/src/test/java/dev/mars/quorus/connection/RemotePathBoundaryTest.java:[37,41] incompatible types: java.lang.String cannot be converted to java.lang.Class<?>
[ERROR] /C:/Users/mraysmit/dev/idea-projects/quorus/quorus-core/src/test/java/dev/mars/quorus/connection/RemotePathBoundaryTest.java:[38,20] method copyResource in class dev.mars.quorus.testing.TestResourceUtils cannot be applied to given types;
  required: java.lang.Class<?>,java.lang.String,java.nio.file.Path
  found:    java.lang.String,java.nio.file.Path
  reason: actual and formal argument lists differ in length
[ERROR] /C:/Users/mraysmit/dev/idea-projects/quorus/quorus-core/src/test/java/dev/mars/quorus/connection/RemotePathBoundaryTest.java:[38,33] incompatible types: java.lang.String cannot be converted to java.lang.Class<?>
[INFO] 4 errors 
[INFO] -------------------------------------------------------------
[INFO] ------------------------------------------------------------------------
[INFO] BUILD FAILURE
[INFO] ------------------------------------------------------------------------
[INFO] Total time:  5.168 s
[INFO] Finished at: 2026-09-05T11:41:44+08:00
[INFO] ------------------------------------------------------------------------
[ERROR] Failed to execute goal org.apache.maven.plugins:maven-compiler-plugin:3.13.0:testCompile (default-testCompile) on project quorus-core: Compilation failure: Compilation failure: 
[ERROR] /C:/Users/mraysmit/dev/idea-projects/quorus/quorus-core/src/test/java/dev/mars/quorus/connection/RemotePathBoundaryTest.java:[37,28] method copyResource in class dev.mars.quorus.testing.TestResourceUtils cannot be applied to given types;
[ERROR]   required: java.lang.Class<?>,java.lang.String,java.nio.file.Path
[ERROR]   found:    java.lang.String,java.nio.file.Path
[ERROR]   reason: actual and formal argument lists differ in length
[ERROR] /C:/Users/mraysmit/dev/idea-projects/quorus/quorus-core/src/test/java/dev/mars/quorus/connection/RemotePathBoundaryTest.java:[37,41] incompatible types: java.lang.String cannot be converted to java.lang.Class<?>
[ERROR] /C:/Users/mraysmit/dev/idea-projects/quorus/quorus-core/src/test/java/dev/mars/quorus/connection/RemotePathBoundaryTest.java:[38,20] method copyResource in class dev.mars.quorus.testing.TestResourceUtils cannot be applied to given types;
[ERROR]   required: java.lang.Class<?>,java.lang.String,java.nio.file.Path
[ERROR]   found:    java.lang.String,java.nio.file.Path
[ERROR]   reason: actual and formal argument lists differ in length
[ERROR] /C:/Users/mraysmit/dev/idea-projects/quorus/quorus-core/src/test/java/dev/mars/quorus/connection/RemotePathBoundaryTest.java:[38,33] incompatible types: java.lang.String cannot be converted to java.lang.Class<?>
[ERROR] -> [Help 1]
[ERROR] 
[ERROR] To see the full stack trace of the errors, re-run Maven with the -e switch.
[ERROR] Re-run Maven using the -X switch to enable full debug logging.
[ERROR] 
[ERROR] For more information about the errors and possible solutions, please read the following articles:
[ERROR] [Help 1] http://cwiki.apache.org/confluence/display/MAVEN/MojoFailureException
