Starting Quorus Controller...
Node ID: canonical
Raft Host: 0.0.0.0
Raft Port: 19080
Election Timeout: 6000ms
Heartbeat Interval: 1200ms
Cluster Nodes: canonical=localhost:9080
Java Options:  -XX:+UseContainerSupport -XX:MaxRAMPercentage=75.0 -XX:+UseG1GC -XX:+UseStringDeduplication
Starting application...
PASS: canonical-only environment
Starting Quorus Controller...
Node ID: canonical
Raft Host: 0.0.0.0
Raft Port: 19080
Election Timeout: 6000ms
Heartbeat Interval: 1200ms
Cluster Nodes: canonical=localhost:9080
Java Options:  -XX:+UseContainerSupport -XX:MaxRAMPercentage=75.0 -XX:+UseG1GC -XX:+UseStringDeduplication
Starting application...
PASS: canonical environment wins over legacy
Starting Quorus Controller...
Node ID: legacy
Raft Host: 0.0.0.0
Raft Port: 9080
Election Timeout: 5000ms
Heartbeat Interval: 1000ms
Cluster Nodes: legacy=localhost:9080
Java Options:  -XX:+UseContainerSupport -XX:MaxRAMPercentage=75.0 -XX:+UseG1GC -XX:+UseStringDeduplication
Starting application...
PASS: legacy fallback
Starting Quorus Controller...
Node ID: controller1
Raft Host: 0.0.0.0
Raft Port: 9080
Election Timeout: 5000ms
Heartbeat Interval: 1000ms
ERROR: QUORUS_CLUSTER_NODES (or legacy CLUSTER_NODES) environment variable is required
Format: node1=host1:port1,node2=host2:port2,node3=host3:port3
PASS: missing cluster rejected
