WARNING: A terminally deprecated method in sun.misc.Unsafe has been called
WARNING: sun.misc.Unsafe::staticFieldBase has been called by com.google.inject.internal.aop.HiddenClassDefiner (file:/C:/Users/mraysmit/scoop/apps/maven/current/lib/guice-5.1.0-classes.jar)
WARNING: Please consider reporting this to the maintainers of class com.google.inject.internal.aop.HiddenClassDefiner
WARNING: sun.misc.Unsafe::staticFieldBase will be removed in a future release
[INFO] Scanning for projects...
[INFO] 
[INFO] ------------------------< dev.mars:quorus-core >------------------------
[INFO] Building Quorus Core 1.0-SNAPSHOT
[INFO]   from pom.xml
[INFO] --------------------------------[ jar ]---------------------------------
[INFO] 
[INFO] --- jacoco:0.8.15:prepare-agent (prepare-agent) @ quorus-core ---
[INFO] argLine set to -javaagent:C:\\Users\\mraysmit\\.m2\\repository\\org\\jacoco\\org.jacoco.agent\\0.8.15\\org.jacoco.agent-0.8.15-runtime.jar=destfile=C:\\Users\\mraysmit\\dev\\idea-projects\\quorus\\quorus-core\\target\\jacoco.exec,excludes=sun/**:jdk/**:java/**:com/sun/**:org/jcp/**
[INFO] 
[INFO] --- resources:3.3.1:resources (default-resources) @ quorus-core ---
[INFO] Copying 1 resource from src\main\resources to target\classes
[INFO] 
[INFO] --- compiler:3.13.0:compile (default-compile) @ quorus-core ---
[INFO] Nothing to compile - all classes are up to date.
[INFO] 
[INFO] --- resources:3.3.1:testResources (default-testResources) @ quorus-core ---
[INFO] Copying 11 resources from src\test\resources to target\test-classes
[INFO] 
[INFO] --- compiler:3.13.0:testCompile (default-testCompile) @ quorus-core ---
[INFO] Nothing to compile - all classes are up to date.
[INFO] 
[INFO] --- surefire:3.2.2:test (default-test) @ quorus-core ---
[INFO] Using auto detected provider org.apache.maven.surefire.junitplatform.JUnitPlatformProvider
[INFO] 
[INFO] -------------------------------------------------------
[INFO]  T E S T S
[INFO] -------------------------------------------------------
[INFO] Running dev.mars.quorus.connection.RemotePathBoundaryTest
[INFO] Tests run: 16, Failures: 0, Errors: 0, Skipped: 0, Time elapsed: 3.279 s -- in dev.mars.quorus.connection.RemotePathBoundaryTest
[INFO] Running dev.mars.quorus.connection.RuntimeProtocolSecurityTest
[INFO] Tests run: 8, Failures: 0, Errors: 0, Skipped: 0, Time elapsed: 0.027 s -- in dev.mars.quorus.connection.RuntimeProtocolSecurityTest
[INFO] Running dev.mars.quorus.protocol.HttpRedirectBoundaryTest
11:48:32.582 [main] INFO  d.m.q.protocol.HttpTransferProtocol - HttpTransferProtocol initialized: connectTimeout=30000ms, readTimeout=60000ms, maxFileSize=10737418240 bytes
11:48:32.587 [main] DEBUG d.m.q.protocol.HttpTransferProtocol - HttpTransferProtocol created with Vert.x Web Client (reactive mode)
11:48:32.591 [main] DEBUG d.m.q.protocol.HttpTransferProtocol - Starting reactive HTTP transfer: jobId=redirect, direction=DOWNLOAD (Remote -> Local)
11:48:32.591 [main] DEBUG d.m.q.protocol.HttpTransferProtocol - Validating HTTP transfer request: requestId=redirect
11:48:32.593 [main] DEBUG d.m.q.protocol.HttpTransferProtocol - canHandle: HTTP download check, scheme=http, canHandle=true
11:48:32.593 [main] DEBUG d.m.q.protocol.HttpTransferProtocol - Request validation passed
11:48:32.593 [main] DEBUG d.m.q.protocol.HttpTransferProtocol - Routing to HTTP download handler
11:48:32.593 [main] DEBUG d.m.q.protocol.HttpTransferProtocol - HTTP download: destination=C:\Users\mraysmit\AppData\Local\Temp\junit13928699182895483964\file.dat, tempFile=C:\Users\mraysmit\AppData\Local\Temp\junit13928699182895483964\file.dat.tmp
11:48:32.594 [main] DEBUG d.m.q.protocol.HttpTransferProtocol - Created destination directory: C:\Users\mraysmit\AppData\Local\Temp\junit13928699182895483964
11:48:32.596 [main] INFO  d.m.q.protocol.HttpTransferProtocol - Starting reactive HTTP download from http://127.0.0.1:52819/redirect
11:48:32.627 [vert.x-eventloop-thread-0] DEBUG d.m.q.protocol.HttpTransferProtocol - HTTP response received: statusCode=200, statusMessage=OK
11:48:32.627 [vert.x-eventloop-thread-0] DEBUG d.m.q.protocol.HttpTransferProtocol - Response body received: 15 bytes
11:48:32.628 [vert.x-eventloop-thread-0] DEBUG d.m.q.protocol.HttpTransferProtocol - Calculating checksum for downloaded content
11:48:32.630 [vert.x-eventloop-thread-0] DEBUG d.m.q.protocol.HttpTransferProtocol - Checksum calculated: c51d9cab89aec430d3274a51bbb930e124935ca08ab6f20d46e1c44651f46497
11:48:32.630 [vert.x-eventloop-thread-0] DEBUG d.m.q.protocol.HttpTransferProtocol - Writing 15 bytes to temp file: C:\Users\mraysmit\AppData\Local\Temp\junit13928699182895483964\file.dat.tmp
11:48:32.634 [vert.x-eventloop-thread-0] DEBUG d.m.q.protocol.HttpTransferProtocol - Moving temp file to destination: C:\Users\mraysmit\AppData\Local\Temp\junit13928699182895483964\file.dat.tmp -> C:\Users\mraysmit\AppData\Local\Temp\junit13928699182895483964\file.dat
11:48:32.639 [vert.x-eventloop-thread-0] INFO  d.m.q.protocol.HttpTransferProtocol - HTTP download completed: jobId=redirect, bytesTransferred=15, checksum=c51d9cab89aec430d3274a51bbb930e124935ca08ab6f20d46e1c44651f46497
[INFO] Tests run: 1, Failures: 0, Errors: 0, Skipped: 0, Time elapsed: 0.143 s -- in dev.mars.quorus.protocol.HttpRedirectBoundaryTest
[INFO] Running dev.mars.quorus.protocol.HttpTransferProtocolTest
11:48:32.738 [main] INFO  d.m.q.protocol.HttpTransferProtocol - HttpTransferProtocol initialized: connectTimeout=30000ms, readTimeout=60000ms, maxFileSize=10737418240 bytes
11:48:32.738 [main] DEBUG d.m.q.protocol.HttpTransferProtocol - HttpTransferProtocol created with Vert.x Web Client (reactive mode)
11:48:32.739 [main] DEBUG d.m.q.protocol.HttpTransferProtocol - canHandle: request or sourceUri is null
11:48:32.783 [main] INFO  d.m.q.protocol.HttpTransferProtocol - HttpTransferProtocol initialized: connectTimeout=30000ms, readTimeout=60000ms, maxFileSize=10737418240 bytes
11:48:32.784 [main] DEBUG d.m.q.protocol.HttpTransferProtocol - HttpTransferProtocol created with Vert.x Web Client (reactive mode)
11:48:32.785 [main] DEBUG d.m.q.protocol.HttpTransferProtocol - canHandle: HTTP download check, scheme=https, canHandle=true
11:48:32.838 [main] INFO  d.m.q.protocol.HttpTransferProtocol - HttpTransferProtocol initialized: connectTimeout=30000ms, readTimeout=60000ms, maxFileSize=10737418240 bytes
11:48:32.838 [main] DEBUG d.m.q.protocol.HttpTransferProtocol - HttpTransferProtocol created with Vert.x Web Client (reactive mode)
11:48:32.839 [main] DEBUG d.m.q.protocol.HttpTransferProtocol - canHandle: HTTP download check, scheme=http, canHandle=true
11:48:32.892 [main] INFO  d.m.q.protocol.HttpTransferProtocol - HttpTransferProtocol initialized: connectTimeout=30000ms, readTimeout=60000ms, maxFileSize=10737418240 bytes
11:48:32.893 [main] DEBUG d.m.q.protocol.HttpTransferProtocol - HttpTransferProtocol created with Vert.x Web Client (reactive mode)
11:48:32.895 [main] DEBUG d.m.q.protocol.HttpTransferProtocol - canHandle: HTTP download check, scheme=http, canHandle=true
11:48:32.895 [main] DEBUG d.m.q.protocol.HttpTransferProtocol - canHandle: HTTP download check, scheme=HTTP, canHandle=true
11:48:32.895 [main] DEBUG d.m.q.protocol.HttpTransferProtocol - canHandle: HTTP download check, scheme=https, canHandle=true
11:48:32.895 [main] DEBUG d.m.q.protocol.HttpTransferProtocol - canHandle: HTTP download check, scheme=HTTPS, canHandle=true
11:48:32.971 [main] INFO  d.m.q.protocol.HttpTransferProtocol - HttpTransferProtocol initialized: connectTimeout=30000ms, readTimeout=60000ms, maxFileSize=10737418240 bytes
11:48:32.971 [main] DEBUG d.m.q.protocol.HttpTransferProtocol - HttpTransferProtocol created with Vert.x Web Client (reactive mode)
11:48:33.025 [main] INFO  d.m.q.protocol.HttpTransferProtocol - HttpTransferProtocol initialized: connectTimeout=30000ms, readTimeout=60000ms, maxFileSize=10737418240 bytes
11:48:33.026 [main] DEBUG d.m.q.protocol.HttpTransferProtocol - HttpTransferProtocol created with Vert.x Web Client (reactive mode)
11:48:33.027 [main] DEBUG d.m.q.protocol.HttpTransferProtocol - canHandle: HTTP download check, scheme=sftp, canHandle=false
11:48:33.083 [main] INFO  d.m.q.protocol.HttpTransferProtocol - HttpTransferProtocol initialized: connectTimeout=30000ms, readTimeout=60000ms, maxFileSize=10737418240 bytes
11:48:33.083 [main] DEBUG d.m.q.protocol.HttpTransferProtocol - HttpTransferProtocol created with Vert.x Web Client (reactive mode)
11:48:33.156 [main] INFO  d.m.q.protocol.HttpTransferProtocol - HttpTransferProtocol initialized: connectTimeout=30000ms, readTimeout=60000ms, maxFileSize=10737418240 bytes
11:48:33.156 [main] DEBUG d.m.q.protocol.HttpTransferProtocol - HttpTransferProtocol created with Vert.x Web Client (reactive mode)
11:48:33.226 [main] INFO  d.m.q.protocol.HttpTransferProtocol - HttpTransferProtocol initialized: connectTimeout=30000ms, readTimeout=60000ms, maxFileSize=10737418240 bytes
11:48:33.226 [main] DEBUG d.m.q.protocol.HttpTransferProtocol - HttpTransferProtocol created with Vert.x Web Client (reactive mode)
11:48:33.227 [main] DEBUG d.m.q.protocol.HttpTransferProtocol - canHandle: HTTP download check, scheme=HtTp, canHandle=true
11:48:33.230 [main] WARN  d.m.q.testing.ExpectsErrorExtension - 
========================================================================
  EXPECTED ERROR TEST: testTransferReactiveWithInvalidUrl
  Reason: Connection refused -- invalid URL triggers connection error
  Errors below are INTENTIONAL -- testing error handling paths
========================================================================
11:48:33.289 [main] INFO  d.m.q.protocol.HttpTransferProtocol - HttpTransferProtocol initialized: connectTimeout=30000ms, readTimeout=60000ms, maxFileSize=10737418240 bytes
11:48:33.289 [main] DEBUG d.m.q.protocol.HttpTransferProtocol - HttpTransferProtocol created with Vert.x Web Client (reactive mode)
11:48:33.291 [main] DEBUG d.m.q.protocol.HttpTransferProtocol - Starting reactive HTTP transfer: jobId=test-invalid-url, direction=DOWNLOAD (Remote -> Local)
11:48:33.292 [main] DEBUG d.m.q.protocol.HttpTransferProtocol - Validating HTTP transfer request: requestId=test-invalid-url
11:48:33.292 [main] DEBUG d.m.q.protocol.HttpTransferProtocol - canHandle: HTTP download check, scheme=http, canHandle=true
11:48:33.292 [main] DEBUG d.m.q.protocol.HttpTransferProtocol - Request validation passed
11:48:33.292 [main] DEBUG d.m.q.protocol.HttpTransferProtocol - Routing to HTTP download handler
11:48:33.292 [main] DEBUG d.m.q.protocol.HttpTransferProtocol - HTTP download: destination=C:\Users\mraysmit\AppData\Local\Temp\http-test217236018639238990\file.txt, tempFile=C:\Users\mraysmit\AppData\Local\Temp\http-test217236018639238990\file.txt.tmp
11:48:33.293 [main] DEBUG d.m.q.protocol.HttpTransferProtocol - Created destination directory: C:\Users\mraysmit\AppData\Local\Temp\http-test217236018639238990
11:48:33.293 [main] INFO  d.m.q.protocol.HttpTransferProtocol - Starting reactive HTTP download from http://127.0.0.1:1/file.txt
11:48:33.300 [vert.x-eventloop-thread-1] ERROR d.m.q.protocol.HttpTransferProtocol - [QUORUS-1206] HTTP download pipeline failed: jobId=test-invalid-url, error=Connection refused: getsockopt: /127.0.0.1:1
11:48:33.301 [vert.x-eventloop-thread-1] DEBUG d.m.q.protocol.HttpTransferProtocol - HTTP download exception details for job: test-invalid-url
io.netty.channel.AbstractChannel$AnnotatedConnectException: Connection refused: getsockopt: /127.0.0.1:1
Caused by: java.net.ConnectException: Connection refused: getsockopt
	at java.base/sun.nio.ch.Net.pollConnect(Native Method)
11:48:33.307 [main] WARN  d.m.q.testing.ExpectsErrorExtension - 
========================================================================
  END EXPECTED ERROR TEST: testTransferReactiveWithInvalidUrl -- PASSED
========================================================================
11:48:33.309 [main] WARN  d.m.q.testing.ExpectsErrorExtension - 
========================================================================
  EXPECTED ERROR TEST: testCreatesDestinationDirectoryIfNeeded
  Reason: Connection refused -- verifies destination directory created before failure
  Errors below are INTENTIONAL -- testing error handling paths
========================================================================
11:48:33.357 [main] INFO  d.m.q.protocol.HttpTransferProtocol - HttpTransferProtocol initialized: connectTimeout=30000ms, readTimeout=60000ms, maxFileSize=10737418240 bytes
11:48:33.357 [main] DEBUG d.m.q.protocol.HttpTransferProtocol - HttpTransferProtocol created with Vert.x Web Client (reactive mode)
11:48:33.358 [main] DEBUG d.m.q.protocol.HttpTransferProtocol - Starting reactive HTTP transfer: jobId=test-create-dir, direction=DOWNLOAD (Remote -> Local)
11:48:33.359 [main] DEBUG d.m.q.protocol.HttpTransferProtocol - Validating HTTP transfer request: requestId=test-create-dir
11:48:33.359 [main] DEBUG d.m.q.protocol.HttpTransferProtocol - canHandle: HTTP download check, scheme=http, canHandle=true
11:48:33.359 [main] DEBUG d.m.q.protocol.HttpTransferProtocol - Request validation passed
11:48:33.359 [main] DEBUG d.m.q.protocol.HttpTransferProtocol - Routing to HTTP download handler
11:48:33.359 [main] DEBUG d.m.q.protocol.HttpTransferProtocol - HTTP download: destination=C:\Users\mraysmit\AppData\Local\Temp\http-test1518441455284954455\level1\level2\level3\file.txt, tempFile=C:\Users\mraysmit\AppData\Local\Temp\http-test1518441455284954455\level1\level2\level3\file.txt.tmp
11:48:33.362 [main] DEBUG d.m.q.protocol.HttpTransferProtocol - Created destination directory: C:\Users\mraysmit\AppData\Local\Temp\http-test1518441455284954455\level1\level2\level3
11:48:33.362 [main] INFO  d.m.q.protocol.HttpTransferProtocol - Starting reactive HTTP download from http://127.0.0.1:1/file.txt
11:48:33.366 [vert.x-eventloop-thread-1] ERROR d.m.q.protocol.HttpTransferProtocol - [QUORUS-1206] HTTP download pipeline failed: jobId=test-create-dir, error=Connection refused: getsockopt: /127.0.0.1:1
11:48:33.367 [vert.x-eventloop-thread-1] DEBUG d.m.q.protocol.HttpTransferProtocol - HTTP download exception details for job: test-create-dir
io.netty.channel.AbstractChannel$AnnotatedConnectException: Connection refused: getsockopt: /127.0.0.1:1
Caused by: java.net.ConnectException: Connection refused: getsockopt
	at java.base/sun.nio.ch.Net.pollConnect(Native Method)
11:48:33.371 [main] WARN  d.m.q.testing.ExpectsErrorExtension - 
========================================================================
  END EXPECTED ERROR TEST: testCreatesDestinationDirectoryIfNeeded -- PASSED
========================================================================
11:48:33.433 [main] INFO  d.m.q.protocol.HttpTransferProtocol - HttpTransferProtocol initialized: connectTimeout=30000ms, readTimeout=60000ms, maxFileSize=10737418240 bytes
11:48:33.434 [main] DEBUG d.m.q.protocol.HttpTransferProtocol - HttpTransferProtocol created with Vert.x Web Client (reactive mode)
11:48:33.496 [main] INFO  d.m.q.protocol.HttpTransferProtocol - HttpTransferProtocol initialized: connectTimeout=30000ms, readTimeout=60000ms, maxFileSize=10737418240 bytes
11:48:33.496 [main] DEBUG d.m.q.protocol.HttpTransferProtocol - HttpTransferProtocol created with Vert.x Web Client (reactive mode)
11:48:33.555 [main] INFO  d.m.q.protocol.HttpTransferProtocol - HttpTransferProtocol initialized: connectTimeout=30000ms, readTimeout=60000ms, maxFileSize=10737418240 bytes
11:48:33.555 [main] DEBUG d.m.q.protocol.HttpTransferProtocol - HttpTransferProtocol created with Vert.x Web Client (reactive mode)
11:48:33.616 [main] INFO  d.m.q.protocol.HttpTransferProtocol - HttpTransferProtocol initialized: connectTimeout=30000ms, readTimeout=60000ms, maxFileSize=10737418240 bytes
11:48:33.616 [main] DEBUG d.m.q.protocol.HttpTransferProtocol - HttpTransferProtocol created with Vert.x Web Client (reactive mode)
11:48:33.621 [main] WARN  d.m.q.testing.ExpectsErrorExtension - 
========================================================================
  EXPECTED ERROR TEST: testTransferBlockingCallsReactive
  Reason: Connection refused -- blocking transfer wraps reactive failure
  Errors below are INTENTIONAL -- testing error handling paths
========================================================================
11:48:33.673 [main] INFO  d.m.q.protocol.HttpTransferProtocol - HttpTransferProtocol initialized: connectTimeout=30000ms, readTimeout=60000ms, maxFileSize=10737418240 bytes
11:48:33.673 [main] DEBUG d.m.q.protocol.HttpTransferProtocol - HttpTransferProtocol created with Vert.x Web Client (reactive mode)
11:48:33.675 [main] WARN  d.m.q.testing.ExpectsErrorExtension - 
========================================================================
  END EXPECTED ERROR TEST: testTransferBlockingCallsReactive -- PASSED
========================================================================
11:48:33.728 [main] INFO  d.m.q.protocol.HttpTransferProtocol - HttpTransferProtocol initialized: connectTimeout=30000ms, readTimeout=60000ms, maxFileSize=10737418240 bytes
11:48:33.729 [main] DEBUG d.m.q.protocol.HttpTransferProtocol - HttpTransferProtocol created with Vert.x Web Client (reactive mode)
11:48:33.778 [main] INFO  d.m.q.protocol.HttpTransferProtocol - HttpTransferProtocol initialized: connectTimeout=30000ms, readTimeout=60000ms, maxFileSize=10737418240 bytes
11:48:33.778 [main] DEBUG d.m.q.protocol.HttpTransferProtocol - HttpTransferProtocol created with Vert.x Web Client (reactive mode)
11:48:33.779 [main] DEBUG d.m.q.protocol.HttpTransferProtocol - canHandle: HTTP download check, scheme=sftp, canHandle=false
11:48:33.842 [main] INFO  d.m.q.protocol.HttpTransferProtocol - HttpTransferProtocol initialized: connectTimeout=30000ms, readTimeout=60000ms, maxFileSize=10737418240 bytes
11:48:33.843 [main] DEBUG d.m.q.protocol.HttpTransferProtocol - HttpTransferProtocol created with Vert.x Web Client (reactive mode)
11:48:33.902 [main] INFO  d.m.q.protocol.HttpTransferProtocol - HttpTransferProtocol initialized: connectTimeout=30000ms, readTimeout=60000ms, maxFileSize=10737418240 bytes
11:48:33.902 [main] DEBUG d.m.q.protocol.HttpTransferProtocol - HttpTransferProtocol created with Vert.x Web Client (reactive mode)
11:48:33.904 [main] DEBUG d.m.q.protocol.HttpTransferProtocol - canHandle: HTTP download check, scheme=ftp, canHandle=false
11:48:33.974 [main] INFO  d.m.q.protocol.HttpTransferProtocol - HttpTransferProtocol initialized: connectTimeout=30000ms, readTimeout=60000ms, maxFileSize=10737418240 bytes
11:48:33.975 [main] DEBUG d.m.q.protocol.HttpTransferProtocol - HttpTransferProtocol created with Vert.x Web Client (reactive mode)
11:48:33.976 [main] WARN  d.m.q.testing.ExpectsErrorExtension - 
========================================================================
  EXPECTED ERROR TEST: testTransferReactiveWithNonHttpProtocol
  Reason: Wrong protocol scheme -- HTTP rejects ftp:// URI
  Errors below are INTENTIONAL -- testing error handling paths
========================================================================
11:48:34.027 [main] INFO  d.m.q.protocol.HttpTransferProtocol - HttpTransferProtocol initialized: connectTimeout=30000ms, readTimeout=60000ms, maxFileSize=10737418240 bytes
11:48:34.027 [main] DEBUG d.m.q.protocol.HttpTransferProtocol - HttpTransferProtocol created with Vert.x Web Client (reactive mode)
11:48:34.029 [main] DEBUG d.m.q.protocol.HttpTransferProtocol - Starting reactive HTTP transfer: jobId=test-wrong-protocol, direction=DOWNLOAD (Remote -> Local)
11:48:34.029 [main] DEBUG d.m.q.protocol.HttpTransferProtocol - Validating HTTP transfer request: requestId=test-wrong-protocol
11:48:34.029 [main] DEBUG d.m.q.protocol.HttpTransferProtocol - canHandle: HTTP download check, scheme=ftp, canHandle=false
11:48:34.029 [main] ERROR d.m.q.protocol.HttpTransferProtocol - [QUORUS-1216] HTTP validation: protocol cannot handle this request type
11:48:34.029 [main] ERROR d.m.q.protocol.HttpTransferProtocol - [QUORUS-1201] HTTP request validation failed: jobId=test-wrong-protocol, error=Transfer test-wrong-protocol failed: HTTP protocol cannot handle this request
11:48:34.032 [main] WARN  d.m.q.testing.ExpectsErrorExtension - 
========================================================================
  END EXPECTED ERROR TEST: testTransferReactiveWithNonHttpProtocol -- PASSED
========================================================================
11:48:34.093 [main] INFO  d.m.q.protocol.HttpTransferProtocol - HttpTransferProtocol initialized: connectTimeout=30000ms, readTimeout=60000ms, maxFileSize=10737418240 bytes
11:48:34.093 [main] DEBUG d.m.q.protocol.HttpTransferProtocol - HttpTransferProtocol created with Vert.x Web Client (reactive mode)
11:48:34.094 [main] DEBUG d.m.q.protocol.HttpTransferProtocol - canHandle: HTTP download check, scheme=smb, canHandle=false
11:48:34.154 [main] INFO  d.m.q.protocol.HttpTransferProtocol - HttpTransferProtocol initialized: connectTimeout=30000ms, readTimeout=60000ms, maxFileSize=10737418240 bytes
11:48:34.155 [main] DEBUG d.m.q.protocol.HttpTransferProtocol - HttpTransferProtocol created with Vert.x Web Client (reactive mode)
11:48:34.216 [main] INFO  d.m.q.protocol.HttpTransferProtocol - HttpTransferProtocol initialized: connectTimeout=30000ms, readTimeout=60000ms, maxFileSize=10737418240 bytes
11:48:34.217 [main] DEBUG d.m.q.protocol.HttpTransferProtocol - HttpTransferProtocol created with Vert.x Web Client (reactive mode)
[INFO] Tests run: 24, Failures: 0, Errors: 0, Skipped: 0, Time elapsed: 1.559 s -- in dev.mars.quorus.protocol.HttpTransferProtocolTest
[INFO] Running dev.mars.quorus.protocol.HttpTransferProtocolUploadTest
[INFO] Running dev.mars.quorus.protocol.HttpTransferProtocolUploadTest$UploadDownloadCoexistenceTests
11:48:34.286 [main] INFO  d.m.q.protocol.HttpTransferProtocol - HttpTransferProtocol initialized: connectTimeout=30000ms, readTimeout=60000ms, maxFileSize=10737418240 bytes
11:48:34.286 [main] DEBUG d.m.q.protocol.HttpTransferProtocol - HttpTransferProtocol created with Vert.x Web Client (reactive mode)
11:48:34.287 [main] DEBUG d.m.q.protocol.HttpTransferProtocol - canHandle: HTTP download check, scheme=http, canHandle=true
11:48:34.288 [main] DEBUG d.m.q.protocol.HttpTransferProtocol - canHandle: HTTP upload check, scheme=http, canHandle=true
11:48:34.345 [main] INFO  d.m.q.protocol.HttpTransferProtocol - HttpTransferProtocol initialized: connectTimeout=30000ms, readTimeout=60000ms, maxFileSize=10737418240 bytes
11:48:34.345 [main] DEBUG d.m.q.protocol.HttpTransferProtocol - HttpTransferProtocol created with Vert.x Web Client (reactive mode)
11:48:34.346 [main] INFO  d.m.q.protocol.HttpTransferProtocol - HttpTransferProtocol initialized: connectTimeout=30000ms, readTimeout=60000ms, maxFileSize=10737418240 bytes
11:48:34.346 [main] DEBUG d.m.q.protocol.HttpTransferProtocol - HttpTransferProtocol created with Vert.x Web Client (reactive mode)
11:48:34.347 [main] DEBUG d.m.q.protocol.HttpTransferProtocol - canHandle: HTTP download check, scheme=http, canHandle=true
11:48:34.348 [main] DEBUG d.m.q.protocol.HttpTransferProtocol - canHandle: HTTP download check, scheme=https, canHandle=true
11:48:34.348 [main] DEBUG d.m.q.protocol.HttpTransferProtocol - canHandle: HTTP upload check, scheme=http, canHandle=true
11:48:34.348 [main] DEBUG d.m.q.protocol.HttpTransferProtocol - canHandle: HTTP upload check, scheme=https, canHandle=true
[INFO] Tests run: 2, Failures: 0, Errors: 0, Skipped: 0, Time elapsed: 0.125 s -- in dev.mars.quorus.protocol.HttpTransferProtocolUploadTest$UploadDownloadCoexistenceTests
[INFO] Running dev.mars.quorus.protocol.HttpTransferProtocolUploadTest$UploadChecksumTests
11:48:34.353 [main] WARN  d.m.q.testing.ExpectsErrorExtension - 
========================================================================
  EXPECTED ERROR TEST: uploadCalculatesChecksum
  Reason: Connection refused -- checksum calculated before send fails
  Errors below are INTENTIONAL -- testing error handling paths
========================================================================
11:48:34.408 [main] INFO  d.m.q.protocol.HttpTransferProtocol - HttpTransferProtocol initialized: connectTimeout=30000ms, readTimeout=60000ms, maxFileSize=10737418240 bytes
11:48:34.408 [main] DEBUG d.m.q.protocol.HttpTransferProtocol - HttpTransferProtocol created with Vert.x Web Client (reactive mode)
11:48:34.410 [main] DEBUG d.m.q.protocol.HttpTransferProtocol - Starting reactive HTTP transfer: jobId=upload-checksum-test, direction=UPLOAD (Local -> Remote)
11:48:34.410 [main] DEBUG d.m.q.protocol.HttpTransferProtocol - Validating HTTP transfer request: requestId=upload-checksum-test
11:48:34.411 [main] DEBUG d.m.q.protocol.HttpTransferProtocol - canHandle: HTTP upload check, scheme=http, canHandle=true
11:48:34.411 [main] DEBUG d.m.q.protocol.HttpTransferProtocol - Request validation passed
11:48:34.411 [main] DEBUG d.m.q.protocol.HttpTransferProtocol - Routing to HTTP upload handler
11:48:34.411 [main] DEBUG d.m.q.protocol.HttpTransferProtocol - HTTP upload: sourcePath=C:\Users\mraysmit\AppData\Local\Temp\junit8126967268387118924\upload-checksum.txt
11:48:34.411 [main] INFO  d.m.q.protocol.HttpTransferProtocol - Starting reactive HTTP upload to http://127.0.0.1:1/uploads/file.txt
11:48:34.411 [main] DEBUG d.m.q.protocol.HttpTransferProtocol - Reading source file: C:\Users\mraysmit\AppData\Local\Temp\junit8126967268387118924\upload-checksum.txt
11:48:34.414 [vert.x-eventloop-thread-1] DEBUG d.m.q.protocol.HttpTransferProtocol - Source file loaded: 46 bytes
11:48:34.414 [vert.x-eventloop-thread-1] DEBUG d.m.q.protocol.HttpTransferProtocol - Calculating checksum for source file
11:48:34.414 [vert.x-eventloop-thread-1] DEBUG d.m.q.protocol.HttpTransferProtocol - Source file checksum: 868ccad2b2b9662f2bee855c3dcf1cb1a94450870871bdf79f8acc656e97d71a
11:48:34.414 [vert.x-eventloop-thread-1] DEBUG d.m.q.protocol.HttpTransferProtocol - Sending HTTP PUT request: 46 bytes to http://127.0.0.1:1/uploads/file.txt
11:48:34.421 [vert.x-eventloop-thread-1] ERROR d.m.q.protocol.HttpTransferProtocol - [QUORUS-1211] HTTP upload pipeline failed: jobId=upload-checksum-test, error=Connection refused: getsockopt: /127.0.0.1:1
11:48:34.422 [vert.x-eventloop-thread-1] DEBUG d.m.q.protocol.HttpTransferProtocol - HTTP upload exception details for job: upload-checksum-test
io.netty.channel.AbstractChannel$AnnotatedConnectException: Connection refused: getsockopt: /127.0.0.1:1
Caused by: java.net.ConnectException: Connection refused: getsockopt
	at java.base/sun.nio.ch.Net.pollConnect(Native Method)
11:48:34.423 [main] WARN  d.m.q.testing.ExpectsErrorExtension - 
========================================================================
  END EXPECTED ERROR TEST: uploadCalculatesChecksum -- PASSED
========================================================================
[INFO] Tests run: 1, Failures: 0, Errors: 0, Skipped: 0, Time elapsed: 0.074 s -- in dev.mars.quorus.protocol.HttpTransferProtocolUploadTest$UploadChecksumTests
[INFO] Running dev.mars.quorus.protocol.HttpTransferProtocolUploadTest$UploadErrorHandlingTests
11:48:34.429 [main] WARN  d.m.q.testing.ExpectsErrorExtension - 
========================================================================
  EXPECTED ERROR TEST: uploadFailsWithConnectionTimeout
  Reason: Connection refused -- verifies timeout error handling
  Errors below are INTENTIONAL -- testing error handling paths
========================================================================
11:48:34.486 [main] INFO  d.m.q.protocol.HttpTransferProtocol - HttpTransferProtocol initialized: connectTimeout=30000ms, readTimeout=60000ms, maxFileSize=10737418240 bytes
11:48:34.486 [main] DEBUG d.m.q.protocol.HttpTransferProtocol - HttpTransferProtocol created with Vert.x Web Client (reactive mode)
11:48:34.488 [main] DEBUG d.m.q.protocol.HttpTransferProtocol - Starting reactive HTTP transfer: jobId=upload-timeout-test, direction=UPLOAD (Local -> Remote)
11:48:34.488 [main] DEBUG d.m.q.protocol.HttpTransferProtocol - Validating HTTP transfer request: requestId=upload-timeout-test
11:48:34.488 [main] DEBUG d.m.q.protocol.HttpTransferProtocol - canHandle: HTTP upload check, scheme=http, canHandle=true
11:48:34.489 [main] DEBUG d.m.q.protocol.HttpTransferProtocol - Request validation passed
11:48:34.489 [main] DEBUG d.m.q.protocol.HttpTransferProtocol - Routing to HTTP upload handler
11:48:34.489 [main] DEBUG d.m.q.protocol.HttpTransferProtocol - HTTP upload: sourcePath=C:\Users\mraysmit\AppData\Local\Temp\junit5274433816289733250\upload-timeout.txt
11:48:34.489 [main] INFO  d.m.q.protocol.HttpTransferProtocol - Starting reactive HTTP upload to http://127.0.0.1:1/uploads/file.txt
11:48:34.489 [main] DEBUG d.m.q.protocol.HttpTransferProtocol - Reading source file: C:\Users\mraysmit\AppData\Local\Temp\junit5274433816289733250\upload-timeout.txt
11:48:34.491 [vert.x-eventloop-thread-1] DEBUG d.m.q.protocol.HttpTransferProtocol - Source file loaded: 24 bytes
11:48:34.492 [vert.x-eventloop-thread-1] DEBUG d.m.q.protocol.HttpTransferProtocol - Calculating checksum for source file
11:48:34.492 [vert.x-eventloop-thread-1] DEBUG d.m.q.protocol.HttpTransferProtocol - Source file checksum: fce55c9ac4aaff218d1049f2eefcb10fa3fa1e6ac5a105c05bcf28521e93a813
11:48:34.493 [vert.x-eventloop-thread-1] DEBUG d.m.q.protocol.HttpTransferProtocol - Sending HTTP PUT request: 24 bytes to http://127.0.0.1:1/uploads/file.txt
11:48:34.496 [vert.x-eventloop-thread-1] ERROR d.m.q.protocol.HttpTransferProtocol - [QUORUS-1211] HTTP upload pipeline failed: jobId=upload-timeout-test, error=Connection refused: getsockopt: /127.0.0.1:1
11:48:34.496 [vert.x-eventloop-thread-1] DEBUG d.m.q.protocol.HttpTransferProtocol - HTTP upload exception details for job: upload-timeout-test
io.netty.channel.AbstractChannel$AnnotatedConnectException: Connection refused: getsockopt: /127.0.0.1:1
Caused by: java.net.ConnectException: Connection refused: getsockopt
	at java.base/sun.nio.ch.Net.pollConnect(Native Method)
11:48:34.497 [main] WARN  d.m.q.testing.ExpectsErrorExtension - 
========================================================================
  END EXPECTED ERROR TEST: uploadFailsWithConnectionTimeout -- PASSED
========================================================================
11:48:34.501 [main] WARN  d.m.q.testing.ExpectsErrorExtension - 
========================================================================
  EXPECTED ERROR TEST: uploadFailsWithNonExistentFile
  Reason: Source file missing -- verifies TransferException before connect
  Errors below are INTENTIONAL -- testing error handling paths
========================================================================
11:48:34.567 [main] INFO  d.m.q.protocol.HttpTransferProtocol - HttpTransferProtocol initialized: connectTimeout=30000ms, readTimeout=60000ms, maxFileSize=10737418240 bytes
11:48:34.567 [main] DEBUG d.m.q.protocol.HttpTransferProtocol - HttpTransferProtocol created with Vert.x Web Client (reactive mode)
11:48:34.569 [main] DEBUG d.m.q.protocol.HttpTransferProtocol - Starting reactive HTTP transfer: jobId=upload-missing-file-test, direction=UPLOAD (Local -> Remote)
11:48:34.569 [main] DEBUG d.m.q.protocol.HttpTransferProtocol - Validating HTTP transfer request: requestId=upload-missing-file-test
11:48:34.569 [main] DEBUG d.m.q.protocol.HttpTransferProtocol - canHandle: HTTP upload check, scheme=http, canHandle=true
11:48:34.569 [main] DEBUG d.m.q.protocol.HttpTransferProtocol - Request validation passed
11:48:34.569 [main] DEBUG d.m.q.protocol.HttpTransferProtocol - Routing to HTTP upload handler
11:48:34.570 [main] DEBUG d.m.q.protocol.HttpTransferProtocol - HTTP upload: sourcePath=C:\Users\mraysmit\AppData\Local\Temp\junit17637024806317774697\does-not-exist.txt
11:48:34.570 [main] ERROR d.m.q.protocol.HttpTransferProtocol - [QUORUS-1208] HTTP upload source file not found: C:\Users\mraysmit\AppData\Local\Temp\junit17637024806317774697\does-not-exist.txt
11:48:34.571 [main] WARN  d.m.q.testing.ExpectsErrorExtension - 
========================================================================
  END EXPECTED ERROR TEST: uploadFailsWithNonExistentFile -- PASSED
========================================================================
11:48:34.627 [main] INFO  d.m.q.protocol.HttpTransferProtocol - HttpTransferProtocol initialized: connectTimeout=30000ms, readTimeout=60000ms, maxFileSize=10737418240 bytes
11:48:34.627 [main] DEBUG d.m.q.protocol.HttpTransferProtocol - HttpTransferProtocol created with Vert.x Web Client (reactive mode)
11:48:34.629 [main] DEBUG d.m.q.protocol.HttpTransferProtocol - canHandle: HTTP upload check, scheme=ftp, canHandle=false
[INFO] Tests run: 3, Failures: 0, Errors: 0, Skipped: 0, Time elapsed: 0.203 s -- in dev.mars.quorus.protocol.HttpTransferProtocolUploadTest$UploadErrorHandlingTests
[INFO] Running dev.mars.quorus.protocol.HttpTransferProtocolUploadTest$UploadTransferExecutionTests
11:48:34.635 [main] WARN  d.m.q.testing.ExpectsErrorExtension - 
========================================================================
  EXPECTED ERROR TEST: uploadExecutesWithValidRequest
  Reason: Connection refused -- upload to non-existent server
  Errors below are INTENTIONAL -- testing error handling paths
========================================================================
11:48:34.683 [main] INFO  d.m.q.protocol.HttpTransferProtocol - HttpTransferProtocol initialized: connectTimeout=30000ms, readTimeout=60000ms, maxFileSize=10737418240 bytes
11:48:34.683 [main] DEBUG d.m.q.protocol.HttpTransferProtocol - HttpTransferProtocol created with Vert.x Web Client (reactive mode)
11:48:34.685 [main] DEBUG d.m.q.protocol.HttpTransferProtocol - Starting reactive HTTP transfer: jobId=upload-exec-test, direction=UPLOAD (Local -> Remote)
11:48:34.685 [main] DEBUG d.m.q.protocol.HttpTransferProtocol - Validating HTTP transfer request: requestId=upload-exec-test
11:48:34.685 [main] DEBUG d.m.q.protocol.HttpTransferProtocol - canHandle: HTTP upload check, scheme=http, canHandle=true
11:48:34.685 [main] DEBUG d.m.q.protocol.HttpTransferProtocol - Request validation passed
11:48:34.685 [main] DEBUG d.m.q.protocol.HttpTransferProtocol - Routing to HTTP upload handler
11:48:34.685 [main] DEBUG d.m.q.protocol.HttpTransferProtocol - HTTP upload: sourcePath=C:\Users\mraysmit\AppData\Local\Temp\junit7376658317181663085\upload-execute.txt
11:48:34.685 [main] INFO  d.m.q.protocol.HttpTransferProtocol - Starting reactive HTTP upload to http://127.0.0.1:1/uploads/file.txt
11:48:34.685 [main] DEBUG d.m.q.protocol.HttpTransferProtocol - Reading source file: C:\Users\mraysmit\AppData\Local\Temp\junit7376658317181663085\upload-execute.txt
11:48:34.688 [vert.x-eventloop-thread-1] DEBUG d.m.q.protocol.HttpTransferProtocol - Source file loaded: 28 bytes
11:48:34.688 [vert.x-eventloop-thread-1] DEBUG d.m.q.protocol.HttpTransferProtocol - Calculating checksum for source file
11:48:34.689 [vert.x-eventloop-thread-1] DEBUG d.m.q.protocol.HttpTransferProtocol - Source file checksum: c5fcd2c8f770d14a02d2c443382f5da4c2f24fd1a7375e39803ea30d8b359963
11:48:34.689 [vert.x-eventloop-thread-1] DEBUG d.m.q.protocol.HttpTransferProtocol - Sending HTTP PUT request: 28 bytes to http://127.0.0.1:1/uploads/file.txt
11:48:34.692 [vert.x-eventloop-thread-1] ERROR d.m.q.protocol.HttpTransferProtocol - [QUORUS-1211] HTTP upload pipeline failed: jobId=upload-exec-test, error=Connection refused: getsockopt: /127.0.0.1:1
11:48:34.693 [vert.x-eventloop-thread-1] DEBUG d.m.q.protocol.HttpTransferProtocol - HTTP upload exception details for job: upload-exec-test
io.netty.channel.AbstractChannel$AnnotatedConnectException: Connection refused: getsockopt: /127.0.0.1:1
Caused by: java.net.ConnectException: Connection refused: getsockopt
	at java.base/sun.nio.ch.Net.pollConnect(Native Method)
11:48:34.693 [main] WARN  d.m.q.testing.ExpectsErrorExtension - 
========================================================================
  END EXPECTED ERROR TEST: uploadExecutesWithValidRequest -- PASSED
========================================================================
11:48:34.696 [main] WARN  d.m.q.testing.ExpectsErrorExtension - 
========================================================================
  EXPECTED ERROR TEST: uploadUsesPutMethod
  Reason: Connection refused -- PUT method used but server unreachable
  Errors below are INTENTIONAL -- testing error handling paths
========================================================================
11:48:34.757 [main] INFO  d.m.q.protocol.HttpTransferProtocol - HttpTransferProtocol initialized: connectTimeout=30000ms, readTimeout=60000ms, maxFileSize=10737418240 bytes
11:48:34.757 [main] DEBUG d.m.q.protocol.HttpTransferProtocol - HttpTransferProtocol created with Vert.x Web Client (reactive mode)
11:48:34.759 [main] DEBUG d.m.q.protocol.HttpTransferProtocol - Starting reactive HTTP transfer: jobId=upload-put-method-test, direction=UPLOAD (Local -> Remote)
11:48:34.759 [main] DEBUG d.m.q.protocol.HttpTransferProtocol - Validating HTTP transfer request: requestId=upload-put-method-test
11:48:34.759 [main] DEBUG d.m.q.protocol.HttpTransferProtocol - canHandle: HTTP upload check, scheme=http, canHandle=true
11:48:34.759 [main] DEBUG d.m.q.protocol.HttpTransferProtocol - Request validation passed
11:48:34.759 [main] DEBUG d.m.q.protocol.HttpTransferProtocol - Routing to HTTP upload handler
11:48:34.759 [main] DEBUG d.m.q.protocol.HttpTransferProtocol - HTTP upload: sourcePath=C:\Users\mraysmit\AppData\Local\Temp\junit6116979119134703894\upload-put-test.txt
11:48:34.759 [main] INFO  d.m.q.protocol.HttpTransferProtocol - Starting reactive HTTP upload to http://127.0.0.1:1/uploads/file.txt
11:48:34.760 [main] DEBUG d.m.q.protocol.HttpTransferProtocol - Reading source file: C:\Users\mraysmit\AppData\Local\Temp\junit6116979119134703894\upload-put-test.txt
11:48:34.762 [vert.x-eventloop-thread-1] DEBUG d.m.q.protocol.HttpTransferProtocol - Source file loaded: 23 bytes
11:48:34.762 [vert.x-eventloop-thread-1] DEBUG d.m.q.protocol.HttpTransferProtocol - Calculating checksum for source file
11:48:34.763 [vert.x-eventloop-thread-1] DEBUG d.m.q.protocol.HttpTransferProtocol - Source file checksum: 424bfe9342a4d06c4d0347b99025a91681db92ea421814363bde8d6cd7171151
11:48:34.763 [vert.x-eventloop-thread-1] DEBUG d.m.q.protocol.HttpTransferProtocol - Sending HTTP PUT request: 23 bytes to http://127.0.0.1:1/uploads/file.txt
11:48:34.767 [vert.x-eventloop-thread-1] ERROR d.m.q.protocol.HttpTransferProtocol - [QUORUS-1211] HTTP upload pipeline failed: jobId=upload-put-method-test, error=Connection refused: getsockopt: /127.0.0.1:1
11:48:34.768 [vert.x-eventloop-thread-1] DEBUG d.m.q.protocol.HttpTransferProtocol - HTTP upload exception details for job: upload-put-method-test
io.netty.channel.AbstractChannel$AnnotatedConnectException: Connection refused: getsockopt: /127.0.0.1:1
Caused by: java.net.ConnectException: Connection refused: getsockopt
	at java.base/sun.nio.ch.Net.pollConnect(Native Method)
11:48:34.769 [main] WARN  d.m.q.testing.ExpectsErrorExtension - 
========================================================================
  END EXPECTED ERROR TEST: uploadUsesPutMethod -- PASSED
========================================================================
11:48:34.772 [main] WARN  d.m.q.testing.ExpectsErrorExtension - 
========================================================================
  EXPECTED ERROR TEST: uploadReadsLocalFile
  Reason: Connection refused -- upload reads file then fails on send
  Errors below are INTENTIONAL -- testing error handling paths
========================================================================
11:48:34.840 [main] INFO  d.m.q.protocol.HttpTransferProtocol - HttpTransferProtocol initialized: connectTimeout=30000ms, readTimeout=60000ms, maxFileSize=10737418240 bytes
11:48:34.841 [main] DEBUG d.m.q.protocol.HttpTransferProtocol - HttpTransferProtocol created with Vert.x Web Client (reactive mode)
11:48:34.842 [main] DEBUG d.m.q.protocol.HttpTransferProtocol - Starting reactive HTTP transfer: jobId=upload-read-local-test, direction=UPLOAD (Local -> Remote)
11:48:34.842 [main] DEBUG d.m.q.protocol.HttpTransferProtocol - Validating HTTP transfer request: requestId=upload-read-local-test
11:48:34.842 [main] DEBUG d.m.q.protocol.HttpTransferProtocol - canHandle: HTTP upload check, scheme=http, canHandle=true
11:48:34.842 [main] DEBUG d.m.q.protocol.HttpTransferProtocol - Request validation passed
11:48:34.842 [main] DEBUG d.m.q.protocol.HttpTransferProtocol - Routing to HTTP upload handler
11:48:34.842 [main] DEBUG d.m.q.protocol.HttpTransferProtocol - HTTP upload: sourcePath=C:\Users\mraysmit\AppData\Local\Temp\junit8999508145629309883\upload-read-test.txt
11:48:34.843 [main] INFO  d.m.q.protocol.HttpTransferProtocol - Starting reactive HTTP upload to http://127.0.0.1:1/uploads/file.txt
11:48:34.843 [main] DEBUG d.m.q.protocol.HttpTransferProtocol - Reading source file: C:\Users\mraysmit\AppData\Local\Temp\junit8999508145629309883\upload-read-test.txt
11:48:34.846 [vert.x-eventloop-thread-1] DEBUG d.m.q.protocol.HttpTransferProtocol - Source file loaded: 54 bytes
11:48:34.846 [vert.x-eventloop-thread-1] DEBUG d.m.q.protocol.HttpTransferProtocol - Calculating checksum for source file
11:48:34.847 [vert.x-eventloop-thread-1] DEBUG d.m.q.protocol.HttpTransferProtocol - Source file checksum: aefc34f30da3fffdd0eeaf92654e8c97eee760f3b071fb5efe6979761287f7c1
11:48:34.847 [vert.x-eventloop-thread-1] DEBUG d.m.q.protocol.HttpTransferProtocol - Sending HTTP PUT request: 54 bytes to http://127.0.0.1:1/uploads/file.txt
11:48:34.852 [vert.x-eventloop-thread-1] ERROR d.m.q.protocol.HttpTransferProtocol - [QUORUS-1211] HTTP upload pipeline failed: jobId=upload-read-local-test, error=Connection refused: getsockopt: /127.0.0.1:1
11:48:34.853 [vert.x-eventloop-thread-1] DEBUG d.m.q.protocol.HttpTransferProtocol - HTTP upload exception details for job: upload-read-local-test
io.netty.channel.AbstractChannel$AnnotatedConnectException: Connection refused: getsockopt: /127.0.0.1:1
Caused by: java.net.ConnectException: Connection refused: getsockopt
	at java.base/sun.nio.ch.Net.pollConnect(Native Method)
11:48:34.854 [main] WARN  d.m.q.testing.ExpectsErrorExtension - 
========================================================================
  END EXPECTED ERROR TEST: uploadReadsLocalFile -- PASSED
========================================================================
[INFO] Tests run: 3, Failures: 0, Errors: 0, Skipped: 0, Time elapsed: 0.224 s -- in dev.mars.quorus.protocol.HttpTransferProtocolUploadTest$UploadTransferExecutionTests
[INFO] Running dev.mars.quorus.protocol.HttpTransferProtocolUploadTest$UploadRequestHandlingTests
11:48:34.932 [main] INFO  d.m.q.protocol.HttpTransferProtocol - HttpTransferProtocol initialized: connectTimeout=30000ms, readTimeout=60000ms, maxFileSize=10737418240 bytes
11:48:34.932 [main] DEBUG d.m.q.protocol.HttpTransferProtocol - HttpTransferProtocol created with Vert.x Web Client (reactive mode)
11:48:34.933 [main] DEBUG d.m.q.protocol.HttpTransferProtocol - canHandle: HTTP upload check, scheme=https, canHandle=true
11:48:34.988 [main] INFO  d.m.q.protocol.HttpTransferProtocol - HttpTransferProtocol initialized: connectTimeout=30000ms, readTimeout=60000ms, maxFileSize=10737418240 bytes
11:48:34.989 [main] DEBUG d.m.q.protocol.HttpTransferProtocol - HttpTransferProtocol created with Vert.x Web Client (reactive mode)
11:48:35.048 [main] INFO  d.m.q.protocol.HttpTransferProtocol - HttpTransferProtocol initialized: connectTimeout=30000ms, readTimeout=60000ms, maxFileSize=10737418240 bytes
11:48:35.048 [main] DEBUG d.m.q.protocol.HttpTransferProtocol - HttpTransferProtocol created with Vert.x Web Client (reactive mode)
11:48:35.049 [main] DEBUG d.m.q.protocol.HttpTransferProtocol - canHandle: HTTP upload check, scheme=http, canHandle=true
[INFO] Tests run: 3, Failures: 0, Errors: 0, Skipped: 0, Time elapsed: 0.193 s -- in dev.mars.quorus.protocol.HttpTransferProtocolUploadTest$UploadRequestHandlingTests
[INFO] Tests run: 0, Failures: 0, Errors: 0, Skipped: 0, Time elapsed: 0.829 s -- in dev.mars.quorus.protocol.HttpTransferProtocolUploadTest
[INFO] 
[INFO] Results:
[INFO] 
[INFO] Tests run: 61, Failures: 0, Errors: 0, Skipped: 0
[INFO] 
[INFO] 
[INFO] --- jacoco:0.8.15:report (report) @ quorus-core ---
[INFO] Loading execution data file C:\Users\mraysmit\dev\idea-projects\quorus\quorus-core\target\jacoco.exec
[INFO] Analyzed bundle 'Quorus Core' with 124 classes
[INFO] ------------------------------------------------------------------------
[INFO] BUILD SUCCESS
[INFO] ------------------------------------------------------------------------
[INFO] Total time:  10.027 s
[INFO] Finished at: 2026-09-05T11:48:36+08:00
[INFO] ------------------------------------------------------------------------
