WARNING: A terminally deprecated method in sun.misc.Unsafe has been called
WARNING: sun.misc.Unsafe::staticFieldBase has been called by com.google.inject.internal.aop.HiddenClassDefiner (file:/C:/Users/mraysmit/scoop/apps/maven/current/lib/guice-5.1.0-classes.jar)
WARNING: Please consider reporting this to the maintainers of class com.google.inject.internal.aop.HiddenClassDefiner
WARNING: sun.misc.Unsafe::staticFieldBase will be removed in a future release
[INFO] Scanning for projects...
[INFO] ------------------------------------------------------------------------
[INFO] Reactor Build Order:
[INFO] 
[INFO] Quorus File Transfer System                                        [pom]
[INFO] Quorus Core                                                        [jar]
[INFO] Quorus Workflow Engine                                             [jar]
[INFO] Quorus Agent                                                       [jar]
[INFO] 
[INFO] --------------------------< dev.mars:quorus >---------------------------
[INFO] Building Quorus File Transfer System 1.0-SNAPSHOT                  [1/4]
[INFO]   from pom.xml
[INFO] --------------------------------[ pom ]---------------------------------
[INFO] 
[INFO] --- jacoco:0.8.15:prepare-agent (prepare-agent) @ quorus ---
[INFO] argLine set to -javaagent:C:\\Users\\mraysmit\\.m2\\repository\\org\\jacoco\\org.jacoco.agent\\0.8.15\\org.jacoco.agent-0.8.15-runtime.jar=destfile=C:\\Users\\mraysmit\\dev\\idea-projects\\quorus\\target\\jacoco.exec,excludes=sun/**:jdk/**:java/**:com/sun/**:org/jcp/**
[INFO] 
[INFO] --- jacoco:0.8.15:report (report) @ quorus ---
[INFO] Skipping JaCoCo execution due to missing execution data file.
[INFO] 
[INFO] ------------------------< dev.mars:quorus-core >------------------------
[INFO] Building Quorus Core 1.0-SNAPSHOT                                  [2/4]
[INFO]   from quorus-core\pom.xml
[INFO] --------------------------------[ jar ]---------------------------------
[INFO] 
[INFO] --- jacoco:0.8.15:prepare-agent (prepare-agent) @ quorus-core ---
[INFO] argLine set to -javaagent:C:\\Users\\mraysmit\\.m2\\repository\\org\\jacoco\\org.jacoco.agent\\0.8.15\\org.jacoco.agent-0.8.15-runtime.jar=destfile=C:\\Users\\mraysmit\\dev\\idea-projects\\quorus\\quorus-core\\target\\jacoco.exec,excludes=sun/**:jdk/**:java/**:com/sun/**:org/jcp/**
[INFO] 
[INFO] --- resources:3.3.1:resources (default-resources) @ quorus-core ---
[INFO] Copying 1 resource from src\main\resources to target\classes
[INFO] 
[INFO] --- compiler:3.13.0:compile (default-compile) @ quorus-core ---
[INFO] Nothing to compile - all classes are up to date.
[INFO] 
[INFO] --- resources:3.3.1:testResources (default-testResources) @ quorus-core ---
[INFO] Copying 11 resources from src\test\resources to target\test-classes
[INFO] 
[INFO] --- compiler:3.13.0:testCompile (default-testCompile) @ quorus-core ---
[INFO] Recompiling the module because of added or removed source files.
[INFO] Compiling 87 source files with javac [debug release 25] to target\test-classes
[INFO] /C:/Users/mraysmit/dev/idea-projects/quorus/quorus-core/src/test/java/dev/mars/quorus/connection/TlsTrustAnchorPolicyTest.java: Some input files use or override a deprecated API.
[INFO] /C:/Users/mraysmit/dev/idea-projects/quorus/quorus-core/src/test/java/dev/mars/quorus/connection/TlsTrustAnchorPolicyTest.java: Recompile with -Xlint:deprecation for details.
[INFO] 
[INFO] --- surefire:3.2.2:test (default-test) @ quorus-core ---
[INFO] Using auto detected provider org.apache.maven.surefire.junitplatform.JUnitPlatformProvider
[INFO] 
[INFO] -------------------------------------------------------
[INFO]  T E S T S
[INFO] -------------------------------------------------------
[INFO] Running dev.mars.quorus.connection.RemotePathBoundaryTest
[ERROR] Tests run: 1, Failures: 1, Errors: 0, Skipped: 0, Time elapsed: 1.680 s <<< FAILURE! -- in dev.mars.quorus.connection.RemotePathBoundaryTest
[ERROR] dev.mars.quorus.connection.RemotePathBoundaryTest.pinnedHostnameSupportsTlsOnNonDefaultPort(Vertx) -- Time elapsed: 1.648 s <<< FAILURE!
java.lang.AssertionError: Future failed
	at dev.mars.quorus.testing.TestFutureUtils.awaitContext(TestFutureUtils.java:125)
	at dev.mars.quorus.testing.TestFutureUtils.awaitSuccess(TestFutureUtils.java:59)
	at dev.mars.quorus.connection.RemotePathBoundaryTest.pinnedHostnameSupportsTlsOnNonDefaultPort(RemotePathBoundaryTest.java:50)
	at java.base/jdk.internal.reflect.DirectMethodHandleAccessor.invoke(DirectMethodHandleAccessor.java:104)
	at java.base/java.lang.reflect.Method.invoke(Method.java:565)
	at org.junit.platform.commons.util.ReflectionUtils.invokeMethod(ReflectionUtils.java:727)
	at org.junit.jupiter.engine.execution.MethodInvocation.proceed(MethodInvocation.java:60)
	at org.junit.jupiter.engine.execution.InvocationInterceptorChain$ValidatingInvocation.proceed(InvocationInterceptorChain.java:131)
	at io.vertx.junit5.VertxExtension.interceptTestMethod(VertxExtension.java:142)
	at org.junit.jupiter.engine.execution.InterceptingExecutableInvoker$ReflectiveInterceptorCall.lambda$ofVoidMethod$0(InterceptingExecutableInvoker.java:103)
	at org.junit.jupiter.engine.execution.InterceptingExecutableInvoker.lambda$invoke$0(InterceptingExecutableInvoker.java:93)
	at org.junit.jupiter.engine.execution.InvocationInterceptorChain$InterceptedInvocation.proceed(InvocationInterceptorChain.java:106)
	at org.junit.jupiter.engine.extension.TimeoutExtension.intercept(TimeoutExtension.java:156)
	at org.junit.jupiter.engine.extension.TimeoutExtension.interceptTestableMethod(TimeoutExtension.java:147)
	at org.junit.jupiter.engine.extension.TimeoutExtension.interceptTestMethod(TimeoutExtension.java:86)
	at org.junit.jupiter.engine.execution.InterceptingExecutableInvoker$ReflectiveInterceptorCall.lambda$ofVoidMethod$0(InterceptingExecutableInvoker.java:103)
	at org.junit.jupiter.engine.execution.InterceptingExecutableInvoker.lambda$invoke$0(InterceptingExecutableInvoker.java:93)
	at org.junit.jupiter.engine.execution.InvocationInterceptorChain$InterceptedInvocation.proceed(InvocationInterceptorChain.java:106)
	at org.junit.jupiter.engine.execution.InvocationInterceptorChain.proceed(InvocationInterceptorChain.java:64)
	at org.junit.jupiter.engine.execution.InvocationInterceptorChain.chainAndInvoke(InvocationInterceptorChain.java:45)
	at org.junit.jupiter.engine.execution.InvocationInterceptorChain.invoke(InvocationInterceptorChain.java:37)
	at org.junit.jupiter.engine.execution.InterceptingExecutableInvoker.invoke(InterceptingExecutableInvoker.java:92)
	at org.junit.jupiter.engine.execution.InterceptingExecutableInvoker.invoke(InterceptingExecutableInvoker.java:86)
	at org.junit.jupiter.engine.descriptor.TestMethodTestDescriptor.lambda$invokeTestMethod$7(TestMethodTestDescriptor.java:217)
	at org.junit.platform.engine.support.hierarchical.ThrowableCollector.execute(ThrowableCollector.java:73)
	at org.junit.jupiter.engine.descriptor.TestMethodTestDescriptor.invokeTestMethod(TestMethodTestDescriptor.java:213)
	at org.junit.jupiter.engine.descriptor.TestMethodTestDescriptor.execute(TestMethodTestDescriptor.java:138)
	at org.junit.jupiter.engine.descriptor.TestMethodTestDescriptor.execute(TestMethodTestDescriptor.java:68)
	at org.junit.platform.engine.support.hierarchical.NodeTestTask.lambda$executeRecursively$6(NodeTestTask.java:151)
	at org.junit.platform.engine.support.hierarchical.ThrowableCollector.execute(ThrowableCollector.java:73)
	at org.junit.platform.engine.support.hierarchical.NodeTestTask.lambda$executeRecursively$8(NodeTestTask.java:141)
	at org.junit.platform.engine.support.hierarchical.Node.around(Node.java:137)
	at org.junit.platform.engine.support.hierarchical.NodeTestTask.lambda$executeRecursively$9(NodeTestTask.java:139)
	at org.junit.platform.engine.support.hierarchical.ThrowableCollector.execute(ThrowableCollector.java:73)
	at org.junit.platform.engine.support.hierarchical.NodeTestTask.executeRecursively(NodeTestTask.java:138)
	at org.junit.platform.engine.support.hierarchical.NodeTestTask.execute(NodeTestTask.java:95)
	at java.base/java.util.ArrayList.forEach(ArrayList.java:1604)
	at org.junit.platform.engine.support.hierarchical.SameThreadHierarchicalTestExecutorService.invokeAll(SameThreadHierarchicalTestExecutorService.java:41)
	at org.junit.platform.engine.support.hierarchical.NodeTestTask.lambda$executeRecursively$6(NodeTestTask.java:155)
	at org.junit.platform.engine.support.hierarchical.ThrowableCollector.execute(ThrowableCollector.java:73)
	at org.junit.platform.engine.support.hierarchical.NodeTestTask.lambda$executeRecursively$8(NodeTestTask.java:141)
	at org.junit.platform.engine.support.hierarchical.Node.around(Node.java:137)
	at org.junit.platform.engine.support.hierarchical.NodeTestTask.lambda$executeRecursively$9(NodeTestTask.java:139)
	at org.junit.platform.engine.support.hierarchical.ThrowableCollector.execute(ThrowableCollector.java:73)
	at org.junit.platform.engine.support.hierarchical.NodeTestTask.executeRecursively(NodeTestTask.java:138)
	at org.junit.platform.engine.support.hierarchical.NodeTestTask.execute(NodeTestTask.java:95)
	at java.base/java.util.ArrayList.forEach(ArrayList.java:1604)
	at org.junit.platform.engine.support.hierarchical.SameThreadHierarchicalTestExecutorService.invokeAll(SameThreadHierarchicalTestExecutorService.java:41)
	at org.junit.platform.engine.support.hierarchical.NodeTestTask.lambda$executeRecursively$6(NodeTestTask.java:155)
	at org.junit.platform.engine.support.hierarchical.ThrowableCollector.execute(ThrowableCollector.java:73)
	at org.junit.platform.engine.support.hierarchical.NodeTestTask.lambda$executeRecursively$8(NodeTestTask.java:141)
	at org.junit.platform.engine.support.hierarchical.Node.around(Node.java:137)
	at org.junit.platform.engine.support.hierarchical.NodeTestTask.lambda$executeRecursively$9(NodeTestTask.java:139)
	at org.junit.platform.engine.support.hierarchical.ThrowableCollector.execute(ThrowableCollector.java:73)
	at org.junit.platform.engine.support.hierarchical.NodeTestTask.executeRecursively(NodeTestTask.java:138)
	at org.junit.platform.engine.support.hierarchical.NodeTestTask.execute(NodeTestTask.java:95)
	at org.junit.platform.engine.support.hierarchical.SameThreadHierarchicalTestExecutorService.submit(SameThreadHierarchicalTestExecutorService.java:35)
	at org.junit.platform.engine.support.hierarchical.HierarchicalTestExecutor.execute(HierarchicalTestExecutor.java:57)
	at org.junit.platform.engine.support.hierarchical.HierarchicalTestEngine.execute(HierarchicalTestEngine.java:54)
	at org.junit.platform.launcher.core.EngineExecutionOrchestrator.execute(EngineExecutionOrchestrator.java:147)
	at org.junit.platform.launcher.core.EngineExecutionOrchestrator.execute(EngineExecutionOrchestrator.java:127)
	at org.junit.platform.launcher.core.EngineExecutionOrchestrator.execute(EngineExecutionOrchestrator.java:90)
	at org.junit.platform.launcher.core.EngineExecutionOrchestrator.lambda$execute$0(EngineExecutionOrchestrator.java:55)
	at org.junit.platform.launcher.core.EngineExecutionOrchestrator.withInterceptedStreams(EngineExecutionOrchestrator.java:102)
	at org.junit.platform.launcher.core.EngineExecutionOrchestrator.execute(EngineExecutionOrchestrator.java:54)
	at org.junit.platform.launcher.core.DefaultLauncher.execute(DefaultLauncher.java:114)
	at org.junit.platform.launcher.core.DefaultLauncher.execute(DefaultLauncher.java:86)
	at org.junit.platform.launcher.core.DefaultLauncherSession$DelegatingLauncher.execute(DefaultLauncherSession.java:86)
	at org.apache.maven.surefire.junitplatform.LazyLauncher.execute(LazyLauncher.java:56)
	at org.apache.maven.surefire.junitplatform.JUnitPlatformProvider.execute(JUnitPlatformProvider.java:184)
	at org.apache.maven.surefire.junitplatform.JUnitPlatformProvider.invokeAllTests(JUnitPlatformProvider.java:148)
	at org.apache.maven.surefire.junitplatform.JUnitPlatformProvider.invoke(JUnitPlatformProvider.java:122)
	at org.apache.maven.surefire.booter.ForkedBooter.runSuitesInProcess(ForkedBooter.java:385)
	at org.apache.maven.surefire.booter.ForkedBooter.execute(ForkedBooter.java:162)
	at org.apache.maven.surefire.booter.ForkedBooter.run(ForkedBooter.java:507)
	at org.apache.maven.surefire.booter.ForkedBooter.main(ForkedBooter.java:495)
Caused by: javax.net.ssl.SSLHandshakeException: Failed to create SSL connection
	at io.vertx.core.net.impl.ChannelProvider$1.userEventTriggered(ChannelProvider.java:140)
	at io.netty.channel.AbstractChannelHandlerContext.fireUserEventTriggered(AbstractChannelHandlerContext.java:324)
	at io.netty.handler.ssl.SslHandler.handleUnwrapThrowable(SslHandler.java:1419)
	at io.netty.handler.ssl.SslHandler.decodeJdkCompatible(SslHandler.java:1400)
	at io.netty.handler.ssl.SslHandler.decode(SslHandler.java:1444)
	at io.netty.handler.codec.ByteToMessageDecoder.decodeRemovalReentryProtection(ByteToMessageDecoder.java:545)
	at io.netty.handler.codec.ByteToMessageDecoder.callDecode(ByteToMessageDecoder.java:484)
	at io.netty.handler.codec.ByteToMessageDecoder.channelRead(ByteToMessageDecoder.java:296)
	at io.netty.channel.AbstractChannelHandlerContext.fireChannelRead(AbstractChannelHandlerContext.java:357)
	at io.netty.channel.DefaultChannelPipeline$HeadContext.channelRead(DefaultChannelPipeline.java:1429)
	at io.netty.channel.DefaultChannelPipeline.fireChannelRead(DefaultChannelPipeline.java:918)
	at io.netty.channel.nio.AbstractNioByteChannel$NioByteUnsafe.read(AbstractNioByteChannel.java:176)
	at io.netty.channel.nio.AbstractNioChannel$AbstractNioUnsafe.handle(AbstractNioChannel.java:445)
	at io.netty.channel.nio.NioIoHandler$DefaultNioRegistration.handle(NioIoHandler.java:388)
	at io.netty.channel.nio.NioIoHandler.processSelectedKey(NioIoHandler.java:596)
	at io.netty.channel.nio.NioIoHandler.processSelectedKeysPlain(NioIoHandler.java:541)
	at io.netty.channel.nio.NioIoHandler.processSelectedKeys(NioIoHandler.java:514)
	at io.netty.channel.nio.NioIoHandler.run(NioIoHandler.java:484)
	at io.netty.channel.SingleThreadIoEventLoop.runIo(SingleThreadIoEventLoop.java:225)
	at io.netty.channel.SingleThreadIoEventLoop.run(SingleThreadIoEventLoop.java:196)
	at io.netty.util.concurrent.SingleThreadEventExecutor$5.run(SingleThreadEventExecutor.java:1195)
	at io.netty.util.internal.ThreadExecutorMap$2.run(ThreadExecutorMap.java:74)
	at io.netty.util.concurrent.FastThreadLocalRunnable.run(FastThreadLocalRunnable.java:30)
	at java.base/java.lang.Thread.run(Thread.java:1474)
Caused by: javax.net.ssl.SSLHandshakeException: (certificate_unknown) Illegal given domain name: localhost:62811
	at java.base/sun.security.ssl.Alert.createSSLException(Alert.java:130)
	at java.base/sun.security.ssl.TransportContext.fatal(TransportContext.java:376)
	at java.base/sun.security.ssl.TransportContext.fatal(TransportContext.java:319)
	at java.base/sun.security.ssl.TransportContext.fatal(TransportContext.java:314)
	at java.base/sun.security.ssl.CertificateMessage$T13CertificateConsumer.checkServerCerts(CertificateMessage.java:1295)
	at java.base/sun.security.ssl.CertificateMessage$T13CertificateConsumer.onConsumeCertificate(CertificateMessage.java:1172)
	at java.base/sun.security.ssl.CertificateMessage$T13CertificateConsumer.consume(CertificateMessage.java:1115)
	at java.base/sun.security.ssl.SSLHandshake.consume(SSLHandshake.java:421)
	at java.base/sun.security.ssl.HandshakeContext.dispatch(HandshakeContext.java:477)
	at java.base/sun.security.ssl.SSLEngineImpl$DelegatedTask.run(SSLEngineImpl.java:1207)
	at io.netty.handler.ssl.SslHandler.runDelegatedTasks(SslHandler.java:1711)
	at io.netty.handler.ssl.SslHandler.unwrap(SslHandler.java:1557)
	at io.netty.handler.ssl.SslHandler.decodeJdkCompatible(SslHandler.java:1393)
	... 20 more
Caused by: java.security.cert.CertificateException: Illegal given domain name: localhost:62811
	at java.base/sun.security.util.HostnameChecker.matchDNS(HostnameChecker.java:188)
	at java.base/sun.security.util.HostnameChecker.match(HostnameChecker.java:103)
	at java.base/sun.security.ssl.X509TrustManagerImpl.checkIdentity(X509TrustManagerImpl.java:466)
	at java.base/sun.security.ssl.X509TrustManagerImpl.checkIdentity(X509TrustManagerImpl.java:432)
	at java.base/sun.security.ssl.X509TrustManagerImpl.checkTrusted(X509TrustManagerImpl.java:291)
	at java.base/sun.security.ssl.X509TrustManagerImpl.checkServerTrusted(X509TrustManagerImpl.java:144)
	at java.base/sun.security.ssl.CertificateMessage$T13CertificateConsumer.checkServerCerts(CertificateMessage.java:1273)
	... 28 more
Caused by: java.lang.IllegalArgumentException: Contains non-LDH ASCII characters
	at java.base/java.net.IDN.toASCIIInternal(IDN.java:310)
	at java.base/java.net.IDN.toASCII(IDN.java:139)
	at java.base/javax.net.ssl.SNIHostName.<init>(SNIHostName.java:114)
	at java.base/sun.security.util.HostnameChecker.matchDNS(HostnameChecker.java:186)
	... 34 more

[INFO] Running dev.mars.quorus.protocol.HttpRedirectBoundaryTest
11:47:46.631 [main] INFO  d.m.q.protocol.HttpTransferProtocol - HttpTransferProtocol initialized: connectTimeout=30000ms, readTimeout=60000ms, maxFileSize=10737418240 bytes
11:47:46.635 [main] DEBUG d.m.q.protocol.HttpTransferProtocol - HttpTransferProtocol created with Vert.x Web Client (reactive mode)
11:47:46.639 [main] DEBUG d.m.q.protocol.HttpTransferProtocol - Starting reactive HTTP transfer: jobId=redirect, direction=DOWNLOAD (Remote -> Local)
11:47:46.639 [main] DEBUG d.m.q.protocol.HttpTransferProtocol - Validating HTTP transfer request: requestId=redirect
11:47:46.639 [main] DEBUG d.m.q.protocol.HttpTransferProtocol - canHandle: HTTP download check, scheme=http, canHandle=true
11:47:46.640 [main] DEBUG d.m.q.protocol.HttpTransferProtocol - Request validation passed
11:47:46.640 [main] DEBUG d.m.q.protocol.HttpTransferProtocol - Routing to HTTP download handler
11:47:46.640 [main] DEBUG d.m.q.protocol.HttpTransferProtocol - HTTP download: destination=C:\Users\mraysmit\AppData\Local\Temp\junit13184133505168297494\file.dat, tempFile=C:\Users\mraysmit\AppData\Local\Temp\junit13184133505168297494\file.dat.tmp
11:47:46.640 [main] DEBUG d.m.q.protocol.HttpTransferProtocol - Created destination directory: C:\Users\mraysmit\AppData\Local\Temp\junit13184133505168297494
11:47:46.641 [main] INFO  d.m.q.protocol.HttpTransferProtocol - Starting reactive HTTP download from http://127.0.0.1:64989/redirect
11:47:46.834 [vert.x-eventloop-thread-0] DEBUG d.m.q.protocol.HttpTransferProtocol - HTTP response received: statusCode=302, statusMessage=Found
11:47:46.838 [vert.x-eventloop-thread-0] ERROR d.m.q.protocol.HttpTransferProtocol - [QUORUS-1203] HTTP download failed: statusCode=302, statusMessage=Found
11:47:46.840 [vert.x-eventloop-thread-0] ERROR d.m.q.protocol.HttpTransferProtocol - [QUORUS-1206] HTTP download pipeline failed: jobId=redirect, error=Transfer redirect failed: HTTP 302: Found
11:47:46.840 [vert.x-eventloop-thread-0] DEBUG d.m.q.protocol.HttpTransferProtocol - HTTP download exception details for job: redirect
dev.mars.quorus.core.exceptions.TransferException: Transfer redirect failed: HTTP 302: Found
	at dev.mars.quorus.protocol.HttpTransferProtocol.lambda$performHttpDownload$0(HttpTransferProtocol.java:212)
[ERROR] Tests run: 1, Failures: 1, Errors: 0, Skipped: 0, Time elapsed: 0.323 s <<< FAILURE! -- in dev.mars.quorus.protocol.HttpRedirectBoundaryTest
[ERROR] dev.mars.quorus.protocol.HttpRedirectBoundaryTest.ordinaryDownloadsRetainRedirectSupport(Vertx) -- Time elapsed: 0.319 s <<< FAILURE!
java.lang.AssertionError: Future failed
	at dev.mars.quorus.testing.TestFutureUtils.awaitContext(TestFutureUtils.java:125)
	at dev.mars.quorus.testing.TestFutureUtils.awaitSuccess(TestFutureUtils.java:59)
	at dev.mars.quorus.protocol.HttpRedirectBoundaryTest.ordinaryDownloadsRetainRedirectSupport(HttpRedirectBoundaryTest.java:34)
	at java.base/jdk.internal.reflect.DirectMethodHandleAccessor.invoke(DirectMethodHandleAccessor.java:104)
	at java.base/java.lang.reflect.Method.invoke(Method.java:565)
	at org.junit.platform.commons.util.ReflectionUtils.invokeMethod(ReflectionUtils.java:727)
	at org.junit.jupiter.engine.execution.MethodInvocation.proceed(MethodInvocation.java:60)
	at org.junit.jupiter.engine.execution.InvocationInterceptorChain$ValidatingInvocation.proceed(InvocationInterceptorChain.java:131)
	at io.vertx.junit5.VertxExtension.interceptTestMethod(VertxExtension.java:142)
	at org.junit.jupiter.engine.execution.InterceptingExecutableInvoker$ReflectiveInterceptorCall.lambda$ofVoidMethod$0(InterceptingExecutableInvoker.java:103)
	at org.junit.jupiter.engine.execution.InterceptingExecutableInvoker.lambda$invoke$0(InterceptingExecutableInvoker.java:93)
	at org.junit.jupiter.engine.execution.InvocationInterceptorChain$InterceptedInvocation.proceed(InvocationInterceptorChain.java:106)
	at org.junit.jupiter.engine.extension.TimeoutExtension.intercept(TimeoutExtension.java:156)
	at org.junit.jupiter.engine.extension.TimeoutExtension.interceptTestableMethod(TimeoutExtension.java:147)
	at org.junit.jupiter.engine.extension.TimeoutExtension.interceptTestMethod(TimeoutExtension.java:86)
	at org.junit.jupiter.engine.execution.InterceptingExecutableInvoker$ReflectiveInterceptorCall.lambda$ofVoidMethod$0(InterceptingExecutableInvoker.java:103)
	at org.junit.jupiter.engine.execution.InterceptingExecutableInvoker.lambda$invoke$0(InterceptingExecutableInvoker.java:93)
	at org.junit.jupiter.engine.execution.InvocationInterceptorChain$InterceptedInvocation.proceed(InvocationInterceptorChain.java:106)
	at org.junit.jupiter.engine.execution.InvocationInterceptorChain.proceed(InvocationInterceptorChain.java:64)
	at org.junit.jupiter.engine.execution.InvocationInterceptorChain.chainAndInvoke(InvocationInterceptorChain.java:45)
	at org.junit.jupiter.engine.execution.InvocationInterceptorChain.invoke(InvocationInterceptorChain.java:37)
	at org.junit.jupiter.engine.execution.InterceptingExecutableInvoker.invoke(InterceptingExecutableInvoker.java:92)
	at org.junit.jupiter.engine.execution.InterceptingExecutableInvoker.invoke(InterceptingExecutableInvoker.java:86)
	at org.junit.jupiter.engine.descriptor.TestMethodTestDescriptor.lambda$invokeTestMethod$7(TestMethodTestDescriptor.java:217)
	at org.junit.platform.engine.support.hierarchical.ThrowableCollector.execute(ThrowableCollector.java:73)
	at org.junit.jupiter.engine.descriptor.TestMethodTestDescriptor.invokeTestMethod(TestMethodTestDescriptor.java:213)
	at org.junit.jupiter.engine.descriptor.TestMethodTestDescriptor.execute(TestMethodTestDescriptor.java:138)
	at org.junit.jupiter.engine.descriptor.TestMethodTestDescriptor.execute(TestMethodTestDescriptor.java:68)
	at org.junit.platform.engine.support.hierarchical.NodeTestTask.lambda$executeRecursively$6(NodeTestTask.java:151)
	at org.junit.platform.engine.support.hierarchical.ThrowableCollector.execute(ThrowableCollector.java:73)
	at org.junit.platform.engine.support.hierarchical.NodeTestTask.lambda$executeRecursively$8(NodeTestTask.java:141)
	at org.junit.platform.engine.support.hierarchical.Node.around(Node.java:137)
	at org.junit.platform.engine.support.hierarchical.NodeTestTask.lambda$executeRecursively$9(NodeTestTask.java:139)
	at org.junit.platform.engine.support.hierarchical.ThrowableCollector.execute(ThrowableCollector.java:73)
	at org.junit.platform.engine.support.hierarchical.NodeTestTask.executeRecursively(NodeTestTask.java:138)
	at org.junit.platform.engine.support.hierarchical.NodeTestTask.execute(NodeTestTask.java:95)
	at java.base/java.util.ArrayList.forEach(ArrayList.java:1604)
	at org.junit.platform.engine.support.hierarchical.SameThreadHierarchicalTestExecutorService.invokeAll(SameThreadHierarchicalTestExecutorService.java:41)
	at org.junit.platform.engine.support.hierarchical.NodeTestTask.lambda$executeRecursively$6(NodeTestTask.java:155)
	at org.junit.platform.engine.support.hierarchical.ThrowableCollector.execute(ThrowableCollector.java:73)
	at org.junit.platform.engine.support.hierarchical.NodeTestTask.lambda$executeRecursively$8(NodeTestTask.java:141)
	at org.junit.platform.engine.support.hierarchical.Node.around(Node.java:137)
	at org.junit.platform.engine.support.hierarchical.NodeTestTask.lambda$executeRecursively$9(NodeTestTask.java:139)
	at org.junit.platform.engine.support.hierarchical.ThrowableCollector.execute(ThrowableCollector.java:73)
	at org.junit.platform.engine.support.hierarchical.NodeTestTask.executeRecursively(NodeTestTask.java:138)
	at org.junit.platform.engine.support.hierarchical.NodeTestTask.execute(NodeTestTask.java:95)
	at java.base/java.util.ArrayList.forEach(ArrayList.java:1604)
	at org.junit.platform.engine.support.hierarchical.SameThreadHierarchicalTestExecutorService.invokeAll(SameThreadHierarchicalTestExecutorService.java:41)
	at org.junit.platform.engine.support.hierarchical.NodeTestTask.lambda$executeRecursively$6(NodeTestTask.java:155)
	at org.junit.platform.engine.support.hierarchical.ThrowableCollector.execute(ThrowableCollector.java:73)
	at org.junit.platform.engine.support.hierarchical.NodeTestTask.lambda$executeRecursively$8(NodeTestTask.java:141)
	at org.junit.platform.engine.support.hierarchical.Node.around(Node.java:137)
	at org.junit.platform.engine.support.hierarchical.NodeTestTask.lambda$executeRecursively$9(NodeTestTask.java:139)
	at org.junit.platform.engine.support.hierarchical.ThrowableCollector.execute(ThrowableCollector.java:73)
	at org.junit.platform.engine.support.hierarchical.NodeTestTask.executeRecursively(NodeTestTask.java:138)
	at org.junit.platform.engine.support.hierarchical.NodeTestTask.execute(NodeTestTask.java:95)
	at org.junit.platform.engine.support.hierarchical.SameThreadHierarchicalTestExecutorService.submit(SameThreadHierarchicalTestExecutorService.java:35)
	at org.junit.platform.engine.support.hierarchical.HierarchicalTestExecutor.execute(HierarchicalTestExecutor.java:57)
	at org.junit.platform.engine.support.hierarchical.HierarchicalTestEngine.execute(HierarchicalTestEngine.java:54)
	at org.junit.platform.launcher.core.EngineExecutionOrchestrator.execute(EngineExecutionOrchestrator.java:147)
	at org.junit.platform.launcher.core.EngineExecutionOrchestrator.execute(EngineExecutionOrchestrator.java:127)
	at org.junit.platform.launcher.core.EngineExecutionOrchestrator.execute(EngineExecutionOrchestrator.java:90)
	at org.junit.platform.launcher.core.EngineExecutionOrchestrator.lambda$execute$0(EngineExecutionOrchestrator.java:55)
	at org.junit.platform.launcher.core.EngineExecutionOrchestrator.withInterceptedStreams(EngineExecutionOrchestrator.java:102)
	at org.junit.platform.launcher.core.EngineExecutionOrchestrator.execute(EngineExecutionOrchestrator.java:54)
	at org.junit.platform.launcher.core.DefaultLauncher.execute(DefaultLauncher.java:114)
	at org.junit.platform.launcher.core.DefaultLauncher.execute(DefaultLauncher.java:86)
	at org.junit.platform.launcher.core.DefaultLauncherSession$DelegatingLauncher.execute(DefaultLauncherSession.java:86)
	at org.apache.maven.surefire.junitplatform.LazyLauncher.execute(LazyLauncher.java:56)
	at org.apache.maven.surefire.junitplatform.JUnitPlatformProvider.execute(JUnitPlatformProvider.java:184)
	at org.apache.maven.surefire.junitplatform.JUnitPlatformProvider.invokeAllTests(JUnitPlatformProvider.java:148)
	at org.apache.maven.surefire.junitplatform.JUnitPlatformProvider.invoke(JUnitPlatformProvider.java:122)
	at org.apache.maven.surefire.booter.ForkedBooter.runSuitesInProcess(ForkedBooter.java:385)
	at org.apache.maven.surefire.booter.ForkedBooter.execute(ForkedBooter.java:162)
	at org.apache.maven.surefire.booter.ForkedBooter.run(ForkedBooter.java:507)
	at org.apache.maven.surefire.booter.ForkedBooter.main(ForkedBooter.java:495)
Caused by: dev.mars.quorus.core.exceptions.TransferException: Transfer redirect failed: HTTP 302: Found
	at dev.mars.quorus.protocol.HttpTransferProtocol.lambda$performHttpDownload$0(HttpTransferProtocol.java:212)
	at io.vertx.core.impl.future.Composition.complete(Composition.java:40)
	at io.vertx.core.impl.future.FutureBase.lambda$emitResult$0(FutureBase.java:59)
	at io.vertx.core.impl.ContextBase.execute(ContextBase.java:96)
	at io.vertx.core.impl.future.FutureBase.emitResult(FutureBase.java:56)
	at io.vertx.core.impl.future.FutureImpl.completeInternal(FutureImpl.java:163)
	at io.vertx.core.impl.future.FutureImpl.tryComplete(FutureImpl.java:169)
	at io.vertx.ext.web.client.impl.HttpContext.handleDispatchResponse(HttpContext.java:409)
	at io.vertx.ext.web.client.impl.HttpContext.execute(HttpContext.java:385)
	at io.vertx.ext.web.client.impl.HttpContext.next(HttpContext.java:363)
	at io.vertx.ext.web.client.impl.HttpContext.fire(HttpContext.java:330)
	at io.vertx.ext.web.client.impl.HttpContext.dispatchResponse(HttpContext.java:292)
	at io.vertx.ext.web.client.impl.HttpContext.lambda$handleReceiveResponse$5(HttpContext.java:518)
	at io.vertx.core.impl.future.FutureImpl.lambda$onComplete$1(FutureImpl.java:103)
	at io.vertx.core.impl.future.FutureBase.emitResult(FutureBase.java:68)
	at io.vertx.core.impl.future.FutureImpl.completeInternal(FutureImpl.java:163)
	at io.vertx.core.impl.future.Mapping.complete(Mapping.java:45)
	at io.vertx.core.impl.future.FutureBase.emitResult(FutureBase.java:68)
	at io.vertx.core.impl.future.FutureImpl.completeInternal(FutureImpl.java:163)
	at io.vertx.core.impl.future.FutureBase.emitResult(FutureBase.java:68)
	at io.vertx.core.impl.future.FutureImpl.addListener(FutureImpl.java:135)
	at io.vertx.core.impl.future.Composition.complete(Composition.java:48)
	at io.vertx.core.impl.future.FutureBase.emitResult(FutureBase.java:68)
	at io.vertx.core.impl.future.FutureImpl.completeInternal(FutureImpl.java:163)
	at io.vertx.core.impl.future.FutureImpl.tryComplete(FutureImpl.java:169)
	at io.vertx.core.Promise.succeed(Promise.java:93)
	at io.vertx.core.Promise.complete(Promise.java:61)
	at io.vertx.core.Future.lambda$onComplete$1(Future.java:304)
	at io.vertx.core.impl.future.SucceededFuture.onComplete(SucceededFuture.java:82)
	at io.vertx.core.Future.onComplete(Future.java:303)
	at io.vertx.core.streams.impl.PipeImpl.handleSuccess(PipeImpl.java:114)
	at io.vertx.core.streams.impl.PipeImpl.lambda$to$2(PipeImpl.java:99)
	at io.vertx.core.impl.future.FutureImpl.lambda$onComplete$1(FutureImpl.java:103)
	at io.vertx.core.impl.future.FutureBase.emitResult(FutureBase.java:68)
	at io.vertx.core.impl.future.FutureImpl.completeInternal(FutureImpl.java:163)
	at io.vertx.core.impl.future.FutureImpl.tryComplete(FutureImpl.java:169)
	at io.vertx.core.internal.ContextInternal.dispatch(ContextInternal.java:249)
	at io.vertx.core.internal.ContextInternal.dispatch(ContextInternal.java:231)
	at io.vertx.core.http.impl.HttpEventHandler.handleEnd(HttpEventHandler.java:76)
	at io.vertx.core.http.impl.HttpClientResponseImpl.handleEnd(HttpClientResponseImpl.java:244)
	at io.vertx.core.internal.ContextInternal.dispatch(ContextInternal.java:249)
	at io.vertx.core.http.impl.Http1xClientConnection$StreamImpl$1.handleMessage(Http1xClientConnection.java:455)
	at io.vertx.core.internal.concurrent.InboundMessageQueue.test(InboundMessageQueue.java:86)
	at io.vertx.core.streams.impl.MessagePassingQueue.drain(MessagePassingQueue.java:228)
	at io.vertx.core.streams.impl.MessagePassingQueue.drain(MessagePassingQueue.java:210)
	at io.vertx.core.internal.concurrent.InboundMessageQueue.drainInternal(InboundMessageQueue.java:168)
	at io.vertx.core.internal.concurrent.InboundMessageQueue.drain(InboundMessageQueue.java:145)
	at io.vertx.core.internal.concurrent.InboundMessageQueue.write(InboundMessageQueue.java:132)
	at io.vertx.core.http.impl.Http1xClientConnection$StreamImpl.handleEnd(Http1xClientConnection.java:680)
	at io.vertx.core.http.impl.Http1xClientConnection.handleResponseEnd(Http1xClientConnection.java:928)
	at io.vertx.core.http.impl.Http1xClientConnection.handleHttpMessage(Http1xClientConnection.java:799)
	at io.vertx.core.http.impl.Http1xClientConnection.handleMessage(Http1xClientConnection.java:756)
	at io.vertx.core.net.impl.VertxConnection.read(VertxConnection.java:247)
	at io.vertx.core.net.impl.VertxHandler.channelRead(VertxHandler.java:148)
	at io.netty.channel.AbstractChannelHandlerContext.fireChannelRead(AbstractChannelHandlerContext.java:355)
	at io.netty.channel.CombinedChannelDuplexHandler$DelegatingChannelHandlerContext.fireChannelRead(CombinedChannelDuplexHandler.java:434)
	at io.netty.handler.codec.ByteToMessageDecoder.fireChannelRead(ByteToMessageDecoder.java:361)
	at io.netty.handler.codec.ByteToMessageDecoder.channelRead(ByteToMessageDecoder.java:325)
	at io.netty.channel.CombinedChannelDuplexHandler.channelRead(CombinedChannelDuplexHandler.java:249)
	at io.netty.channel.AbstractChannelHandlerContext.fireChannelRead(AbstractChannelHandlerContext.java:355)
	at io.netty.handler.timeout.IdleStateHandler.channelRead(IdleStateHandler.java:288)
	at io.netty.channel.AbstractChannelHandlerContext.fireChannelRead(AbstractChannelHandlerContext.java:355)
	at io.netty.channel.DefaultChannelPipeline$HeadContext.channelRead(DefaultChannelPipeline.java:1429)
	at io.netty.channel.DefaultChannelPipeline.fireChannelRead(DefaultChannelPipeline.java:918)
	at io.netty.channel.nio.AbstractNioByteChannel$NioByteUnsafe.read(AbstractNioByteChannel.java:176)
	at io.netty.channel.nio.AbstractNioChannel$AbstractNioUnsafe.handle(AbstractNioChannel.java:445)
	at io.netty.channel.nio.NioIoHandler$DefaultNioRegistration.handle(NioIoHandler.java:388)
	at io.netty.channel.nio.NioIoHandler.processSelectedKey(NioIoHandler.java:596)
	at io.netty.channel.nio.NioIoHandler.processSelectedKeysPlain(NioIoHandler.java:541)
	at io.netty.channel.nio.NioIoHandler.processSelectedKeys(NioIoHandler.java:514)
	at io.netty.channel.nio.NioIoHandler.run(NioIoHandler.java:484)
	at io.netty.channel.SingleThreadIoEventLoop.runIo(SingleThreadIoEventLoop.java:225)
	at io.netty.channel.SingleThreadIoEventLoop.run(SingleThreadIoEventLoop.java:196)
	at io.netty.util.concurrent.SingleThreadEventExecutor$5.run(SingleThreadEventExecutor.java:1195)
	at io.netty.util.internal.ThreadExecutorMap$2.run(ThreadExecutorMap.java:74)
	at io.netty.util.concurrent.FastThreadLocalRunnable.run(FastThreadLocalRunnable.java:30)
	at java.base/java.lang.Thread.run(Thread.java:1474)

[INFO] 
[INFO] Results:
[INFO] 
[ERROR] Failures: 
[ERROR]   RemotePathBoundaryTest.pinnedHostnameSupportsTlsOnNonDefaultPort:50 Future failed
[ERROR]   HttpRedirectBoundaryTest.ordinaryDownloadsRetainRedirectSupport:34 Future failed
[INFO] 
[ERROR] Tests run: 2, Failures: 2, Errors: 0, Skipped: 0
[INFO] 
[ERROR] There are test failures.

Please refer to C:\Users\mraysmit\dev\idea-projects\quorus\quorus-core\target\surefire-reports for the individual test results.
Please refer to dump files (if any exist) [date].dump, [date]-jvmRun[N].dump and [date].dumpstream.
[INFO] 
[INFO] --- jacoco:0.8.15:report (report) @ quorus-core ---
[INFO] Loading execution data file C:\Users\mraysmit\dev\idea-projects\quorus\quorus-core\target\jacoco.exec
[INFO] Analyzed bundle 'Quorus Core' with 124 classes
[INFO] 
[INFO] ----------------------< dev.mars:quorus-workflow >----------------------
[INFO] Building Quorus Workflow Engine 1.0-SNAPSHOT                       [3/4]
[INFO]   from quorus-workflow\pom.xml
[INFO] --------------------------------[ jar ]---------------------------------
[INFO] 
[INFO] --- jacoco:0.8.15:prepare-agent (prepare-agent) @ quorus-workflow ---
[INFO] argLine set to -javaagent:C:\\Users\\mraysmit\\.m2\\repository\\org\\jacoco\\org.jacoco.agent\\0.8.15\\org.jacoco.agent-0.8.15-runtime.jar=destfile=C:\\Users\\mraysmit\\dev\\idea-projects\\quorus\\quorus-workflow\\target\\jacoco.exec,excludes=sun/**:jdk/**:java/**:com/sun/**:org/jcp/**
[INFO] 
[INFO] --- resources:3.3.1:resources (default-resources) @ quorus-workflow ---
[INFO] Copying 1 resource from src\main\resources to target\classes
[INFO] 
[INFO] --- compiler:3.13.0:compile (default-compile) @ quorus-workflow ---
[INFO] Nothing to compile - all classes are up to date.
[INFO] 
[INFO] --- resources:3.3.1:testResources (default-testResources) @ quorus-workflow ---
[INFO] Copying 2 resources from src\test\resources to target\test-classes
[INFO] 
[INFO] --- compiler:3.13.0:testCompile (default-testCompile) @ quorus-workflow ---
[INFO] Recompiling the module because of changed dependency.
[INFO] Compiling 11 source files with javac [debug release 25] to target\test-classes
[INFO] 
[INFO] --- surefire:3.2.2:test (default-test) @ quorus-workflow ---
[INFO] 
[INFO] --- jacoco:0.8.15:report (report) @ quorus-workflow ---
[INFO] Skipping JaCoCo execution due to missing execution data file.
[INFO] 
[INFO] -----------------------< dev.mars:quorus-agent >------------------------
[INFO] Building Quorus Agent 1.0-SNAPSHOT                                 [4/4]
[INFO]   from quorus-agent\pom.xml
[INFO] --------------------------------[ jar ]---------------------------------
[INFO] 
[INFO] --- jacoco:0.8.15:prepare-agent (prepare-agent) @ quorus-agent ---
[INFO] argLine set to -javaagent:C:\\Users\\mraysmit\\.m2\\repository\\org\\jacoco\\org.jacoco.agent\\0.8.15\\org.jacoco.agent-0.8.15-runtime.jar=destfile=C:\\Users\\mraysmit\\dev\\idea-projects\\quorus\\quorus-agent\\target\\jacoco.exec,excludes=sun/**:jdk/**:java/**:com/sun/**:org/jcp/**
[INFO] 
[INFO] --- resources:3.3.1:resources (default-resources) @ quorus-agent ---
[INFO] Copying 2 resources from src\main\resources to target\classes
[INFO] 
[INFO] --- compiler:3.13.0:compile (default-compile) @ quorus-agent ---
[INFO] Recompiling the module because of changed source code.
[INFO] Compiling 14 source files with javac [debug release 25] to target\classes
[INFO] 
[INFO] --- resources:3.3.1:testResources (default-testResources) @ quorus-agent ---
[INFO] Copying 2 resources from src\test\resources to target\test-classes
[INFO] 
[INFO] --- compiler:3.13.0:testCompile (default-testCompile) @ quorus-agent ---
[INFO] Recompiling the module because of changed dependency.
[INFO] Compiling 14 source files with javac [debug release 25] to target\test-classes
[WARNING] /C:/Users/mraysmit/dev/idea-projects/quorus/quorus-agent/src/test/java/dev/mars/quorus/agent/QuorusAgentTest.java:[219,29] QuorusAgent(dev.mars.quorus.agent.config.AgentConfiguration) in dev.mars.quorus.agent.QuorusAgent has been deprecated and marked for removal
[INFO] 
[INFO] --- surefire:3.2.2:test (default-test) @ quorus-agent ---
[INFO] Using auto detected provider org.apache.maven.surefire.junitplatform.JUnitPlatformProvider
[INFO] 
[INFO] -------------------------------------------------------
[INFO]  T E S T S
[INFO] -------------------------------------------------------
11:47:51,794 |-INFO in ch.qos.logback.classic.LoggerContext[default] - Found logback-core version 1.5.32
11:47:51,796 |-INFO in ch.qos.logback.classic.util.ContextInitializer@777c350f - No custom configurators were discovered as a service.
11:47:51,796 |-INFO in ch.qos.logback.classic.util.ContextInitializer@777c350f - Trying to configure with ch.qos.logback.classic.util.DefaultJoranConfigurator
11:47:51,799 |-INFO in ch.qos.logback.classic.util.ContextInitializer@777c350f - Constructed configurator of type class ch.qos.logback.classic.util.DefaultJoranConfigurator
11:47:51,801 |-INFO in ch.qos.logback.classic.LoggerContext[default] - Found resource [logback-test.xml] at [file:/C:/Users/mraysmit/dev/idea-projects/quorus/quorus-agent/target/test-classes/logback-test.xml]
11:47:51,802 |-WARN in ch.qos.logback.classic.util.DefaultJoranConfigurator@27aae97b - Resource [logback-test.xml] occurs multiple times on the classpath.
11:47:51,802 |-WARN in ch.qos.logback.classic.util.DefaultJoranConfigurator@27aae97b - Resource [logback-test.xml] occurs at [file:/C:/Users/mraysmit/dev/idea-projects/quorus/quorus-core/target/test-classes/logback-test.xml]
11:47:51,802 |-WARN in ch.qos.logback.classic.util.DefaultJoranConfigurator@27aae97b - Resource [logback-test.xml] occurs at [file:/C:/Users/mraysmit/dev/idea-projects/quorus/quorus-agent/target/test-classes/logback-test.xml]
11:47:51,963 |-INFO in ch.qos.logback.classic.model.processor.ConfigurationModelHandlerFull - Scan attribute not set or set to unrecognized value.
11:47:51,976 |-INFO in ch.qos.logback.core.model.processor.ModelInterpretationContext@4c9e38 - value "../test-logs/quorus-test-2026-09-05_03-47-36.log" substituted for "../test-logs/quorus-test-${testRunTimestamp}.log"
11:47:51,977 |-INFO in ch.qos.logback.core.model.processor.AppenderModelHandler - Processing appender named [CONSOLE]
11:47:51,977 |-INFO in ch.qos.logback.core.model.processor.AppenderModelHandler - About to instantiate appender of type [ch.qos.logback.core.ConsoleAppender]
11:47:51,992 |-INFO in ch.qos.logback.core.model.processor.ImplicitModelHandler - Assuming default type [ch.qos.logback.classic.encoder.PatternLayoutEncoder] for [encoder] property
11:47:52,055 |-INFO in ch.qos.logback.core.ConsoleAppender[CONSOLE] - NOTE: Writing to the console can be slow. Try to avoid logging to the 
11:47:52,055 |-INFO in ch.qos.logback.core.ConsoleAppender[CONSOLE] - console in production environments, especially in high volume systems.
11:47:52,055 |-INFO in ch.qos.logback.core.ConsoleAppender[CONSOLE] - See also https://logback.qos.ch/codes.html#slowConsole
11:47:52,058 |-INFO in ch.qos.logback.core.model.processor.AppenderModelHandler - Processing appender named [FILE]
11:47:52,058 |-INFO in ch.qos.logback.core.model.processor.AppenderModelHandler - About to instantiate appender of type [ch.qos.logback.core.FileAppender]
11:47:52,061 |-INFO in ch.qos.logback.core.model.processor.ModelInterpretationContext@4c9e38 - value "../test-logs/quorus-test-2026-09-05_03-47-36.log" substituted for "../test-logs/quorus-test-${testRunTimestamp}.log"
11:47:52,068 |-INFO in ch.qos.logback.core.model.processor.ImplicitModelHandler - Assuming default type [ch.qos.logback.classic.encoder.PatternLayoutEncoder] for [encoder] property
11:47:52,068 |-INFO in ch.qos.logback.core.FileAppender[FILE] - File property is set to [../test-logs/quorus-test-2026-09-05_03-47-36.log]
11:47:52,074 |-INFO in ch.qos.logback.classic.model.processor.LoggerModelHandler - Setting level of logger [dev.mars.quorus] to DEBUG
11:47:52,074 |-INFO in ch.qos.logback.classic.model.processor.LoggerModelHandler - Setting level of logger [org.apache] to WARN
11:47:52,074 |-INFO in ch.qos.logback.classic.model.processor.LoggerModelHandler - Setting level of logger [io.vertx] to WARN
11:47:52,074 |-INFO in ch.qos.logback.classic.model.processor.LoggerModelHandler - Setting level of logger [io.netty] to WARN
11:47:52,074 |-INFO in ch.qos.logback.classic.model.processor.RootLoggerModelHandler - Setting level of ROOT logger to INFO
11:47:52,074 |-INFO in ch.qos.logback.core.model.processor.AppenderRefModelHandler - Attaching appender named [CONSOLE] to Logger[ROOT]
11:47:52,075 |-INFO in ch.qos.logback.core.model.processor.AppenderRefModelHandler - Attaching appender named [FILE] to Logger[ROOT]
11:47:52,075 |-INFO in ch.qos.logback.core.model.processor.DefaultProcessor@5d1e09bc - End of configuration.
11:47:52,076 |-INFO in ch.qos.logback.classic.joran.JoranConfigurator@4bdc8b5d - Registering current configuration as safe fallback point
11:47:52,078 |-INFO in ch.qos.logback.classic.util.ContextInitializer@777c350f - ch.qos.logback.classic.util.DefaultJoranConfigurator.configure() call lasted 278 milliseconds. ExecutionStatus=DO_NOT_INVOKE_NEXT_IF_ANY

[INFO] Running dev.mars.quorus.agent.AgentDefaultIsolationBoundaryTest
11:47:52.778 [main] INFO  dev.mars.quorus.agent.QuorusAgent - Creating QuorusAgent with Vert.x instance: 109767760 (using Vert.x timers, no ScheduledExecutorService)
11:47:52.791 [main] WARN  d.m.q.a.s.ControllerWebClientFactory - INSECURE DEVELOPMENT MODE: agent-to-controller traffic is plaintext
11:47:52.820 [main] DEBUG d.m.q.a.s.AgentRegistrationService - AgentRegistrationService initialized with Vert.x WebClient (connectTimeout=5000ms, idleTimeout=10000ms)
11:47:52.821 [main] WARN  d.m.q.a.s.ControllerWebClientFactory - INSECURE DEVELOPMENT MODE: agent-to-controller traffic is plaintext
11:47:52.822 [main] DEBUG d.m.q.agent.service.HeartbeatService - HeartbeatService initialized with Vert.x WebClient (connectTimeout=5000ms, idleTimeout=10000ms)
11:47:52.835 [main] DEBUG d.m.q.transfer.SimpleTransferEngine - Initializing SimpleTransferEngine: maxConcurrent=5, maxRetries=3, retryDelay=1000ms
11:47:52.837 [main] DEBUG d.m.quorus.protocol.ProtocolFactory - Initializing ProtocolFactory with Vert.x instance
11:47:52.838 [main] DEBUG d.m.quorus.protocol.ProtocolFactory - Registering default transfer protocols
11:47:52.838 [main] DEBUG d.m.quorus.protocol.ProtocolFactory - Creating HttpTransferProtocol instance
11:47:52.840 [main] INFO  d.m.q.protocol.HttpTransferProtocol - HttpTransferProtocol initialized: connectTimeout=30000ms, readTimeout=60000ms, maxFileSize=10737418240 bytes
11:47:52.841 [main] DEBUG d.m.q.protocol.HttpTransferProtocol - HttpTransferProtocol created with Vert.x Web Client (reactive mode)
11:47:52.841 [main] INFO  d.m.quorus.protocol.ProtocolFactory - Registered protocol: http
11:47:52.841 [main] DEBUG d.m.quorus.protocol.ProtocolFactory - Protocol details: name=http, class=HttpTransferProtocol, supportsResume=false, supportsPause=true
11:47:52.841 [main] INFO  d.m.quorus.protocol.ProtocolFactory - Registered protocol alias: https -> http
11:47:52.841 [main] DEBUG d.m.quorus.protocol.ProtocolFactory - Creating SmbTransferProtocol instance
11:47:52.843 [main] INFO  d.m.quorus.protocol.ProtocolFactory - Registered protocol: smb
11:47:52.843 [main] DEBUG d.m.quorus.protocol.ProtocolFactory - Protocol details: name=smb, class=SmbTransferProtocol, supportsResume=false, supportsPause=false
11:47:52.844 [main] INFO  d.m.quorus.protocol.ProtocolFactory - Registered protocol alias: cifs -> smb
11:47:52.844 [main] DEBUG d.m.quorus.protocol.ProtocolFactory - Creating FtpTransferProtocol instance
11:47:52.845 [main] INFO  d.m.quorus.protocol.ProtocolFactory - Registered protocol: ftp
11:47:52.845 [main] DEBUG d.m.quorus.protocol.ProtocolFactory - Protocol details: name=ftp, class=FtpTransferProtocol, supportsResume=false, supportsPause=false
11:47:52.845 [main] INFO  d.m.quorus.protocol.ProtocolFactory - Registered protocol alias: ftps -> ftp
11:47:52.845 [main] DEBUG d.m.quorus.protocol.ProtocolFactory - Creating SftpTransferProtocol instance
11:47:52.847 [main] INFO  d.m.quorus.protocol.ProtocolFactory - Registered protocol: sftp
11:47:52.847 [main] DEBUG d.m.quorus.protocol.ProtocolFactory - Protocol details: name=sftp, class=SftpTransferProtocol, supportsResume=false, supportsPause=false
11:47:52.847 [main] DEBUG d.m.quorus.protocol.ProtocolFactory - Creating NfsTransferProtocol instance
11:47:52.849 [main] DEBUG d.m.q.protocol.NfsTransferProtocol - NfsTransferProtocol initialized with mountRoot=C:\nfs
11:47:52.849 [main] INFO  d.m.quorus.protocol.ProtocolFactory - Registered protocol: nfs
11:47:52.850 [main] DEBUG d.m.quorus.protocol.ProtocolFactory - Protocol details: name=nfs, class=NfsTransferProtocol, supportsResume=false, supportsPause=false
11:47:52.850 [main] INFO  d.m.quorus.protocol.ProtocolFactory - Registered default transfer protocols: count=8, schemes=ftps, ftp, http, smb, sftp, nfs, https, cifs
11:47:52.883 [main] INFO  d.m.q.t.o.TransferTelemetryMetrics - TransferTelemetryMetrics initialized
11:47:52.883 [main] INFO  d.m.q.transfer.SimpleTransferEngine - SimpleTransferEngine initialized with 5 max concurrent transfers (reactive mode, OpenTelemetry enabled)
11:47:52.884 [main] DEBUG d.m.q.transfer.SimpleTransferEngine - SimpleTransferEngine initialization complete - startTime=2026-09-05T03:47:52.850080900Z
11:47:52.888 [main] INFO  d.m.q.a.s.TransferExecutionService - TransferExecutionService initialized (Vert.x reactive mode)
11:47:52.890 [main] WARN  d.m.q.a.s.ControllerWebClientFactory - INSECURE DEVELOPMENT MODE: agent-to-controller traffic is plaintext
11:47:52.891 [main] DEBUG d.m.q.a.service.JobPollingService - JobPollingService initialized with Vert.x WebClient (connectTimeout=5000ms, idleTimeout=10000ms)
11:47:52.894 [main] WARN  d.m.q.a.s.ControllerWebClientFactory - INSECURE DEVELOPMENT MODE: agent-to-controller traffic is plaintext
11:47:52.894 [main] DEBUG d.m.q.a.s.JobStatusReportingService - JobStatusReportingService initialized with Vert.x WebClient (connectTimeout=5000ms, idleTimeout=10000ms)
11:47:52.896 [main] INFO  d.m.q.a.observability.AgentMetrics - AgentMetrics initialized for agent: local
11:47:52.896 [main] INFO  dev.mars.quorus.agent.QuorusAgent - Quorus Agent initialized: local (reactive mode with OpenTelemetry)
11:47:52.896 [main] INFO  dev.mars.quorus.agent.QuorusAgent - Foreign-assignment mismatch threshold configured to 3
11:47:52.896 [main] INFO  dev.mars.quorus.agent.QuorusAgent - Starting Quorus Agent services (Vert.x reactive mode)...
11:47:52.898 [main] INFO  d.m.q.a.s.AgentRegistrationService - Registering agent local with controller at http://localhost:51657/api/v1
11:47:52.899 [vert.x-eventloop-thread-0] INFO  d.m.q.agent.service.HealthService - Health service started on port 51658
11:47:53.585 [vert.x-eventloop-thread-0] INFO  d.m.q.a.s.AgentRegistrationService - Agent local registered successfully
11:47:53.592 [vert.x-eventloop-thread-0] INFO  dev.mars.quorus.agent.QuorusAgent - Agent registered successfully with controller
11:47:53.593 [vert.x-eventloop-thread-0] INFO  dev.mars.quorus.agent.QuorusAgent - Heartbeat service started (interval: 30000ms) [Vert.x timer ID: 6]
11:47:53.593 [vert.x-eventloop-thread-0] INFO  d.m.q.a.s.TransferExecutionService - Transfer execution service started with 5 max concurrent transfers
11:47:53.594 [vert.x-eventloop-thread-0] INFO  dev.mars.quorus.agent.QuorusAgent - Transfer execution service started
11:47:53.595 [vert.x-eventloop-thread-0] INFO  dev.mars.quorus.agent.QuorusAgent - Quorus Agent started successfully (reactive mode, 0 extra threads)
11:47:53.596 [vert.x-eventloop-thread-0] INFO  dev.mars.quorus.agent.QuorusAgent - Job polling started (interval: 20ms) [Vert.x timer ID: 8]
11:47:53.687 [vert.x-eventloop-thread-0] DEBUG d.m.q.a.service.JobPollingService - Polled for jobs: found 1 pending jobs
11:47:53.688 [vert.x-eventloop-thread-0] INFO  dev.mars.quorus.agent.QuorusAgent - Found 1 pending job(s)
11:47:53.688 [vert.x-eventloop-thread-0] ERROR dev.mars.quorus.agent.QuorusAgent - Refusing to process job foreign because assignment agentId other does not match local agentId local
11:47:53.688 [vert.x-eventloop-thread-0] ERROR dev.mars.quorus.agent.QuorusAgent - Foreign assignment mismatch count: 1/3
11:47:53.696 [vert.x-eventloop-thread-0] DEBUG d.m.q.a.service.JobPollingService - Polled for jobs: found 0 pending jobs
11:47:53.697 [vert.x-eventloop-thread-0] DEBUG dev.mars.quorus.agent.QuorusAgent - No pending jobs found
11:47:53.709 [vert.x-eventloop-thread-0] DEBUG d.m.q.a.service.JobPollingService - Polled for jobs: found 0 pending jobs
11:47:53.710 [vert.x-eventloop-thread-0] DEBUG dev.mars.quorus.agent.QuorusAgent - No pending jobs found
11:47:53.711 [vert.x-eventloop-thread-0] DEBUG d.m.q.a.service.JobPollingService - Polled for jobs: found 0 pending jobs
11:47:53.711 [vert.x-eventloop-thread-0] DEBUG dev.mars.quorus.agent.QuorusAgent - No pending jobs found
11:47:53.714 [vert.x-eventloop-thread-0] DEBUG d.m.q.a.service.JobPollingService - Polled for jobs: found 0 pending jobs
11:47:53.714 [vert.x-eventloop-thread-0] DEBUG dev.mars.quorus.agent.QuorusAgent - No pending jobs found
11:47:53.722 [vert.x-eventloop-thread-0] DEBUG d.m.q.a.service.JobPollingService - Polled for jobs: found 0 pending jobs
11:47:53.722 [vert.x-eventloop-thread-0] DEBUG dev.mars.quorus.agent.QuorusAgent - No pending jobs found
11:47:53.742 [vert.x-eventloop-thread-0] DEBUG d.m.q.a.service.JobPollingService - Polled for jobs: found 0 pending jobs
11:47:53.743 [vert.x-eventloop-thread-0] DEBUG dev.mars.quorus.agent.QuorusAgent - No pending jobs found
11:47:53.761 [vert.x-eventloop-thread-0] DEBUG d.m.q.a.service.JobPollingService - Polled for jobs: found 0 pending jobs
11:47:53.761 [vert.x-eventloop-thread-0] DEBUG dev.mars.quorus.agent.QuorusAgent - No pending jobs found
11:47:53.780 [vert.x-eventloop-thread-0] DEBUG d.m.q.a.service.JobPollingService - Polled for jobs: found 0 pending jobs
11:47:53.781 [vert.x-eventloop-thread-0] DEBUG dev.mars.quorus.agent.QuorusAgent - No pending jobs found
11:47:53.801 [vert.x-eventloop-thread-0] DEBUG d.m.q.a.service.JobPollingService - Polled for jobs: found 0 pending jobs
11:47:53.801 [vert.x-eventloop-thread-0] DEBUG dev.mars.quorus.agent.QuorusAgent - No pending jobs found
11:47:53.821 [vert.x-eventloop-thread-0] DEBUG d.m.q.a.service.JobPollingService - Polled for jobs: found 0 pending jobs
11:47:53.821 [vert.x-eventloop-thread-0] DEBUG dev.mars.quorus.agent.QuorusAgent - No pending jobs found
11:47:53.842 [vert.x-eventloop-thread-0] DEBUG d.m.q.a.service.JobPollingService - Polled for jobs: found 0 pending jobs
11:47:53.843 [vert.x-eventloop-thread-0] DEBUG dev.mars.quorus.agent.QuorusAgent - No pending jobs found
11:47:53.862 [vert.x-eventloop-thread-0] DEBUG d.m.q.a.service.JobPollingService - Polled for jobs: found 0 pending jobs
11:47:53.863 [vert.x-eventloop-thread-0] DEBUG dev.mars.quorus.agent.QuorusAgent - No pending jobs found
11:47:53.881 [vert.x-eventloop-thread-0] DEBUG d.m.q.a.service.JobPollingService - Polled for jobs: found 0 pending jobs
11:47:53.882 [vert.x-eventloop-thread-0] DEBUG dev.mars.quorus.agent.QuorusAgent - No pending jobs found
11:47:53.903 [vert.x-eventloop-thread-0] DEBUG d.m.q.a.service.JobPollingService - Polled for jobs: found 0 pending jobs
11:47:53.903 [vert.x-eventloop-thread-0] DEBUG dev.mars.quorus.agent.QuorusAgent - No pending jobs found
11:47:53.922 [vert.x-eventloop-thread-0] DEBUG d.m.q.a.service.JobPollingService - Polled for jobs: found 0 pending jobs
11:47:53.923 [vert.x-eventloop-thread-0] DEBUG dev.mars.quorus.agent.QuorusAgent - No pending jobs found
11:47:53.942 [vert.x-eventloop-thread-0] DEBUG d.m.q.a.service.JobPollingService - Polled for jobs: found 0 pending jobs
11:47:53.942 [vert.x-eventloop-thread-0] DEBUG dev.mars.quorus.agent.QuorusAgent - No pending jobs found
11:47:53.961 [vert.x-eventloop-thread-0] DEBUG d.m.q.a.service.JobPollingService - Polled for jobs: found 0 pending jobs
11:47:53.961 [vert.x-eventloop-thread-0] DEBUG dev.mars.quorus.agent.QuorusAgent - No pending jobs found
11:47:53.980 [vert.x-eventloop-thread-0] DEBUG d.m.q.a.service.JobPollingService - Polled for jobs: found 0 pending jobs
11:47:53.981 [vert.x-eventloop-thread-0] DEBUG dev.mars.quorus.agent.QuorusAgent - No pending jobs found
11:47:54.002 [vert.x-eventloop-thread-0] DEBUG d.m.q.a.service.JobPollingService - Polled for jobs: found 0 pending jobs
11:47:54.003 [vert.x-eventloop-thread-0] DEBUG dev.mars.quorus.agent.QuorusAgent - No pending jobs found
11:47:54.021 [vert.x-eventloop-thread-0] DEBUG d.m.q.a.service.JobPollingService - Polled for jobs: found 0 pending jobs
11:47:54.021 [vert.x-eventloop-thread-0] DEBUG dev.mars.quorus.agent.QuorusAgent - No pending jobs found
11:47:54.042 [vert.x-eventloop-thread-0] DEBUG d.m.q.a.service.JobPollingService - Polled for jobs: found 0 pending jobs
11:47:54.042 [vert.x-eventloop-thread-0] DEBUG dev.mars.quorus.agent.QuorusAgent - No pending jobs found
11:47:54.061 [vert.x-eventloop-thread-0] DEBUG d.m.q.a.service.JobPollingService - Polled for jobs: found 0 pending jobs
11:47:54.061 [vert.x-eventloop-thread-0] DEBUG dev.mars.quorus.agent.QuorusAgent - No pending jobs found
11:47:54.080 [vert.x-eventloop-thread-0] DEBUG d.m.q.a.service.JobPollingService - Polled for jobs: found 0 pending jobs
11:47:54.081 [vert.x-eventloop-thread-0] DEBUG dev.mars.quorus.agent.QuorusAgent - No pending jobs found
11:47:54.101 [vert.x-eventloop-thread-0] DEBUG d.m.q.a.service.JobPollingService - Polled for jobs: found 0 pending jobs
11:47:54.101 [vert.x-eventloop-thread-0] DEBUG dev.mars.quorus.agent.QuorusAgent - No pending jobs found
11:47:54.121 [vert.x-eventloop-thread-0] DEBUG d.m.q.a.service.JobPollingService - Polled for jobs: found 0 pending jobs
11:47:54.121 [vert.x-eventloop-thread-0] DEBUG dev.mars.quorus.agent.QuorusAgent - No pending jobs found
11:47:54.142 [vert.x-eventloop-thread-0] DEBUG d.m.q.a.service.JobPollingService - Polled for jobs: found 0 pending jobs
11:47:54.142 [vert.x-eventloop-thread-0] DEBUG dev.mars.quorus.agent.QuorusAgent - No pending jobs found
11:47:54.161 [vert.x-eventloop-thread-0] DEBUG d.m.q.a.service.JobPollingService - Polled for jobs: found 0 pending jobs
11:47:54.161 [vert.x-eventloop-thread-0] DEBUG dev.mars.quorus.agent.QuorusAgent - No pending jobs found
11:47:54.180 [vert.x-eventloop-thread-0] DEBUG d.m.q.a.service.JobPollingService - Polled for jobs: found 0 pending jobs
11:47:54.180 [vert.x-eventloop-thread-0] DEBUG dev.mars.quorus.agent.QuorusAgent - No pending jobs found
11:47:54.200 [vert.x-eventloop-thread-0] DEBUG d.m.q.a.service.JobPollingService - Polled for jobs: found 0 pending jobs
11:47:54.200 [vert.x-eventloop-thread-0] DEBUG dev.mars.quorus.agent.QuorusAgent - No pending jobs found
11:47:54.222 [vert.x-eventloop-thread-0] DEBUG d.m.q.a.service.JobPollingService - Polled for jobs: found 0 pending jobs
11:47:54.222 [vert.x-eventloop-thread-0] DEBUG dev.mars.quorus.agent.QuorusAgent - No pending jobs found
11:47:54.241 [vert.x-eventloop-thread-0] DEBUG d.m.q.a.service.JobPollingService - Polled for jobs: found 0 pending jobs
11:47:54.241 [vert.x-eventloop-thread-0] DEBUG dev.mars.quorus.agent.QuorusAgent - No pending jobs found
11:47:54.260 [vert.x-eventloop-thread-0] DEBUG d.m.q.a.service.JobPollingService - Polled for jobs: found 0 pending jobs
11:47:54.260 [vert.x-eventloop-thread-0] DEBUG dev.mars.quorus.agent.QuorusAgent - No pending jobs found
11:47:54.280 [vert.x-eventloop-thread-0] DEBUG d.m.q.a.service.JobPollingService - Polled for jobs: found 0 pending jobs
11:47:54.281 [vert.x-eventloop-thread-0] DEBUG dev.mars.quorus.agent.QuorusAgent - No pending jobs found
11:47:54.300 [vert.x-eventloop-thread-0] DEBUG d.m.q.a.service.JobPollingService - Polled for jobs: found 0 pending jobs
11:47:54.300 [vert.x-eventloop-thread-0] DEBUG dev.mars.quorus.agent.QuorusAgent - No pending jobs found
11:47:54.321 [vert.x-eventloop-thread-0] DEBUG d.m.q.a.service.JobPollingService - Polled for jobs: found 0 pending jobs
11:47:54.322 [vert.x-eventloop-thread-0] DEBUG dev.mars.quorus.agent.QuorusAgent - No pending jobs found
11:47:54.339 [vert.x-eventloop-thread-0] DEBUG d.m.q.a.service.JobPollingService - Polled for jobs: found 0 pending jobs
11:47:54.339 [vert.x-eventloop-thread-0] DEBUG dev.mars.quorus.agent.QuorusAgent - No pending jobs found
11:47:54.359 [vert.x-eventloop-thread-0] DEBUG d.m.q.a.service.JobPollingService - Polled for jobs: found 0 pending jobs
11:47:54.360 [vert.x-eventloop-thread-0] DEBUG dev.mars.quorus.agent.QuorusAgent - No pending jobs found
11:47:54.379 [vert.x-eventloop-thread-0] DEBUG d.m.q.a.service.JobPollingService - Polled for jobs: found 0 pending jobs
11:47:54.380 [vert.x-eventloop-thread-0] DEBUG dev.mars.quorus.agent.QuorusAgent - No pending jobs found
11:47:54.400 [vert.x-eventloop-thread-0] DEBUG d.m.q.a.service.JobPollingService - Polled for jobs: found 0 pending jobs
11:47:54.400 [vert.x-eventloop-thread-0] DEBUG dev.mars.quorus.agent.QuorusAgent - No pending jobs found
11:47:54.422 [vert.x-eventloop-thread-0] DEBUG d.m.q.a.service.JobPollingService - Polled for jobs: found 0 pending jobs
11:47:54.422 [vert.x-eventloop-thread-0] DEBUG dev.mars.quorus.agent.QuorusAgent - No pending jobs found
11:47:54.441 [vert.x-eventloop-thread-0] DEBUG d.m.q.a.service.JobPollingService - Polled for jobs: found 0 pending jobs
11:47:54.442 [vert.x-eventloop-thread-0] DEBUG dev.mars.quorus.agent.QuorusAgent - No pending jobs found
11:47:54.460 [vert.x-eventloop-thread-0] DEBUG d.m.q.a.service.JobPollingService - Polled for jobs: found 0 pending jobs
11:47:54.460 [vert.x-eventloop-thread-0] DEBUG dev.mars.quorus.agent.QuorusAgent - No pending jobs found
11:47:54.481 [vert.x-eventloop-thread-0] DEBUG d.m.q.a.service.JobPollingService - Polled for jobs: found 0 pending jobs
11:47:54.481 [vert.x-eventloop-thread-0] DEBUG dev.mars.quorus.agent.QuorusAgent - No pending jobs found
11:47:54.499 [vert.x-eventloop-thread-0] DEBUG d.m.q.a.service.JobPollingService - Polled for jobs: found 0 pending jobs
11:47:54.499 [vert.x-eventloop-thread-0] DEBUG dev.mars.quorus.agent.QuorusAgent - No pending jobs found
11:47:54.520 [vert.x-eventloop-thread-0] DEBUG d.m.q.a.service.JobPollingService - Polled for jobs: found 0 pending jobs
11:47:54.521 [vert.x-eventloop-thread-0] DEBUG dev.mars.quorus.agent.QuorusAgent - No pending jobs found
11:47:54.539 [vert.x-eventloop-thread-0] DEBUG d.m.q.a.service.JobPollingService - Polled for jobs: found 0 pending jobs
11:47:54.540 [vert.x-eventloop-thread-0] DEBUG dev.mars.quorus.agent.QuorusAgent - No pending jobs found
11:47:54.559 [vert.x-eventloop-thread-0] DEBUG d.m.q.a.service.JobPollingService - Polled for jobs: found 0 pending jobs
11:47:54.559 [vert.x-eventloop-thread-0] DEBUG dev.mars.quorus.agent.QuorusAgent - No pending jobs found
11:47:54.580 [vert.x-eventloop-thread-0] DEBUG d.m.q.a.service.JobPollingService - Polled for jobs: found 0 pending jobs
11:47:54.580 [vert.x-eventloop-thread-0] DEBUG dev.mars.quorus.agent.QuorusAgent - No pending jobs found
11:47:54.602 [vert.x-eventloop-thread-0] DEBUG d.m.q.a.service.JobPollingService - Polled for jobs: found 0 pending jobs
11:47:54.603 [vert.x-eventloop-thread-0] DEBUG dev.mars.quorus.agent.QuorusAgent - No pending jobs found
11:47:54.621 [vert.x-eventloop-thread-0] DEBUG d.m.q.a.service.JobPollingService - Polled for jobs: found 0 pending jobs
11:47:54.621 [vert.x-eventloop-thread-0] DEBUG dev.mars.quorus.agent.QuorusAgent - No pending jobs found
11:47:54.640 [vert.x-eventloop-thread-0] DEBUG d.m.q.a.service.JobPollingService - Polled for jobs: found 0 pending jobs
11:47:54.640 [vert.x-eventloop-thread-0] DEBUG dev.mars.quorus.agent.QuorusAgent - No pending jobs found
11:47:54.660 [vert.x-eventloop-thread-0] DEBUG d.m.q.a.service.JobPollingService - Polled for jobs: found 0 pending jobs
11:47:54.660 [vert.x-eventloop-thread-0] DEBUG dev.mars.quorus.agent.QuorusAgent - No pending jobs found
11:47:54.680 [vert.x-eventloop-thread-0] DEBUG d.m.q.a.service.JobPollingService - Polled for jobs: found 0 pending jobs
11:47:54.680 [vert.x-eventloop-thread-0] DEBUG dev.mars.quorus.agent.QuorusAgent - No pending jobs found
11:47:54.699 [vert.x-eventloop-thread-0] DEBUG d.m.q.a.service.JobPollingService - Polled for jobs: found 0 pending jobs
11:47:54.699 [vert.x-eventloop-thread-0] DEBUG dev.mars.quorus.agent.QuorusAgent - No pending jobs found
11:47:54.721 [vert.x-eventloop-thread-0] DEBUG d.m.q.a.service.JobPollingService - Polled for jobs: found 0 pending jobs
11:47:54.721 [vert.x-eventloop-thread-0] DEBUG dev.mars.quorus.agent.QuorusAgent - No pending jobs found
11:47:54.740 [vert.x-eventloop-thread-0] DEBUG d.m.q.a.service.JobPollingService - Polled for jobs: found 0 pending jobs
11:47:54.740 [vert.x-eventloop-thread-0] DEBUG dev.mars.quorus.agent.QuorusAgent - No pending jobs found
11:47:54.760 [vert.x-eventloop-thread-0] DEBUG d.m.q.a.service.JobPollingService - Polled for jobs: found 0 pending jobs
11:47:54.760 [vert.x-eventloop-thread-0] DEBUG dev.mars.quorus.agent.QuorusAgent - No pending jobs found
11:47:54.780 [vert.x-eventloop-thread-0] DEBUG d.m.q.a.service.JobPollingService - Polled for jobs: found 0 pending jobs
11:47:54.780 [vert.x-eventloop-thread-0] DEBUG dev.mars.quorus.agent.QuorusAgent - No pending jobs found
11:47:54.800 [vert.x-eventloop-thread-0] DEBUG d.m.q.a.service.JobPollingService - Polled for jobs: found 0 pending jobs
11:47:54.801 [vert.x-eventloop-thread-0] DEBUG dev.mars.quorus.agent.QuorusAgent - No pending jobs found
11:47:54.820 [vert.x-eventloop-thread-0] DEBUG d.m.q.a.service.JobPollingService - Polled for jobs: found 0 pending jobs
11:47:54.821 [vert.x-eventloop-thread-0] DEBUG dev.mars.quorus.agent.QuorusAgent - No pending jobs found
11:47:54.840 [vert.x-eventloop-thread-0] DEBUG d.m.q.a.service.JobPollingService - Polled for jobs: found 0 pending jobs
11:47:54.841 [vert.x-eventloop-thread-0] DEBUG dev.mars.quorus.agent.QuorusAgent - No pending jobs found
11:47:54.861 [vert.x-eventloop-thread-0] DEBUG d.m.q.a.service.JobPollingService - Polled for jobs: found 0 pending jobs
11:47:54.861 [vert.x-eventloop-thread-0] DEBUG dev.mars.quorus.agent.QuorusAgent - No pending jobs found
11:47:54.879 [vert.x-eventloop-thread-0] DEBUG d.m.q.a.service.JobPollingService - Polled for jobs: found 0 pending jobs
11:47:54.880 [vert.x-eventloop-thread-0] DEBUG dev.mars.quorus.agent.QuorusAgent - No pending jobs found
11:47:54.900 [vert.x-eventloop-thread-0] DEBUG d.m.q.a.service.JobPollingService - Polled for jobs: found 0 pending jobs
11:47:54.900 [vert.x-eventloop-thread-0] DEBUG dev.mars.quorus.agent.QuorusAgent - No pending jobs found
11:47:54.919 [vert.x-eventloop-thread-0] DEBUG d.m.q.a.service.JobPollingService - Polled for jobs: found 0 pending jobs
11:47:54.919 [vert.x-eventloop-thread-0] DEBUG dev.mars.quorus.agent.QuorusAgent - No pending jobs found
11:47:54.940 [vert.x-eventloop-thread-0] DEBUG d.m.q.a.service.JobPollingService - Polled for jobs: found 0 pending jobs
11:47:54.940 [vert.x-eventloop-thread-0] DEBUG dev.mars.quorus.agent.QuorusAgent - No pending jobs found
11:47:54.960 [vert.x-eventloop-thread-0] DEBUG d.m.q.a.service.JobPollingService - Polled for jobs: found 0 pending jobs
11:47:54.960 [vert.x-eventloop-thread-0] DEBUG dev.mars.quorus.agent.QuorusAgent - No pending jobs found
11:47:54.980 [vert.x-eventloop-thread-0] DEBUG d.m.q.a.service.JobPollingService - Polled for jobs: found 0 pending jobs
11:47:54.980 [vert.x-eventloop-thread-0] DEBUG dev.mars.quorus.agent.QuorusAgent - No pending jobs found
11:47:54.998 [vert.x-eventloop-thread-0] DEBUG d.m.q.a.service.JobPollingService - Polled for jobs: found 0 pending jobs
11:47:54.999 [vert.x-eventloop-thread-0] DEBUG dev.mars.quorus.agent.QuorusAgent - No pending jobs found
11:47:55.021 [vert.x-eventloop-thread-0] DEBUG d.m.q.a.service.JobPollingService - Polled for jobs: found 0 pending jobs
11:47:55.021 [vert.x-eventloop-thread-0] DEBUG dev.mars.quorus.agent.QuorusAgent - No pending jobs found
11:47:55.040 [vert.x-eventloop-thread-0] DEBUG d.m.q.a.service.JobPollingService - Polled for jobs: found 0 pending jobs
11:47:55.040 [vert.x-eventloop-thread-0] DEBUG dev.mars.quorus.agent.QuorusAgent - No pending jobs found
11:47:55.060 [vert.x-eventloop-thread-0] DEBUG d.m.q.a.service.JobPollingService - Polled for jobs: found 0 pending jobs
11:47:55.060 [vert.x-eventloop-thread-0] DEBUG dev.mars.quorus.agent.QuorusAgent - No pending jobs found
11:47:55.080 [vert.x-eventloop-thread-0] DEBUG d.m.q.a.service.JobPollingService - Polled for jobs: found 0 pending jobs
11:47:55.080 [vert.x-eventloop-thread-0] DEBUG dev.mars.quorus.agent.QuorusAgent - No pending jobs found
11:47:55.100 [vert.x-eventloop-thread-0] DEBUG d.m.q.a.service.JobPollingService - Polled for jobs: found 0 pending jobs
11:47:55.100 [vert.x-eventloop-thread-0] DEBUG dev.mars.quorus.agent.QuorusAgent - No pending jobs found
11:47:55.121 [vert.x-eventloop-thread-0] DEBUG d.m.q.a.service.JobPollingService - Polled for jobs: found 0 pending jobs
11:47:55.122 [vert.x-eventloop-thread-0] DEBUG dev.mars.quorus.agent.QuorusAgent - No pending jobs found
11:47:55.139 [vert.x-eventloop-thread-0] DEBUG d.m.q.a.service.JobPollingService - Polled for jobs: found 0 pending jobs
11:47:55.140 [vert.x-eventloop-thread-0] DEBUG dev.mars.quorus.agent.QuorusAgent - No pending jobs found
11:47:55.159 [vert.x-eventloop-thread-0] DEBUG d.m.q.a.service.JobPollingService - Polled for jobs: found 0 pending jobs
11:47:55.160 [vert.x-eventloop-thread-0] DEBUG dev.mars.quorus.agent.QuorusAgent - No pending jobs found
11:47:55.180 [vert.x-eventloop-thread-0] DEBUG d.m.q.a.service.JobPollingService - Polled for jobs: found 0 pending jobs
11:47:55.180 [vert.x-eventloop-thread-0] DEBUG dev.mars.quorus.agent.QuorusAgent - No pending jobs found
11:47:55.200 [vert.x-eventloop-thread-0] DEBUG d.m.q.a.service.JobPollingService - Polled for jobs: found 0 pending jobs
11:47:55.200 [vert.x-eventloop-thread-0] DEBUG dev.mars.quorus.agent.QuorusAgent - No pending jobs found
11:47:55.220 [vert.x-eventloop-thread-0] DEBUG d.m.q.a.service.JobPollingService - Polled for jobs: found 0 pending jobs
11:47:55.221 [vert.x-eventloop-thread-0] DEBUG dev.mars.quorus.agent.QuorusAgent - No pending jobs found
11:47:55.239 [vert.x-eventloop-thread-0] DEBUG d.m.q.a.service.JobPollingService - Polled for jobs: found 0 pending jobs
11:47:55.239 [vert.x-eventloop-thread-0] DEBUG dev.mars.quorus.agent.QuorusAgent - No pending jobs found
11:47:55.259 [vert.x-eventloop-thread-0] DEBUG d.m.q.a.service.JobPollingService - Polled for jobs: found 0 pending jobs
11:47:55.267 [vert.x-eventloop-thread-0] DEBUG dev.mars.quorus.agent.QuorusAgent - No pending jobs found
11:47:55.282 [vert.x-eventloop-thread-0] DEBUG d.m.q.a.service.JobPollingService - Polled for jobs: found 0 pending jobs
11:47:55.282 [vert.x-eventloop-thread-0] DEBUG dev.mars.quorus.agent.QuorusAgent - No pending jobs found
11:47:55.300 [main] INFO  dev.mars.quorus.agent.QuorusAgent - Shutting down Quorus Agent (reactive mode)...
11:47:55.302 [main] INFO  dev.mars.quorus.agent.QuorusAgent - Heartbeat timer cancelled: true [ID: 6]
11:47:55.302 [main] INFO  dev.mars.quorus.agent.QuorusAgent - Job polling timer cancelled: true [ID: 8]
11:47:55.302 [main] INFO  d.m.q.a.s.TransferExecutionService - Shutting down transfer execution service...
11:47:55.302 [main] DEBUG d.m.q.transfer.SimpleTransferEngine - shutdown: initiating with timeout=30s
11:47:55.302 [main] INFO  d.m.q.transfer.SimpleTransferEngine - Shutting down transfer engine...
11:47:55.302 [main] DEBUG d.m.q.transfer.SimpleTransferEngine - shutdown: cancelling 0 active transfers
11:47:55.302 [vert.x-eventloop-thread-0] DEBUG d.m.q.a.service.JobPollingService - Polled for jobs: found 0 pending jobs
11:47:55.303 [vert.x-eventloop-thread-0] DEBUG dev.mars.quorus.agent.QuorusAgent - No pending jobs found
11:47:55.305 [main] DEBUG d.m.q.transfer.SimpleTransferEngine - awaitActiveTransfers: no active transfers
11:47:55.305 [main] INFO  d.m.q.transfer.SimpleTransferEngine - Transfer engine shutdown completed
11:47:55.306 [main] INFO  d.m.q.a.s.TransferExecutionService - Transfer execution service shutdown complete
11:47:55.306 [main] DEBUG d.m.q.agent.service.HeartbeatService - Shutting down HeartbeatService WebClient
11:47:55.312 [main] DEBUG d.m.q.a.service.JobPollingService - Shutting down JobPollingService WebClient
11:47:55.313 [main] DEBUG d.m.q.a.s.JobStatusReportingService - Shutting down JobStatusReportingService WebClient
11:47:55.320 [vert.x-eventloop-thread-0] INFO  d.m.q.agent.service.HealthService - Health service stopped
11:47:55.320 [vert.x-eventloop-thread-0] INFO  d.m.q.a.s.AgentRegistrationService - Deregistering agent local from controller
11:47:55.325 [vert.x-eventloop-thread-0] INFO  d.m.q.a.s.AgentRegistrationService - Agent local deregistered successfully
11:47:55.326 [vert.x-eventloop-thread-0] INFO  dev.mars.quorus.agent.QuorusAgent - Agent deregistered from controller
11:47:55.326 [vert.x-eventloop-thread-0] INFO  dev.mars.quorus.agent.QuorusAgent - Quorus Agent shutdown complete (0 threads to cleanup)
[ERROR] Tests run: 1, Failures: 1, Errors: 0, Skipped: 0, Time elapsed: 3.273 s <<< FAILURE! -- in dev.mars.quorus.agent.AgentDefaultIsolationBoundaryTest
[ERROR] dev.mars.quorus.agent.AgentDefaultIsolationBoundaryTest.defaultAgentStopsAfterOneForeignAssignment(Vertx) -- Time elapsed: 3.233 s <<< FAILURE!
java.lang.AssertionError: Future failed
	at dev.mars.quorus.testing.TestFutureUtils.awaitContext(TestFutureUtils.java:125)
	at dev.mars.quorus.testing.TestFutureUtils.awaitSuccess(TestFutureUtils.java:59)
	at dev.mars.quorus.agent.AgentDefaultIsolationBoundaryTest.defaultAgentStopsAfterOneForeignAssignment(AgentDefaultIsolationBoundaryTest.java:38)
	at java.base/java.lang.reflect.Method.invoke(Method.java:565)
	at io.vertx.junit5.VertxExtension.interceptTestMethod(VertxExtension.java:142)
	at java.base/java.util.ArrayList.forEach(ArrayList.java:1604)
	at java.base/java.util.ArrayList.forEach(ArrayList.java:1604)
Caused by: java.lang.AssertionError: Condition was not satisfied within PT2S
	at dev.mars.quorus.testing.TestFutureUtils.lambda$eventually$0(TestFutureUtils.java:104)
	at io.vertx.core.impl.VertxImpl$InternalTimerHandler.handle(VertxImpl.java:1018)
	at io.vertx.core.impl.VertxImpl$InternalTimerHandler.handle(VertxImpl.java:990)
	at io.vertx.core.impl.ContextBase.emit(ContextBase.java:82)
	at io.vertx.core.internal.ContextInternal.emit(ContextInternal.java:179)
	at io.vertx.core.impl.VertxImpl$InternalTimerHandler.run(VertxImpl.java:1012)
	at io.netty.util.concurrent.PromiseTask.runTask(PromiseTask.java:98)
	at io.netty.util.concurrent.ScheduledFutureTask.run(ScheduledFutureTask.java:166)
	at io.netty.util.concurrent.AbstractEventExecutor.runTask(AbstractEventExecutor.java:148)
	at io.netty.util.concurrent.AbstractEventExecutor.safeExecute(AbstractEventExecutor.java:141)
	at io.netty.util.concurrent.SingleThreadEventExecutor.runAllTasks(SingleThreadEventExecutor.java:535)
	at io.netty.channel.SingleThreadIoEventLoop.run(SingleThreadIoEventLoop.java:201)
	at io.netty.util.concurrent.SingleThreadEventExecutor$5.run(SingleThreadEventExecutor.java:1195)
	at io.netty.util.internal.ThreadExecutorMap$2.run(ThreadExecutorMap.java:74)
	at io.netty.util.concurrent.FastThreadLocalRunnable.run(FastThreadLocalRunnable.java:30)
	at java.base/java.lang.Thread.run(Thread.java:1474)

[INFO] 
[INFO] Results:
[INFO] 
[ERROR] Failures: 
[ERROR]   AgentDefaultIsolationBoundaryTest.defaultAgentStopsAfterOneForeignAssignment:38 Future failed
[INFO] 
[ERROR] Tests run: 1, Failures: 1, Errors: 0, Skipped: 0
[INFO] 
[ERROR] There are test failures.

Please refer to C:\Users\mraysmit\dev\idea-projects\quorus\quorus-agent\target\surefire-reports for the individual test results.
Please refer to dump files (if any exist) [date].dump, [date]-jvmRun[N].dump and [date].dumpstream.
[INFO] 
[INFO] --- jacoco:0.8.15:report (report) @ quorus-agent ---
[INFO] Loading execution data file C:\Users\mraysmit\dev\idea-projects\quorus\quorus-agent\target\jacoco.exec
[INFO] Analyzed bundle 'Quorus Agent' with 20 classes
[INFO] ------------------------------------------------------------------------
[INFO] Reactor Summary for Quorus File Transfer System 1.0-SNAPSHOT:
[INFO] 
[INFO] Quorus File Transfer System ........................ SUCCESS [  0.257 s]
[INFO] Quorus Core ........................................ SUCCESS [ 11.162 s]
[INFO] Quorus Workflow Engine ............................. SUCCESS [  0.888 s]
[INFO] Quorus Agent ....................................... SUCCESS [  7.098 s]
[INFO] ------------------------------------------------------------------------
[INFO] BUILD SUCCESS
[INFO] ------------------------------------------------------------------------
[INFO] Total time:  19.597 s
[INFO] Finished at: 2026-09-05T11:47:55+08:00
[INFO] ------------------------------------------------------------------------
