WARNING: A terminally deprecated method in sun.misc.Unsafe has been called
WARNING: sun.misc.Unsafe::staticFieldBase has been called by com.google.inject.internal.aop.HiddenClassDefiner (file:/C:/Users/mraysmit/scoop/apps/maven/current/lib/guice-5.1.0-classes.jar)
WARNING: Please consider reporting this to the maintainers of class com.google.inject.internal.aop.HiddenClassDefiner
WARNING: sun.misc.Unsafe::staticFieldBase will be removed in a future release
[INFO] Scanning for projects...
[INFO] 
[INFO] ------------------------< dev.mars:quorus-core >------------------------
[INFO] Building Quorus Core 1.0-SNAPSHOT
[INFO]   from pom.xml
[INFO] --------------------------------[ jar ]---------------------------------
[INFO] 
[INFO] --- jacoco:0.8.15:prepare-agent (prepare-agent) @ quorus-core ---
[INFO] argLine set to -javaagent:C:\\Users\\mraysmit\\.m2\\repository\\org\\jacoco\\org.jacoco.agent\\0.8.15\\org.jacoco.agent-0.8.15-runtime.jar=destfile=C:\\Users\\mraysmit\\dev\\idea-projects\\quorus\\quorus-core\\target\\jacoco.exec,excludes=sun/**:jdk/**:java/**:com/sun/**:org/jcp/**
[INFO] 
[INFO] --- resources:3.3.1:resources (default-resources) @ quorus-core ---
[INFO] Copying 1 resource from src\main\resources to target\classes
[INFO] 
[INFO] --- compiler:3.13.0:compile (default-compile) @ quorus-core ---
[INFO] Nothing to compile - all classes are up to date.
[INFO] 
[INFO] --- resources:3.3.1:testResources (default-testResources) @ quorus-core ---
[INFO] Copying 11 resources from src\test\resources to target\test-classes
[INFO] 
[INFO] --- compiler:3.13.0:testCompile (default-testCompile) @ quorus-core ---
[INFO] Nothing to compile - all classes are up to date.
[INFO] 
[INFO] --- surefire:3.2.2:test (default-test) @ quorus-core ---
[INFO] Using auto detected provider org.apache.maven.surefire.junitplatform.JUnitPlatformProvider
[INFO] 
[INFO] -------------------------------------------------------
[INFO]  T E S T S
[INFO] -------------------------------------------------------
[INFO] Running dev.mars.quorus.connection.FtpsDefaultPortBoundaryTest
11:55:26.272 [vert.x-worker-thread-0] INFO  d.m.q.protocol.FtpTransferProtocol - Starting FTP transfer: jobId=ftps-port, isUpload=false
11:55:26.280 [vert.x-worker-thread-0] DEBUG d.m.q.protocol.FtpTransferProtocol - Transfer details: sourceUri=ftps://localhost/approved/file, destinationUri=file:///C:/Users/mraysmit/AppData/Local/Temp/junit2107491751449217193/file
11:55:26.282 [vert.x-worker-thread-0] DEBUG d.m.q.protocol.FtpTransferProtocol - Routing to FTP download handler
11:55:26.283 [vert.x-worker-thread-0] INFO  d.m.q.protocol.FtpTransferProtocol - Starting FTP download: ftps://localhost/approved/file -> C:\Users\mraysmit\AppData\Local\Temp\junit2107491751449217193\file
11:55:26.284 [vert.x-worker-thread-0] DEBUG d.m.q.protocol.FtpTransferProtocol - Parsed URI: scheme=ftps, host=localhost, port=21, ftpsMode=EXPLICIT
11:55:26.284 [vert.x-worker-thread-0] DEBUG d.m.q.protocol.FtpTransferProtocol - Connection info parsed: host=localhost, port=21, path=/approved/file
11:55:26.284 [vert.x-worker-thread-0] DEBUG d.m.q.protocol.FtpTransferProtocol - Establishing FTP connection to localhost:21
11:55:26.287 [vert.x-worker-thread-0] DEBUG d.m.q.protocol.FtpTransferProtocol - Connecting to FTPS (EXPLICIT) server: localhost:21
11:55:26.395 [vert.x-worker-thread-0] DEBUG d.m.q.protocol.FtpTransferProtocol - TCP connection established to localhost:21
11:55:26.541 [vert.x-worker-thread-0] DEBUG d.m.q.protocol.FtpTransferProtocol - FTP Response: 220 fixture ready
11:55:26.542 [vert.x-worker-thread-0] DEBUG d.m.q.protocol.FtpTransferProtocol - Received FTP welcome message
11:55:26.542 [vert.x-worker-thread-0] DEBUG d.m.q.protocol.FtpTransferProtocol - Explicit FTPS: sending AUTH TLS to upgrade control connection
11:55:26.542 [vert.x-worker-thread-0] DEBUG d.m.q.protocol.FtpTransferProtocol - FTP Command: AUTH TLS
11:55:26.557 [vert.x-worker-thread-0] DEBUG d.m.q.protocol.FtpTransferProtocol - FTP Response: 421 fixture stops before authentication
11:55:26.557 [vert.x-worker-thread-0] DEBUG d.m.q.protocol.FtpTransferProtocol - Disconnecting FTP client
11:55:26.558 [vert.x-worker-thread-0] DEBUG d.m.q.protocol.FtpTransferProtocol - Disconnecting from FTP server
11:55:26.558 [vert.x-worker-thread-0] DEBUG d.m.q.protocol.FtpTransferProtocol - FTP Command: QUIT
11:55:26.561 [vert.x-worker-thread-0] ERROR d.m.q.protocol.FtpTransferProtocol - [QUORUS-1009] FTP server closed connection unexpectedly (EOF)
11:55:26.562 [vert.x-worker-thread-0] WARN  d.m.q.protocol.FtpTransferProtocol - Error during FTP disconnect: FTP server closed connection unexpectedly
11:55:26.562 [vert.x-worker-thread-0] DEBUG d.m.q.protocol.FtpTransferProtocol - FTP disconnection complete
11:55:26.563 [vert.x-worker-thread-0] ERROR d.m.q.protocol.FtpTransferProtocol - [QUORUS-1001] FTP download failed: requestId=ftps-port, error=Server rejected AUTH TLS: 421 fixture stops before authentication
11:55:26.563 [vert.x-worker-thread-0] DEBUG d.m.q.protocol.FtpTransferProtocol - FTP download exception details for request: ftps-port
java.io.IOException: Server rejected AUTH TLS: 421 fixture stops before authentication
	at dev.mars.quorus.protocol.FtpTransferProtocol$FtpClient.upgradeToTls(FtpTransferProtocol.java:563)
[INFO] Tests run: 1, Failures: 0, Errors: 0, Skipped: 0, Time elapsed: 0.999 s -- in dev.mars.quorus.connection.FtpsDefaultPortBoundaryTest
[INFO] Running dev.mars.quorus.protocol.BlockingProtocolWorkerBoundaryTest
11:55:26.721 [vert.x-worker-thread-0] INFO  d.m.q.protocol.SmbTransferProtocol - Starting SMB transfer: jobId=worker-boundary, isUpload=false
11:55:26.787 [main] DEBUG d.m.q.protocol.NfsTransferProtocol - NfsTransferProtocol initialized with mountRoot=C:\Users\mraysmit\AppData\Local\Temp\junit1384351924387466424
11:55:26.789 [vert.x-worker-thread-0] INFO  d.m.q.protocol.NfsTransferProtocol - Starting NFS transfer: jobId=worker-boundary, isUpload=false
11:55:26.790 [vert.x-worker-thread-0] DEBUG d.m.q.protocol.NfsTransferProtocol - Transfer details: sourceUri=nfs://server/export/file, destinationUri=file:///C:/Users/mraysmit/AppData/Local/Temp/junit1384351924387466424/download
11:55:26.790 [vert.x-worker-thread-0] DEBUG d.m.q.protocol.NfsTransferProtocol - Routing to NFS download handler
11:55:26.790 [vert.x-worker-thread-0] DEBUG d.m.q.protocol.NfsTransferProtocol - performNfsDownload: starting for requestId=worker-boundary
11:55:26.791 [vert.x-worker-thread-0] INFO  d.m.q.protocol.NfsTransferProtocol - Starting NFS download: nfs://server/export/file -> file:///C:/Users/mraysmit/AppData/Local/Temp/junit1384351924387466424/download
11:55:26.791 [vert.x-worker-thread-0] DEBUG d.m.q.protocol.NfsTransferProtocol - parseNfsUri: parsing URI=nfs://server/export/file
11:55:26.793 [vert.x-worker-thread-0] DEBUG d.m.q.protocol.NfsTransferProtocol - parseNfsUri: created connectionInfo=NfsConnectionInfo{host='server', port=-1, exportPath='export', filePath='/file'}
11:55:26.793 [vert.x-worker-thread-0] DEBUG d.m.q.protocol.NfsTransferProtocol - performNfsDownload: parsed connection info - host=server, export=export, path=/file
11:55:26.794 [vert.x-worker-thread-0] DEBUG d.m.q.protocol.NfsTransferProtocol - resolveNfsMountPath: NfsConnectionInfo{host='server', port=-1, exportPath='export', filePath='/file'} -> C:\Users\mraysmit\AppData\Local\Temp\junit1384351924387466424\server\export\file
11:55:26.794 [vert.x-worker-thread-0] DEBUG d.m.q.protocol.NfsTransferProtocol - performNfsDownload: resolved source path=C:\Users\mraysmit\AppData\Local\Temp\junit1384351924387466424\server\export\file
11:55:26.795 [vert.x-worker-thread-0] DEBUG d.m.q.protocol.NfsTransferProtocol - performNfsDownload: destination directory ensured
11:55:26.795 [vert.x-worker-thread-0] DEBUG d.m.q.protocol.NfsTransferProtocol - transferFile: starting - source=C:\Users\mraysmit\AppData\Local\Temp\junit1384351924387466424\server\export\file, destination=C:\Users\mraysmit\AppData\Local\Temp\junit1384351924387466424\download
11:55:26.795 [vert.x-worker-thread-0] DEBUG d.m.q.protocol.NfsTransferProtocol - transferFile: totalBytes=15
11:55:26.804 [vert.x-worker-thread-0] DEBUG d.m.q.protocol.NfsTransferProtocol - transferFile: completed - totalChunks=1, bytesTransferred=15
11:55:26.804 [vert.x-worker-thread-0] DEBUG d.m.q.protocol.NfsTransferProtocol - performNfsDownload: file transfer complete, bytesTransferred=15
11:55:26.804 [vert.x-worker-thread-0] INFO  d.m.q.protocol.NfsTransferProtocol - NFS download completed: bytesTransferred=15, duration=13ms, throughput=1153 bytes/s
11:55:26.805 [vert.x-worker-thread-0] DEBUG d.m.q.protocol.NfsTransferProtocol - transfer: completed successfully, bytesTransferred=15
11:55:26.871 [vert.x-worker-thread-0] INFO  d.m.q.protocol.SftpTransferProtocol - Starting SFTP transfer for job: worker-boundary
11:55:26.872 [vert.x-worker-thread-0] DEBUG d.m.q.protocol.SftpTransferProtocol - transfer: request=worker-boundary, sourceUri=sftp://127.0.0.1:50276/file, destinationUri=file:///C:/Users/mraysmit/AppData/Local/Temp/junit18306347041498409584/download, isUpload=false
11:55:26.872 [vert.x-worker-thread-0] DEBUG d.m.q.protocol.SftpTransferProtocol - transfer: progress tracker initialized for job=worker-boundary
11:55:26.872 [vert.x-worker-thread-0] DEBUG d.m.q.protocol.SftpTransferProtocol - performSftpTransfer: starting for requestId=worker-boundary, isUpload=false
11:55:26.872 [vert.x-worker-thread-0] DEBUG d.m.q.protocol.SftpTransferProtocol - performSftpTransfer: routing to download handler
11:55:26.874 [vert.x-worker-thread-0] DEBUG d.m.q.protocol.SftpTransferProtocol - performSftpDownload: starting for requestId=worker-boundary
11:55:26.874 [vert.x-worker-thread-0] INFO  d.m.q.protocol.SftpTransferProtocol - Starting SFTP download: sftp://127.0.0.1:50276/file -> C:\Users\mraysmit\AppData\Local\Temp\junit18306347041498409584\download
11:55:26.877 [vert.x-worker-thread-0] DEBUG d.m.q.protocol.SftpTransferProtocol - performSftpDownload: parsed connection info - host=127.0.0.1, port=50276, path=/file
11:55:26.878 [vert.x-worker-thread-0] DEBUG d.m.q.protocol.SftpTransferProtocol - performSftpDownload: creating SFTP client
11:55:26.887 [vert.x-worker-thread-0] DEBUG d.m.q.protocol.SftpTransferProtocol - performSftpDownload: establishing connection
11:55:26.887 [vert.x-worker-thread-0] DEBUG d.m.q.protocol.SftpTransferProtocol - Connecting to SFTP server: 127.0.0.1:50276
11:55:26.887 [vert.x-worker-thread-0] DEBUG d.m.q.protocol.SftpTransferProtocol - SftpClient.connect: username=null, authenticationType=PASSWORD
11:55:26.887 [vert.x-worker-thread-0] DEBUG d.m.q.protocol.SftpTransferProtocol - SftpClient.connect: creating JSch session
11:55:26.909 [vert.x-worker-thread-0] DEBUG d.m.q.protocol.SftpTransferProtocol - SftpClient.connect: session configured with timeout=30000ms
11:55:26.910 [vert.x-worker-thread-0] DEBUG d.m.q.protocol.SftpTransferProtocol - SftpClient.connect: establishing SSH session
11:55:26.927 [vert.x-worker-thread-0] DEBUG d.m.q.protocol.SftpTransferProtocol - performSftpDownload: disconnecting SFTP client
11:55:26.928 [vert.x-worker-thread-0] DEBUG d.m.q.protocol.SftpTransferProtocol - SftpClient.disconnect: closing connections
11:55:26.928 [vert.x-worker-thread-0] ERROR d.m.q.protocol.SftpTransferProtocol - [QUORUS-1102] SFTP download failed: requestId=worker-boundary, error=connection is closed by foreign host
11:55:26.928 [vert.x-worker-thread-0] DEBUG d.m.q.protocol.SftpTransferProtocol - SFTP download exception details for request: worker-boundary
com.jcraft.jsch.JSchException: connection is closed by foreign host
	at com.jcraft.jsch.Session.connect(Session.java:288)
11:55:26.929 [vert.x-worker-thread-0] ERROR d.m.q.protocol.SftpTransferProtocol - [QUORUS-1101] SFTP transfer routing failed: requestId=worker-boundary, error=Transfer worker-boundary failed: SFTP download failed
11:55:26.929 [vert.x-worker-thread-0] DEBUG d.m.q.protocol.SftpTransferProtocol - SFTP transfer routing exception details for request: worker-boundary
dev.mars.quorus.core.exceptions.TransferException: Transfer worker-boundary failed: SFTP download failed
	at dev.mars.quorus.protocol.SftpTransferProtocol.performSftpDownload(SftpTransferProtocol.java:264)
Caused by: com.jcraft.jsch.JSchException: connection is closed by foreign host
	at com.jcraft.jsch.Session.connect(Session.java:288)
11:55:27.173 [main] DEBUG d.m.q.protocol.NfsTransferProtocol - NfsTransferProtocol initialized with mountRoot=C:\Users\mraysmit\AppData\Local\Temp\junit13472877972786000643
[INFO] Tests run: 7, Failures: 0, Errors: 0, Skipped: 0, Time elapsed: 0.567 s -- in dev.mars.quorus.protocol.BlockingProtocolWorkerBoundaryTest
[INFO] Running dev.mars.quorus.protocol.NfsTransferProtocolTest
[INFO] Running dev.mars.quorus.protocol.NfsTransferProtocolTest$ProtocolFactoryIntegration
11:55:27.183 [main] DEBUG d.m.q.protocol.NfsTransferProtocol - NfsTransferProtocol initialized with mountRoot=C:\Users\mraysmit\AppData\Local\Temp\junit10429303878898213733
11:55:27.232 [main] DEBUG d.m.quorus.protocol.ProtocolFactory - Initializing ProtocolFactory with Vert.x instance
11:55:27.232 [main] DEBUG d.m.quorus.protocol.ProtocolFactory - Registering default transfer protocols
11:55:27.232 [main] DEBUG d.m.quorus.protocol.ProtocolFactory - Creating HttpTransferProtocol instance
11:55:27.274 [main] INFO  d.m.q.protocol.HttpTransferProtocol - HttpTransferProtocol initialized: connectTimeout=30000ms, readTimeout=60000ms, maxFileSize=10737418240 bytes
11:55:27.274 [main] DEBUG d.m.q.protocol.HttpTransferProtocol - HttpTransferProtocol created with Vert.x Web Client (reactive mode)
11:55:27.274 [main] INFO  d.m.quorus.protocol.ProtocolFactory - Registered protocol: http
11:55:27.275 [main] DEBUG d.m.quorus.protocol.ProtocolFactory - Protocol details: name=http, class=HttpTransferProtocol, supportsResume=false, supportsPause=true
11:55:27.275 [main] INFO  d.m.quorus.protocol.ProtocolFactory - Registered protocol alias: https -> http
11:55:27.275 [main] DEBUG d.m.quorus.protocol.ProtocolFactory - Creating SmbTransferProtocol instance
11:55:27.275 [main] INFO  d.m.quorus.protocol.ProtocolFactory - Registered protocol: smb
11:55:27.275 [main] DEBUG d.m.quorus.protocol.ProtocolFactory - Protocol details: name=smb, class=SmbTransferProtocol, supportsResume=false, supportsPause=false
11:55:27.275 [main] INFO  d.m.quorus.protocol.ProtocolFactory - Registered protocol alias: cifs -> smb
11:55:27.275 [main] DEBUG d.m.quorus.protocol.ProtocolFactory - Creating FtpTransferProtocol instance
11:55:27.276 [main] INFO  d.m.quorus.protocol.ProtocolFactory - Registered protocol: ftp
11:55:27.276 [main] DEBUG d.m.quorus.protocol.ProtocolFactory - Protocol details: name=ftp, class=FtpTransferProtocol, supportsResume=false, supportsPause=false
11:55:27.276 [main] INFO  d.m.quorus.protocol.ProtocolFactory - Registered protocol alias: ftps -> ftp
11:55:27.276 [main] DEBUG d.m.quorus.protocol.ProtocolFactory - Creating SftpTransferProtocol instance
11:55:27.276 [main] INFO  d.m.quorus.protocol.ProtocolFactory - Registered protocol: sftp
11:55:27.276 [main] DEBUG d.m.quorus.protocol.ProtocolFactory - Protocol details: name=sftp, class=SftpTransferProtocol, supportsResume=false, supportsPause=false
11:55:27.276 [main] DEBUG d.m.quorus.protocol.ProtocolFactory - Creating NfsTransferProtocol instance
11:55:27.276 [main] DEBUG d.m.q.protocol.NfsTransferProtocol - NfsTransferProtocol initialized with mountRoot=C:\nfs
11:55:27.276 [main] INFO  d.m.quorus.protocol.ProtocolFactory - Registered protocol: nfs
11:55:27.277 [main] DEBUG d.m.quorus.protocol.ProtocolFactory - Protocol details: name=nfs, class=NfsTransferProtocol, supportsResume=false, supportsPause=false
11:55:27.277 [main] INFO  d.m.quorus.protocol.ProtocolFactory - Registered default transfer protocols: count=8, schemes=ftps, ftp, http, smb, sftp, nfs, https, cifs
11:55:27.277 [main] DEBUG d.m.quorus.protocol.ProtocolFactory - getProtocol(TransferRequest): DOWNLOAD - using source scheme: nfs
11:55:27.277 [main] DEBUG d.m.quorus.protocol.ProtocolFactory - Protocol found: name=nfs, implementation=NfsTransferProtocol
11:55:27.277 [main] DEBUG d.m.q.protocol.NfsTransferProtocol - canHandle: checking request=98a5130a-a9ed-4c9d-adeb-c03b194a17c0
11:55:27.278 [main] DEBUG d.m.q.protocol.NfsTransferProtocol - canHandle: direction=DOWNLOAD (Remote -> Local)
11:55:27.278 [main] DEBUG d.m.q.protocol.NfsTransferProtocol - canHandle: DOWNLOAD - sourceScheme=nfs
11:55:27.278 [main] DEBUG d.m.q.protocol.NfsTransferProtocol - canHandle: returning true for NFS download
11:55:27.278 [main] DEBUG d.m.quorus.protocol.ProtocolFactory - getProtocol(TransferRequest): found protocol nfs for DOWNLOAD (Remote -> Local) transfer
11:55:27.290 [main] DEBUG d.m.q.protocol.NfsTransferProtocol - NfsTransferProtocol initialized with mountRoot=C:\Users\mraysmit\AppData\Local\Temp\junit12281647396612065176
11:55:27.352 [main] DEBUG d.m.quorus.protocol.ProtocolFactory - Initializing ProtocolFactory with Vert.x instance
11:55:27.353 [main] DEBUG d.m.quorus.protocol.ProtocolFactory - Registering default transfer protocols
11:55:27.353 [main] DEBUG d.m.quorus.protocol.ProtocolFactory - Creating HttpTransferProtocol instance
11:55:27.353 [main] INFO  d.m.q.protocol.HttpTransferProtocol - HttpTransferProtocol initialized: connectTimeout=30000ms, readTimeout=60000ms, maxFileSize=10737418240 bytes
11:55:27.354 [main] DEBUG d.m.q.protocol.HttpTransferProtocol - HttpTransferProtocol created with Vert.x Web Client (reactive mode)
11:55:27.354 [main] INFO  d.m.quorus.protocol.ProtocolFactory - Registered protocol: http
11:55:27.354 [main] DEBUG d.m.quorus.protocol.ProtocolFactory - Protocol details: name=http, class=HttpTransferProtocol, supportsResume=false, supportsPause=true
11:55:27.354 [main] INFO  d.m.quorus.protocol.ProtocolFactory - Registered protocol alias: https -> http
11:55:27.354 [main] DEBUG d.m.quorus.protocol.ProtocolFactory - Creating SmbTransferProtocol instance
11:55:27.354 [main] INFO  d.m.quorus.protocol.ProtocolFactory - Registered protocol: smb
11:55:27.354 [main] DEBUG d.m.quorus.protocol.ProtocolFactory - Protocol details: name=smb, class=SmbTransferProtocol, supportsResume=false, supportsPause=false
11:55:27.354 [main] INFO  d.m.quorus.protocol.ProtocolFactory - Registered protocol alias: cifs -> smb
11:55:27.354 [main] DEBUG d.m.quorus.protocol.ProtocolFactory - Creating FtpTransferProtocol instance
11:55:27.354 [main] INFO  d.m.quorus.protocol.ProtocolFactory - Registered protocol: ftp
11:55:27.355 [main] DEBUG d.m.quorus.protocol.ProtocolFactory - Protocol details: name=ftp, class=FtpTransferProtocol, supportsResume=false, supportsPause=false
11:55:27.355 [main] INFO  d.m.quorus.protocol.ProtocolFactory - Registered protocol alias: ftps -> ftp
11:55:27.355 [main] DEBUG d.m.quorus.protocol.ProtocolFactory - Creating SftpTransferProtocol instance
11:55:27.355 [main] INFO  d.m.quorus.protocol.ProtocolFactory - Registered protocol: sftp
11:55:27.355 [main] DEBUG d.m.quorus.protocol.ProtocolFactory - Protocol details: name=sftp, class=SftpTransferProtocol, supportsResume=false, supportsPause=false
11:55:27.356 [main] DEBUG d.m.quorus.protocol.ProtocolFactory - Creating NfsTransferProtocol instance
11:55:27.356 [main] DEBUG d.m.q.protocol.NfsTransferProtocol - NfsTransferProtocol initialized with mountRoot=C:\nfs
11:55:27.356 [main] INFO  d.m.quorus.protocol.ProtocolFactory - Registered protocol: nfs
11:55:27.356 [main] DEBUG d.m.quorus.protocol.ProtocolFactory - Protocol details: name=nfs, class=NfsTransferProtocol, supportsResume=false, supportsPause=false
11:55:27.356 [main] INFO  d.m.quorus.protocol.ProtocolFactory - Registered default transfer protocols: count=8, schemes=ftps, ftp, http, smb, sftp, nfs, https, cifs
11:55:27.356 [main] DEBUG d.m.quorus.protocol.ProtocolFactory - getProtocol(TransferRequest): UPLOAD - using destination scheme: nfs
11:55:27.356 [main] DEBUG d.m.quorus.protocol.ProtocolFactory - Protocol found: name=nfs, implementation=NfsTransferProtocol
11:55:27.356 [main] DEBUG d.m.q.protocol.NfsTransferProtocol - canHandle: checking request=1c9b97c4-a7b2-483e-819f-96ca32992a43
11:55:27.356 [main] DEBUG d.m.q.protocol.NfsTransferProtocol - canHandle: direction=UPLOAD (Local -> Remote)
11:55:27.358 [main] DEBUG d.m.q.protocol.NfsTransferProtocol - canHandle: UPLOAD - destScheme=nfs
11:55:27.358 [main] DEBUG d.m.q.protocol.NfsTransferProtocol - canHandle: returning true for NFS upload
11:55:27.358 [main] DEBUG d.m.quorus.protocol.ProtocolFactory - getProtocol(TransferRequest): found protocol nfs for UPLOAD (Local -> Remote) transfer
11:55:27.364 [main] DEBUG d.m.q.protocol.NfsTransferProtocol - NfsTransferProtocol initialized with mountRoot=C:\Users\mraysmit\AppData\Local\Temp\junit13321855109675854747
11:55:27.430 [main] DEBUG d.m.quorus.protocol.ProtocolFactory - Initializing ProtocolFactory with Vert.x instance
11:55:27.430 [main] DEBUG d.m.quorus.protocol.ProtocolFactory - Registering default transfer protocols
11:55:27.430 [main] DEBUG d.m.quorus.protocol.ProtocolFactory - Creating HttpTransferProtocol instance
11:55:27.431 [main] INFO  d.m.q.protocol.HttpTransferProtocol - HttpTransferProtocol initialized: connectTimeout=30000ms, readTimeout=60000ms, maxFileSize=10737418240 bytes
11:55:27.431 [main] DEBUG d.m.q.protocol.HttpTransferProtocol - HttpTransferProtocol created with Vert.x Web Client (reactive mode)
11:55:27.431 [main] INFO  d.m.quorus.protocol.ProtocolFactory - Registered protocol: http
11:55:27.431 [main] DEBUG d.m.quorus.protocol.ProtocolFactory - Protocol details: name=http, class=HttpTransferProtocol, supportsResume=false, supportsPause=true
11:55:27.431 [main] INFO  d.m.quorus.protocol.ProtocolFactory - Registered protocol alias: https -> http
11:55:27.431 [main] DEBUG d.m.quorus.protocol.ProtocolFactory - Creating SmbTransferProtocol instance
11:55:27.431 [main] INFO  d.m.quorus.protocol.ProtocolFactory - Registered protocol: smb
11:55:27.431 [main] DEBUG d.m.quorus.protocol.ProtocolFactory - Protocol details: name=smb, class=SmbTransferProtocol, supportsResume=false, supportsPause=false
11:55:27.431 [main] INFO  d.m.quorus.protocol.ProtocolFactory - Registered protocol alias: cifs -> smb
11:55:27.431 [main] DEBUG d.m.quorus.protocol.ProtocolFactory - Creating FtpTransferProtocol instance
11:55:27.431 [main] INFO  d.m.quorus.protocol.ProtocolFactory - Registered protocol: ftp
11:55:27.431 [main] DEBUG d.m.quorus.protocol.ProtocolFactory - Protocol details: name=ftp, class=FtpTransferProtocol, supportsResume=false, supportsPause=false
11:55:27.431 [main] INFO  d.m.quorus.protocol.ProtocolFactory - Registered protocol alias: ftps -> ftp
11:55:27.431 [main] DEBUG d.m.quorus.protocol.ProtocolFactory - Creating SftpTransferProtocol instance
11:55:27.432 [main] INFO  d.m.quorus.protocol.ProtocolFactory - Registered protocol: sftp
11:55:27.432 [main] DEBUG d.m.quorus.protocol.ProtocolFactory - Protocol details: name=sftp, class=SftpTransferProtocol, supportsResume=false, supportsPause=false
11:55:27.432 [main] DEBUG d.m.quorus.protocol.ProtocolFactory - Creating NfsTransferProtocol instance
11:55:27.432 [main] DEBUG d.m.q.protocol.NfsTransferProtocol - NfsTransferProtocol initialized with mountRoot=C:\Users\mraysmit\AppData\Local\Temp\junit13321855109675854747
11:55:27.432 [main] INFO  d.m.quorus.protocol.ProtocolFactory - Registered protocol: nfs
11:55:27.432 [main] DEBUG d.m.quorus.protocol.ProtocolFactory - Protocol details: name=nfs, class=NfsTransferProtocol, supportsResume=false, supportsPause=false
11:55:27.432 [main] INFO  d.m.quorus.protocol.ProtocolFactory - Registered default transfer protocols: count=8, schemes=ftps, ftp, http, smb, sftp, nfs, https, cifs
11:55:27.432 [main] DEBUG d.m.quorus.protocol.ProtocolFactory - Protocol found: name=nfs, implementation=NfsTransferProtocol
11:55:27.432 [main] DEBUG d.m.quorus.protocol.ProtocolFactory - Protocol found: name=smb, implementation=SmbTransferProtocol
11:55:27.438 [main] DEBUG d.m.q.protocol.NfsTransferProtocol - NfsTransferProtocol initialized with mountRoot=C:\Users\mraysmit\AppData\Local\Temp\junit6495528480177683700
11:55:27.510 [main] DEBUG d.m.quorus.protocol.ProtocolFactory - Initializing ProtocolFactory with Vert.x instance
11:55:27.510 [main] DEBUG d.m.quorus.protocol.ProtocolFactory - Registering default transfer protocols
11:55:27.510 [main] DEBUG d.m.quorus.protocol.ProtocolFactory - Creating HttpTransferProtocol instance
11:55:27.511 [main] INFO  d.m.q.protocol.HttpTransferProtocol - HttpTransferProtocol initialized: connectTimeout=30000ms, readTimeout=60000ms, maxFileSize=10737418240 bytes
11:55:27.511 [main] DEBUG d.m.q.protocol.HttpTransferProtocol - HttpTransferProtocol created with Vert.x Web Client (reactive mode)
11:55:27.511 [main] INFO  d.m.quorus.protocol.ProtocolFactory - Registered protocol: http
11:55:27.511 [main] DEBUG d.m.quorus.protocol.ProtocolFactory - Protocol details: name=http, class=HttpTransferProtocol, supportsResume=false, supportsPause=true
11:55:27.512 [main] INFO  d.m.quorus.protocol.ProtocolFactory - Registered protocol alias: https -> http
11:55:27.512 [main] DEBUG d.m.quorus.protocol.ProtocolFactory - Creating SmbTransferProtocol instance
11:55:27.512 [main] INFO  d.m.quorus.protocol.ProtocolFactory - Registered protocol: smb
11:55:27.512 [main] DEBUG d.m.quorus.protocol.ProtocolFactory - Protocol details: name=smb, class=SmbTransferProtocol, supportsResume=false, supportsPause=false
11:55:27.512 [main] INFO  d.m.quorus.protocol.ProtocolFactory - Registered protocol alias: cifs -> smb
11:55:27.512 [main] DEBUG d.m.quorus.protocol.ProtocolFactory - Creating FtpTransferProtocol instance
11:55:27.512 [main] INFO  d.m.quorus.protocol.ProtocolFactory - Registered protocol: ftp
11:55:27.512 [main] DEBUG d.m.quorus.protocol.ProtocolFactory - Protocol details: name=ftp, class=FtpTransferProtocol, supportsResume=false, supportsPause=false
11:55:27.512 [main] INFO  d.m.quorus.protocol.ProtocolFactory - Registered protocol alias: ftps -> ftp
11:55:27.512 [main] DEBUG d.m.quorus.protocol.ProtocolFactory - Creating SftpTransferProtocol instance
11:55:27.513 [main] INFO  d.m.quorus.protocol.ProtocolFactory - Registered protocol: sftp
11:55:27.513 [main] DEBUG d.m.quorus.protocol.ProtocolFactory - Protocol details: name=sftp, class=SftpTransferProtocol, supportsResume=false, supportsPause=false
11:55:27.513 [main] DEBUG d.m.quorus.protocol.ProtocolFactory - Creating NfsTransferProtocol instance
11:55:27.513 [main] DEBUG d.m.q.protocol.NfsTransferProtocol - NfsTransferProtocol initialized with mountRoot=C:\nfs
11:55:27.513 [main] INFO  d.m.quorus.protocol.ProtocolFactory - Registered protocol: nfs
11:55:27.513 [main] DEBUG d.m.quorus.protocol.ProtocolFactory - Protocol details: name=nfs, class=NfsTransferProtocol, supportsResume=false, supportsPause=false
11:55:27.513 [main] INFO  d.m.quorus.protocol.ProtocolFactory - Registered default transfer protocols: count=8, schemes=ftps, ftp, http, smb, sftp, nfs, https, cifs
11:55:27.513 [main] DEBUG d.m.quorus.protocol.ProtocolFactory - isProtocolSupported: protocol=nfs, supported=true
11:55:27.514 [main] DEBUG d.m.quorus.protocol.ProtocolFactory - Protocol found: name=nfs, implementation=NfsTransferProtocol
[INFO] Tests run: 4, Failures: 0, Errors: 0, Skipped: 0, Time elapsed: 0.337 s -- in dev.mars.quorus.protocol.NfsTransferProtocolTest$ProtocolFactoryIntegration
[INFO] Running dev.mars.quorus.protocol.NfsTransferProtocolTest$UploadTransfers
11:55:27.528 [main] DEBUG d.m.q.protocol.NfsTransferProtocol - NfsTransferProtocol initialized with mountRoot=C:\Users\mraysmit\AppData\Local\Temp\junit12937640558662962614
11:55:27.532 [main] INFO  d.m.q.protocol.NfsTransferProtocol - Starting NFS transfer: jobId=test-job-nfs, isUpload=true
11:55:27.533 [main] DEBUG d.m.q.protocol.NfsTransferProtocol - Transfer details: sourceUri=file:///C:/Users/mraysmit/AppData/Local/Temp/junit12937640558662962614/upload-src.dat, destinationUri=nfs://nfshost/share/uploaded.dat
11:55:27.533 [main] DEBUG d.m.q.protocol.NfsTransferProtocol - Routing to NFS upload handler
11:55:27.534 [main] INFO  d.m.q.protocol.NfsTransferProtocol - Starting NFS upload: C:\Users\mraysmit\AppData\Local\Temp\junit12937640558662962614\upload-src.dat -> nfs://nfshost/share/uploaded.dat
11:55:27.534 [main] DEBUG d.m.q.protocol.NfsTransferProtocol - parseNfsUri: parsing URI=nfs://nfshost/share/uploaded.dat
11:55:27.534 [main] DEBUG d.m.q.protocol.NfsTransferProtocol - parseNfsUri: created connectionInfo=NfsConnectionInfo{host='nfshost', port=-1, exportPath='share', filePath='/uploaded.dat'}
11:55:27.535 [main] DEBUG d.m.q.protocol.NfsTransferProtocol - resolveNfsMountPath: NfsConnectionInfo{host='nfshost', port=-1, exportPath='share', filePath='/uploaded.dat'} -> C:\Users\mraysmit\AppData\Local\Temp\junit12937640558662962614\nfshost\share\uploaded.dat
11:55:27.535 [main] DEBUG d.m.q.protocol.NfsTransferProtocol - performNfsUpload: resolved destination path=C:\Users\mraysmit\AppData\Local\Temp\junit12937640558662962614\nfshost\share\uploaded.dat
11:55:27.535 [main] DEBUG d.m.q.protocol.NfsTransferProtocol - Creating remote directories: C:\Users\mraysmit\AppData\Local\Temp\junit12937640558662962614\nfshost\share
11:55:27.535 [main] DEBUG d.m.q.protocol.NfsTransferProtocol - transferFile: starting - source=C:\Users\mraysmit\AppData\Local\Temp\junit12937640558662962614\upload-src.dat, destination=C:\Users\mraysmit\AppData\Local\Temp\junit12937640558662962614\nfshost\share\uploaded.dat
11:55:27.536 [main] DEBUG d.m.q.protocol.NfsTransferProtocol - transferFile: totalBytes=16
11:55:27.544 [main] DEBUG d.m.q.protocol.NfsTransferProtocol - transferFile: completed - totalChunks=1, bytesTransferred=16
11:55:27.545 [main] DEBUG d.m.q.protocol.NfsTransferProtocol - performNfsUpload: file transfer complete, bytesTransferred=16
11:55:27.545 [main] INFO  d.m.q.protocol.NfsTransferProtocol - NFS upload completed: bytesTransferred=16, duration=11ms, throughput=1454 bytes/s
11:55:27.545 [main] DEBUG d.m.q.protocol.NfsTransferProtocol - transfer: completed successfully, bytesTransferred=16
11:55:27.551 [main] DEBUG d.m.q.protocol.NfsTransferProtocol - NfsTransferProtocol initialized with mountRoot=C:\Users\mraysmit\AppData\Local\Temp\junit5197571610061614757
11:55:27.552 [main] INFO  d.m.q.protocol.NfsTransferProtocol - Starting NFS transfer: jobId=test-job-nfs, isUpload=true
11:55:27.553 [main] DEBUG d.m.q.protocol.NfsTransferProtocol - Transfer details: sourceUri=file:///C:/Users/mraysmit/AppData/Local/Temp/junit5197571610061614757/does-not-exist.txt, destinationUri=nfs://server/export/dest.txt
11:55:27.553 [main] DEBUG d.m.q.protocol.NfsTransferProtocol - Routing to NFS upload handler
11:55:27.553 [main] ERROR d.m.q.protocol.NfsTransferProtocol - [QUORUS-1403] NFS upload source file not found: C:\Users\mraysmit\AppData\Local\Temp\junit5197571610061614757\does-not-exist.txt
[INFO] Tests run: 2, Failures: 0, Errors: 0, Skipped: 0, Time elapsed: 0.033 s -- in dev.mars.quorus.protocol.NfsTransferProtocolTest$UploadTransfers
[INFO] Running dev.mars.quorus.protocol.NfsTransferProtocolTest$DownloadTransfers
11:55:27.558 [main] DEBUG d.m.q.protocol.NfsTransferProtocol - NfsTransferProtocol initialized with mountRoot=C:\Users\mraysmit\AppData\Local\Temp\junit16131332243191982967
11:55:27.561 [main] INFO  d.m.q.protocol.NfsTransferProtocol - Starting NFS transfer: jobId=test-job-nfs, isUpload=false
11:55:27.561 [main] DEBUG d.m.q.protocol.NfsTransferProtocol - Transfer details: sourceUri=nfs://fileserver/data/timed.txt, destinationUri=file:///C:/Users/mraysmit/AppData/Local/Temp/junit16131332243191982967/timed-out.txt
11:55:27.561 [main] DEBUG d.m.q.protocol.NfsTransferProtocol - Routing to NFS download handler
11:55:27.562 [main] DEBUG d.m.q.protocol.NfsTransferProtocol - performNfsDownload: starting for requestId=nfs-download-time
11:55:27.562 [main] INFO  d.m.q.protocol.NfsTransferProtocol - Starting NFS download: nfs://fileserver/data/timed.txt -> file:///C:/Users/mraysmit/AppData/Local/Temp/junit16131332243191982967/timed-out.txt
11:55:27.562 [main] DEBUG d.m.q.protocol.NfsTransferProtocol - parseNfsUri: parsing URI=nfs://fileserver/data/timed.txt
11:55:27.562 [main] DEBUG d.m.q.protocol.NfsTransferProtocol - parseNfsUri: created connectionInfo=NfsConnectionInfo{host='fileserver', port=-1, exportPath='data', filePath='/timed.txt'}
11:55:27.562 [main] DEBUG d.m.q.protocol.NfsTransferProtocol - performNfsDownload: parsed connection info - host=fileserver, export=data, path=/timed.txt
11:55:27.562 [main] DEBUG d.m.q.protocol.NfsTransferProtocol - resolveNfsMountPath: NfsConnectionInfo{host='fileserver', port=-1, exportPath='data', filePath='/timed.txt'} -> C:\Users\mraysmit\AppData\Local\Temp\junit16131332243191982967\fileserver\data\timed.txt
11:55:27.562 [main] DEBUG d.m.q.protocol.NfsTransferProtocol - performNfsDownload: resolved source path=C:\Users\mraysmit\AppData\Local\Temp\junit16131332243191982967\fileserver\data\timed.txt
11:55:27.563 [main] DEBUG d.m.q.protocol.NfsTransferProtocol - performNfsDownload: destination directory ensured
11:55:27.563 [main] DEBUG d.m.q.protocol.NfsTransferProtocol - transferFile: starting - source=C:\Users\mraysmit\AppData\Local\Temp\junit16131332243191982967\fileserver\data\timed.txt, destination=C:\Users\mraysmit\AppData\Local\Temp\junit16131332243191982967\timed-out.txt
11:55:27.563 [main] DEBUG d.m.q.protocol.NfsTransferProtocol - transferFile: totalBytes=11
11:55:27.565 [main] DEBUG d.m.q.protocol.NfsTransferProtocol - transferFile: completed - totalChunks=1, bytesTransferred=11
11:55:27.566 [main] DEBUG d.m.q.protocol.NfsTransferProtocol - performNfsDownload: file transfer complete, bytesTransferred=11
11:55:27.566 [main] INFO  d.m.q.protocol.NfsTransferProtocol - NFS download completed: bytesTransferred=11, duration=3ms, throughput=3666 bytes/s
11:55:27.566 [main] DEBUG d.m.q.protocol.NfsTransferProtocol - transfer: completed successfully, bytesTransferred=11
11:55:27.572 [main] DEBUG d.m.q.protocol.NfsTransferProtocol - NfsTransferProtocol initialized with mountRoot=C:\Users\mraysmit\AppData\Local\Temp\junit8776801976259930009
11:55:27.576 [main] INFO  d.m.q.protocol.NfsTransferProtocol - Starting NFS transfer: jobId=test-job-nfs, isUpload=false
11:55:27.577 [main] DEBUG d.m.q.protocol.NfsTransferProtocol - Transfer details: sourceUri=nfs://fileserver/export/file.dat, destinationUri=file:///C:/Users/mraysmit/AppData/Local/Temp/junit8776801976259930009/sub/dir/file.dat
11:55:27.577 [main] DEBUG d.m.q.protocol.NfsTransferProtocol - Routing to NFS download handler
11:55:27.577 [main] DEBUG d.m.q.protocol.NfsTransferProtocol - performNfsDownload: starting for requestId=nfs-download-mkdir
11:55:27.577 [main] INFO  d.m.q.protocol.NfsTransferProtocol - Starting NFS download: nfs://fileserver/export/file.dat -> file:///C:/Users/mraysmit/AppData/Local/Temp/junit8776801976259930009/sub/dir/file.dat
11:55:27.577 [main] DEBUG d.m.q.protocol.NfsTransferProtocol - parseNfsUri: parsing URI=nfs://fileserver/export/file.dat
11:55:27.577 [main] DEBUG d.m.q.protocol.NfsTransferProtocol - parseNfsUri: created connectionInfo=NfsConnectionInfo{host='fileserver', port=-1, exportPath='export', filePath='/file.dat'}
11:55:27.577 [main] DEBUG d.m.q.protocol.NfsTransferProtocol - performNfsDownload: parsed connection info - host=fileserver, export=export, path=/file.dat
11:55:27.578 [main] DEBUG d.m.q.protocol.NfsTransferProtocol - resolveNfsMountPath: NfsConnectionInfo{host='fileserver', port=-1, exportPath='export', filePath='/file.dat'} -> C:\Users\mraysmit\AppData\Local\Temp\junit8776801976259930009\fileserver\export\file.dat
11:55:27.578 [main] DEBUG d.m.q.protocol.NfsTransferProtocol - performNfsDownload: resolved source path=C:\Users\mraysmit\AppData\Local\Temp\junit8776801976259930009\fileserver\export\file.dat
11:55:27.580 [main] DEBUG d.m.q.protocol.NfsTransferProtocol - performNfsDownload: destination directory ensured
11:55:27.580 [main] DEBUG d.m.q.protocol.NfsTransferProtocol - transferFile: starting - source=C:\Users\mraysmit\AppData\Local\Temp\junit8776801976259930009\fileserver\export\file.dat, destination=C:\Users\mraysmit\AppData\Local\Temp\junit8776801976259930009\sub\dir\file.dat
11:55:27.580 [main] DEBUG d.m.q.protocol.NfsTransferProtocol - transferFile: totalBytes=4
11:55:27.580 [main] DEBUG d.m.q.protocol.NfsTransferProtocol - transferFile: completed - totalChunks=1, bytesTransferred=4
11:55:27.580 [main] DEBUG d.m.q.protocol.NfsTransferProtocol - performNfsDownload: file transfer complete, bytesTransferred=4
11:55:27.580 [main] INFO  d.m.q.protocol.NfsTransferProtocol - NFS download completed: bytesTransferred=4, duration=3ms, throughput=1333 bytes/s
11:55:27.580 [main] DEBUG d.m.q.protocol.NfsTransferProtocol - transfer: completed successfully, bytesTransferred=4
11:55:27.586 [main] DEBUG d.m.q.protocol.NfsTransferProtocol - NfsTransferProtocol initialized with mountRoot=C:\Users\mraysmit\AppData\Local\Temp\junit4145242205379436725
11:55:27.591 [main] INFO  d.m.q.protocol.NfsTransferProtocol - Starting NFS transfer: jobId=test-job-nfs, isUpload=false
11:55:27.593 [main] DEBUG d.m.q.protocol.NfsTransferProtocol - Transfer details: sourceUri=nfs://fileserver/data/large.bin, destinationUri=file:///C:/Users/mraysmit/AppData/Local/Temp/junit4145242205379436725/large-out.bin
11:55:27.594 [main] DEBUG d.m.q.protocol.NfsTransferProtocol - Routing to NFS download handler
11:55:27.595 [main] DEBUG d.m.q.protocol.NfsTransferProtocol - performNfsDownload: starting for requestId=nfs-download-large
11:55:27.595 [main] INFO  d.m.q.protocol.NfsTransferProtocol - Starting NFS download: nfs://fileserver/data/large.bin -> file:///C:/Users/mraysmit/AppData/Local/Temp/junit4145242205379436725/large-out.bin
11:55:27.595 [main] DEBUG d.m.q.protocol.NfsTransferProtocol - parseNfsUri: parsing URI=nfs://fileserver/data/large.bin
11:55:27.596 [main] DEBUG d.m.q.protocol.NfsTransferProtocol - parseNfsUri: created connectionInfo=NfsConnectionInfo{host='fileserver', port=-1, exportPath='data', filePath='/large.bin'}
11:55:27.596 [main] DEBUG d.m.q.protocol.NfsTransferProtocol - performNfsDownload: parsed connection info - host=fileserver, export=data, path=/large.bin
11:55:27.596 [main] DEBUG d.m.q.protocol.NfsTransferProtocol - resolveNfsMountPath: NfsConnectionInfo{host='fileserver', port=-1, exportPath='data', filePath='/large.bin'} -> C:\Users\mraysmit\AppData\Local\Temp\junit4145242205379436725\fileserver\data\large.bin
11:55:27.596 [main] DEBUG d.m.q.protocol.NfsTransferProtocol - performNfsDownload: resolved source path=C:\Users\mraysmit\AppData\Local\Temp\junit4145242205379436725\fileserver\data\large.bin
11:55:27.597 [main] DEBUG d.m.q.protocol.NfsTransferProtocol - performNfsDownload: destination directory ensured
11:55:27.597 [main] DEBUG d.m.q.protocol.NfsTransferProtocol - transferFile: starting - source=C:\Users\mraysmit\AppData\Local\Temp\junit4145242205379436725\fileserver\data\large.bin, destination=C:\Users\mraysmit\AppData\Local\Temp\junit4145242205379436725\large-out.bin
11:55:27.597 [main] DEBUG d.m.q.protocol.NfsTransferProtocol - transferFile: totalBytes=262144
11:55:27.723 [main] DEBUG d.m.q.protocol.NfsTransferProtocol - transferFile: completed - totalChunks=4, bytesTransferred=262144
11:55:27.723 [main] DEBUG d.m.q.protocol.NfsTransferProtocol - performNfsDownload: file transfer complete, bytesTransferred=262144
11:55:27.724 [main] INFO  d.m.q.protocol.NfsTransferProtocol - NFS download completed: bytesTransferred=262144, duration=129ms, throughput=2032124 bytes/s
11:55:27.724 [main] DEBUG d.m.q.protocol.NfsTransferProtocol - transfer: completed successfully, bytesTransferred=262144
11:55:27.730 [main] DEBUG d.m.q.protocol.NfsTransferProtocol - NfsTransferProtocol initialized with mountRoot=C:\Users\mraysmit\AppData\Local\Temp\junit639970731391524210
11:55:27.734 [main] INFO  d.m.q.protocol.NfsTransferProtocol - Starting NFS transfer: jobId=test-job-nfs, isUpload=false
11:55:27.734 [main] DEBUG d.m.q.protocol.NfsTransferProtocol - Transfer details: sourceUri=nfs://fileserver/data/test-file.txt, destinationUri=file:///C:/Users/mraysmit/AppData/Local/Temp/junit639970731391524210/downloaded.txt
11:55:27.734 [main] DEBUG d.m.q.protocol.NfsTransferProtocol - Routing to NFS download handler
11:55:27.734 [main] DEBUG d.m.q.protocol.NfsTransferProtocol - performNfsDownload: starting for requestId=nfs-download-1
11:55:27.734 [main] INFO  d.m.q.protocol.NfsTransferProtocol - Starting NFS download: nfs://fileserver/data/test-file.txt -> file:///C:/Users/mraysmit/AppData/Local/Temp/junit639970731391524210/downloaded.txt
11:55:27.734 [main] DEBUG d.m.q.protocol.NfsTransferProtocol - parseNfsUri: parsing URI=nfs://fileserver/data/test-file.txt
11:55:27.734 [main] DEBUG d.m.q.protocol.NfsTransferProtocol - parseNfsUri: created connectionInfo=NfsConnectionInfo{host='fileserver', port=-1, exportPath='data', filePath='/test-file.txt'}
11:55:27.735 [main] DEBUG d.m.q.protocol.NfsTransferProtocol - performNfsDownload: parsed connection info - host=fileserver, export=data, path=/test-file.txt
11:55:27.735 [main] DEBUG d.m.q.protocol.NfsTransferProtocol - resolveNfsMountPath: NfsConnectionInfo{host='fileserver', port=-1, exportPath='data', filePath='/test-file.txt'} -> C:\Users\mraysmit\AppData\Local\Temp\junit639970731391524210\fileserver\data\test-file.txt
11:55:27.735 [main] DEBUG d.m.q.protocol.NfsTransferProtocol - performNfsDownload: resolved source path=C:\Users\mraysmit\AppData\Local\Temp\junit639970731391524210\fileserver\data\test-file.txt
11:55:27.736 [main] DEBUG d.m.q.protocol.NfsTransferProtocol - performNfsDownload: destination directory ensured
11:55:27.736 [main] DEBUG d.m.q.protocol.NfsTransferProtocol - transferFile: starting - source=C:\Users\mraysmit\AppData\Local\Temp\junit639970731391524210\fileserver\data\test-file.txt, destination=C:\Users\mraysmit\AppData\Local\Temp\junit639970731391524210\downloaded.txt
11:55:27.736 [main] DEBUG d.m.q.protocol.NfsTransferProtocol - transferFile: totalBytes=34
11:55:27.738 [main] DEBUG d.m.q.protocol.NfsTransferProtocol - transferFile: completed - totalChunks=1, bytesTransferred=34
11:55:27.738 [main] DEBUG d.m.q.protocol.NfsTransferProtocol - performNfsDownload: file transfer complete, bytesTransferred=34
11:55:27.738 [main] INFO  d.m.q.protocol.NfsTransferProtocol - NFS download completed: bytesTransferred=34, duration=3ms, throughput=11333 bytes/s
11:55:27.738 [main] DEBUG d.m.q.protocol.NfsTransferProtocol - transfer: completed successfully, bytesTransferred=34
11:55:27.745 [main] DEBUG d.m.q.protocol.NfsTransferProtocol - NfsTransferProtocol initialized with mountRoot=C:\Users\mraysmit\AppData\Local\Temp\junit613940488498207172
11:55:27.748 [main] INFO  d.m.q.protocol.NfsTransferProtocol - Starting NFS transfer: jobId=test-job-nfs, isUpload=false
11:55:27.749 [main] DEBUG d.m.q.protocol.NfsTransferProtocol - Transfer details: sourceUri=nfs://fileserver/data/checksummed.bin, destinationUri=file:///C:/Users/mraysmit/AppData/Local/Temp/junit613940488498207172/out.bin
11:55:27.749 [main] DEBUG d.m.q.protocol.NfsTransferProtocol - Routing to NFS download handler
11:55:27.749 [main] DEBUG d.m.q.protocol.NfsTransferProtocol - performNfsDownload: starting for requestId=nfs-download-checksum
11:55:27.749 [main] INFO  d.m.q.protocol.NfsTransferProtocol - Starting NFS download: nfs://fileserver/data/checksummed.bin -> file:///C:/Users/mraysmit/AppData/Local/Temp/junit613940488498207172/out.bin
11:55:27.749 [main] DEBUG d.m.q.protocol.NfsTransferProtocol - parseNfsUri: parsing URI=nfs://fileserver/data/checksummed.bin
11:55:27.749 [main] DEBUG d.m.q.protocol.NfsTransferProtocol - parseNfsUri: created connectionInfo=NfsConnectionInfo{host='fileserver', port=-1, exportPath='data', filePath='/checksummed.bin'}
11:55:27.749 [main] DEBUG d.m.q.protocol.NfsTransferProtocol - performNfsDownload: parsed connection info - host=fileserver, export=data, path=/checksummed.bin
11:55:27.749 [main] DEBUG d.m.q.protocol.NfsTransferProtocol - resolveNfsMountPath: NfsConnectionInfo{host='fileserver', port=-1, exportPath='data', filePath='/checksummed.bin'} -> C:\Users\mraysmit\AppData\Local\Temp\junit613940488498207172\fileserver\data\checksummed.bin
11:55:27.749 [main] DEBUG d.m.q.protocol.NfsTransferProtocol - performNfsDownload: resolved source path=C:\Users\mraysmit\AppData\Local\Temp\junit613940488498207172\fileserver\data\checksummed.bin
11:55:27.750 [main] DEBUG d.m.q.protocol.NfsTransferProtocol - performNfsDownload: destination directory ensured
11:55:27.750 [main] DEBUG d.m.q.protocol.NfsTransferProtocol - transferFile: starting - source=C:\Users\mraysmit\AppData\Local\Temp\junit613940488498207172\fileserver\data\checksummed.bin, destination=C:\Users\mraysmit\AppData\Local\Temp\junit613940488498207172\out.bin
11:55:27.750 [main] DEBUG d.m.q.protocol.NfsTransferProtocol - transferFile: totalBytes=5
11:55:27.752 [main] DEBUG d.m.q.protocol.NfsTransferProtocol - transferFile: completed - totalChunks=1, bytesTransferred=5
11:55:27.752 [main] DEBUG d.m.q.protocol.NfsTransferProtocol - performNfsDownload: file transfer complete, bytesTransferred=5
11:55:27.752 [main] INFO  d.m.q.protocol.NfsTransferProtocol - Calculating checksum for transferred file
11:55:27.754 [main] INFO  d.m.q.protocol.NfsTransferProtocol - NFS download completed: bytesTransferred=5, duration=4ms, throughput=1250 bytes/s
11:55:27.754 [main] DEBUG d.m.q.protocol.NfsTransferProtocol - transfer: completed successfully, bytesTransferred=5
11:55:27.761 [main] DEBUG d.m.q.protocol.NfsTransferProtocol - NfsTransferProtocol initialized with mountRoot=C:\Users\mraysmit\AppData\Local\Temp\junit3131778958339671445
11:55:27.763 [main] INFO  d.m.q.protocol.NfsTransferProtocol - Starting NFS transfer: jobId=test-job-nfs, isUpload=false
11:55:27.764 [main] DEBUG d.m.q.protocol.NfsTransferProtocol - Transfer details: sourceUri=nfs://fileserver/data/missing.txt, destinationUri=file:///C:/Users/mraysmit/AppData/Local/Temp/junit3131778958339671445/out.txt
11:55:27.764 [main] DEBUG d.m.q.protocol.NfsTransferProtocol - Routing to NFS download handler
11:55:27.764 [main] DEBUG d.m.q.protocol.NfsTransferProtocol - performNfsDownload: starting for requestId=nfs-download-missing
11:55:27.765 [main] INFO  d.m.q.protocol.NfsTransferProtocol - Starting NFS download: nfs://fileserver/data/missing.txt -> file:///C:/Users/mraysmit/AppData/Local/Temp/junit3131778958339671445/out.txt
11:55:27.765 [main] DEBUG d.m.q.protocol.NfsTransferProtocol - parseNfsUri: parsing URI=nfs://fileserver/data/missing.txt
11:55:27.765 [main] DEBUG d.m.q.protocol.NfsTransferProtocol - parseNfsUri: created connectionInfo=NfsConnectionInfo{host='fileserver', port=-1, exportPath='data', filePath='/missing.txt'}
11:55:27.765 [main] DEBUG d.m.q.protocol.NfsTransferProtocol - performNfsDownload: parsed connection info - host=fileserver, export=data, path=/missing.txt
11:55:27.765 [main] DEBUG d.m.q.protocol.NfsTransferProtocol - resolveNfsMountPath: NfsConnectionInfo{host='fileserver', port=-1, exportPath='data', filePath='/missing.txt'} -> C:\Users\mraysmit\AppData\Local\Temp\junit3131778958339671445\fileserver\data\missing.txt
11:55:27.765 [main] DEBUG d.m.q.protocol.NfsTransferProtocol - performNfsDownload: resolved source path=C:\Users\mraysmit\AppData\Local\Temp\junit3131778958339671445\fileserver\data\missing.txt
[INFO] Tests run: 6, Failures: 0, Errors: 0, Skipped: 0, Time elapsed: 0.212 s -- in dev.mars.quorus.protocol.NfsTransferProtocolTest$DownloadTransfers
[INFO] Running dev.mars.quorus.protocol.NfsTransferProtocolTest$MountPathResolution
11:55:27.773 [main] DEBUG d.m.q.protocol.NfsTransferProtocol - NfsTransferProtocol initialized with mountRoot=C:\Users\mraysmit\AppData\Local\Temp\junit12230021791140536130
11:55:27.774 [main] DEBUG d.m.q.protocol.NfsTransferProtocol - resolveNfsMountPath: NfsConnectionInfo{host='server', port=-1, exportPath='export', filePath=''} -> C:\Users\mraysmit\AppData\Local\Temp\junit12230021791140536130\server\export
11:55:27.779 [main] DEBUG d.m.q.protocol.NfsTransferProtocol - NfsTransferProtocol initialized with mountRoot=C:\Users\mraysmit\AppData\Local\Temp\junit16996410115976757949
11:55:27.779 [main] DEBUG d.m.q.protocol.NfsTransferProtocol - resolveNfsMountPath: NfsConnectionInfo{host='fileserver', port=-1, exportPath='data', filePath='/reports/q1.csv'} -> C:\Users\mraysmit\AppData\Local\Temp\junit16996410115976757949\fileserver\data\reports\q1.csv
[INFO] Tests run: 2, Failures: 0, Errors: 0, Skipped: 0, Time elapsed: 0.012 s -- in dev.mars.quorus.protocol.NfsTransferProtocolTest$MountPathResolution
[INFO] Running dev.mars.quorus.protocol.NfsTransferProtocolTest$UriParsing
11:55:27.786 [main] DEBUG d.m.q.protocol.NfsTransferProtocol - NfsTransferProtocol initialized with mountRoot=C:\Users\mraysmit\AppData\Local\Temp\junit17988049190611019158
11:55:27.788 [main] DEBUG d.m.q.protocol.NfsTransferProtocol - parseNfsUri: parsing URI=smb://server/share/file.txt
11:55:27.793 [main] DEBUG d.m.q.protocol.NfsTransferProtocol - NfsTransferProtocol initialized with mountRoot=C:\Users\mraysmit\AppData\Local\Temp\junit5624090747196262796
11:55:27.795 [main] DEBUG d.m.q.protocol.NfsTransferProtocol - parseNfsUri: parsing URI=nfs:///export/file.txt
11:55:27.799 [main] DEBUG d.m.q.protocol.NfsTransferProtocol - NfsTransferProtocol initialized with mountRoot=C:\Users\mraysmit\AppData\Local\Temp\junit1342561330717612426
11:55:27.800 [main] DEBUG d.m.q.protocol.NfsTransferProtocol - parseNfsUri: parsing URI=nfs://server
11:55:27.803 [main] DEBUG d.m.q.protocol.NfsTransferProtocol - NfsTransferProtocol initialized with mountRoot=C:\Users\mraysmit\AppData\Local\Temp\junit6339188784807969524
11:55:27.804 [main] DEBUG d.m.q.protocol.NfsTransferProtocol - parseNfsUri: parsing URI=nfs://server/export/a/b/c/d/file.dat
11:55:27.804 [main] DEBUG d.m.q.protocol.NfsTransferProtocol - parseNfsUri: created connectionInfo=NfsConnectionInfo{host='server', port=-1, exportPath='export', filePath='/a/b/c/d/file.dat'}
11:55:27.808 [main] DEBUG d.m.q.protocol.NfsTransferProtocol - NfsTransferProtocol initialized with mountRoot=C:\Users\mraysmit\AppData\Local\Temp\junit3292822288696808445
11:55:27.809 [main] DEBUG d.m.q.protocol.NfsTransferProtocol - parseNfsUri: parsing URI=nfs://server/data/file.txt
11:55:27.809 [main] DEBUG d.m.q.protocol.NfsTransferProtocol - parseNfsUri: created connectionInfo=NfsConnectionInfo{host='server', port=-1, exportPath='data', filePath='/file.txt'}
11:55:27.812 [main] DEBUG d.m.q.protocol.NfsTransferProtocol - NfsTransferProtocol initialized with mountRoot=C:\Users\mraysmit\AppData\Local\Temp\junit18432885415418754422
11:55:27.813 [main] DEBUG d.m.q.protocol.NfsTransferProtocol - parseNfsUri: parsing URI=nfs://server/export
11:55:27.813 [main] DEBUG d.m.q.protocol.NfsTransferProtocol - parseNfsUri: created connectionInfo=NfsConnectionInfo{host='server', port=-1, exportPath='export', filePath=''}
11:55:27.816 [main] DEBUG d.m.q.protocol.NfsTransferProtocol - NfsTransferProtocol initialized with mountRoot=C:\Users\mraysmit\AppData\Local\Temp\junit5189081769083803045
11:55:27.817 [main] DEBUG d.m.q.protocol.NfsTransferProtocol - parseNfsUri: parsing URI=nfs://fileserver:2049/data/file.txt
11:55:27.817 [main] DEBUG d.m.q.protocol.NfsTransferProtocol - parseNfsUri: created connectionInfo=NfsConnectionInfo{host='fileserver', port=2049, exportPath='data', filePath='/file.txt'}
11:55:27.820 [main] DEBUG d.m.q.protocol.NfsTransferProtocol - NfsTransferProtocol initialized with mountRoot=C:\Users\mraysmit\AppData\Local\Temp\junit14023265781566257193
11:55:27.820 [main] DEBUG d.m.q.protocol.NfsTransferProtocol - parseNfsUri: parsing URI=nfs://fileserver/data/reports/q1.csv
11:55:27.820 [main] DEBUG d.m.q.protocol.NfsTransferProtocol - parseNfsUri: created connectionInfo=NfsConnectionInfo{host='fileserver', port=-1, exportPath='data', filePath='/reports/q1.csv'}
[INFO] Tests run: 8, Failures: 0, Errors: 0, Skipped: 0, Time elapsed: 0.038 s -- in dev.mars.quorus.protocol.NfsTransferProtocolTest$UriParsing
[INFO] Running dev.mars.quorus.protocol.NfsTransferProtocolTest$CanHandle
11:55:27.828 [main] DEBUG d.m.q.protocol.NfsTransferProtocol - NfsTransferProtocol initialized with mountRoot=C:\Users\mraysmit\AppData\Local\Temp\junit18434586035210315801
11:55:27.829 [main] DEBUG d.m.q.protocol.NfsTransferProtocol - canHandle: checking request=4b0891ee-70ad-416e-a272-a326bb11962d
11:55:27.829 [main] DEBUG d.m.q.protocol.NfsTransferProtocol - canHandle: direction=DOWNLOAD (Remote -> Local)
11:55:27.829 [main] DEBUG d.m.q.protocol.NfsTransferProtocol - canHandle: DOWNLOAD - sourceScheme=nfs
11:55:27.829 [main] DEBUG d.m.q.protocol.NfsTransferProtocol - canHandle: returning true for NFS download
11:55:27.832 [main] DEBUG d.m.q.protocol.NfsTransferProtocol - NfsTransferProtocol initialized with mountRoot=C:\Users\mraysmit\AppData\Local\Temp\junit7622114646824655281
11:55:27.833 [main] DEBUG d.m.q.protocol.NfsTransferProtocol - canHandle: checking request=null
11:55:27.833 [main] DEBUG d.m.q.protocol.NfsTransferProtocol - canHandle: returning false - request or sourceUri is null
11:55:27.836 [main] DEBUG d.m.q.protocol.NfsTransferProtocol - NfsTransferProtocol initialized with mountRoot=C:\Users\mraysmit\AppData\Local\Temp\junit12400862985874335145
11:55:27.837 [main] DEBUG d.m.q.protocol.NfsTransferProtocol - canHandle: checking request=e593c73b-f1e7-4415-b809-60bbe77b8b5d
11:55:27.837 [main] DEBUG d.m.q.protocol.NfsTransferProtocol - canHandle: direction=DOWNLOAD (Remote -> Local)
11:55:27.837 [main] DEBUG d.m.q.protocol.NfsTransferProtocol - canHandle: DOWNLOAD - sourceScheme=http
11:55:27.837 [main] DEBUG d.m.q.protocol.NfsTransferProtocol - canHandle: returning false for NFS download
11:55:27.840 [main] DEBUG d.m.q.protocol.NfsTransferProtocol - NfsTransferProtocol initialized with mountRoot=C:\Users\mraysmit\AppData\Local\Temp\junit17643079321054107540
11:55:27.841 [main] DEBUG d.m.q.protocol.NfsTransferProtocol - canHandle: checking request=f3e6b4e3-e222-4c82-953a-1715094cad70
11:55:27.842 [main] DEBUG d.m.q.protocol.NfsTransferProtocol - canHandle: direction=DOWNLOAD (Remote -> Local)
11:55:27.842 [main] DEBUG d.m.q.protocol.NfsTransferProtocol - canHandle: DOWNLOAD - sourceScheme=nfs
11:55:27.842 [main] DEBUG d.m.q.protocol.NfsTransferProtocol - canHandle: returning true for NFS download
11:55:27.845 [main] DEBUG d.m.q.protocol.NfsTransferProtocol - NfsTransferProtocol initialized with mountRoot=C:\Users\mraysmit\AppData\Local\Temp\junit16308600590977099915
11:55:27.850 [main] DEBUG d.m.q.protocol.NfsTransferProtocol - NfsTransferProtocol initialized with mountRoot=C:\Users\mraysmit\AppData\Local\Temp\junit15065179878199029855
11:55:27.851 [main] DEBUG d.m.q.protocol.NfsTransferProtocol - canHandle: checking request=350b427c-668c-4fc8-a731-c8f3b90e8f13
11:55:27.851 [main] DEBUG d.m.q.protocol.NfsTransferProtocol - canHandle: direction=UPLOAD (Local -> Remote)
11:55:27.851 [main] DEBUG d.m.q.protocol.NfsTransferProtocol - canHandle: UPLOAD - destScheme=nfs
11:55:27.851 [main] DEBUG d.m.q.protocol.NfsTransferProtocol - canHandle: returning true for NFS upload
11:55:27.856 [main] DEBUG d.m.q.protocol.NfsTransferProtocol - NfsTransferProtocol initialized with mountRoot=C:\Users\mraysmit\AppData\Local\Temp\junit6871537856894544843
11:55:27.859 [main] DEBUG d.m.q.protocol.NfsTransferProtocol - canHandle: checking request=be8070be-6f58-4bbc-9f34-9e680a27ddb0
11:55:27.860 [main] DEBUG d.m.q.protocol.NfsTransferProtocol - canHandle: direction=DOWNLOAD (Remote -> Local)
11:55:27.860 [main] DEBUG d.m.q.protocol.NfsTransferProtocol - canHandle: DOWNLOAD - sourceScheme=smb
11:55:27.860 [main] DEBUG d.m.q.protocol.NfsTransferProtocol - canHandle: returning false for NFS download
[INFO] Tests run: 7, Failures: 0, Errors: 0, Skipped: 0, Time elapsed: 0.040 s -- in dev.mars.quorus.protocol.NfsTransferProtocolTest$CanHandle
[INFO] Running dev.mars.quorus.protocol.NfsTransferProtocolTest$ProtocolMetadata
11:55:27.868 [main] DEBUG d.m.q.protocol.NfsTransferProtocol - NfsTransferProtocol initialized with mountRoot=C:\Users\mraysmit\AppData\Local\Temp\junit7148142599852676112
11:55:27.869 [main] DEBUG d.m.q.protocol.NfsTransferProtocol - NfsTransferProtocol initialized with mountRoot=C:\nfs
11:55:27.875 [main] DEBUG d.m.q.protocol.NfsTransferProtocol - NfsTransferProtocol initialized with mountRoot=C:\Users\mraysmit\AppData\Local\Temp\junit11977204810982254608
11:55:27.880 [main] DEBUG d.m.q.protocol.NfsTransferProtocol - NfsTransferProtocol initialized with mountRoot=C:\Users\mraysmit\AppData\Local\Temp\junit11929956070015060221
11:55:27.885 [main] DEBUG d.m.q.protocol.NfsTransferProtocol - NfsTransferProtocol initialized with mountRoot=C:\Users\mraysmit\AppData\Local\Temp\junit17879685463613589381
11:55:27.889 [main] DEBUG d.m.q.protocol.NfsTransferProtocol - NfsTransferProtocol initialized with mountRoot=C:\Users\mraysmit\AppData\Local\Temp\junit2781311340643394252
11:55:27.894 [main] DEBUG d.m.q.protocol.NfsTransferProtocol - NfsTransferProtocol initialized with mountRoot=C:\Users\mraysmit\AppData\Local\Temp\junit4875473107669900353
11:55:27.900 [main] DEBUG d.m.q.protocol.NfsTransferProtocol - NfsTransferProtocol initialized with mountRoot=C:\Users\mraysmit\AppData\Local\Temp\junit4906528430073890369
11:55:27.901 [main] DEBUG d.m.q.protocol.NfsTransferProtocol - abort: NFS transfer abort requested
11:55:27.902 [main] DEBUG d.m.q.protocol.NfsTransferProtocol - abort: NFS abort relies on thread interruption
[INFO] Tests run: 7, Failures: 0, Errors: 0, Skipped: 0, Time elapsed: 0.039 s -- in dev.mars.quorus.protocol.NfsTransferProtocolTest$ProtocolMetadata
[INFO] Tests run: 0, Failures: 0, Errors: 0, Skipped: 0, Time elapsed: 0.727 s -- in dev.mars.quorus.protocol.NfsTransferProtocolTest
[INFO] Running dev.mars.quorus.protocol.SftpTransferProtocolTest
11:55:27.911 [main] DEBUG d.m.q.protocol.SftpTransferProtocol - canHandle: checking request=null
11:55:27.911 [main] DEBUG d.m.q.protocol.SftpTransferProtocol - canHandle: returning false - request or sourceUri is null
11:55:27.917 [main] DEBUG d.m.q.protocol.SftpTransferProtocol - canHandle: checking request=040a8dde-8e4f-465a-a50f-610f698ff366
11:55:27.917 [main] DEBUG d.m.q.protocol.SftpTransferProtocol - canHandle: sourceScheme=sftp
11:55:27.917 [main] DEBUG d.m.q.protocol.SftpTransferProtocol - canHandle: returning true - SFTP download detected
11:55:27.922 [main] DEBUG d.m.q.protocol.SftpTransferProtocol - canHandle: checking request=test-port-edge
11:55:27.922 [main] DEBUG d.m.q.protocol.SftpTransferProtocol - canHandle: sourceScheme=sftp
11:55:27.922 [main] DEBUG d.m.q.protocol.SftpTransferProtocol - canHandle: returning true - SFTP download detected
11:55:27.934 [main] DEBUG d.m.q.protocol.SftpTransferProtocol - canHandle: checking request=66675046-fd94-4b14-89aa-f1c8c46b8f21
11:55:27.934 [main] DEBUG d.m.q.protocol.SftpTransferProtocol - canHandle: sourceScheme=http
11:55:27.934 [main] DEBUG d.m.q.protocol.SftpTransferProtocol - canHandle: destScheme=file
11:55:27.934 [main] DEBUG d.m.q.protocol.SftpTransferProtocol - canHandle: returning false - not an SFTP transfer
11:55:27.940 [main] DEBUG d.m.q.protocol.SftpTransferProtocol - canHandle: checking request=bc377ccc-280f-403b-b208-c13593f15d4e
11:55:27.941 [main] DEBUG d.m.q.protocol.SftpTransferProtocol - canHandle: sourceScheme=ftp
11:55:27.941 [main] DEBUG d.m.q.protocol.SftpTransferProtocol - canHandle: destScheme=file
11:55:27.941 [main] DEBUG d.m.q.protocol.SftpTransferProtocol - canHandle: returning false - not an SFTP transfer
[INFO] Tests run: 12, Failures: 0, Errors: 0, Skipped: 0, Time elapsed: 0.046 s -- in dev.mars.quorus.protocol.SftpTransferProtocolTest
[INFO] Running dev.mars.quorus.protocol.SmbTransferProtocolTest
11:55:27.958 [main] DEBUG d.m.q.protocol.SmbTransferProtocol - canHandle: checking request=55af873e-34d8-40c8-ac25-70a4fa8e0fda
11:55:27.959 [main] DEBUG d.m.q.protocol.SmbTransferProtocol - canHandle: direction=DOWNLOAD (Remote -> Local)
11:55:27.959 [main] DEBUG d.m.q.protocol.SmbTransferProtocol - canHandle: DOWNLOAD - sourceScheme=smb
11:55:27.959 [main] DEBUG d.m.q.protocol.SmbTransferProtocol - canHandle: returning true for SMB download
11:55:27.962 [main] DEBUG d.m.q.protocol.SmbTransferProtocol - canHandle: checking request=null
11:55:27.962 [main] DEBUG d.m.q.protocol.SmbTransferProtocol - canHandle: returning false - request or sourceUri is null
11:55:27.965 [main] WARN  d.m.q.testing.ExpectsErrorExtension - 
========================================================================
  EXPECTED ERROR TEST: testNestedSharePath
  Reason: UNC nested path -- no SMB server
  Errors below are INTENTIONAL -- testing error handling paths
========================================================================
11:55:27.966 [main] DEBUG d.m.q.protocol.SmbTransferProtocol - canHandle: checking request=test-nested
11:55:27.966 [main] DEBUG d.m.q.protocol.SmbTransferProtocol - canHandle: direction=DOWNLOAD (Remote -> Local)
11:55:27.966 [main] DEBUG d.m.q.protocol.SmbTransferProtocol - canHandle: DOWNLOAD - sourceScheme=smb
11:55:27.967 [main] DEBUG d.m.q.protocol.SmbTransferProtocol - canHandle: returning true for SMB download
11:55:27.967 [main] INFO  d.m.q.protocol.SmbTransferProtocol - Starting SMB transfer: jobId=test-job-123, isUpload=false
11:55:27.967 [main] DEBUG d.m.q.protocol.SmbTransferProtocol - Transfer details: sourceUri=smb://127.0.0.1/share/dir1/dir2/dir3/file.txt, destinationUri=file:///C:/Users/mraysmit/AppData/Local/Temp/junit12390391964943911046/file.txt
11:55:27.967 [main] DEBUG d.m.q.protocol.SmbTransferProtocol - transfer: progress tracker initialized
11:55:27.967 [main] DEBUG d.m.q.protocol.SmbTransferProtocol - Routing to SMB download handler
11:55:27.967 [main] DEBUG d.m.q.protocol.SmbTransferProtocol - performSmbDownload: starting for requestId=test-nested
11:55:27.967 [main] INFO  d.m.q.protocol.SmbTransferProtocol - Starting SMB download: smb://127.0.0.1/share/dir1/dir2/dir3/file.txt -> C:\Users\mraysmit\AppData\Local\Temp\junit12390391964943911046\file.txt
11:55:27.967 [main] DEBUG d.m.q.protocol.SmbTransferProtocol - parseSmbUri: parsing URI=smb://127.0.0.1/share/dir1/dir2/dir3/file.txt
11:55:27.968 [main] DEBUG d.m.q.protocol.SmbTransferProtocol - parseSmbUri: created connectionInfo=SmbConnectionInfo{host='127.0.0.1', path='/share/dir1/dir2/dir3/file.txt', domain='null', hasAuth=false}
11:55:27.973 [main] DEBUG d.m.q.protocol.SmbTransferProtocol - performSmbDownload: parsed connection info - host=127.0.0.1, path=/share/dir1/dir2/dir3/file.txt, hasAuth=false
11:55:27.973 [main] DEBUG d.m.q.protocol.SmbTransferProtocol - performSmbDownload: converting to UNC path
11:55:27.973 [main] DEBUG d.m.q.protocol.SmbTransferProtocol - convertToUncPath: converting SMB path for host=127.0.0.1, path=/share/dir1/dir2/dir3/file.txt
11:55:27.974 [main] DEBUG d.m.q.protocol.SmbTransferProtocol - Converting SMB URI to UNC path: \\127.0.0.1\share\dir1\dir2\dir3\file.txt
11:55:27.974 [main] DEBUG d.m.q.protocol.SmbTransferProtocol - convertToUncPath: conversion successful, path=\\127.0.0.1\share\dir1\dir2\dir3\file.txt
11:55:27.974 [main] DEBUG d.m.q.protocol.SmbTransferProtocol - performSmbDownload: UNC path=\\127.0.0.1\share\dir1\dir2\dir3\file.txt
11:55:27.974 [main] DEBUG d.m.q.protocol.SmbTransferProtocol - performSmbDownload: destination directory ensured
11:55:27.974 [main] DEBUG d.m.q.protocol.SmbTransferProtocol - performSmbDownload: starting file transfer
11:55:27.974 [main] DEBUG d.m.q.protocol.SmbTransferProtocol - transferFile: starting - source=\\127.0.0.1\share\dir1\dir2\dir3\file.txt, destination=C:\Users\mraysmit\AppData\Local\Temp\junit12390391964943911046\file.txt
11:55:27.987 [main] ERROR d.m.q.protocol.SmbTransferProtocol - [QUORUS-1301] SMB download failed: requestId=test-nested, error=\\127.0.0.1\share\dir1\dir2\dir3\file.txt: The network name cannot be found
11:55:27.987 [main] DEBUG d.m.q.protocol.SmbTransferProtocol - SMB download exception details for request: test-nested
java.nio.file.FileSystemException: \\127.0.0.1\share\dir1\dir2\dir3\file.txt: The network name cannot be found
	at java.base/sun.nio.fs.WindowsException.translateToIOException(WindowsException.java:92)
11:55:27.988 [main] WARN  d.m.q.testing.ExpectsErrorExtension - 
========================================================================
  END EXPECTED ERROR TEST: testNestedSharePath -- PASSED
========================================================================
11:55:27.993 [main] DEBUG d.m.q.protocol.SmbTransferProtocol - canHandle: checking request=061dae71-8a04-46c5-b47c-a73e00313108
11:55:27.993 [main] DEBUG d.m.q.protocol.SmbTransferProtocol - canHandle: direction=DOWNLOAD (Remote -> Local)
11:55:27.994 [main] DEBUG d.m.q.protocol.SmbTransferProtocol - canHandle: DOWNLOAD - sourceScheme=cifs
11:55:27.994 [main] DEBUG d.m.q.protocol.SmbTransferProtocol - canHandle: returning true for SMB download
11:55:27.998 [main] DEBUG d.m.q.protocol.SmbTransferProtocol - canHandle: checking request=test-invalid-scheme
11:55:28.000 [main] DEBUG d.m.q.protocol.SmbTransferProtocol - canHandle: direction=DOWNLOAD (Remote -> Local)
11:55:28.000 [main] DEBUG d.m.q.protocol.SmbTransferProtocol - canHandle: DOWNLOAD - sourceScheme=invalid
11:55:28.000 [main] DEBUG d.m.q.protocol.SmbTransferProtocol - canHandle: returning false for SMB download
11:55:28.006 [main] DEBUG d.m.q.protocol.SmbTransferProtocol - canHandle: checking request=test-cifs-scheme
11:55:28.006 [main] DEBUG d.m.q.protocol.SmbTransferProtocol - canHandle: direction=DOWNLOAD (Remote -> Local)
11:55:28.006 [main] DEBUG d.m.q.protocol.SmbTransferProtocol - canHandle: DOWNLOAD - sourceScheme=cifs
11:55:28.006 [main] DEBUG d.m.q.protocol.SmbTransferProtocol - canHandle: returning true for SMB download
11:55:28.019 [main] WARN  d.m.q.testing.ExpectsErrorExtension - 
========================================================================
  EXPECTED ERROR TEST: testChecksumHandling
  Reason: UNC path with checksum -- no SMB server
  Errors below are INTENTIONAL -- testing error handling paths
========================================================================
11:55:28.020 [main] DEBUG d.m.q.protocol.SmbTransferProtocol - canHandle: checking request=test-checksum
11:55:28.021 [main] DEBUG d.m.q.protocol.SmbTransferProtocol - canHandle: direction=DOWNLOAD (Remote -> Local)
11:55:28.021 [main] DEBUG d.m.q.protocol.SmbTransferProtocol - canHandle: DOWNLOAD - sourceScheme=smb
11:55:28.021 [main] DEBUG d.m.q.protocol.SmbTransferProtocol - canHandle: returning true for SMB download
11:55:28.021 [main] INFO  d.m.q.protocol.SmbTransferProtocol - Starting SMB transfer: jobId=test-job-123, isUpload=false
11:55:28.021 [main] DEBUG d.m.q.protocol.SmbTransferProtocol - Transfer details: sourceUri=smb://127.0.0.1/share/file.txt, destinationUri=file:///C:/Users/mraysmit/AppData/Local/Temp/junit3374417476912499078/testfile.txt
11:55:28.021 [main] DEBUG d.m.q.protocol.SmbTransferProtocol - transfer: progress tracker initialized
11:55:28.021 [main] DEBUG d.m.q.protocol.SmbTransferProtocol - Routing to SMB download handler
11:55:28.021 [main] DEBUG d.m.q.protocol.SmbTransferProtocol - performSmbDownload: starting for requestId=test-checksum
11:55:28.021 [main] INFO  d.m.q.protocol.SmbTransferProtocol - Starting SMB download: smb://127.0.0.1/share/file.txt -> C:\Users\mraysmit\AppData\Local\Temp\junit3374417476912499078\testfile.txt
11:55:28.022 [main] DEBUG d.m.q.protocol.SmbTransferProtocol - parseSmbUri: parsing URI=smb://127.0.0.1/share/file.txt
11:55:28.022 [main] DEBUG d.m.q.protocol.SmbTransferProtocol - parseSmbUri: created connectionInfo=SmbConnectionInfo{host='127.0.0.1', path='/share/file.txt', domain='null', hasAuth=false}
11:55:28.022 [main] DEBUG d.m.q.protocol.SmbTransferProtocol - performSmbDownload: parsed connection info - host=127.0.0.1, path=/share/file.txt, hasAuth=false
11:55:28.022 [main] DEBUG d.m.q.protocol.SmbTransferProtocol - performSmbDownload: converting to UNC path
11:55:28.022 [main] DEBUG d.m.q.protocol.SmbTransferProtocol - convertToUncPath: converting SMB path for host=127.0.0.1, path=/share/file.txt
11:55:28.022 [main] DEBUG d.m.q.protocol.SmbTransferProtocol - Converting SMB URI to UNC path: \\127.0.0.1\share\file.txt
11:55:28.022 [main] DEBUG d.m.q.protocol.SmbTransferProtocol - convertToUncPath: conversion successful, path=\\127.0.0.1\share\file.txt
11:55:28.022 [main] DEBUG d.m.q.protocol.SmbTransferProtocol - performSmbDownload: UNC path=\\127.0.0.1\share\file.txt
11:55:28.022 [main] DEBUG d.m.q.protocol.SmbTransferProtocol - performSmbDownload: destination directory ensured
11:55:28.022 [main] DEBUG d.m.q.protocol.SmbTransferProtocol - performSmbDownload: starting file transfer
11:55:28.022 [main] DEBUG d.m.q.protocol.SmbTransferProtocol - transferFile: starting - source=\\127.0.0.1\share\file.txt, destination=C:\Users\mraysmit\AppData\Local\Temp\junit3374417476912499078\testfile.txt
11:55:28.026 [main] ERROR d.m.q.protocol.SmbTransferProtocol - [QUORUS-1301] SMB download failed: requestId=test-checksum, error=\\127.0.0.1\share\file.txt: The network name cannot be found
11:55:28.027 [main] DEBUG d.m.q.protocol.SmbTransferProtocol - SMB download exception details for request: test-checksum
java.nio.file.FileSystemException: \\127.0.0.1\share\file.txt: The network name cannot be found
	at java.base/sun.nio.fs.WindowsException.translateToIOException(WindowsException.java:92)
11:55:28.029 [main] WARN  d.m.q.testing.ExpectsErrorExtension - 
========================================================================
  END EXPECTED ERROR TEST: testChecksumHandling -- PASSED
========================================================================
11:55:28.034 [main] WARN  d.m.q.testing.ExpectsErrorExtension - 
========================================================================
  EXPECTED ERROR TEST: testTransferExceptionContainsRequestId
  Reason: UNC path not found -- verifies exception contains SMB context
  Errors below are INTENTIONAL -- testing error handling paths
========================================================================
11:55:28.035 [main] INFO  d.m.q.protocol.SmbTransferProtocol - Starting SMB transfer: jobId=test-job-123, isUpload=false
11:55:28.035 [main] DEBUG d.m.q.protocol.SmbTransferProtocol - Transfer details: sourceUri=smb://127.0.0.1/share/file.txt, destinationUri=file:///C:/Users/mraysmit/AppData/Local/Temp/junit8175955128191669214/testfile.txt
11:55:28.035 [main] DEBUG d.m.q.protocol.SmbTransferProtocol - transfer: progress tracker initialized
11:55:28.035 [main] DEBUG d.m.q.protocol.SmbTransferProtocol - Routing to SMB download handler
11:55:28.035 [main] DEBUG d.m.q.protocol.SmbTransferProtocol - performSmbDownload: starting for requestId=test-exception-id
11:55:28.035 [main] INFO  d.m.q.protocol.SmbTransferProtocol - Starting SMB download: smb://127.0.0.1/share/file.txt -> C:\Users\mraysmit\AppData\Local\Temp\junit8175955128191669214\testfile.txt
11:55:28.035 [main] DEBUG d.m.q.protocol.SmbTransferProtocol - parseSmbUri: parsing URI=smb://127.0.0.1/share/file.txt
11:55:28.035 [main] DEBUG d.m.q.protocol.SmbTransferProtocol - parseSmbUri: created connectionInfo=SmbConnectionInfo{host='127.0.0.1', path='/share/file.txt', domain='null', hasAuth=false}
11:55:28.036 [main] DEBUG d.m.q.protocol.SmbTransferProtocol - performSmbDownload: parsed connection info - host=127.0.0.1, path=/share/file.txt, hasAuth=false
11:55:28.036 [main] DEBUG d.m.q.protocol.SmbTransferProtocol - performSmbDownload: converting to UNC path
11:55:28.036 [main] DEBUG d.m.q.protocol.SmbTransferProtocol - convertToUncPath: converting SMB path for host=127.0.0.1, path=/share/file.txt
11:55:28.036 [main] DEBUG d.m.q.protocol.SmbTransferProtocol - Converting SMB URI to UNC path: \\127.0.0.1\share\file.txt
11:55:28.036 [main] DEBUG d.m.q.protocol.SmbTransferProtocol - convertToUncPath: conversion successful, path=\\127.0.0.1\share\file.txt
11:55:28.036 [main] DEBUG d.m.q.protocol.SmbTransferProtocol - performSmbDownload: UNC path=\\127.0.0.1\share\file.txt
11:55:28.037 [main] DEBUG d.m.q.protocol.SmbTransferProtocol - performSmbDownload: destination directory ensured
11:55:28.037 [main] DEBUG d.m.q.protocol.SmbTransferProtocol - performSmbDownload: starting file transfer
11:55:28.037 [main] DEBUG d.m.q.protocol.SmbTransferProtocol - transferFile: starting - source=\\127.0.0.1\share\file.txt, destination=C:\Users\mraysmit\AppData\Local\Temp\junit8175955128191669214\testfile.txt
11:55:28.039 [main] ERROR d.m.q.protocol.SmbTransferProtocol - [QUORUS-1301] SMB download failed: requestId=test-exception-id, error=\\127.0.0.1\share\file.txt: The network name cannot be found
11:55:28.039 [main] DEBUG d.m.q.protocol.SmbTransferProtocol - SMB download exception details for request: test-exception-id
java.nio.file.FileSystemException: \\127.0.0.1\share\file.txt: The network name cannot be found
	at java.base/sun.nio.fs.WindowsException.translateToIOException(WindowsException.java:92)
11:55:28.041 [main] WARN  d.m.q.testing.ExpectsErrorExtension - 
========================================================================
  END EXPECTED ERROR TEST: testTransferExceptionContainsRequestId -- PASSED
========================================================================
11:55:28.048 [main] DEBUG d.m.q.protocol.SmbTransferProtocol - canHandle: checking request=test-unc-conversion
11:55:28.049 [main] DEBUG d.m.q.protocol.SmbTransferProtocol - canHandle: direction=DOWNLOAD (Remote -> Local)
11:55:28.049 [main] DEBUG d.m.q.protocol.SmbTransferProtocol - canHandle: DOWNLOAD - sourceScheme=smb
11:55:28.049 [main] DEBUG d.m.q.protocol.SmbTransferProtocol - canHandle: returning true for SMB download
11:55:28.055 [main] WARN  d.m.q.testing.ExpectsErrorExtension - 
========================================================================
  EXPECTED ERROR TEST: testSmbPathWithSpaces
  Reason: UNC path with spaces -- no SMB server
  Errors below are INTENTIONAL -- testing error handling paths
========================================================================
11:55:28.056 [main] DEBUG d.m.q.protocol.SmbTransferProtocol - canHandle: checking request=test-spaces
11:55:28.056 [main] DEBUG d.m.q.protocol.SmbTransferProtocol - canHandle: direction=DOWNLOAD (Remote -> Local)
11:55:28.056 [main] DEBUG d.m.q.protocol.SmbTransferProtocol - canHandle: DOWNLOAD - sourceScheme=smb
11:55:28.056 [main] DEBUG d.m.q.protocol.SmbTransferProtocol - canHandle: returning true for SMB download
11:55:28.057 [main] INFO  d.m.q.protocol.SmbTransferProtocol - Starting SMB transfer: jobId=test-job-123, isUpload=false
11:55:28.058 [main] DEBUG d.m.q.protocol.SmbTransferProtocol - Transfer details: sourceUri=smb://127.0.0.1/share/folder%20name/file%20name.txt, destinationUri=file:///C:/Users/mraysmit/AppData/Local/Temp/junit9762461568423993283/file.txt
11:55:28.058 [main] DEBUG d.m.q.protocol.SmbTransferProtocol - transfer: progress tracker initialized
11:55:28.058 [main] DEBUG d.m.q.protocol.SmbTransferProtocol - Routing to SMB download handler
11:55:28.058 [main] DEBUG d.m.q.protocol.SmbTransferProtocol - performSmbDownload: starting for requestId=test-spaces
11:55:28.058 [main] INFO  d.m.q.protocol.SmbTransferProtocol - Starting SMB download: smb://127.0.0.1/share/folder%20name/file%20name.txt -> C:\Users\mraysmit\AppData\Local\Temp\junit9762461568423993283\file.txt
11:55:28.058 [main] DEBUG d.m.q.protocol.SmbTransferProtocol - parseSmbUri: parsing URI=smb://127.0.0.1/share/folder%20name/file%20name.txt
11:55:28.058 [main] DEBUG d.m.q.protocol.SmbTransferProtocol - parseSmbUri: created connectionInfo=SmbConnectionInfo{host='127.0.0.1', path='/share/folder name/file name.txt', domain='null', hasAuth=false}
11:55:28.058 [main] DEBUG d.m.q.protocol.SmbTransferProtocol - performSmbDownload: parsed connection info - host=127.0.0.1, path=/share/folder name/file name.txt, hasAuth=false
11:55:28.058 [main] DEBUG d.m.q.protocol.SmbTransferProtocol - performSmbDownload: converting to UNC path
11:55:28.058 [main] DEBUG d.m.q.protocol.SmbTransferProtocol - convertToUncPath: converting SMB path for host=127.0.0.1, path=/share/folder name/file name.txt
11:55:28.058 [main] DEBUG d.m.q.protocol.SmbTransferProtocol - Converting SMB URI to UNC path: \\127.0.0.1\share\folder name\file name.txt
11:55:28.058 [main] DEBUG d.m.q.protocol.SmbTransferProtocol - convertToUncPath: conversion successful, path=\\127.0.0.1\share\folder name\file name.txt
11:55:28.058 [main] DEBUG d.m.q.protocol.SmbTransferProtocol - performSmbDownload: UNC path=\\127.0.0.1\share\folder name\file name.txt
11:55:28.059 [main] DEBUG d.m.q.protocol.SmbTransferProtocol - performSmbDownload: destination directory ensured
11:55:28.059 [main] DEBUG d.m.q.protocol.SmbTransferProtocol - performSmbDownload: starting file transfer
11:55:28.059 [main] DEBUG d.m.q.protocol.SmbTransferProtocol - transferFile: starting - source=\\127.0.0.1\share\folder name\file name.txt, destination=C:\Users\mraysmit\AppData\Local\Temp\junit9762461568423993283\file.txt
11:55:28.062 [main] ERROR d.m.q.protocol.SmbTransferProtocol - [QUORUS-1301] SMB download failed: requestId=test-spaces, error=\\127.0.0.1\share\folder name\file name.txt: The network name cannot be found
11:55:28.062 [main] DEBUG d.m.q.protocol.SmbTransferProtocol - SMB download exception details for request: test-spaces
java.nio.file.FileSystemException: \\127.0.0.1\share\folder name\file name.txt: The network name cannot be found
	at java.base/sun.nio.fs.WindowsException.translateToIOException(WindowsException.java:92)
11:55:28.063 [main] WARN  d.m.q.testing.ExpectsErrorExtension - 
========================================================================
  END EXPECTED ERROR TEST: testSmbPathWithSpaces -- PASSED
========================================================================
11:55:28.066 [main] DEBUG d.m.q.protocol.SmbTransferProtocol - canHandle: checking request=9ea4434d-f3eb-4683-af06-575ce708ea39
11:55:28.067 [main] DEBUG d.m.q.protocol.SmbTransferProtocol - canHandle: direction=DOWNLOAD (Remote -> Local)
11:55:28.067 [main] DEBUG d.m.q.protocol.SmbTransferProtocol - canHandle: DOWNLOAD - sourceScheme=http
11:55:28.067 [main] DEBUG d.m.q.protocol.SmbTransferProtocol - canHandle: returning false for SMB download
11:55:28.070 [main] WARN  d.m.q.testing.ExpectsErrorExtension - 
========================================================================
  EXPECTED ERROR TEST: testTransferWithValidSmbUri
  Reason: UNC path resolve fails -- no SMB server at 127.0.0.1
  Errors below are INTENTIONAL -- testing error handling paths
========================================================================
11:55:28.072 [main] INFO  d.m.q.protocol.SmbTransferProtocol - Starting SMB transfer: jobId=test-job-123, isUpload=false
11:55:28.072 [main] DEBUG d.m.q.protocol.SmbTransferProtocol - Transfer details: sourceUri=smb://127.0.0.1/share/testfile.txt, destinationUri=file:///C:/Users/mraysmit/AppData/Local/Temp/junit2428879132466625326/testfile.txt
11:55:28.072 [main] DEBUG d.m.q.protocol.SmbTransferProtocol - transfer: progress tracker initialized
11:55:28.073 [main] DEBUG d.m.q.protocol.SmbTransferProtocol - Routing to SMB download handler
11:55:28.073 [main] DEBUG d.m.q.protocol.SmbTransferProtocol - performSmbDownload: starting for requestId=test-smb-transfer
11:55:28.073 [main] INFO  d.m.q.protocol.SmbTransferProtocol - Starting SMB download: smb://127.0.0.1/share/testfile.txt -> C:\Users\mraysmit\AppData\Local\Temp\junit2428879132466625326\testfile.txt
11:55:28.073 [main] DEBUG d.m.q.protocol.SmbTransferProtocol - parseSmbUri: parsing URI=smb://127.0.0.1/share/testfile.txt
11:55:28.073 [main] DEBUG d.m.q.protocol.SmbTransferProtocol - parseSmbUri: created connectionInfo=SmbConnectionInfo{host='127.0.0.1', path='/share/testfile.txt', domain='null', hasAuth=false}
11:55:28.073 [main] DEBUG d.m.q.protocol.SmbTransferProtocol - performSmbDownload: parsed connection info - host=127.0.0.1, path=/share/testfile.txt, hasAuth=false
11:55:28.073 [main] DEBUG d.m.q.protocol.SmbTransferProtocol - performSmbDownload: converting to UNC path
11:55:28.073 [main] DEBUG d.m.q.protocol.SmbTransferProtocol - convertToUncPath: converting SMB path for host=127.0.0.1, path=/share/testfile.txt
11:55:28.073 [main] DEBUG d.m.q.protocol.SmbTransferProtocol - Converting SMB URI to UNC path: \\127.0.0.1\share\testfile.txt
11:55:28.073 [main] DEBUG d.m.q.protocol.SmbTransferProtocol - convertToUncPath: conversion successful, path=\\127.0.0.1\share\testfile.txt
11:55:28.073 [main] DEBUG d.m.q.protocol.SmbTransferProtocol - performSmbDownload: UNC path=\\127.0.0.1\share\testfile.txt
11:55:28.074 [main] DEBUG d.m.q.protocol.SmbTransferProtocol - performSmbDownload: destination directory ensured
11:55:28.074 [main] DEBUG d.m.q.protocol.SmbTransferProtocol - performSmbDownload: starting file transfer
11:55:28.074 [main] DEBUG d.m.q.protocol.SmbTransferProtocol - transferFile: starting - source=\\127.0.0.1\share\testfile.txt, destination=C:\Users\mraysmit\AppData\Local\Temp\junit2428879132466625326\testfile.txt
11:55:28.077 [main] ERROR d.m.q.protocol.SmbTransferProtocol - [QUORUS-1301] SMB download failed: requestId=test-smb-transfer, error=\\127.0.0.1\share\testfile.txt: The network name cannot be found
11:55:28.077 [main] DEBUG d.m.q.protocol.SmbTransferProtocol - SMB download exception details for request: test-smb-transfer
java.nio.file.FileSystemException: \\127.0.0.1\share\testfile.txt: The network name cannot be found
	at java.base/sun.nio.fs.WindowsException.translateToIOException(WindowsException.java:92)
11:55:28.078 [main] WARN  d.m.q.testing.ExpectsErrorExtension - 
========================================================================
  END EXPECTED ERROR TEST: testTransferWithValidSmbUri -- PASSED
========================================================================
11:55:28.081 [main] DEBUG d.m.q.protocol.SmbTransferProtocol - canHandle: checking request=test-port
11:55:28.081 [main] DEBUG d.m.q.protocol.SmbTransferProtocol - canHandle: direction=DOWNLOAD (Remote -> Local)
11:55:28.081 [main] DEBUG d.m.q.protocol.SmbTransferProtocol - canHandle: DOWNLOAD - sourceScheme=smb
11:55:28.081 [main] DEBUG d.m.q.protocol.SmbTransferProtocol - canHandle: returning true for SMB download
[INFO] Tests run: 23, Failures: 0, Errors: 0, Skipped: 0, Time elapsed: 0.166 s -- in dev.mars.quorus.protocol.SmbTransferProtocolTest
[INFO] 
[INFO] Results:
[INFO] 
[INFO] Tests run: 79, Failures: 0, Errors: 0, Skipped: 0
[INFO] 
[INFO] 
[INFO] --- jacoco:0.8.15:report (report) @ quorus-core ---
[INFO] Loading execution data file C:\Users\mraysmit\dev\idea-projects\quorus\quorus-core\target\jacoco.exec
[INFO] Analyzed bundle 'Quorus Core' with 124 classes
[WARNING] Classes in bundle 'Quorus Core' do not match with execution data. For report generation the same class files must be used as at runtime.
[WARNING] Execution data for class dev/mars/quorus/protocol/SftpTransferProtocol$PinnedHostKeyRepository does not match.
[WARNING] Execution data for class dev/mars/quorus/connection/ConnectionValidationService does not match.
[WARNING] Execution data for class dev/mars/quorus/protocol/SftpTransferProtocol$SftpClient$2 does not match.
[WARNING] Execution data for class dev/mars/quorus/protocol/SftpTransferProtocol$SftpClient$1 does not match.
[WARNING] Execution data for class dev/mars/quorus/connection/ConnectionValidationService$Result does not match.
[WARNING] Execution data for class dev/mars/quorus/protocol/FtpTransferProtocol$DataConnectionInfo does not match.
[WARNING] Execution data for class dev/mars/quorus/connection/ConnectionValidationService$Stage does not match.
[INFO] ------------------------------------------------------------------------
[INFO] BUILD SUCCESS
[INFO] ------------------------------------------------------------------------
[INFO] Total time:  7.363 s
[INFO] Finished at: 2026-09-05T11:55:29+08:00
[INFO] ------------------------------------------------------------------------
