WARNING: A terminally deprecated method in sun.misc.Unsafe has been called
WARNING: sun.misc.Unsafe::staticFieldBase has been called by com.google.inject.internal.aop.HiddenClassDefiner (file:/C:/Users/mraysmit/scoop/apps/maven/current/lib/guice-5.1.0-classes.jar)
WARNING: Please consider reporting this to the maintainers of class com.google.inject.internal.aop.HiddenClassDefiner
WARNING: sun.misc.Unsafe::staticFieldBase will be removed in a future release
[INFO] Scanning for projects...
[INFO] 
[INFO] ---------------------< dev.mars:quorus-controller >---------------------
[INFO] Building Quorus Distributed Controller 1.0-SNAPSHOT
[INFO]   from pom.xml
[INFO] --------------------------------[ jar ]---------------------------------
[WARNING] The POM for io.github.mraysmit:raftlog-core:jar:1.2.0 is missing, no dependency information available
[INFO] ------------------------------------------------------------------------
[INFO] BUILD FAILURE
[INFO] ------------------------------------------------------------------------
[INFO] Total time:  1.263 s
[INFO] Finished at: 2026-09-05T12:00:45+08:00
[INFO] ------------------------------------------------------------------------
[ERROR] Failed to execute goal on project quorus-controller: Could not resolve dependencies for project dev.mars:quorus-controller:jar:1.0-SNAPSHOT
[ERROR] dependency: io.github.mraysmit:raftlog-core:jar:1.2.0 (compile)
[ERROR] 	Cannot access central (https://repo.maven.apache.org/maven2) in offline mode and the artifact io.github.mraysmit:raftlog-core:jar:1.2.0 has not been downloaded from it before.
[ERROR] 
[ERROR] -> [Help 1]
[ERROR] 
[ERROR] To see the full stack trace of the errors, re-run Maven with the -e switch.
[ERROR] Re-run Maven using the -X switch to enable full debug logging.
[ERROR] 
[ERROR] For more information about the errors and possible solutions, please read the following articles:
[ERROR] [Help 1] http://cwiki.apache.org/confluence/display/MAVEN/DependencyResolutionException
