WARNING: A terminally deprecated method in sun.misc.Unsafe has been called
WARNING: sun.misc.Unsafe::staticFieldBase has been called by com.google.inject.internal.aop.HiddenClassDefiner (file:/C:/Users/mraysmit/scoop/apps/maven/current/lib/guice-5.1.0-classes.jar)
WARNING: Please consider reporting this to the maintainers of class com.google.inject.internal.aop.HiddenClassDefiner
WARNING: sun.misc.Unsafe::staticFieldBase will be removed in a future release
WARNING: Final field _cipher in class org.sonatype.plexus.components.sec.dispatcher.DefaultSecDispatcher has been mutated reflectively by class org.eclipse.sisu.bean.BeanPropertyField in unnamed module @7f010382 (file:/C:/Users/mraysmit/scoop/apps/maven/current/lib/org.eclipse.sisu.inject-0.9.0.M4.jar)
WARNING: Use --enable-final-field-mutation=ALL-UNNAMED to avoid a warning
WARNING: Mutating final fields will be blocked in a future release unless final field mutation is enabled
[INFO] Scanning for projects...
[INFO] ------------------------------------------------------------------------
[INFO] Reactor Build Order:
[INFO] 
[INFO] Quorus File Transfer System                                        [pom]
[INFO] Quorus Core                                                        [jar]
[INFO] Quorus Workflow Engine                                             [jar]
[INFO] Quorus Tenant Management                                           [jar]
[INFO] Quorus Distributed Controller                                      [jar]
[INFO] 
[INFO] --------------------------< dev.mars:quorus >---------------------------
[INFO] Building Quorus File Transfer System 1.0-SNAPSHOT                  [1/5]
[INFO]   from pom.xml
[INFO] --------------------------------[ pom ]---------------------------------
[INFO] 
[INFO] --- jacoco:0.8.15:prepare-agent (prepare-agent) @ quorus ---
[INFO] Skipping JaCoCo execution because property jacoco.skip is set.
[INFO] argLine set to empty
[INFO] 
[INFO] --- jacoco:0.8.15:report (report) @ quorus ---
[INFO] Skipping JaCoCo execution because property jacoco.skip is set.
[INFO] 
[INFO] ------------------------< dev.mars:quorus-core >------------------------
[INFO] Building Quorus Core 1.0-SNAPSHOT                                  [2/5]
[INFO]   from quorus-core\pom.xml
[INFO] --------------------------------[ jar ]---------------------------------
[INFO] 
[INFO] --- jacoco:0.8.15:prepare-agent (prepare-agent) @ quorus-core ---
[INFO] Skipping JaCoCo execution because property jacoco.skip is set.
[INFO] argLine set to empty
[INFO] 
[INFO] --- resources:3.3.1:resources (default-resources) @ quorus-core ---
[INFO] Copying 1 resource from src\main\resources to target\classes
[INFO] 
[INFO] --- compiler:3.13.0:compile (default-compile) @ quorus-core ---
[INFO] Nothing to compile - all classes are up to date.
[INFO] 
[INFO] --- resources:3.3.1:testResources (default-testResources) @ quorus-core ---
[INFO] Copying 16 resources from src\test\resources to target\test-classes
[INFO] 
[INFO] --- compiler:3.13.0:testCompile (default-testCompile) @ quorus-core ---
[INFO] Nothing to compile - all classes are up to date.
[INFO] 
[INFO] --- surefire:3.2.2:test (default-test) @ quorus-core ---
[INFO] 
[INFO] --- jacoco:0.8.15:report (report) @ quorus-core ---
[INFO] Skipping JaCoCo execution because property jacoco.skip is set.
[INFO] 
[INFO] ----------------------< dev.mars:quorus-workflow >----------------------
[INFO] Building Quorus Workflow Engine 1.0-SNAPSHOT                       [3/5]
[INFO]   from quorus-workflow\pom.xml
[INFO] --------------------------------[ jar ]---------------------------------
[INFO] 
[INFO] --- jacoco:0.8.15:prepare-agent (prepare-agent) @ quorus-workflow ---
[INFO] Skipping JaCoCo execution because property jacoco.skip is set.
[INFO] argLine set to empty
[INFO] 
[INFO] --- resources:3.3.1:resources (default-resources) @ quorus-workflow ---
[INFO] Copying 1 resource from src\main\resources to target\classes
[INFO] 
[INFO] --- compiler:3.13.0:compile (default-compile) @ quorus-workflow ---
[INFO] Nothing to compile - all classes are up to date.
[INFO] 
[INFO] --- resources:3.3.1:testResources (default-testResources) @ quorus-workflow ---
[INFO] Copying 2 resources from src\test\resources to target\test-classes
[INFO] 
[INFO] --- compiler:3.13.0:testCompile (default-testCompile) @ quorus-workflow ---
[INFO] Nothing to compile - all classes are up to date.
[INFO] 
[INFO] --- surefire:3.2.2:test (default-test) @ quorus-workflow ---
[INFO] 
[INFO] --- jacoco:0.8.15:report (report) @ quorus-workflow ---
[INFO] Skipping JaCoCo execution because property jacoco.skip is set.
[INFO] 
[INFO] -----------------------< dev.mars:quorus-tenant >-----------------------
[INFO] Building Quorus Tenant Management 1.0-SNAPSHOT                     [4/5]
[INFO]   from quorus-tenant\pom.xml
[INFO] --------------------------------[ jar ]---------------------------------
[INFO] 
[INFO] --- jacoco:0.8.15:prepare-agent (prepare-agent) @ quorus-tenant ---
[INFO] Skipping JaCoCo execution because property jacoco.skip is set.
[INFO] argLine set to empty
[INFO] 
[INFO] --- resources:3.3.1:resources (default-resources) @ quorus-tenant ---
[INFO] skip non existing resourceDirectory C:\Users\mraysmit\dev\idea-projects\quorus\quorus-tenant\src\main\resources
[INFO] 
[INFO] --- compiler:3.13.0:compile (default-compile) @ quorus-tenant ---
[INFO] Nothing to compile - all classes are up to date.
[INFO] 
[INFO] --- resources:3.3.1:testResources (default-testResources) @ quorus-tenant ---
[INFO] Copying 1 resource from src\test\resources to target\test-classes
[INFO] 
[INFO] --- compiler:3.13.0:testCompile (default-testCompile) @ quorus-tenant ---
[INFO] Nothing to compile - all classes are up to date.
[INFO] 
[INFO] --- surefire:3.2.2:test (default-test) @ quorus-tenant ---
[INFO] 
[INFO] --- jacoco:0.8.15:report (report) @ quorus-tenant ---
[INFO] Skipping JaCoCo execution because property jacoco.skip is set.
[INFO] 
[INFO] ---------------------< dev.mars:quorus-controller >---------------------
[INFO] Building Quorus Distributed Controller 1.0-SNAPSHOT                [5/5]
[INFO]   from quorus-controller\pom.xml
[INFO] --------------------------------[ jar ]---------------------------------
[INFO] 
[INFO] --- jacoco:0.8.15:prepare-agent (prepare-agent) @ quorus-controller ---
[INFO] Skipping JaCoCo execution because property jacoco.skip is set.
[INFO] argLine set to empty
[INFO] 
[INFO] --- protobuf:4.1.2:generate (default) @ quorus-controller ---
[WARNING]  Parameter 'binaryMavenPlugins' is deprecated: Users should now use plugins instead. This option will be removed in v5.
[INFO] Resolving artifact "com.google.protobuf:protoc:exe:windows-x86_64:3.25.5"
[INFO] Resolving artifact "io.grpc:protoc-gen-grpc-java:exe:windows-x86_64:1.68.1"
[INFO] Registering "C:\Users\mraysmit\dev\idea-projects\quorus\quorus-controller\target\generated-sources\protobuf" as a Maven main source root for compiler plugins
[INFO] Registering "C:\Users\mraysmit\dev\idea-projects\quorus\quorus-controller\target\generated-sources\protobuf" as a Maven main source root for compiler plugins
[INFO] Found 2 proto source files and 0 descriptor files to compile, but all are up-to-date so none will be built this time
[INFO] NOTHING TO DO: There is nothing to do. If this is unexpected, review the above logs for more details.
[INFO] 
[INFO] --- resources:3.3.1:resources (default-resources) @ quorus-controller ---
[INFO] Copying 3 resources from src\main\resources to target\classes
[INFO] 
[INFO] --- compiler:3.13.0:compile (default-compile) @ quorus-controller ---
[INFO] Nothing to compile - all classes are up to date.
[INFO] 
[INFO] --- resources:3.3.1:testResources (default-testResources) @ quorus-controller ---
[INFO] Copying 12 resources from src\test\resources to target\test-classes
[INFO] 
[INFO] --- compiler:3.13.0:testCompile (default-testCompile) @ quorus-controller ---
[INFO] Recompiling the module because of changed source code.
[INFO] Compiling 78 source files with javac [debug release 27] to target\test-classes
[INFO] 
[INFO] --- surefire:3.2.2:test (default-test) @ quorus-controller ---
[INFO] Using auto detected provider org.apache.maven.surefire.junitplatform.JUnitPlatformProvider
[INFO] 
[INFO] -------------------------------------------------------
[INFO]  T E S T S
[INFO] -------------------------------------------------------
09:38:57,548 |-INFO in ch.qos.logback.classic.LoggerContext[default] - Found logback-core version 1.5.32
09:38:57,550 |-INFO in ch.qos.logback.classic.util.ContextInitializer@25846250 - No custom configurators were discovered as a service.
09:38:57,550 |-INFO in ch.qos.logback.classic.util.ContextInitializer@25846250 - Trying to configure with ch.qos.logback.classic.util.DefaultJoranConfigurator
09:38:57,550 |-INFO in ch.qos.logback.classic.util.ContextInitializer@25846250 - Constructed configurator of type class ch.qos.logback.classic.util.DefaultJoranConfigurator
09:38:57,551 |-INFO in ch.qos.logback.classic.LoggerContext[default] - Found resource [logback-test.xml] at [file:/C:/Users/mraysmit/dev/idea-projects/quorus/quorus-controller/target/test-classes/logback-test.xml]
09:38:57,552 |-WARN in ch.qos.logback.classic.util.DefaultJoranConfigurator@13f240df - Resource [logback-test.xml] occurs multiple times on the classpath.
09:38:57,552 |-WARN in ch.qos.logback.classic.util.DefaultJoranConfigurator@13f240df - Resource [logback-test.xml] occurs at [file:/C:/Users/mraysmit/dev/idea-projects/quorus/quorus-core/target/test-classes/logback-test.xml]
09:38:57,552 |-WARN in ch.qos.logback.classic.util.DefaultJoranConfigurator@13f240df - Resource [logback-test.xml] occurs at [file:/C:/Users/mraysmit/dev/idea-projects/quorus/quorus-controller/target/test-classes/logback-test.xml]
09:38:57,633 |-INFO in ch.qos.logback.classic.model.processor.ConfigurationModelHandlerFull - Scan attribute not set or set to unrecognized value.
09:38:57,638 |-INFO in ch.qos.logback.core.model.processor.ModelInterpretationContext@181242c5 - value "../test-logs/quorus-test-2026-09-27_08-38-50.log" substituted for "../test-logs/quorus-test-${testRunTimestamp}.log"
09:38:57,639 |-INFO in ch.qos.logback.core.model.processor.AppenderModelHandler - Processing appender named [CONSOLE]
09:38:57,639 |-INFO in ch.qos.logback.core.model.processor.AppenderModelHandler - About to instantiate appender of type [ch.qos.logback.core.ConsoleAppender]
09:38:57,646 |-INFO in ch.qos.logback.core.model.processor.ImplicitModelHandler - Assuming default type [ch.qos.logback.classic.encoder.PatternLayoutEncoder] for [encoder] property
09:38:57,681 |-INFO in ch.qos.logback.core.ConsoleAppender[CONSOLE] - NOTE: Writing to the console can be slow. Try to avoid logging to the 
09:38:57,681 |-INFO in ch.qos.logback.core.ConsoleAppender[CONSOLE] - console in production environments, especially in high volume systems.
09:38:57,681 |-INFO in ch.qos.logback.core.ConsoleAppender[CONSOLE] - See also https://logback.qos.ch/codes.html#slowConsole
09:38:57,682 |-INFO in ch.qos.logback.core.model.processor.AppenderModelHandler - Processing appender named [FILE]
09:38:57,682 |-INFO in ch.qos.logback.core.model.processor.AppenderModelHandler - About to instantiate appender of type [ch.qos.logback.core.FileAppender]
09:38:57,684 |-INFO in ch.qos.logback.core.model.processor.ModelInterpretationContext@181242c5 - value "../test-logs/quorus-test-2026-09-27_08-38-50.log" substituted for "../test-logs/quorus-test-${testRunTimestamp}.log"
09:38:57,686 |-INFO in ch.qos.logback.core.model.processor.ImplicitModelHandler - Assuming default type [ch.qos.logback.classic.encoder.PatternLayoutEncoder] for [encoder] property
09:38:57,687 |-INFO in ch.qos.logback.core.FileAppender[FILE] - File property is set to [../test-logs/quorus-test-2026-09-27_08-38-50.log]
09:38:57,689 |-INFO in ch.qos.logback.classic.model.processor.LoggerModelHandler - Setting level of logger [dev.mars.quorus] to DEBUG
09:38:57,689 |-INFO in ch.qos.logback.classic.model.processor.LoggerModelHandler - Setting level of logger [org.apache] to WARN
09:38:57,689 |-INFO in ch.qos.logback.classic.model.processor.LoggerModelHandler - Setting level of logger [io.vertx] to WARN
09:38:57,689 |-INFO in ch.qos.logback.classic.model.processor.LoggerModelHandler - Setting level of logger [io.netty] to WARN
09:38:57,689 |-INFO in ch.qos.logback.classic.model.processor.LoggerModelHandler - Setting level of logger [io.grpc] to WARN
09:38:57,689 |-INFO in ch.qos.logback.classic.model.processor.RootLoggerModelHandler - Setting level of ROOT logger to INFO
09:38:57,689 |-INFO in ch.qos.logback.core.model.processor.AppenderRefModelHandler - Attaching appender named [CONSOLE] to Logger[ROOT]
09:38:57,690 |-INFO in ch.qos.logback.core.model.processor.AppenderRefModelHandler - Attaching appender named [FILE] to Logger[ROOT]
09:38:57,690 |-INFO in ch.qos.logback.core.model.processor.DefaultProcessor@61b4b388 - End of configuration.
09:38:57,691 |-INFO in ch.qos.logback.classic.joran.JoranConfigurator@6724cb0c - Registering current configuration as safe fallback point
09:38:57,692 |-INFO in ch.qos.logback.classic.util.ContextInitializer@25846250 - ch.qos.logback.classic.util.DefaultJoranConfigurator.configure() call lasted 141 milliseconds. ExecutionStatus=DO_NOT_INVOKE_NEXT_IF_ANY

[INFO] Running dev.mars.quorus.controller.http.HttpApiServerHealthTest
09:38:58.121 [ForkJoinPool-1-worker-1] DEBUG d.m.q.c.state.QuorusStateStore - Initializing default metadata: version=2.0
09:38:58.151 [vert.x-eventloop-thread-0] INFO  d.m.quorus.controller.raft.RaftNode - Starting Raft node: health-test-node
09:38:58.152 [vert.x-eventloop-thread-0] INFO  d.m.quorus.controller.raft.RaftNode [FOLLOWER/0] - No storage configured, running in volatile mode
09:38:58.153 [vert.x-eventloop-thread-0] INFO  d.m.q.c.r.InMemoryTransportSimulator [FOLLOWER/0] - Started in-memory transport for node: health-test-node
09:38:58.163 [vert.x-eventloop-thread-0] INFO  d.m.quorus.controller.raft.RaftNode [FOLLOWER/0] - Raft node health-test-node started successfully (term=0, logSize=1)
09:38:58.812 [vert.x-eventloop-thread-0] INFO  d.m.quorus.controller.raft.RaftNode [FOLLOWER/0] - Starting election for node: health-test-node
09:38:58.813 [vert.x-eventloop-thread-0] DEBUG d.m.quorus.controller.raft.RaftNode [CANDIDATE/1] - Persisting raft metadata: term=1, votedForPresent=true, votedFor=health-test-node
09:38:58.819 [vert.x-eventloop-thread-0] INFO  d.m.quorus.controller.raft.RaftNode [LEADER/1] - Node health-test-node became LEADER for term 1
09:38:58.830 [vert.x-eventloop-thread-0] INFO  d.m.quorus.controller.raft.RaftNode [LEADER/1] - Command submitted at index 1 term 1
09:38:58.831 [vert.x-eventloop-thread-0] DEBUG d.m.quorus.controller.raft.RaftNode [LEADER/1] - Committed leader no-op entry for term 1
09:38:58.834 [ForkJoinPool-1-worker-1] INFO  d.m.q.controller.config.AppConfig - Loaded configuration from quorus-controller.properties
09:38:58.835 [ForkJoinPool-1-worker-1] DEBUG d.m.q.controller.config.AppConfig - Optional configuration profile quorus-controller-test.properties not found
09:38:58.835 [ForkJoinPool-1-worker-1] INFO  d.m.q.controller.config.AppConfig - === Quorus Controller Configuration ===
09:38:58.835 [ForkJoinPool-1-worker-1] INFO  d.m.q.controller.config.AppConfig -   Node ID:              test-node
09:38:58.836 [ForkJoinPool-1-worker-1] INFO  d.m.q.controller.config.AppConfig -   HTTP Host:            127.0.0.1
09:38:58.836 [ForkJoinPool-1-worker-1] INFO  d.m.q.controller.config.AppConfig -   HTTP Port:            8080
09:38:58.836 [ForkJoinPool-1-worker-1] INFO  d.m.q.controller.config.AppConfig -   Raft Port:            9080
09:38:58.836 [ForkJoinPool-1-worker-1] INFO  d.m.q.controller.config.AppConfig -   Cluster Nodes:        test-node=localhost:9080
09:38:58.837 [ForkJoinPool-1-worker-1] INFO  d.m.q.controller.config.AppConfig -   Service Name:         quorus-controller
09:38:58.837 [ForkJoinPool-1-worker-1] INFO  d.m.q.controller.config.AppConfig -   Version:              2.0-ext
09:38:58.837 [ForkJoinPool-1-worker-1] INFO  d.m.q.controller.config.AppConfig -   --- Thread Pools ---
09:38:58.837 [ForkJoinPool-1-worker-1] INFO  d.m.q.controller.config.AppConfig -   Raft I/O Pool Size:   10
09:38:58.837 [ForkJoinPool-1-worker-1] INFO  d.m.q.controller.config.AppConfig -   Raft I/O Queue Size:  1000
09:38:58.837 [ForkJoinPool-1-worker-1] INFO  d.m.q.controller.config.AppConfig -   --- Job Assignment ---
09:38:58.837 [ForkJoinPool-1-worker-1] INFO  d.m.q.controller.config.AppConfig -   Initial Delay:        5000ms
09:38:58.837 [ForkJoinPool-1-worker-1] INFO  d.m.q.controller.config.AppConfig -   Assignment Interval:  10000ms
09:38:58.837 [ForkJoinPool-1-worker-1] INFO  d.m.q.controller.config.AppConfig -   Timeout Initial:      30000ms
09:38:58.837 [ForkJoinPool-1-worker-1] INFO  d.m.q.controller.config.AppConfig -   Timeout Interval:     30000ms
09:38:58.837 [ForkJoinPool-1-worker-1] INFO  d.m.q.controller.config.AppConfig -   --- Snapshot ---
09:38:58.838 [ForkJoinPool-1-worker-1] INFO  d.m.q.controller.config.AppConfig -   Enabled:              true
09:38:58.838 [ForkJoinPool-1-worker-1] INFO  d.m.q.controller.config.AppConfig -   Threshold:            10000 entries
09:38:58.838 [ForkJoinPool-1-worker-1] INFO  d.m.q.controller.config.AppConfig -   Check Interval:       60000ms
09:38:58.838 [ForkJoinPool-1-worker-1] INFO  d.m.q.controller.config.AppConfig -   --- Telemetry ---
09:38:58.838 [ForkJoinPool-1-worker-1] INFO  d.m.q.controller.config.AppConfig -   Enabled:              true
09:38:58.838 [ForkJoinPool-1-worker-1] INFO  d.m.q.controller.config.AppConfig -   OTLP Endpoint:        http://localhost:4317
09:38:58.838 [ForkJoinPool-1-worker-1] INFO  d.m.q.controller.config.AppConfig -   Prometheus Port:      9464
09:38:58.838 [ForkJoinPool-1-worker-1] INFO  d.m.q.controller.config.AppConfig -   Transfer Freshness:   60000ms
09:38:58.838 [ForkJoinPool-1-worker-1] INFO  d.m.q.controller.config.AppConfig -   Transfer Stall:       120000ms
09:38:58.838 [ForkJoinPool-1-worker-1] INFO  d.m.q.controller.config.AppConfig - ========================================
09:38:58.894 [ForkJoinPool-1-worker-1] WARN  d.m.q.controller.http.HttpApiServer - INSECURE DEVELOPMENT MODE: HTTP TLS and request authentication are not production-ready
09:38:58.969 [vert.x-eventloop-thread-0] INFO  d.m.q.controller.http.HttpApiServer [LEADER/1] - HTTP API Server listening on 127.0.0.1:18096
[INFO] Running dev.mars.quorus.controller.http.HttpApiServerHealthTest$ApiInfoTests
09:38:59.174 [vert.x-eventloop-thread-0] DEBUG d.m.q.c.http.handlers.InfoHandler [LEADER/1] [req-5a431c7c-3193-496c-9e79-09b25881de08] - API info requested
[ERROR] Tests run: 1, Failures: 1, Errors: 0, Skipped: 0, Time elapsed: 0.278 s <<< FAILURE! -- in dev.mars.quorus.controller.http.HttpApiServerHealthTest$ApiInfoTests
[ERROR] dev.mars.quorus.controller.http.HttpApiServerHealthTest$ApiInfoTests.shouldPointToTheOpenApiContract(VertxTestContext) -- Time elapsed: 0.268 s <<< FAILURE!
java.lang.AssertionError: org.opentest4j.AssertionFailedError: expected: </api/v1/openapi.yaml> but was: <null>
	at io.vertx.junit5.VertxExtension.joinActiveTestContexts(VertxExtension.java:205)
	at io.vertx.junit5.VertxExtension.interceptTestMethod(VertxExtension.java:143)
	at org.junit.jupiter.engine.execution.InterceptingExecutableInvoker$ReflectiveInterceptorCall.lambda$ofVoidMethod$0(InterceptingExecutableInvoker.java:103)
	at org.junit.jupiter.engine.execution.InterceptingExecutableInvoker.lambda$invoke$0(InterceptingExecutableInvoker.java:93)
	at org.junit.jupiter.engine.execution.InvocationInterceptorChain$InterceptedInvocation.proceed(InvocationInterceptorChain.java:106)
	at org.junit.jupiter.engine.extension.TimeoutExtension.intercept(TimeoutExtension.java:156)
	at org.junit.jupiter.engine.extension.TimeoutExtension.interceptTestableMethod(TimeoutExtension.java:147)
	at org.junit.jupiter.engine.extension.TimeoutExtension.interceptTestMethod(TimeoutExtension.java:86)
	at org.junit.jupiter.engine.execution.InterceptingExecutableInvoker$ReflectiveInterceptorCall.lambda$ofVoidMethod$0(InterceptingExecutableInvoker.java:103)
	at org.junit.jupiter.engine.execution.InterceptingExecutableInvoker.lambda$invoke$0(InterceptingExecutableInvoker.java:93)
	at org.junit.jupiter.engine.execution.InvocationInterceptorChain$InterceptedInvocation.proceed(InvocationInterceptorChain.java:106)
	at org.junit.jupiter.engine.execution.InvocationInterceptorChain.proceed(InvocationInterceptorChain.java:64)
	at org.junit.jupiter.engine.execution.InvocationInterceptorChain.chainAndInvoke(InvocationInterceptorChain.java:45)
	at org.junit.jupiter.engine.execution.InvocationInterceptorChain.invoke(InvocationInterceptorChain.java:37)
	at org.junit.jupiter.engine.execution.InterceptingExecutableInvoker.invoke(InterceptingExecutableInvoker.java:92)
	at org.junit.jupiter.engine.execution.InterceptingExecutableInvoker.invoke(InterceptingExecutableInvoker.java:86)
	at org.junit.jupiter.engine.descriptor.TestMethodTestDescriptor.lambda$invokeTestMethod$7(TestMethodTestDescriptor.java:217)
	at org.junit.platform.engine.support.hierarchical.ThrowableCollector.execute(ThrowableCollector.java:73)
	at org.junit.jupiter.engine.descriptor.TestMethodTestDescriptor.invokeTestMethod(TestMethodTestDescriptor.java:213)
	at org.junit.jupiter.engine.descriptor.TestMethodTestDescriptor.execute(TestMethodTestDescriptor.java:138)
	at org.junit.jupiter.engine.descriptor.TestMethodTestDescriptor.execute(TestMethodTestDescriptor.java:68)
	at org.junit.platform.engine.support.hierarchical.NodeTestTask.lambda$executeRecursively$6(NodeTestTask.java:151)
	at org.junit.platform.engine.support.hierarchical.ThrowableCollector.execute(ThrowableCollector.java:73)
	at org.junit.platform.engine.support.hierarchical.NodeTestTask.lambda$executeRecursively$8(NodeTestTask.java:141)
	at org.junit.platform.engine.support.hierarchical.Node.around(Node.java:137)
	at org.junit.platform.engine.support.hierarchical.NodeTestTask.lambda$executeRecursively$9(NodeTestTask.java:139)
	at org.junit.platform.engine.support.hierarchical.ThrowableCollector.execute(ThrowableCollector.java:73)
	at org.junit.platform.engine.support.hierarchical.NodeTestTask.executeRecursively(NodeTestTask.java:138)
	at org.junit.platform.engine.support.hierarchical.NodeTestTask.execute(NodeTestTask.java:95)
	at org.junit.platform.engine.support.hierarchical.ForkJoinPoolHierarchicalTestExecutorService$ExclusiveTask.compute(ForkJoinPoolHierarchicalTestExecutorService.java:202)
	at org.junit.platform.engine.support.hierarchical.ForkJoinPoolHierarchicalTestExecutorService.invokeAll(ForkJoinPoolHierarchicalTestExecutorService.java:146)
	at org.junit.platform.engine.support.hierarchical.NodeTestTask.lambda$executeRecursively$6(NodeTestTask.java:155)
	at org.junit.platform.engine.support.hierarchical.ThrowableCollector.execute(ThrowableCollector.java:73)
	at org.junit.platform.engine.support.hierarchical.NodeTestTask.lambda$executeRecursively$8(NodeTestTask.java:141)
	at org.junit.platform.engine.support.hierarchical.Node.around(Node.java:137)
	at org.junit.platform.engine.support.hierarchical.NodeTestTask.lambda$executeRecursively$9(NodeTestTask.java:139)
	at org.junit.platform.engine.support.hierarchical.ThrowableCollector.execute(ThrowableCollector.java:73)
	at org.junit.platform.engine.support.hierarchical.NodeTestTask.executeRecursively(NodeTestTask.java:138)
	at org.junit.platform.engine.support.hierarchical.NodeTestTask.execute(NodeTestTask.java:95)
	at org.junit.platform.engine.support.hierarchical.ForkJoinPoolHierarchicalTestExecutorService$ExclusiveTask.compute(ForkJoinPoolHierarchicalTestExecutorService.java:202)
	at org.junit.platform.engine.support.hierarchical.ForkJoinPoolHierarchicalTestExecutorService.executeNonConcurrentTasks(ForkJoinPoolHierarchicalTestExecutorService.java:172)
	at org.junit.platform.engine.support.hierarchical.ForkJoinPoolHierarchicalTestExecutorService.invokeAll(ForkJoinPoolHierarchicalTestExecutorService.java:152)
	at org.junit.platform.engine.support.hierarchical.NodeTestTask.lambda$executeRecursively$6(NodeTestTask.java:155)
	at org.junit.platform.engine.support.hierarchical.ThrowableCollector.execute(ThrowableCollector.java:73)
	at org.junit.platform.engine.support.hierarchical.NodeTestTask.lambda$executeRecursively$8(NodeTestTask.java:141)
	at org.junit.platform.engine.support.hierarchical.Node.around(Node.java:137)
	at org.junit.platform.engine.support.hierarchical.NodeTestTask.lambda$executeRecursively$9(NodeTestTask.java:139)
	at org.junit.platform.engine.support.hierarchical.ThrowableCollector.execute(ThrowableCollector.java:73)
	at org.junit.platform.engine.support.hierarchical.NodeTestTask.executeRecursively(NodeTestTask.java:138)
	at org.junit.platform.engine.support.hierarchical.NodeTestTask.execute(NodeTestTask.java:95)
	at org.junit.platform.engine.support.hierarchical.ForkJoinPoolHierarchicalTestExecutorService$ExclusiveTask.compute(ForkJoinPoolHierarchicalTestExecutorService.java:202)
	at org.junit.platform.engine.support.hierarchical.ForkJoinPoolHierarchicalTestExecutorService.executeNonConcurrentTasks(ForkJoinPoolHierarchicalTestExecutorService.java:172)
	at org.junit.platform.engine.support.hierarchical.ForkJoinPoolHierarchicalTestExecutorService.invokeAll(ForkJoinPoolHierarchicalTestExecutorService.java:152)
	at org.junit.platform.engine.support.hierarchical.NodeTestTask.lambda$executeRecursively$6(NodeTestTask.java:155)
	at org.junit.platform.engine.support.hierarchical.ThrowableCollector.execute(ThrowableCollector.java:73)
	at org.junit.platform.engine.support.hierarchical.NodeTestTask.lambda$executeRecursively$8(NodeTestTask.java:141)
	at org.junit.platform.engine.support.hierarchical.Node.around(Node.java:137)
	at org.junit.platform.engine.support.hierarchical.NodeTestTask.lambda$executeRecursively$9(NodeTestTask.java:139)
	at org.junit.platform.engine.support.hierarchical.ThrowableCollector.execute(ThrowableCollector.java:73)
	at org.junit.platform.engine.support.hierarchical.NodeTestTask.executeRecursively(NodeTestTask.java:138)
	at org.junit.platform.engine.support.hierarchical.NodeTestTask.execute(NodeTestTask.java:95)
	at org.junit.platform.engine.support.hierarchical.ForkJoinPoolHierarchicalTestExecutorService$ExclusiveTask.compute(ForkJoinPoolHierarchicalTestExecutorService.java:202)
	at java.base/java.util.concurrent.RecursiveAction.exec(RecursiveAction.java:194)
	at java.base/java.util.concurrent.ForkJoinTask.doExec(ForkJoinTask.java:507)
	at java.base/java.util.concurrent.ForkJoinPool$WorkQueue.topLevelExec(ForkJoinPool.java:1450)
	at java.base/java.util.concurrent.ForkJoinPool.runWorker(ForkJoinPool.java:2019)
	at java.base/java.util.concurrent.ForkJoinWorkerThread.run(ForkJoinWorkerThread.java:187)
Caused by: org.opentest4j.AssertionFailedError: expected: </api/v1/openapi.yaml> but was: <null>
	at org.junit.jupiter.api.AssertionFailureBuilder.build(AssertionFailureBuilder.java:151)
	at org.junit.jupiter.api.AssertionFailureBuilder.buildAndThrow(AssertionFailureBuilder.java:132)
	at org.junit.jupiter.api.AssertEquals.failNotEqual(AssertEquals.java:197)
	at org.junit.jupiter.api.AssertEquals.assertEquals(AssertEquals.java:182)
	at org.junit.jupiter.api.AssertEquals.assertEquals(AssertEquals.java:177)
	at org.junit.jupiter.api.Assertions.assertEquals(Assertions.java:1142)
	at dev.mars.quorus.controller.http.HttpApiServerHealthTest$ApiInfoTests.lambda$shouldPointToTheOpenApiContract$1(HttpApiServerHealthTest.java:390)
	at io.vertx.junit5.VertxTestContext.verify(VertxTestContext.java:354)
	at dev.mars.quorus.controller.http.HttpApiServerHealthTest$ApiInfoTests.lambda$shouldPointToTheOpenApiContract$0(HttpApiServerHealthTest.java:387)
	at io.vertx.junit5.VertxTestContext.lambda$succeeding$1(VertxTestContext.java:201)
	at io.vertx.core.impl.future.FutureImpl.lambda$onComplete$1(FutureImpl.java:103)
	at io.vertx.core.impl.future.FutureBase.lambda$emitResult$0(FutureBase.java:59)
	at io.vertx.core.impl.ContextBase.execute(ContextBase.java:96)
	at io.vertx.core.impl.future.FutureBase.emitResult(FutureBase.java:56)
	at io.vertx.core.impl.future.FutureImpl.completeInternal(FutureImpl.java:163)
	at io.vertx.core.impl.future.FutureImpl.tryComplete(FutureImpl.java:169)
	at io.vertx.ext.web.client.impl.HttpContext.handleDispatchResponse(HttpContext.java:409)
	at io.vertx.ext.web.client.impl.HttpContext.execute(HttpContext.java:385)
	at io.vertx.ext.web.client.impl.HttpContext.next(HttpContext.java:363)
	at io.vertx.ext.web.client.impl.HttpContext.fire(HttpContext.java:330)
	at io.vertx.ext.web.client.impl.HttpContext.dispatchResponse(HttpContext.java:292)
	at io.vertx.ext.web.client.impl.HttpContext.lambda$handleReceiveResponse$5(HttpContext.java:518)
	at io.vertx.core.impl.future.FutureImpl.lambda$onComplete$1(FutureImpl.java:103)
	at io.vertx.core.impl.future.FutureBase.emitResult(FutureBase.java:68)
	at io.vertx.core.impl.future.FutureImpl.completeInternal(FutureImpl.java:163)
	at io.vertx.core.impl.future.Mapping.complete(Mapping.java:45)
	at io.vertx.core.impl.future.FutureBase.emitResult(FutureBase.java:68)
	at io.vertx.core.impl.future.FutureImpl.completeInternal(FutureImpl.java:163)
	at io.vertx.core.impl.future.FutureBase.emitResult(FutureBase.java:68)
	at io.vertx.core.impl.future.FutureImpl.addListener(FutureImpl.java:135)
	at io.vertx.core.impl.future.Composition.complete(Composition.java:48)
	at io.vertx.core.impl.future.FutureBase.emitResult(FutureBase.java:68)
	at io.vertx.core.impl.future.FutureImpl.completeInternal(FutureImpl.java:163)
	at io.vertx.core.impl.future.FutureImpl.tryComplete(FutureImpl.java:169)
	at io.vertx.core.Promise.succeed(Promise.java:93)
	at io.vertx.core.Promise.complete(Promise.java:61)
	at io.vertx.core.Future.lambda$onComplete$1(Future.java:304)
	at io.vertx.core.impl.future.SucceededFuture.onComplete(SucceededFuture.java:82)
	at io.vertx.core.Future.onComplete(Future.java:303)
	at io.vertx.core.streams.impl.PipeImpl.handleSuccess(PipeImpl.java:114)
	at io.vertx.core.streams.impl.PipeImpl.lambda$to$2(PipeImpl.java:99)
	at io.vertx.core.impl.future.FutureImpl.lambda$onComplete$1(FutureImpl.java:103)
	at io.vertx.core.impl.future.FutureBase.emitResult(FutureBase.java:68)
	at io.vertx.core.impl.future.FutureImpl.completeInternal(FutureImpl.java:163)
	at io.vertx.core.impl.future.FutureImpl.tryComplete(FutureImpl.java:169)
	at io.vertx.core.internal.ContextInternal.dispatch(ContextInternal.java:249)
	at io.vertx.core.internal.ContextInternal.dispatch(ContextInternal.java:231)
	at io.vertx.core.http.impl.HttpEventHandler.handleEnd(HttpEventHandler.java:76)
	at io.vertx.core.http.impl.HttpClientResponseImpl.handleEnd(HttpClientResponseImpl.java:244)
	at io.vertx.core.internal.ContextInternal.dispatch(ContextInternal.java:249)
	at io.vertx.core.http.impl.Http1xClientConnection$StreamImpl$1.handleMessage(Http1xClientConnection.java:455)
	at io.vertx.core.internal.concurrent.InboundMessageQueue.test(InboundMessageQueue.java:86)
	at io.vertx.core.streams.impl.MessagePassingQueue.drain(MessagePassingQueue.java:228)
	at io.vertx.core.streams.impl.MessagePassingQueue.drain(MessagePassingQueue.java:210)
	at io.vertx.core.internal.concurrent.InboundMessageQueue.drainInternal(InboundMessageQueue.java:168)
	at io.vertx.core.internal.concurrent.InboundMessageQueue.drain(InboundMessageQueue.java:145)
	at io.vertx.core.internal.concurrent.InboundMessageQueue.write(InboundMessageQueue.java:132)
	at io.vertx.core.http.impl.Http1xClientConnection$StreamImpl.handleEnd(Http1xClientConnection.java:680)
	at io.vertx.core.http.impl.Http1xClientConnection.handleResponseEnd(Http1xClientConnection.java:928)
	at io.vertx.core.http.impl.Http1xClientConnection.handleHttpMessage(Http1xClientConnection.java:799)
	at io.vertx.core.http.impl.Http1xClientConnection.handleMessage(Http1xClientConnection.java:756)
	at io.vertx.core.net.impl.VertxConnection.read(VertxConnection.java:247)
	at io.vertx.core.net.impl.VertxHandler.channelRead(VertxHandler.java:148)
	at io.netty.channel.AbstractChannelHandlerContext.fireChannelRead(AbstractChannelHandlerContext.java:355)
	at io.netty.channel.CombinedChannelDuplexHandler$DelegatingChannelHandlerContext.fireChannelRead(CombinedChannelDuplexHandler.java:434)
	at io.netty.handler.codec.ByteToMessageDecoder.fireChannelRead(ByteToMessageDecoder.java:361)
	at io.netty.handler.codec.ByteToMessageDecoder.channelRead(ByteToMessageDecoder.java:325)
	at io.netty.channel.CombinedChannelDuplexHandler.channelRead(CombinedChannelDuplexHandler.java:249)
	at io.netty.channel.AbstractChannelHandlerContext.fireChannelRead(AbstractChannelHandlerContext.java:355)
	at io.netty.channel.DefaultChannelPipeline$HeadContext.channelRead(DefaultChannelPipeline.java:1429)
	at io.netty.channel.DefaultChannelPipeline.fireChannelRead(DefaultChannelPipeline.java:918)
	at io.netty.channel.nio.AbstractNioByteChannel$NioByteUnsafe.read(AbstractNioByteChannel.java:176)
	at io.netty.channel.nio.AbstractNioChannel$AbstractNioUnsafe.handle(AbstractNioChannel.java:445)
	at io.netty.channel.nio.NioIoHandler$DefaultNioRegistration.handle(NioIoHandler.java:388)
	at io.netty.channel.nio.NioIoHandler.processSelectedKey(NioIoHandler.java:596)
	at io.netty.channel.nio.NioIoHandler.processSelectedKeysPlain(NioIoHandler.java:541)
	at io.netty.channel.nio.NioIoHandler.processSelectedKeys(NioIoHandler.java:514)
	at io.netty.channel.nio.NioIoHandler.run(NioIoHandler.java:484)
	at io.netty.channel.SingleThreadIoEventLoop.runIo(SingleThreadIoEventLoop.java:225)
	at io.netty.channel.SingleThreadIoEventLoop.run(SingleThreadIoEventLoop.java:196)
	at io.netty.util.concurrent.SingleThreadEventExecutor$5.run(SingleThreadEventExecutor.java:1195)
	at io.netty.util.internal.ThreadExecutorMap$2.run(ThreadExecutorMap.java:74)
	at io.netty.util.concurrent.FastThreadLocalRunnable.run(FastThreadLocalRunnable.java:30)
	at java.base/java.lang.Thread.run(Thread.java:1527)

[INFO] Running dev.mars.quorus.controller.http.HttpApiServerHealthTest$ErrorCorrelationTests
09:38:59.261 [vert.x-eventloop-thread-0] DEBUG d.m.q.c.h.handlers.TransferHandler [LEADER/1] [req-1867023d-0e26-4ba1-947b-2e879842d8ed] - Getting transfer job: jobId=nonexistent-job-xyz
09:38:59.263 [vert.x-eventloop-thread-0] WARN  d.m.q.c.http.GlobalErrorHandler [LEADER/1] [req-1867023d-0e26-4ba1-947b-2e879842d8ed] - Client error [TRANSFER_NOT_FOUND] at /api/v1/transfers/nonexistent-job-xyz: Transfer job 'nonexistent-job-xyz' not found
09:38:59.276 [vert.x-eventloop-thread-0] DEBUG d.m.q.c.h.handlers.TransferHandler [LEADER/1] [req-dc3677af-8b9c-46b7-9bbc-edce63c0afa8] - Getting transfer job: jobId=nonexistent-job-xyz
09:38:59.276 [vert.x-eventloop-thread-0] WARN  d.m.q.c.http.GlobalErrorHandler [LEADER/1] [req-dc3677af-8b9c-46b7-9bbc-edce63c0afa8] - Client error [TRANSFER_NOT_FOUND] at /api/v1/transfers/nonexistent-job-xyz: Transfer job 'nonexistent-job-xyz' not found
09:38:59.283 [vert.x-eventloop-thread-0] DEBUG d.m.q.c.h.handlers.TransferHandler [LEADER/1] [trace-error-abc123] - Getting transfer job: jobId=nonexistent-job-xyz
09:38:59.284 [vert.x-eventloop-thread-0] WARN  d.m.q.c.http.GlobalErrorHandler [LEADER/1] [trace-error-abc123] - Client error [TRANSFER_NOT_FOUND] at /api/v1/transfers/nonexistent-job-xyz: Transfer job 'nonexistent-job-xyz' not found
[INFO] Tests run: 4, Failures: 0, Errors: 0, Skipped: 0, Time elapsed: 0.038 s -- in dev.mars.quorus.controller.http.HttpApiServerHealthTest$ErrorCorrelationTests
[INFO] Running dev.mars.quorus.controller.http.HttpApiServerHealthTest$FullHealthTests
[INFO] Tests run: 5, Failures: 0, Errors: 0, Skipped: 0, Time elapsed: 0.022 s -- in dev.mars.quorus.controller.http.HttpApiServerHealthTest$FullHealthTests
[INFO] Running dev.mars.quorus.controller.http.HttpApiServerHealthTest$ReadinessTests
[INFO] Tests run: 2, Failures: 0, Errors: 0, Skipped: 0, Time elapsed: 0.006 s -- in dev.mars.quorus.controller.http.HttpApiServerHealthTest$ReadinessTests
[INFO] Running dev.mars.quorus.controller.http.HttpApiServerHealthTest$LivenessTests
[INFO] Tests run: 3, Failures: 0, Errors: 0, Skipped: 0, Time elapsed: 0.012 s -- in dev.mars.quorus.controller.http.HttpApiServerHealthTest$LivenessTests
09:38:59.346 [vert.x-eventloop-thread-0] INFO  d.m.q.controller.http.HttpApiServer [LEADER/1] - HTTP API Server stopped
09:38:59.347 [vert.x-eventloop-thread-0] INFO  d.m.q.c.r.InMemoryTransportSimulator [LEADER/1] - Stopped in-memory transport for node: health-test-node
09:38:59.349 [vert.x-eventloop-thread-0] INFO  d.m.quorus.controller.raft.RaftNode [LEADER/1] - Raft node stopped: health-test-node
[INFO] Tests run: 0, Failures: 0, Errors: 0, Skipped: 0, Time elapsed: 1.643 s -- in dev.mars.quorus.controller.http.HttpApiServerHealthTest
[INFO] Running dev.mars.quorus.controller.http.OpenApiReferenceContractTest
[ERROR] Tests run: 6, Failures: 5, Errors: 0, Skipped: 0, Time elapsed: 0.107 s <<< FAILURE! -- in dev.mars.quorus.controller.http.OpenApiReferenceContractTest
[ERROR] dev.mars.quorus.controller.http.OpenApiReferenceContractTest.apiInfoResponsePointsToTheContract -- Time elapsed: 0.002 s <<< FAILURE!
org.opentest4j.AssertionFailedError: getApiInfo must declare the openApi link ==> expected: not <null>
	at org.junit.jupiter.api.AssertionFailureBuilder.build(AssertionFailureBuilder.java:152)
	at org.junit.jupiter.api.AssertionFailureBuilder.buildAndThrow(AssertionFailureBuilder.java:132)
	at org.junit.jupiter.api.AssertNotNull.failNull(AssertNotNull.java:49)
	at org.junit.jupiter.api.AssertNotNull.assertNotNull(AssertNotNull.java:35)
	at org.junit.jupiter.api.Assertions.assertNotNull(Assertions.java:309)
	at dev.mars.quorus.controller.http.OpenApiReferenceContractTest.apiInfoResponsePointsToTheContract(OpenApiReferenceContractTest.java:117)
	at java.base/jdk.internal.reflect.DirectMethodHandleAccessor.invoke(DirectMethodHandleAccessor.java:104)
	at java.base/java.lang.reflect.Method.invoke(Method.java:583)
	at org.junit.platform.commons.util.ReflectionUtils.invokeMethod(ReflectionUtils.java:727)
	at org.junit.jupiter.engine.execution.MethodInvocation.proceed(MethodInvocation.java:60)
	at org.junit.jupiter.engine.execution.InvocationInterceptorChain$ValidatingInvocation.proceed(InvocationInterceptorChain.java:131)
	at org.junit.jupiter.engine.extension.TimeoutExtension.intercept(TimeoutExtension.java:156)
	at org.junit.jupiter.engine.extension.TimeoutExtension.interceptTestableMethod(TimeoutExtension.java:147)
	at org.junit.jupiter.engine.extension.TimeoutExtension.interceptTestMethod(TimeoutExtension.java:86)
	at org.junit.jupiter.engine.execution.InterceptingExecutableInvoker$ReflectiveInterceptorCall.lambda$ofVoidMethod$0(InterceptingExecutableInvoker.java:103)
	at org.junit.jupiter.engine.execution.InterceptingExecutableInvoker.lambda$invoke$0(InterceptingExecutableInvoker.java:93)
	at org.junit.jupiter.engine.execution.InvocationInterceptorChain$InterceptedInvocation.proceed(InvocationInterceptorChain.java:106)
	at org.junit.jupiter.engine.execution.InvocationInterceptorChain.proceed(InvocationInterceptorChain.java:64)
	at org.junit.jupiter.engine.execution.InvocationInterceptorChain.chainAndInvoke(InvocationInterceptorChain.java:45)
	at org.junit.jupiter.engine.execution.InvocationInterceptorChain.invoke(InvocationInterceptorChain.java:37)
	at org.junit.jupiter.engine.execution.InterceptingExecutableInvoker.invoke(InterceptingExecutableInvoker.java:92)
	at org.junit.jupiter.engine.execution.InterceptingExecutableInvoker.invoke(InterceptingExecutableInvoker.java:86)
	at org.junit.jupiter.engine.descriptor.TestMethodTestDescriptor.lambda$invokeTestMethod$7(TestMethodTestDescriptor.java:217)
	at org.junit.platform.engine.support.hierarchical.ThrowableCollector.execute(ThrowableCollector.java:73)
	at org.junit.jupiter.engine.descriptor.TestMethodTestDescriptor.invokeTestMethod(TestMethodTestDescriptor.java:213)
	at org.junit.jupiter.engine.descriptor.TestMethodTestDescriptor.execute(TestMethodTestDescriptor.java:138)
	at org.junit.jupiter.engine.descriptor.TestMethodTestDescriptor.execute(TestMethodTestDescriptor.java:68)
	at org.junit.platform.engine.support.hierarchical.NodeTestTask.lambda$executeRecursively$6(NodeTestTask.java:151)
	at org.junit.platform.engine.support.hierarchical.ThrowableCollector.execute(ThrowableCollector.java:73)
	at org.junit.platform.engine.support.hierarchical.NodeTestTask.lambda$executeRecursively$8(NodeTestTask.java:141)
	at org.junit.platform.engine.support.hierarchical.Node.around(Node.java:137)
	at org.junit.platform.engine.support.hierarchical.NodeTestTask.lambda$executeRecursively$9(NodeTestTask.java:139)
	at org.junit.platform.engine.support.hierarchical.ThrowableCollector.execute(ThrowableCollector.java:73)
	at org.junit.platform.engine.support.hierarchical.NodeTestTask.executeRecursively(NodeTestTask.java:138)
	at org.junit.platform.engine.support.hierarchical.NodeTestTask.execute(NodeTestTask.java:95)
	at org.junit.platform.engine.support.hierarchical.ForkJoinPoolHierarchicalTestExecutorService$ExclusiveTask.compute(ForkJoinPoolHierarchicalTestExecutorService.java:202)
	at org.junit.platform.engine.support.hierarchical.ForkJoinPoolHierarchicalTestExecutorService.executeNonConcurrentTasks(ForkJoinPoolHierarchicalTestExecutorService.java:172)
	at org.junit.platform.engine.support.hierarchical.ForkJoinPoolHierarchicalTestExecutorService.invokeAll(ForkJoinPoolHierarchicalTestExecutorService.java:152)
	at org.junit.platform.engine.support.hierarchical.NodeTestTask.lambda$executeRecursively$6(NodeTestTask.java:155)
	at org.junit.platform.engine.support.hierarchical.ThrowableCollector.execute(ThrowableCollector.java:73)
	at org.junit.platform.engine.support.hierarchical.NodeTestTask.lambda$executeRecursively$8(NodeTestTask.java:141)
	at org.junit.platform.engine.support.hierarchical.Node.around(Node.java:137)
	at org.junit.platform.engine.support.hierarchical.NodeTestTask.lambda$executeRecursively$9(NodeTestTask.java:139)
	at org.junit.platform.engine.support.hierarchical.ThrowableCollector.execute(ThrowableCollector.java:73)
	at org.junit.platform.engine.support.hierarchical.NodeTestTask.executeRecursively(NodeTestTask.java:138)
	at org.junit.platform.engine.support.hierarchical.NodeTestTask.execute(NodeTestTask.java:95)
	at org.junit.platform.engine.support.hierarchical.ForkJoinPoolHierarchicalTestExecutorService$ExclusiveTask.compute(ForkJoinPoolHierarchicalTestExecutorService.java:202)
	at org.junit.platform.engine.support.hierarchical.ForkJoinPoolHierarchicalTestExecutorService.executeNonConcurrentTasks(ForkJoinPoolHierarchicalTestExecutorService.java:172)
	at org.junit.platform.engine.support.hierarchical.ForkJoinPoolHierarchicalTestExecutorService.invokeAll(ForkJoinPoolHierarchicalTestExecutorService.java:152)
	at org.junit.platform.engine.support.hierarchical.NodeTestTask.lambda$executeRecursively$6(NodeTestTask.java:155)
	at org.junit.platform.engine.support.hierarchical.ThrowableCollector.execute(ThrowableCollector.java:73)
	at org.junit.platform.engine.support.hierarchical.NodeTestTask.lambda$executeRecursively$8(NodeTestTask.java:141)
	at org.junit.platform.engine.support.hierarchical.Node.around(Node.java:137)
	at org.junit.platform.engine.support.hierarchical.NodeTestTask.lambda$executeRecursively$9(NodeTestTask.java:139)
	at org.junit.platform.engine.support.hierarchical.ThrowableCollector.execute(ThrowableCollector.java:73)
	at org.junit.platform.engine.support.hierarchical.NodeTestTask.executeRecursively(NodeTestTask.java:138)
	at org.junit.platform.engine.support.hierarchical.NodeTestTask.execute(NodeTestTask.java:95)
	at org.junit.platform.engine.support.hierarchical.ForkJoinPoolHierarchicalTestExecutorService$ExclusiveTask.compute(ForkJoinPoolHierarchicalTestExecutorService.java:202)
	at java.base/java.util.concurrent.RecursiveAction.exec(RecursiveAction.java:194)
	at java.base/java.util.concurrent.ForkJoinTask.doExec(ForkJoinTask.java:507)
	at java.base/java.util.concurrent.ForkJoinPool$WorkQueue.topLevelExec(ForkJoinPool.java:1450)
	at java.base/java.util.concurrent.ForkJoinPool.runWorker(ForkJoinPool.java:2019)
	at java.base/java.util.concurrent.ForkJoinWorkerThread.run(ForkJoinWorkerThread.java:187)

[ERROR] dev.mars.quorus.controller.http.OpenApiReferenceContractTest.dnsAuthorizingOperationsDeclareTheirFailureResponses -- Time elapsed: 0.001 s <<< FAILURE!
org.opentest4j.AssertionFailedError: post /api/v1/transfers must declare 504 as a problem response ==> expected: <{$ref=#/components/responses/Problem}> but was: <null>
	at org.junit.jupiter.api.AssertionFailureBuilder.build(AssertionFailureBuilder.java:151)
	at org.junit.jupiter.api.AssertionFailureBuilder.buildAndThrow(AssertionFailureBuilder.java:132)
	at org.junit.jupiter.api.AssertEquals.failNotEqual(AssertEquals.java:197)
	at org.junit.jupiter.api.AssertEquals.assertEquals(AssertEquals.java:188)
	at org.junit.jupiter.api.Assertions.assertEquals(Assertions.java:1164)
	at dev.mars.quorus.controller.http.OpenApiReferenceContractTest.dnsAuthorizingOperationsDeclareTheirFailureResponses(OpenApiReferenceContractTest.java:105)
	at java.base/jdk.internal.reflect.DirectMethodHandleAccessor.invoke(DirectMethodHandleAccessor.java:104)
	at java.base/java.lang.reflect.Method.invoke(Method.java:583)
	at org.junit.platform.commons.util.ReflectionUtils.invokeMethod(ReflectionUtils.java:727)
	at org.junit.jupiter.engine.execution.MethodInvocation.proceed(MethodInvocation.java:60)
	at org.junit.jupiter.engine.execution.InvocationInterceptorChain$ValidatingInvocation.proceed(InvocationInterceptorChain.java:131)
	at org.junit.jupiter.engine.extension.TimeoutExtension.intercept(TimeoutExtension.java:156)
	at org.junit.jupiter.engine.extension.TimeoutExtension.interceptTestableMethod(TimeoutExtension.java:147)
	at org.junit.jupiter.engine.extension.TimeoutExtension.interceptTestMethod(TimeoutExtension.java:86)
	at org.junit.jupiter.engine.execution.InterceptingExecutableInvoker$ReflectiveInterceptorCall.lambda$ofVoidMethod$0(InterceptingExecutableInvoker.java:103)
	at org.junit.jupiter.engine.execution.InterceptingExecutableInvoker.lambda$invoke$0(InterceptingExecutableInvoker.java:93)
	at org.junit.jupiter.engine.execution.InvocationInterceptorChain$InterceptedInvocation.proceed(InvocationInterceptorChain.java:106)
	at org.junit.jupiter.engine.execution.InvocationInterceptorChain.proceed(InvocationInterceptorChain.java:64)
	at org.junit.jupiter.engine.execution.InvocationInterceptorChain.chainAndInvoke(InvocationInterceptorChain.java:45)
	at org.junit.jupiter.engine.execution.InvocationInterceptorChain.invoke(InvocationInterceptorChain.java:37)
	at org.junit.jupiter.engine.execution.InterceptingExecutableInvoker.invoke(InterceptingExecutableInvoker.java:92)
	at org.junit.jupiter.engine.execution.InterceptingExecutableInvoker.invoke(InterceptingExecutableInvoker.java:86)
	at org.junit.jupiter.engine.descriptor.TestMethodTestDescriptor.lambda$invokeTestMethod$7(TestMethodTestDescriptor.java:217)
	at org.junit.platform.engine.support.hierarchical.ThrowableCollector.execute(ThrowableCollector.java:73)
	at org.junit.jupiter.engine.descriptor.TestMethodTestDescriptor.invokeTestMethod(TestMethodTestDescriptor.java:213)
	at org.junit.jupiter.engine.descriptor.TestMethodTestDescriptor.execute(TestMethodTestDescriptor.java:138)
	at org.junit.jupiter.engine.descriptor.TestMethodTestDescriptor.execute(TestMethodTestDescriptor.java:68)
	at org.junit.platform.engine.support.hierarchical.NodeTestTask.lambda$executeRecursively$6(NodeTestTask.java:151)
	at org.junit.platform.engine.support.hierarchical.ThrowableCollector.execute(ThrowableCollector.java:73)
	at org.junit.platform.engine.support.hierarchical.NodeTestTask.lambda$executeRecursively$8(NodeTestTask.java:141)
	at org.junit.platform.engine.support.hierarchical.Node.around(Node.java:137)
	at org.junit.platform.engine.support.hierarchical.NodeTestTask.lambda$executeRecursively$9(NodeTestTask.java:139)
	at org.junit.platform.engine.support.hierarchical.ThrowableCollector.execute(ThrowableCollector.java:73)
	at org.junit.platform.engine.support.hierarchical.NodeTestTask.executeRecursively(NodeTestTask.java:138)
	at org.junit.platform.engine.support.hierarchical.NodeTestTask.execute(NodeTestTask.java:95)
	at org.junit.platform.engine.support.hierarchical.ForkJoinPoolHierarchicalTestExecutorService$ExclusiveTask.compute(ForkJoinPoolHierarchicalTestExecutorService.java:202)
	at org.junit.platform.engine.support.hierarchical.ForkJoinPoolHierarchicalTestExecutorService.executeNonConcurrentTasks(ForkJoinPoolHierarchicalTestExecutorService.java:172)
	at org.junit.platform.engine.support.hierarchical.ForkJoinPoolHierarchicalTestExecutorService.invokeAll(ForkJoinPoolHierarchicalTestExecutorService.java:152)
	at org.junit.platform.engine.support.hierarchical.NodeTestTask.lambda$executeRecursively$6(NodeTestTask.java:155)
	at org.junit.platform.engine.support.hierarchical.ThrowableCollector.execute(ThrowableCollector.java:73)
	at org.junit.platform.engine.support.hierarchical.NodeTestTask.lambda$executeRecursively$8(NodeTestTask.java:141)
	at org.junit.platform.engine.support.hierarchical.Node.around(Node.java:137)
	at org.junit.platform.engine.support.hierarchical.NodeTestTask.lambda$executeRecursively$9(NodeTestTask.java:139)
	at org.junit.platform.engine.support.hierarchical.ThrowableCollector.execute(ThrowableCollector.java:73)
	at org.junit.platform.engine.support.hierarchical.NodeTestTask.executeRecursively(NodeTestTask.java:138)
	at org.junit.platform.engine.support.hierarchical.NodeTestTask.execute(NodeTestTask.java:95)
	at org.junit.platform.engine.support.hierarchical.ForkJoinPoolHierarchicalTestExecutorService$ExclusiveTask.compute(ForkJoinPoolHierarchicalTestExecutorService.java:202)
	at org.junit.platform.engine.support.hierarchical.ForkJoinPoolHierarchicalTestExecutorService.executeNonConcurrentTasks(ForkJoinPoolHierarchicalTestExecutorService.java:172)
	at org.junit.platform.engine.support.hierarchical.ForkJoinPoolHierarchicalTestExecutorService.invokeAll(ForkJoinPoolHierarchicalTestExecutorService.java:152)
	at org.junit.platform.engine.support.hierarchical.NodeTestTask.lambda$executeRecursively$6(NodeTestTask.java:155)
	at org.junit.platform.engine.support.hierarchical.ThrowableCollector.execute(ThrowableCollector.java:73)
	at org.junit.platform.engine.support.hierarchical.NodeTestTask.lambda$executeRecursively$8(NodeTestTask.java:141)
	at org.junit.platform.engine.support.hierarchical.Node.around(Node.java:137)
	at org.junit.platform.engine.support.hierarchical.NodeTestTask.lambda$executeRecursively$9(NodeTestTask.java:139)
	at org.junit.platform.engine.support.hierarchical.ThrowableCollector.execute(ThrowableCollector.java:73)
	at org.junit.platform.engine.support.hierarchical.NodeTestTask.executeRecursively(NodeTestTask.java:138)
	at org.junit.platform.engine.support.hierarchical.NodeTestTask.execute(NodeTestTask.java:95)
	at org.junit.platform.engine.support.hierarchical.ForkJoinPoolHierarchicalTestExecutorService$ExclusiveTask.compute(ForkJoinPoolHierarchicalTestExecutorService.java:202)
	at java.base/java.util.concurrent.RecursiveAction.exec(RecursiveAction.java:194)
	at java.base/java.util.concurrent.ForkJoinTask.doExec(ForkJoinTask.java:507)
	at java.base/java.util.concurrent.ForkJoinPool$WorkQueue.topLevelExec(ForkJoinPool.java:1450)
	at java.base/java.util.concurrent.ForkJoinPool.runWorker(ForkJoinPool.java:2019)
	at java.base/java.util.concurrent.ForkJoinWorkerThread.run(ForkJoinWorkerThread.java:187)

[ERROR] dev.mars.quorus.controller.http.OpenApiReferenceContractTest.everyOperationDeclaresTheScopeThePolicyEngineEnforces -- Time elapsed: 0.002 s <<< FAILURE!
org.opentest4j.AssertionFailedError: 
GET /metrics: expected security [{mutualTls=[telemetry:read]}], declared null
GET /health: expected security [{mutualTls=[api:access]}], declared null
GET /status: expected security [{mutualTls=[system:read]}], declared null
GET /raft/status: expected security [{mutualTls=[cluster:read]}], declared null
GET /api/v1/info: expected security [{mutualTls=[system:read]}], declared null
GET /api/v1/security/me: expected security [{mutualTls=[security:self:read]}], declared null
GET /api/v1/security/authorization/explain: expected security [{mutualTls=[security:explain]}], declared null
POST /api/v1/security/authorization/check: expected security [{mutualTls=[security:explain]}], declared null
GET /api/v1/security/trust: expected security [{mutualTls=[security:trust:read]}], declared null
PUT /api/v1/security/trust/revocations: expected security [{mutualTls=[security:trust:write]}], declared null
POST /api/v1/agents/register: expected security [{mutualTls=[agents:register]}], declared null
POST /api/v1/agents/heartbeat: expected security [{mutualTls=[agents:heartbeat]}], declared null
GET /api/v1/agents: expected security [{mutualTls=[agents:read]}], declared null
GET /api/v1/agents/{agentId}/jobs: expected security [{mutualTls=[agents:jobs:read]}], declared null
POST /api/v1/transfers: expected security [{mutualTls=[transfers:write]}], declared null
GET /api/v1/transfers/{jobId}: expected security [{mutualTls=[transfers:read]}], declared null
DELETE /api/v1/transfers/{jobId}: expected security [{mutualTls=[transfers:delete]}], declared null
GET /api/v1/transfers/{jobId}/progress: expected security [{mutualTls=[transfers:read]}], declared null
GET /api/v1/transfers/{jobId}/events: expected security [{mutualTls=[transfers:read]}], declared null
POST /api/v1/jobs/{jobId}/status: expected security [{mutualTls=[transfers:status:update]}], declared null
GET /api/v1/transfers/{jobId}/attempts: expected security [{mutualTls=[transfers:read]}], declared null
GET /api/v1/transfers/{jobId}/attempts/{attemptId}: expected security [{mutualTls=[transfers:read]}], declared null
GET /api/v1/assignments: expected security [{mutualTls=[assignments:read]}], declared null
POST /api/v1/assignments: expected security [{mutualTls=[assignments:write]}], declared null
GET /api/v1/assignments/{assignmentId}: expected security [{mutualTls=[assignments:read]}], declared null
DELETE /api/v1/assignments/{assignmentId}: expected security [{mutualTls=[assignments:delete]}], declared null
PUT /api/v1/assignments/{assignmentId}/accept: expected security [{mutualTls=[assignments:write]}], declared null
PUT /api/v1/assignments/{assignmentId}/reject: expected security [{mutualTls=[assignments:write]}], declared null
PUT /api/v1/assignments/{assignmentId}/status: expected security [{mutualTls=[assignments:write]}], declared null
PUT /api/v1/assignments/{assignmentId}/cancel: expected security [{mutualTls=[assignments:write]}], declared null
GET /api/v1/routes: expected security [{mutualTls=[routes:read]}], declared null
POST /api/v1/routes: expected security [{mutualTls=[routes:write]}], declared null
GET /api/v1/routes/{routeId}: expected security [{mutualTls=[routes:read]}], declared null
PUT /api/v1/routes/{routeId}: expected security [{mutualTls=[routes:write]}], declared null
DELETE /api/v1/routes/{routeId}: expected security [{mutualTls=[routes:delete]}], declared null
PUT /api/v1/routes/{routeId}/suspend: expected security [{mutualTls=[routes:write]}], declared null
PUT /api/v1/routes/{routeId}/resume: expected security [{mutualTls=[routes:write]}], declared null
GET /api/v1/service-connections: expected security [{mutualTls=[service-connections:read]}], declared null
POST /api/v1/service-connections: expected security [{mutualTls=[service-connections:write]}], declared null
GET /api/v1/service-connections/{serviceConnectionId}: expected security [{mutualTls=[service-connections:read]}], declared null
PUT /api/v1/service-connections/{serviceConnectionId}: expected security [{mutualTls=[service-connections:write]}], declared null
DELETE /api/v1/service-connections/{serviceConnectionId}: expected security [{mutualTls=[service-connections:delete]}], declared null
POST /api/v1/service-connections/{serviceConnectionId}/validate: expected security [{mutualTls=[service-connections:write]}], declared null
GET /api/v1/secret-references: expected security [{mutualTls=[secret-references:read]}], declared null
POST /api/v1/secret-references: expected security [{mutualTls=[secret-references:write]}], declared null
GET /api/v1/secret-references/{secretReferenceId}: expected security [{mutualTls=[secret-references:read]}], declared null
PUT /api/v1/secret-references/{secretReferenceId}: expected security [{mutualTls=[secret-references:write]}], declared null
DELETE /api/v1/secret-references/{secretReferenceId}: expected security [{mutualTls=[secret-references:delete]}], declared null
GET /api/v1/security-events: expected security [{mutualTls=[security-events:read]}], declared null ==> expected: <true> but was: <false>
	at org.junit.jupiter.api.AssertionFailureBuilder.build(AssertionFailureBuilder.java:151)
	at org.junit.jupiter.api.AssertionFailureBuilder.buildAndThrow(AssertionFailureBuilder.java:132)
	at org.junit.jupiter.api.AssertTrue.failNotTrue(AssertTrue.java:63)
	at org.junit.jupiter.api.AssertTrue.assertTrue(AssertTrue.java:42)
	at org.junit.jupiter.api.Assertions.assertTrue(Assertions.java:188)
	at dev.mars.quorus.controller.http.OpenApiReferenceContractTest.everyOperationDeclaresTheScopeThePolicyEngineEnforces(OpenApiReferenceContractTest.java:73)
	at java.base/jdk.internal.reflect.DirectMethodHandleAccessor.invoke(DirectMethodHandleAccessor.java:104)
	at java.base/java.lang.reflect.Method.invoke(Method.java:583)
	at org.junit.platform.commons.util.ReflectionUtils.invokeMethod(ReflectionUtils.java:727)
	at org.junit.jupiter.engine.execution.MethodInvocation.proceed(MethodInvocation.java:60)
	at org.junit.jupiter.engine.execution.InvocationInterceptorChain$ValidatingInvocation.proceed(InvocationInterceptorChain.java:131)
	at org.junit.jupiter.engine.extension.TimeoutExtension.intercept(TimeoutExtension.java:156)
	at org.junit.jupiter.engine.extension.TimeoutExtension.interceptTestableMethod(TimeoutExtension.java:147)
	at org.junit.jupiter.engine.extension.TimeoutExtension.interceptTestMethod(TimeoutExtension.java:86)
	at org.junit.jupiter.engine.execution.InterceptingExecutableInvoker$ReflectiveInterceptorCall.lambda$ofVoidMethod$0(InterceptingExecutableInvoker.java:103)
	at org.junit.jupiter.engine.execution.InterceptingExecutableInvoker.lambda$invoke$0(InterceptingExecutableInvoker.java:93)
	at org.junit.jupiter.engine.execution.InvocationInterceptorChain$InterceptedInvocation.proceed(InvocationInterceptorChain.java:106)
	at org.junit.jupiter.engine.execution.InvocationInterceptorChain.proceed(InvocationInterceptorChain.java:64)
	at org.junit.jupiter.engine.execution.InvocationInterceptorChain.chainAndInvoke(InvocationInterceptorChain.java:45)
	at org.junit.jupiter.engine.execution.InvocationInterceptorChain.invoke(InvocationInterceptorChain.java:37)
	at org.junit.jupiter.engine.execution.InterceptingExecutableInvoker.invoke(InterceptingExecutableInvoker.java:92)
	at org.junit.jupiter.engine.execution.InterceptingExecutableInvoker.invoke(InterceptingExecutableInvoker.java:86)
	at org.junit.jupiter.engine.descriptor.TestMethodTestDescriptor.lambda$invokeTestMethod$7(TestMethodTestDescriptor.java:217)
	at org.junit.platform.engine.support.hierarchical.ThrowableCollector.execute(ThrowableCollector.java:73)
	at org.junit.jupiter.engine.descriptor.TestMethodTestDescriptor.invokeTestMethod(TestMethodTestDescriptor.java:213)
	at org.junit.jupiter.engine.descriptor.TestMethodTestDescriptor.execute(TestMethodTestDescriptor.java:138)
	at org.junit.jupiter.engine.descriptor.TestMethodTestDescriptor.execute(TestMethodTestDescriptor.java:68)
	at org.junit.platform.engine.support.hierarchical.NodeTestTask.lambda$executeRecursively$6(NodeTestTask.java:151)
	at org.junit.platform.engine.support.hierarchical.ThrowableCollector.execute(ThrowableCollector.java:73)
	at org.junit.platform.engine.support.hierarchical.NodeTestTask.lambda$executeRecursively$8(NodeTestTask.java:141)
	at org.junit.platform.engine.support.hierarchical.Node.around(Node.java:137)
	at org.junit.platform.engine.support.hierarchical.NodeTestTask.lambda$executeRecursively$9(NodeTestTask.java:139)
	at org.junit.platform.engine.support.hierarchical.ThrowableCollector.execute(ThrowableCollector.java:73)
	at org.junit.platform.engine.support.hierarchical.NodeTestTask.executeRecursively(NodeTestTask.java:138)
	at org.junit.platform.engine.support.hierarchical.NodeTestTask.execute(NodeTestTask.java:95)
	at org.junit.platform.engine.support.hierarchical.ForkJoinPoolHierarchicalTestExecutorService$ExclusiveTask.compute(ForkJoinPoolHierarchicalTestExecutorService.java:202)
	at org.junit.platform.engine.support.hierarchical.ForkJoinPoolHierarchicalTestExecutorService.executeNonConcurrentTasks(ForkJoinPoolHierarchicalTestExecutorService.java:172)
	at org.junit.platform.engine.support.hierarchical.ForkJoinPoolHierarchicalTestExecutorService.invokeAll(ForkJoinPoolHierarchicalTestExecutorService.java:152)
	at org.junit.platform.engine.support.hierarchical.NodeTestTask.lambda$executeRecursively$6(NodeTestTask.java:155)
	at org.junit.platform.engine.support.hierarchical.ThrowableCollector.execute(ThrowableCollector.java:73)
	at org.junit.platform.engine.support.hierarchical.NodeTestTask.lambda$executeRecursively$8(NodeTestTask.java:141)
	at org.junit.platform.engine.support.hierarchical.Node.around(Node.java:137)
	at org.junit.platform.engine.support.hierarchical.NodeTestTask.lambda$executeRecursively$9(NodeTestTask.java:139)
	at org.junit.platform.engine.support.hierarchical.ThrowableCollector.execute(ThrowableCollector.java:73)
	at org.junit.platform.engine.support.hierarchical.NodeTestTask.executeRecursively(NodeTestTask.java:138)
	at org.junit.platform.engine.support.hierarchical.NodeTestTask.execute(NodeTestTask.java:95)
	at org.junit.platform.engine.support.hierarchical.ForkJoinPoolHierarchicalTestExecutorService$ExclusiveTask.compute(ForkJoinPoolHierarchicalTestExecutorService.java:202)
	at org.junit.platform.engine.support.hierarchical.ForkJoinPoolHierarchicalTestExecutorService.executeNonConcurrentTasks(ForkJoinPoolHierarchicalTestExecutorService.java:172)
	at org.junit.platform.engine.support.hierarchical.ForkJoinPoolHierarchicalTestExecutorService.invokeAll(ForkJoinPoolHierarchicalTestExecutorService.java:152)
	at org.junit.platform.engine.support.hierarchical.NodeTestTask.lambda$executeRecursively$6(NodeTestTask.java:155)
	at org.junit.platform.engine.support.hierarchical.ThrowableCollector.execute(ThrowableCollector.java:73)
	at org.junit.platform.engine.support.hierarchical.NodeTestTask.lambda$executeRecursively$8(NodeTestTask.java:141)
	at org.junit.platform.engine.support.hierarchical.Node.around(Node.java:137)
	at org.junit.platform.engine.support.hierarchical.NodeTestTask.lambda$executeRecursively$9(NodeTestTask.java:139)
	at org.junit.platform.engine.support.hierarchical.ThrowableCollector.execute(ThrowableCollector.java:73)
	at org.junit.platform.engine.support.hierarchical.NodeTestTask.executeRecursively(NodeTestTask.java:138)
	at org.junit.platform.engine.support.hierarchical.NodeTestTask.execute(NodeTestTask.java:95)
	at org.junit.platform.engine.support.hierarchical.ForkJoinPoolHierarchicalTestExecutorService$ExclusiveTask.compute(ForkJoinPoolHierarchicalTestExecutorService.java:202)
	at java.base/java.util.concurrent.RecursiveAction.exec(RecursiveAction.java:194)
	at java.base/java.util.concurrent.ForkJoinTask.doExec(ForkJoinTask.java:507)
	at java.base/java.util.concurrent.ForkJoinPool$WorkQueue.topLevelExec(ForkJoinPool.java:1450)
	at java.base/java.util.concurrent.ForkJoinPool.runWorker(ForkJoinPool.java:2019)
	at java.base/java.util.concurrent.ForkJoinWorkerThread.run(ForkJoinWorkerThread.java:187)

[ERROR] dev.mars.quorus.controller.http.OpenApiReferenceContractTest.agentStatusSchemaListsTheValuesTheServerWrites -- Time elapsed: 0.002 s <<< FAILURE!
org.opentest4j.AssertionFailedError: expected: <[registering, healthy, active, idle, degraded, overloaded, maintenance, draining, unreachable, failed, deregistered]> but was: <[REGISTERED, ONLINE, BUSY, OFFLINE, UNHEALTHY, DRAINING, DEREGISTERED]>
	at org.junit.jupiter.api.AssertionFailureBuilder.build(AssertionFailureBuilder.java:151)
	at org.junit.jupiter.api.AssertionFailureBuilder.buildAndThrow(AssertionFailureBuilder.java:132)
	at org.junit.jupiter.api.AssertEquals.failNotEqual(AssertEquals.java:197)
	at org.junit.jupiter.api.AssertEquals.assertEquals(AssertEquals.java:182)
	at org.junit.jupiter.api.AssertEquals.assertEquals(AssertEquals.java:177)
	at org.junit.jupiter.api.Assertions.assertEquals(Assertions.java:1142)
	at dev.mars.quorus.controller.http.OpenApiReferenceContractTest.agentStatusSchemaListsTheValuesTheServerWrites(OpenApiReferenceContractTest.java:92)
	at java.base/jdk.internal.reflect.DirectMethodHandleAccessor.invoke(DirectMethodHandleAccessor.java:104)
	at java.base/java.lang.reflect.Method.invoke(Method.java:583)
	at org.junit.platform.commons.util.ReflectionUtils.invokeMethod(ReflectionUtils.java:727)
	at org.junit.jupiter.engine.execution.MethodInvocation.proceed(MethodInvocation.java:60)
	at org.junit.jupiter.engine.execution.InvocationInterceptorChain$ValidatingInvocation.proceed(InvocationInterceptorChain.java:131)
	at org.junit.jupiter.engine.extension.TimeoutExtension.intercept(TimeoutExtension.java:156)
	at org.junit.jupiter.engine.extension.TimeoutExtension.interceptTestableMethod(TimeoutExtension.java:147)
	at org.junit.jupiter.engine.extension.TimeoutExtension.interceptTestMethod(TimeoutExtension.java:86)
	at org.junit.jupiter.engine.execution.InterceptingExecutableInvoker$ReflectiveInterceptorCall.lambda$ofVoidMethod$0(InterceptingExecutableInvoker.java:103)
	at org.junit.jupiter.engine.execution.InterceptingExecutableInvoker.lambda$invoke$0(InterceptingExecutableInvoker.java:93)
	at org.junit.jupiter.engine.execution.InvocationInterceptorChain$InterceptedInvocation.proceed(InvocationInterceptorChain.java:106)
	at org.junit.jupiter.engine.execution.InvocationInterceptorChain.proceed(InvocationInterceptorChain.java:64)
	at org.junit.jupiter.engine.execution.InvocationInterceptorChain.chainAndInvoke(InvocationInterceptorChain.java:45)
	at org.junit.jupiter.engine.execution.InvocationInterceptorChain.invoke(InvocationInterceptorChain.java:37)
	at org.junit.jupiter.engine.execution.InterceptingExecutableInvoker.invoke(InterceptingExecutableInvoker.java:92)
	at org.junit.jupiter.engine.execution.InterceptingExecutableInvoker.invoke(InterceptingExecutableInvoker.java:86)
	at org.junit.jupiter.engine.descriptor.TestMethodTestDescriptor.lambda$invokeTestMethod$7(TestMethodTestDescriptor.java:217)
	at org.junit.platform.engine.support.hierarchical.ThrowableCollector.execute(ThrowableCollector.java:73)
	at org.junit.jupiter.engine.descriptor.TestMethodTestDescriptor.invokeTestMethod(TestMethodTestDescriptor.java:213)
	at org.junit.jupiter.engine.descriptor.TestMethodTestDescriptor.execute(TestMethodTestDescriptor.java:138)
	at org.junit.jupiter.engine.descriptor.TestMethodTestDescriptor.execute(TestMethodTestDescriptor.java:68)
	at org.junit.platform.engine.support.hierarchical.NodeTestTask.lambda$executeRecursively$6(NodeTestTask.java:151)
	at org.junit.platform.engine.support.hierarchical.ThrowableCollector.execute(ThrowableCollector.java:73)
	at org.junit.platform.engine.support.hierarchical.NodeTestTask.lambda$executeRecursively$8(NodeTestTask.java:141)
	at org.junit.platform.engine.support.hierarchical.Node.around(Node.java:137)
	at org.junit.platform.engine.support.hierarchical.NodeTestTask.lambda$executeRecursively$9(NodeTestTask.java:139)
	at org.junit.platform.engine.support.hierarchical.ThrowableCollector.execute(ThrowableCollector.java:73)
	at org.junit.platform.engine.support.hierarchical.NodeTestTask.executeRecursively(NodeTestTask.java:138)
	at org.junit.platform.engine.support.hierarchical.NodeTestTask.execute(NodeTestTask.java:95)
	at org.junit.platform.engine.support.hierarchical.ForkJoinPoolHierarchicalTestExecutorService$ExclusiveTask.compute(ForkJoinPoolHierarchicalTestExecutorService.java:202)
	at org.junit.platform.engine.support.hierarchical.ForkJoinPoolHierarchicalTestExecutorService.executeNonConcurrentTasks(ForkJoinPoolHierarchicalTestExecutorService.java:172)
	at org.junit.platform.engine.support.hierarchical.ForkJoinPoolHierarchicalTestExecutorService.invokeAll(ForkJoinPoolHierarchicalTestExecutorService.java:152)
	at org.junit.platform.engine.support.hierarchical.NodeTestTask.lambda$executeRecursively$6(NodeTestTask.java:155)
	at org.junit.platform.engine.support.hierarchical.ThrowableCollector.execute(ThrowableCollector.java:73)
	at org.junit.platform.engine.support.hierarchical.NodeTestTask.lambda$executeRecursively$8(NodeTestTask.java:141)
	at org.junit.platform.engine.support.hierarchical.Node.around(Node.java:137)
	at org.junit.platform.engine.support.hierarchical.NodeTestTask.lambda$executeRecursively$9(NodeTestTask.java:139)
	at org.junit.platform.engine.support.hierarchical.ThrowableCollector.execute(ThrowableCollector.java:73)
	at org.junit.platform.engine.support.hierarchical.NodeTestTask.executeRecursively(NodeTestTask.java:138)
	at org.junit.platform.engine.support.hierarchical.NodeTestTask.execute(NodeTestTask.java:95)
	at org.junit.platform.engine.support.hierarchical.ForkJoinPoolHierarchicalTestExecutorService$ExclusiveTask.compute(ForkJoinPoolHierarchicalTestExecutorService.java:202)
	at org.junit.platform.engine.support.hierarchical.ForkJoinPoolHierarchicalTestExecutorService.executeNonConcurrentTasks(ForkJoinPoolHierarchicalTestExecutorService.java:172)
	at org.junit.platform.engine.support.hierarchical.ForkJoinPoolHierarchicalTestExecutorService.invokeAll(ForkJoinPoolHierarchicalTestExecutorService.java:152)
	at org.junit.platform.engine.support.hierarchical.NodeTestTask.lambda$executeRecursively$6(NodeTestTask.java:155)
	at org.junit.platform.engine.support.hierarchical.ThrowableCollector.execute(ThrowableCollector.java:73)
	at org.junit.platform.engine.support.hierarchical.NodeTestTask.lambda$executeRecursively$8(NodeTestTask.java:141)
	at org.junit.platform.engine.support.hierarchical.Node.around(Node.java:137)
	at org.junit.platform.engine.support.hierarchical.NodeTestTask.lambda$executeRecursively$9(NodeTestTask.java:139)
	at org.junit.platform.engine.support.hierarchical.ThrowableCollector.execute(ThrowableCollector.java:73)
	at org.junit.platform.engine.support.hierarchical.NodeTestTask.executeRecursively(NodeTestTask.java:138)
	at org.junit.platform.engine.support.hierarchical.NodeTestTask.execute(NodeTestTask.java:95)
	at org.junit.platform.engine.support.hierarchical.ForkJoinPoolHierarchicalTestExecutorService$ExclusiveTask.compute(ForkJoinPoolHierarchicalTestExecutorService.java:202)
	at java.base/java.util.concurrent.RecursiveAction.exec(RecursiveAction.java:194)
	at java.base/java.util.concurrent.ForkJoinTask.doExec(ForkJoinTask.java:507)
	at java.base/java.util.concurrent.ForkJoinPool$WorkQueue.topLevelExec(ForkJoinPool.java:1450)
	at java.base/java.util.concurrent.ForkJoinPool.runWorker(ForkJoinPool.java:2019)
	at java.base/java.util.concurrent.ForkJoinWorkerThread.run(ForkJoinWorkerThread.java:187)

[ERROR] dev.mars.quorus.controller.http.OpenApiReferenceContractTest.restSpecificationCurrentRowsMatchTheContract -- Time elapsed: 0.006 s <<< FAILURE!
org.opentest4j.AssertionFailedError: 
Marked Current but not in the contract: []
In the contract but not marked Current: [GET /api/v1/openapi.yaml] ==> expected: <true> but was: <false>
	at org.junit.jupiter.api.AssertionFailureBuilder.build(AssertionFailureBuilder.java:151)
	at org.junit.jupiter.api.AssertionFailureBuilder.buildAndThrow(AssertionFailureBuilder.java:132)
	at org.junit.jupiter.api.AssertTrue.failNotTrue(AssertTrue.java:63)
	at org.junit.jupiter.api.AssertTrue.assertTrue(AssertTrue.java:42)
	at org.junit.jupiter.api.Assertions.assertTrue(Assertions.java:188)
	at dev.mars.quorus.controller.http.OpenApiReferenceContractTest.restSpecificationCurrentRowsMatchTheContract(OpenApiReferenceContractTest.java:142)
	at java.base/jdk.internal.reflect.DirectMethodHandleAccessor.invoke(DirectMethodHandleAccessor.java:104)
	at java.base/java.lang.reflect.Method.invoke(Method.java:583)
	at org.junit.platform.commons.util.ReflectionUtils.invokeMethod(ReflectionUtils.java:727)
	at org.junit.jupiter.engine.execution.MethodInvocation.proceed(MethodInvocation.java:60)
	at org.junit.jupiter.engine.execution.InvocationInterceptorChain$ValidatingInvocation.proceed(InvocationInterceptorChain.java:131)
	at org.junit.jupiter.engine.extension.TimeoutExtension.intercept(TimeoutExtension.java:156)
	at org.junit.jupiter.engine.extension.TimeoutExtension.interceptTestableMethod(TimeoutExtension.java:147)
	at org.junit.jupiter.engine.extension.TimeoutExtension.interceptTestMethod(TimeoutExtension.java:86)
	at org.junit.jupiter.engine.execution.InterceptingExecutableInvoker$ReflectiveInterceptorCall.lambda$ofVoidMethod$0(InterceptingExecutableInvoker.java:103)
	at org.junit.jupiter.engine.execution.InterceptingExecutableInvoker.lambda$invoke$0(InterceptingExecutableInvoker.java:93)
	at org.junit.jupiter.engine.execution.InvocationInterceptorChain$InterceptedInvocation.proceed(InvocationInterceptorChain.java:106)
	at org.junit.jupiter.engine.execution.InvocationInterceptorChain.proceed(InvocationInterceptorChain.java:64)
	at org.junit.jupiter.engine.execution.InvocationInterceptorChain.chainAndInvoke(InvocationInterceptorChain.java:45)
	at org.junit.jupiter.engine.execution.InvocationInterceptorChain.invoke(InvocationInterceptorChain.java:37)
	at org.junit.jupiter.engine.execution.InterceptingExecutableInvoker.invoke(InterceptingExecutableInvoker.java:92)
	at org.junit.jupiter.engine.execution.InterceptingExecutableInvoker.invoke(InterceptingExecutableInvoker.java:86)
	at org.junit.jupiter.engine.descriptor.TestMethodTestDescriptor.lambda$invokeTestMethod$7(TestMethodTestDescriptor.java:217)
	at org.junit.platform.engine.support.hierarchical.ThrowableCollector.execute(ThrowableCollector.java:73)
	at org.junit.jupiter.engine.descriptor.TestMethodTestDescriptor.invokeTestMethod(TestMethodTestDescriptor.java:213)
	at org.junit.jupiter.engine.descriptor.TestMethodTestDescriptor.execute(TestMethodTestDescriptor.java:138)
	at org.junit.jupiter.engine.descriptor.TestMethodTestDescriptor.execute(TestMethodTestDescriptor.java:68)
	at org.junit.platform.engine.support.hierarchical.NodeTestTask.lambda$executeRecursively$6(NodeTestTask.java:151)
	at org.junit.platform.engine.support.hierarchical.ThrowableCollector.execute(ThrowableCollector.java:73)
	at org.junit.platform.engine.support.hierarchical.NodeTestTask.lambda$executeRecursively$8(NodeTestTask.java:141)
	at org.junit.platform.engine.support.hierarchical.Node.around(Node.java:137)
	at org.junit.platform.engine.support.hierarchical.NodeTestTask.lambda$executeRecursively$9(NodeTestTask.java:139)
	at org.junit.platform.engine.support.hierarchical.ThrowableCollector.execute(ThrowableCollector.java:73)
	at org.junit.platform.engine.support.hierarchical.NodeTestTask.executeRecursively(NodeTestTask.java:138)
	at org.junit.platform.engine.support.hierarchical.NodeTestTask.execute(NodeTestTask.java:95)
	at org.junit.platform.engine.support.hierarchical.ForkJoinPoolHierarchicalTestExecutorService$ExclusiveTask.compute(ForkJoinPoolHierarchicalTestExecutorService.java:202)
	at org.junit.platform.engine.support.hierarchical.ForkJoinPoolHierarchicalTestExecutorService.executeNonConcurrentTasks(ForkJoinPoolHierarchicalTestExecutorService.java:172)
	at org.junit.platform.engine.support.hierarchical.ForkJoinPoolHierarchicalTestExecutorService.invokeAll(ForkJoinPoolHierarchicalTestExecutorService.java:152)
	at org.junit.platform.engine.support.hierarchical.NodeTestTask.lambda$executeRecursively$6(NodeTestTask.java:155)
	at org.junit.platform.engine.support.hierarchical.ThrowableCollector.execute(ThrowableCollector.java:73)
	at org.junit.platform.engine.support.hierarchical.NodeTestTask.lambda$executeRecursively$8(NodeTestTask.java:141)
	at org.junit.platform.engine.support.hierarchical.Node.around(Node.java:137)
	at org.junit.platform.engine.support.hierarchical.NodeTestTask.lambda$executeRecursively$9(NodeTestTask.java:139)
	at org.junit.platform.engine.support.hierarchical.ThrowableCollector.execute(ThrowableCollector.java:73)
	at org.junit.platform.engine.support.hierarchical.NodeTestTask.executeRecursively(NodeTestTask.java:138)
	at org.junit.platform.engine.support.hierarchical.NodeTestTask.execute(NodeTestTask.java:95)
	at org.junit.platform.engine.support.hierarchical.ForkJoinPoolHierarchicalTestExecutorService$ExclusiveTask.compute(ForkJoinPoolHierarchicalTestExecutorService.java:202)
	at org.junit.platform.engine.support.hierarchical.ForkJoinPoolHierarchicalTestExecutorService.executeNonConcurrentTasks(ForkJoinPoolHierarchicalTestExecutorService.java:172)
	at org.junit.platform.engine.support.hierarchical.ForkJoinPoolHierarchicalTestExecutorService.invokeAll(ForkJoinPoolHierarchicalTestExecutorService.java:152)
	at org.junit.platform.engine.support.hierarchical.NodeTestTask.lambda$executeRecursively$6(NodeTestTask.java:155)
	at org.junit.platform.engine.support.hierarchical.ThrowableCollector.execute(ThrowableCollector.java:73)
	at org.junit.platform.engine.support.hierarchical.NodeTestTask.lambda$executeRecursively$8(NodeTestTask.java:141)
	at org.junit.platform.engine.support.hierarchical.Node.around(Node.java:137)
	at org.junit.platform.engine.support.hierarchical.NodeTestTask.lambda$executeRecursively$9(NodeTestTask.java:139)
	at org.junit.platform.engine.support.hierarchical.ThrowableCollector.execute(ThrowableCollector.java:73)
	at org.junit.platform.engine.support.hierarchical.NodeTestTask.executeRecursively(NodeTestTask.java:138)
	at org.junit.platform.engine.support.hierarchical.NodeTestTask.execute(NodeTestTask.java:95)
	at org.junit.platform.engine.support.hierarchical.ForkJoinPoolHierarchicalTestExecutorService$ExclusiveTask.compute(ForkJoinPoolHierarchicalTestExecutorService.java:202)
	at java.base/java.util.concurrent.RecursiveAction.exec(RecursiveAction.java:194)
	at java.base/java.util.concurrent.ForkJoinTask.doExec(ForkJoinTask.java:507)
	at java.base/java.util.concurrent.ForkJoinPool$WorkQueue.topLevelExec(ForkJoinPool.java:1450)
	at java.base/java.util.concurrent.ForkJoinPool.runWorker(ForkJoinPool.java:2019)
	at java.base/java.util.concurrent.ForkJoinWorkerThread.run(ForkJoinWorkerThread.java:187)

[INFO] 
[INFO] Results:
[INFO] 
[ERROR] Failures: 
[ERROR]   HttpApiServerHealthTest$ApiInfoTests.shouldPointToTheOpenApiContract(VertxTestContext) org.opentest4j.AssertionFailedError: expected: </api/v1/openapi.yaml> but was: <null>
[ERROR]   OpenApiReferenceContractTest.agentStatusSchemaListsTheValuesTheServerWrites:92 expected: <[registering, healthy, active, idle, degraded, overloaded, maintenance, draining, unreachable, failed, deregistered]> but was: <[REGISTERED, ONLINE, BUSY, OFFLINE, UNHEALTHY, DRAINING, DEREGISTERED]>
[ERROR]   OpenApiReferenceContractTest.apiInfoResponsePointsToTheContract:117 getApiInfo must declare the openApi link ==> expected: not <null>
[ERROR]   OpenApiReferenceContractTest.dnsAuthorizingOperationsDeclareTheirFailureResponses:105 post /api/v1/transfers must declare 504 as a problem response ==> expected: <{$ref=#/components/responses/Problem}> but was: <null>
[ERROR]   OpenApiReferenceContractTest.everyOperationDeclaresTheScopeThePolicyEngineEnforces:73 GET /metrics: expected security [{mutualTls=[telemetry:read]}], declared null
GET /health: expected security [{mutualTls=[api:access]}], declared null
GET /status: expected security [{mutualTls=[system:read]}], declared null
GET /raft/status: expected security [{mutualTls=[cluster:read]}], declared null
GET /api/v1/info: expected security [{mutualTls=[system:read]}], declared null
GET /api/v1/security/me: expected security [{mutualTls=[security:self:read]}], declared null
GET /api/v1/security/authorization/explain: expected security [{mutualTls=[security:explain]}], declared null
POST /api/v1/security/authorization/check: expected security [{mutualTls=[security:explain]}], declared null
GET /api/v1/security/trust: expected security [{mutualTls=[security:trust:read]}], declared null
PUT /api/v1/security/trust/revocations: expected security [{mutualTls=[security:trust:write]}], declared null
POST /api/v1/agents/register: expected security [{mutualTls=[agents:register]}], declared null
POST /api/v1/agents/heartbeat: expected security [{mutualTls=[agents:heartbeat]}], declared null
GET /api/v1/agents: expected security [{mutualTls=[agents:read]}], declared null
GET /api/v1/agents/{agentId}/jobs: expected security [{mutualTls=[agents:jobs:read]}], declared null
POST /api/v1/transfers: expected security [{mutualTls=[transfers:write]}], declared null
GET /api/v1/transfers/{jobId}: expected security [{mutualTls=[transfers:read]}], declared null
DELETE /api/v1/transfers/{jobId}: expected security [{mutualTls=[transfers:delete]}], declared null
GET /api/v1/transfers/{jobId}/progress: expected security [{mutualTls=[transfers:read]}], declared null
GET /api/v1/transfers/{jobId}/events: expected security [{mutualTls=[transfers:read]}], declared null
POST /api/v1/jobs/{jobId}/status: expected security [{mutualTls=[transfers:status:update]}], declared null
GET /api/v1/transfers/{jobId}/attempts: expected security [{mutualTls=[transfers:read]}], declared null
GET /api/v1/transfers/{jobId}/attempts/{attemptId}: expected security [{mutualTls=[transfers:read]}], declared null
GET /api/v1/assignments: expected security [{mutualTls=[assignments:read]}], declared null
POST /api/v1/assignments: expected security [{mutualTls=[assignments:write]}], declared null
GET /api/v1/assignments/{assignmentId}: expected security [{mutualTls=[assignments:read]}], declared null
DELETE /api/v1/assignments/{assignmentId}: expected security [{mutualTls=[assignments:delete]}], declared null
PUT /api/v1/assignments/{assignmentId}/accept: expected security [{mutualTls=[assignments:write]}], declared null
PUT /api/v1/assignments/{assignmentId}/reject: expected security [{mutualTls=[assignments:write]}], declared null
PUT /api/v1/assignments/{assignmentId}/status: expected security [{mutualTls=[assignments:write]}], declared null
PUT /api/v1/assignments/{assignmentId}/cancel: expected security [{mutualTls=[assignments:write]}], declared null
GET /api/v1/routes: expected security [{mutualTls=[routes:read]}], declared null
POST /api/v1/routes: expected security [{mutualTls=[routes:write]}], declared null
GET /api/v1/routes/{routeId}: expected security [{mutualTls=[routes:read]}], declared null
PUT /api/v1/routes/{routeId}: expected security [{mutualTls=[routes:write]}], declared null
DELETE /api/v1/routes/{routeId}: expected security [{mutualTls=[routes:delete]}], declared null
PUT /api/v1/routes/{routeId}/suspend: expected security [{mutualTls=[routes:write]}], declared null
PUT /api/v1/routes/{routeId}/resume: expected security [{mutualTls=[routes:write]}], declared null
GET /api/v1/service-connections: expected security [{mutualTls=[service-connections:read]}], declared null
POST /api/v1/service-connections: expected security [{mutualTls=[service-connections:write]}], declared null
GET /api/v1/service-connections/{serviceConnectionId}: expected security [{mutualTls=[service-connections:read]}], declared null
PUT /api/v1/service-connections/{serviceConnectionId}: expected security [{mutualTls=[service-connections:write]}], declared null
DELETE /api/v1/service-connections/{serviceConnectionId}: expected security [{mutualTls=[service-connections:delete]}], declared null
POST /api/v1/service-connections/{serviceConnectionId}/validate: expected security [{mutualTls=[service-connections:write]}], declared null
GET /api/v1/secret-references: expected security [{mutualTls=[secret-references:read]}], declared null
POST /api/v1/secret-references: expected security [{mutualTls=[secret-references:write]}], declared null
GET /api/v1/secret-references/{secretReferenceId}: expected security [{mutualTls=[secret-references:read]}], declared null
PUT /api/v1/secret-references/{secretReferenceId}: expected security [{mutualTls=[secret-references:write]}], declared null
DELETE /api/v1/secret-references/{secretReferenceId}: expected security [{mutualTls=[secret-references:delete]}], declared null
GET /api/v1/security-events: expected security [{mutualTls=[security-events:read]}], declared null ==> expected: <true> but was: <false>
[ERROR]   OpenApiReferenceContractTest.restSpecificationCurrentRowsMatchTheContract:142 Marked Current but not in the contract: []
In the contract but not marked Current: [GET /api/v1/openapi.yaml] ==> expected: <true> but was: <false>
[INFO] 
[ERROR] Tests run: 21, Failures: 6, Errors: 0, Skipped: 0
[INFO] 
[INFO] ------------------------------------------------------------------------
[INFO] Reactor Summary for Quorus File Transfer System 1.0-SNAPSHOT:
[INFO] 
[INFO] Quorus File Transfer System ........................ SUCCESS [  0.190 s]
[INFO] Quorus Core ........................................ SUCCESS [  0.775 s]
[INFO] Quorus Workflow Engine ............................. SUCCESS [  0.104 s]
[INFO] Quorus Tenant Management ........................... SUCCESS [  0.080 s]
[INFO] Quorus Distributed Controller ...................... FAILURE [  8.127 s]
[INFO] ------------------------------------------------------------------------
[INFO] BUILD FAILURE
[INFO] ------------------------------------------------------------------------
[INFO] Total time:  9.434 s
[INFO] Finished at: 2026-09-27T09:38:59+01:00
[INFO] ------------------------------------------------------------------------
[ERROR] Failed to execute goal org.apache.maven.plugins:maven-surefire-plugin:3.2.2:test (default-test) on project quorus-controller: There are test failures.
[ERROR] 
[ERROR] Please refer to C:\Users\mraysmit\dev\idea-projects\quorus\quorus-controller\target\surefire-reports for the individual test results.
[ERROR] Please refer to dump files (if any exist) [date].dump, [date]-jvmRun[N].dump and [date].dumpstream.
[ERROR] -> [Help 1]
[ERROR] 
[ERROR] To see the full stack trace of the errors, re-run Maven with the -e switch.
[ERROR] Re-run Maven using the -X switch to enable full debug logging.
[ERROR] 
[ERROR] For more information about the errors and possible solutions, please read the following articles:
[ERROR] [Help 1] http://cwiki.apache.org/confluence/display/MAVEN/MojoFailureException
[ERROR] 
[ERROR] After correcting the problems, you can resume the build with the command
[ERROR]   mvn <args> -rf :quorus-controller
