WARNING: A terminally deprecated method in sun.misc.Unsafe has been called
WARNING: sun.misc.Unsafe::staticFieldBase has been called by com.google.inject.internal.aop.HiddenClassDefiner (file:/C:/Users/mraysmit/scoop/apps/maven/current/lib/guice-5.1.0-classes.jar)
WARNING: Please consider reporting this to the maintainers of class com.google.inject.internal.aop.HiddenClassDefiner
WARNING: sun.misc.Unsafe::staticFieldBase will be removed in a future release
WARNING: Final field _cipher in class org.sonatype.plexus.components.sec.dispatcher.DefaultSecDispatcher has been mutated reflectively by class org.eclipse.sisu.bean.BeanPropertyField in unnamed module @1f3f4916 (file:/C:/Users/mraysmit/scoop/apps/maven/current/lib/org.eclipse.sisu.inject-0.9.0.M4.jar)
WARNING: Use --enable-final-field-mutation=ALL-UNNAMED to avoid a warning
WARNING: Mutating final fields will be blocked in a future release unless final field mutation is enabled
[INFO] Scanning for projects...
[INFO] 
[INFO] ------------------------< dev.mars:quorus-core >------------------------
[INFO] Building Quorus Core 1.0-SNAPSHOT
[INFO]   from pom.xml
[INFO] --------------------------------[ jar ]---------------------------------
[INFO] 
[INFO] --- clean:3.2.0:clean (default-clean) @ quorus-core ---
[INFO] Deleting C:\Users\mraysmit\dev\idea-projects\quorus\quorus-core\target
[INFO] 
[INFO] --- jacoco:0.8.15:prepare-agent (prepare-agent) @ quorus-core ---
[INFO] argLine set to -javaagent:C:\\Users\\mraysmit\\.m2\\repository\\org\\jacoco\\org.jacoco.agent\\0.8.15\\org.jacoco.agent-0.8.15-runtime.jar=destfile=C:\\Users\\mraysmit\\dev\\idea-projects\\quorus\\quorus-core\\target\\jacoco.exec,excludes=sun/**:jdk/**:java/**:com/sun/**:org/jcp/**
[INFO] 
[INFO] --- resources:3.3.1:resources (default-resources) @ quorus-core ---
[INFO] Copying 1 resource from src\main\resources to target\classes
[INFO] 
[INFO] --- compiler:3.13.0:compile (default-compile) @ quorus-core ---
[INFO] Recompiling the module because of changed source code.
[INFO] Compiling 74 source files with javac [debug release 27] to target\classes
[INFO] /C:/Users/mraysmit/dev/idea-projects/quorus/quorus-core/src/main/java/dev/mars/quorus/protocol/FtpTransferProtocol.java: Some input files use or override a deprecated API.
[INFO] /C:/Users/mraysmit/dev/idea-projects/quorus/quorus-core/src/main/java/dev/mars/quorus/protocol/FtpTransferProtocol.java: Recompile with -Xlint:deprecation for details.
[INFO] 
[INFO] --- resources:3.3.1:testResources (default-testResources) @ quorus-core ---
[INFO] Copying 11 resources from src\test\resources to target\test-classes
[INFO] 
[INFO] --- compiler:3.13.0:testCompile (default-testCompile) @ quorus-core ---
[INFO] Recompiling the module because of changed dependency.
[INFO] Compiling 91 source files with javac [debug release 27] to target\test-classes
[INFO] /C:/Users/mraysmit/dev/idea-projects/quorus/quorus-core/src/test/java/dev/mars/quorus/connection/TlsTrustAnchorPolicyTest.java: Some input files use or override a deprecated API.
[INFO] /C:/Users/mraysmit/dev/idea-projects/quorus/quorus-core/src/test/java/dev/mars/quorus/connection/TlsTrustAnchorPolicyTest.java: Recompile with -Xlint:deprecation for details.
[INFO] 
[INFO] --- surefire:3.2.2:test (default-test) @ quorus-core ---
[INFO] Using auto detected provider org.apache.maven.surefire.junitplatform.JUnitPlatformProvider
[INFO] 
[INFO] -------------------------------------------------------
[INFO]  T E S T S
[INFO] -------------------------------------------------------
[INFO] Running dev.mars.quorus.concurrent.TaskScopeContextPropagationTest
[INFO] Running dev.mars.quorus.concurrent.TaskScopeContextPropagationTest$ScopedValues
[ERROR] Tests run: 3, Failures: 1, Errors: 0, Skipped: 0, Time elapsed: 0.400 s <<< FAILURE! -- in dev.mars.quorus.concurrent.TaskScopeContextPropagationTest$ScopedValues
[ERROR] dev.mars.quorus.concurrent.TaskScopeContextPropagationTest$ScopedValues.declaredScopedValuesAreReboundInSubtasks -- Time elapsed: 0.366 s <<< FAILURE!
org.opentest4j.AssertionFailedError: expected: <tenant-a> but was: <unbound>
	at org.junit.jupiter.api.AssertionFailureBuilder.build(AssertionFailureBuilder.java:151)
	at org.junit.jupiter.api.AssertionFailureBuilder.buildAndThrow(AssertionFailureBuilder.java:132)
	at org.junit.jupiter.api.AssertEquals.failNotEqual(AssertEquals.java:197)
	at org.junit.jupiter.api.AssertEquals.assertEquals(AssertEquals.java:182)
	at org.junit.jupiter.api.AssertEquals.assertEquals(AssertEquals.java:177)
	at org.junit.jupiter.api.Assertions.assertEquals(Assertions.java:1142)
	at dev.mars.quorus.concurrent.TaskScopeContextPropagationTest$ScopedValues.declaredScopedValuesAreReboundInSubtasks(TaskScopeContextPropagationTest.java:279)
	at java.base/jdk.internal.reflect.DirectMethodHandleAccessor.invoke(DirectMethodHandleAccessor.java:104)
	at java.base/java.lang.reflect.Method.invoke(Method.java:583)
	at org.junit.platform.commons.util.ReflectionUtils.invokeMethod(ReflectionUtils.java:727)
	at org.junit.jupiter.engine.execution.MethodInvocation.proceed(MethodInvocation.java:60)
	at org.junit.jupiter.engine.execution.InvocationInterceptorChain$ValidatingInvocation.proceed(InvocationInterceptorChain.java:131)
	at org.junit.jupiter.api.AssertTimeoutPreemptively.lambda$submitTask$3(AssertTimeoutPreemptively.java:95)
	at java.base/java.util.concurrent.FutureTask.run(FutureTask.java:330)
	at java.base/java.util.concurrent.ThreadPoolExecutor.runWorker(ThreadPoolExecutor.java:1090)
	at java.base/java.util.concurrent.ThreadPoolExecutor$Worker.run(ThreadPoolExecutor.java:614)
	at java.base/java.lang.Thread.run(Thread.java:1527)

[INFO] Running dev.mars.quorus.concurrent.TaskScopeContextPropagationTest$MappedDiagnosticContext
[ERROR] Tests run: 3, Failures: 2, Errors: 0, Skipped: 0, Time elapsed: 0.056 s <<< FAILURE! -- in dev.mars.quorus.concurrent.TaskScopeContextPropagationTest$MappedDiagnosticContext
[ERROR] dev.mars.quorus.concurrent.TaskScopeContextPropagationTest$MappedDiagnosticContext.subtaskLogEventsCarryTheOwnersMdc -- Time elapsed: 0.003 s <<< FAILURE!
org.opentest4j.AssertionFailedError: expected: <req-42> but was: <null>
	at org.junit.jupiter.api.AssertionFailureBuilder.build(AssertionFailureBuilder.java:151)
	at org.junit.jupiter.api.AssertionFailureBuilder.buildAndThrow(AssertionFailureBuilder.java:132)
	at org.junit.jupiter.api.AssertEquals.failNotEqual(AssertEquals.java:197)
	at org.junit.jupiter.api.AssertEquals.assertEquals(AssertEquals.java:182)
	at org.junit.jupiter.api.AssertEquals.assertEquals(AssertEquals.java:177)
	at org.junit.jupiter.api.Assertions.assertEquals(Assertions.java:1142)
	at dev.mars.quorus.concurrent.TaskScopeContextPropagationTest$MappedDiagnosticContext.subtaskLogEventsCarryTheOwnersMdc(TaskScopeContextPropagationTest.java:199)
	at java.base/jdk.internal.reflect.DirectMethodHandleAccessor.invoke(DirectMethodHandleAccessor.java:104)
	at java.base/java.lang.reflect.Method.invoke(Method.java:583)
	at org.junit.platform.commons.util.ReflectionUtils.invokeMethod(ReflectionUtils.java:727)
	at org.junit.jupiter.engine.execution.MethodInvocation.proceed(MethodInvocation.java:60)
	at org.junit.jupiter.engine.execution.InvocationInterceptorChain$ValidatingInvocation.proceed(InvocationInterceptorChain.java:131)
	at org.junit.jupiter.api.AssertTimeoutPreemptively.lambda$submitTask$3(AssertTimeoutPreemptively.java:95)
	at java.base/java.util.concurrent.FutureTask.run(FutureTask.java:330)
	at java.base/java.util.concurrent.ThreadPoolExecutor.runWorker(ThreadPoolExecutor.java:1090)
	at java.base/java.util.concurrent.ThreadPoolExecutor$Worker.run(ThreadPoolExecutor.java:614)
	at java.base/java.lang.Thread.run(Thread.java:1527)

[ERROR] dev.mars.quorus.concurrent.TaskScopeContextPropagationTest$MappedDiagnosticContext.subtaskMdcTraceIdentifiersMatchTheSubtaskSpan -- Time elapsed: 0.005 s <<< FAILURE!
org.opentest4j.AssertionFailedError: expected one span named 'taskscope mdc-trace subtask' but found [] ==> expected: <1> but was: <0>
	at org.junit.jupiter.api.AssertionFailureBuilder.build(AssertionFailureBuilder.java:151)
	at org.junit.jupiter.api.AssertionFailureBuilder.buildAndThrow(AssertionFailureBuilder.java:132)
	at org.junit.jupiter.api.AssertEquals.failNotEqual(AssertEquals.java:197)
	at org.junit.jupiter.api.AssertEquals.assertEquals(AssertEquals.java:150)
	at org.junit.jupiter.api.Assertions.assertEquals(Assertions.java:560)
	at dev.mars.quorus.concurrent.TaskScopeContextPropagationTest.single(TaskScopeContextPropagationTest.java:307)
	at dev.mars.quorus.concurrent.TaskScopeContextPropagationTest$MappedDiagnosticContext.subtaskMdcTraceIdentifiersMatchTheSubtaskSpan(TaskScopeContextPropagationTest.java:213)
	at java.base/jdk.internal.reflect.DirectMethodHandleAccessor.invoke(DirectMethodHandleAccessor.java:104)
	at java.base/java.lang.reflect.Method.invoke(Method.java:583)
	at org.junit.platform.commons.util.ReflectionUtils.invokeMethod(ReflectionUtils.java:727)
	at org.junit.jupiter.engine.execution.MethodInvocation.proceed(MethodInvocation.java:60)
	at org.junit.jupiter.engine.execution.InvocationInterceptorChain$ValidatingInvocation.proceed(InvocationInterceptorChain.java:131)
	at org.junit.jupiter.api.AssertTimeoutPreemptively.lambda$submitTask$3(AssertTimeoutPreemptively.java:95)
	at java.base/java.util.concurrent.FutureTask.run(FutureTask.java:330)
	at java.base/java.util.concurrent.ThreadPoolExecutor.runWorker(ThreadPoolExecutor.java:1090)
	at java.base/java.util.concurrent.ThreadPoolExecutor$Worker.run(ThreadPoolExecutor.java:614)
	at java.base/java.lang.Thread.run(Thread.java:1527)

[INFO] Running dev.mars.quorus.concurrent.TaskScopeContextPropagationTest$StructuredTracing
[ERROR] Tests run: 5, Failures: 4, Errors: 1, Skipped: 0, Time elapsed: 0.266 s <<< FAILURE! -- in dev.mars.quorus.concurrent.TaskScopeContextPropagationTest$StructuredTracing
[ERROR] dev.mars.quorus.concurrent.TaskScopeContextPropagationTest$StructuredTracing.failureIsRecordedOnTheFailingSubtaskAndScopeAndSiblingsAreMarkedCancelled -- Time elapsed: 0.004 s <<< ERROR!
java.util.NoSuchElementException: No value present
	at java.base/java.util.Optional.orElseThrow(Optional.java:381)
	at dev.mars.quorus.concurrent.TaskScopeContextPropagationTest$StructuredTracing.failureIsRecordedOnTheFailingSubtaskAndScopeAndSiblingsAreMarkedCancelled(TaskScopeContextPropagationTest.java:145)
	at java.base/jdk.internal.reflect.DirectMethodHandleAccessor.invoke(DirectMethodHandleAccessor.java:104)
	at java.base/java.lang.reflect.Method.invoke(Method.java:583)
	at org.junit.platform.commons.util.ReflectionUtils.invokeMethod(ReflectionUtils.java:727)
	at org.junit.jupiter.engine.execution.MethodInvocation.proceed(MethodInvocation.java:60)
	at org.junit.jupiter.engine.execution.InvocationInterceptorChain$ValidatingInvocation.proceed(InvocationInterceptorChain.java:131)
	at org.junit.jupiter.api.AssertTimeoutPreemptively.lambda$submitTask$3(AssertTimeoutPreemptively.java:95)
	at java.base/java.util.concurrent.FutureTask.run(FutureTask.java:330)
	at java.base/java.util.concurrent.ThreadPoolExecutor.runWorker(ThreadPoolExecutor.java:1090)
	at java.base/java.util.concurrent.ThreadPoolExecutor$Worker.run(ThreadPoolExecutor.java:614)
	at java.base/java.lang.Thread.run(Thread.java:1527)

[ERROR] dev.mars.quorus.concurrent.TaskScopeContextPropagationTest$StructuredTracing.spansStartedInsideASubtaskAreChildrenOfTheSubtaskSpan -- Time elapsed: 0.047 s <<< FAILURE!
org.opentest4j.AssertionFailedError: expected one span named 'taskscope nested subtask' but found [protocol call] ==> expected: <1> but was: <0>
	at org.junit.jupiter.api.AssertionFailureBuilder.build(AssertionFailureBuilder.java:151)
	at org.junit.jupiter.api.AssertionFailureBuilder.buildAndThrow(AssertionFailureBuilder.java:132)
	at org.junit.jupiter.api.AssertEquals.failNotEqual(AssertEquals.java:197)
	at org.junit.jupiter.api.AssertEquals.assertEquals(AssertEquals.java:150)
	at org.junit.jupiter.api.Assertions.assertEquals(Assertions.java:560)
	at dev.mars.quorus.concurrent.TaskScopeContextPropagationTest.single(TaskScopeContextPropagationTest.java:307)
	at dev.mars.quorus.concurrent.TaskScopeContextPropagationTest$StructuredTracing.spansStartedInsideASubtaskAreChildrenOfTheSubtaskSpan(TaskScopeContextPropagationTest.java:113)
	at java.base/jdk.internal.reflect.DirectMethodHandleAccessor.invoke(DirectMethodHandleAccessor.java:104)
	at java.base/java.lang.reflect.Method.invoke(Method.java:583)
	at org.junit.platform.commons.util.ReflectionUtils.invokeMethod(ReflectionUtils.java:727)
	at org.junit.jupiter.engine.execution.MethodInvocation.proceed(MethodInvocation.java:60)
	at org.junit.jupiter.engine.execution.InvocationInterceptorChain$ValidatingInvocation.proceed(InvocationInterceptorChain.java:131)
	at org.junit.jupiter.api.AssertTimeoutPreemptively.lambda$submitTask$3(AssertTimeoutPreemptively.java:95)
	at java.base/java.util.concurrent.FutureTask.run(FutureTask.java:330)
	at java.base/java.util.concurrent.ThreadPoolExecutor.runWorker(ThreadPoolExecutor.java:1090)
	at java.base/java.util.concurrent.ThreadPoolExecutor$Worker.run(ThreadPoolExecutor.java:614)
	at java.base/java.lang.Thread.run(Thread.java:1527)

[ERROR] dev.mars.quorus.concurrent.TaskScopeContextPropagationTest$StructuredTracing.successfulScopeAndSubtasksRecordASuccessOutcome -- Time elapsed: 0.002 s <<< FAILURE!
org.opentest4j.AssertionFailedError: expected one span named 'taskscope ok' but found [] ==> expected: <1> but was: <0>
	at org.junit.jupiter.api.AssertionFailureBuilder.build(AssertionFailureBuilder.java:151)
	at org.junit.jupiter.api.AssertionFailureBuilder.buildAndThrow(AssertionFailureBuilder.java:132)
	at org.junit.jupiter.api.AssertEquals.failNotEqual(AssertEquals.java:197)
	at org.junit.jupiter.api.AssertEquals.assertEquals(AssertEquals.java:150)
	at org.junit.jupiter.api.Assertions.assertEquals(Assertions.java:560)
	at dev.mars.quorus.concurrent.TaskScopeContextPropagationTest.single(TaskScopeContextPropagationTest.java:307)
	at dev.mars.quorus.concurrent.TaskScopeContextPropagationTest$StructuredTracing.successfulScopeAndSubtasksRecordASuccessOutcome(TaskScopeContextPropagationTest.java:123)
	at java.base/jdk.internal.reflect.DirectMethodHandleAccessor.invoke(DirectMethodHandleAccessor.java:104)
	at java.base/java.lang.reflect.Method.invoke(Method.java:583)
	at org.junit.platform.commons.util.ReflectionUtils.invokeMethod(ReflectionUtils.java:727)
	at org.junit.jupiter.engine.execution.MethodInvocation.proceed(MethodInvocation.java:60)
	at org.junit.jupiter.engine.execution.InvocationInterceptorChain$ValidatingInvocation.proceed(InvocationInterceptorChain.java:131)
	at org.junit.jupiter.api.AssertTimeoutPreemptively.lambda$submitTask$3(AssertTimeoutPreemptively.java:95)
	at java.base/java.util.concurrent.FutureTask.run(FutureTask.java:330)
	at java.base/java.util.concurrent.ThreadPoolExecutor.runWorker(ThreadPoolExecutor.java:1090)
	at java.base/java.util.concurrent.ThreadPoolExecutor$Worker.run(ThreadPoolExecutor.java:614)
	at java.base/java.lang.Thread.run(Thread.java:1527)

[ERROR] dev.mars.quorus.concurrent.TaskScopeContextPropagationTest$StructuredTracing.deadlineExpiryMarksTheScopeSpanAsTimedOutAndUnfinishedSubtasksAsCancelled -- Time elapsed: 0.204 s <<< FAILURE!
org.opentest4j.AssertionFailedError: expected one span named 'taskscope slow' but found [] ==> expected: <1> but was: <0>
	at org.junit.jupiter.api.AssertionFailureBuilder.build(AssertionFailureBuilder.java:151)
	at org.junit.jupiter.api.AssertionFailureBuilder.buildAndThrow(AssertionFailureBuilder.java:132)
	at org.junit.jupiter.api.AssertEquals.failNotEqual(AssertEquals.java:197)
	at org.junit.jupiter.api.AssertEquals.assertEquals(AssertEquals.java:150)
	at org.junit.jupiter.api.Assertions.assertEquals(Assertions.java:560)
	at dev.mars.quorus.concurrent.TaskScopeContextPropagationTest.single(TaskScopeContextPropagationTest.java:307)
	at dev.mars.quorus.concurrent.TaskScopeContextPropagationTest$StructuredTracing.deadlineExpiryMarksTheScopeSpanAsTimedOutAndUnfinishedSubtasksAsCancelled(TaskScopeContextPropagationTest.java:163)
	at java.base/jdk.internal.reflect.DirectMethodHandleAccessor.invoke(DirectMethodHandleAccessor.java:104)
	at java.base/java.lang.reflect.Method.invoke(Method.java:583)
	at org.junit.platform.commons.util.ReflectionUtils.invokeMethod(ReflectionUtils.java:727)
	at org.junit.jupiter.engine.execution.MethodInvocation.proceed(MethodInvocation.java:60)
	at org.junit.jupiter.engine.execution.InvocationInterceptorChain$ValidatingInvocation.proceed(InvocationInterceptorChain.java:131)
	at org.junit.jupiter.api.AssertTimeoutPreemptively.lambda$submitTask$3(AssertTimeoutPreemptively.java:95)
	at java.base/java.util.concurrent.FutureTask.run(FutureTask.java:330)
	at java.base/java.util.concurrent.ThreadPoolExecutor.runWorker(ThreadPoolExecutor.java:1090)
	at java.base/java.util.concurrent.ThreadPoolExecutor$Worker.run(ThreadPoolExecutor.java:614)
	at java.base/java.lang.Thread.run(Thread.java:1527)

[ERROR] dev.mars.quorus.concurrent.TaskScopeContextPropagationTest$StructuredTracing.scopeSpanIsAChildOfTheOwnerSpanAndSubtaskSpansAreChildrenOfTheScopeSpan -- Time elapsed: 0.004 s <<< FAILURE!
org.opentest4j.AssertionFailedError: expected one span named 'taskscope fetch' but found [owner] ==> expected: <1> but was: <0>
	at org.junit.jupiter.api.AssertionFailureBuilder.build(AssertionFailureBuilder.java:151)
	at org.junit.jupiter.api.AssertionFailureBuilder.buildAndThrow(AssertionFailureBuilder.java:132)
	at org.junit.jupiter.api.AssertEquals.failNotEqual(AssertEquals.java:197)
	at org.junit.jupiter.api.AssertEquals.assertEquals(AssertEquals.java:150)
	at org.junit.jupiter.api.Assertions.assertEquals(Assertions.java:560)
	at dev.mars.quorus.concurrent.TaskScopeContextPropagationTest.single(TaskScopeContextPropagationTest.java:307)
	at dev.mars.quorus.concurrent.TaskScopeContextPropagationTest$StructuredTracing.scopeSpanIsAChildOfTheOwnerSpanAndSubtaskSpansAreChildrenOfTheScopeSpan(TaskScopeContextPropagationTest.java:92)
	at java.base/jdk.internal.reflect.DirectMethodHandleAccessor.invoke(DirectMethodHandleAccessor.java:104)
	at java.base/java.lang.reflect.Method.invoke(Method.java:583)
	at org.junit.platform.commons.util.ReflectionUtils.invokeMethod(ReflectionUtils.java:727)
	at org.junit.jupiter.engine.execution.MethodInvocation.proceed(MethodInvocation.java:60)
	at org.junit.jupiter.engine.execution.InvocationInterceptorChain$ValidatingInvocation.proceed(InvocationInterceptorChain.java:131)
	at org.junit.jupiter.api.AssertTimeoutPreemptively.lambda$submitTask$3(AssertTimeoutPreemptively.java:95)
	at java.base/java.util.concurrent.FutureTask.run(FutureTask.java:330)
	at java.base/java.util.concurrent.ThreadPoolExecutor.runWorker(ThreadPoolExecutor.java:1090)
	at java.base/java.util.concurrent.ThreadPoolExecutor$Worker.run(ThreadPoolExecutor.java:614)
	at java.base/java.lang.Thread.run(Thread.java:1527)

[INFO] Tests run: 0, Failures: 0, Errors: 0, Skipped: 0, Time elapsed: 0.742 s -- in dev.mars.quorus.concurrent.TaskScopeContextPropagationTest
[INFO] Running dev.mars.quorus.concurrent.TaskScopeTest
[INFO] Tests run: 10, Failures: 0, Errors: 0, Skipped: 0, Time elapsed: 0.224 s -- in dev.mars.quorus.concurrent.TaskScopeTest
[INFO] 
[INFO] Results:
[INFO] 
[ERROR] Failures: 
[ERROR]   TaskScopeContextPropagationTest$MappedDiagnosticContext.subtaskLogEventsCarryTheOwnersMdc:199 expected: <req-42> but was: <null>
[ERROR]   TaskScopeContextPropagationTest$MappedDiagnosticContext.subtaskMdcTraceIdentifiersMatchTheSubtaskSpan:213 expected one span named 'taskscope mdc-trace subtask' but found [] ==> expected: <1> but was: <0>
[ERROR]   TaskScopeContextPropagationTest$ScopedValues.declaredScopedValuesAreReboundInSubtasks:279 expected: <tenant-a> but was: <unbound>
[ERROR]   TaskScopeContextPropagationTest$StructuredTracing.deadlineExpiryMarksTheScopeSpanAsTimedOutAndUnfinishedSubtasksAsCancelled:163 expected one span named 'taskscope slow' but found [] ==> expected: <1> but was: <0>
[ERROR]   TaskScopeContextPropagationTest$StructuredTracing.scopeSpanIsAChildOfTheOwnerSpanAndSubtaskSpansAreChildrenOfTheScopeSpan:92 expected one span named 'taskscope fetch' but found [owner] ==> expected: <1> but was: <0>
[ERROR]   TaskScopeContextPropagationTest$StructuredTracing.spansStartedInsideASubtaskAreChildrenOfTheSubtaskSpan:113 expected one span named 'taskscope nested subtask' but found [protocol call] ==> expected: <1> but was: <0>
[ERROR]   TaskScopeContextPropagationTest$StructuredTracing.successfulScopeAndSubtasksRecordASuccessOutcome:123 expected one span named 'taskscope ok' but found [] ==> expected: <1> but was: <0>
[ERROR] Errors: 
[ERROR]   TaskScopeContextPropagationTest$StructuredTracing.failureIsRecordedOnTheFailingSubtaskAndScopeAndSiblingsAreMarkedCancelled:145 » NoSuchElement No value present
[INFO] 
[ERROR] Tests run: 21, Failures: 7, Errors: 1, Skipped: 0
[INFO] 
[INFO] ------------------------------------------------------------------------
[INFO] BUILD FAILURE
[INFO] ------------------------------------------------------------------------
[INFO] Total time:  8.622 s
[INFO] Finished at: 2026-09-26T14:12:15+01:00
[INFO] ------------------------------------------------------------------------
[ERROR] Failed to execute goal org.apache.maven.plugins:maven-surefire-plugin:3.2.2:test (default-test) on project quorus-core: There are test failures.
[ERROR] 
[ERROR] Please refer to C:\Users\mraysmit\dev\idea-projects\quorus\quorus-core\target\surefire-reports for the individual test results.
[ERROR] Please refer to dump files (if any exist) [date].dump, [date]-jvmRun[N].dump and [date].dumpstream.
[ERROR] -> [Help 1]
[ERROR] 
[ERROR] To see the full stack trace of the errors, re-run Maven with the -e switch.
[ERROR] Re-run Maven using the -X switch to enable full debug logging.
[ERROR] 
[ERROR] For more information about the errors and possible solutions, please read the following articles:
[ERROR] [Help 1] http://cwiki.apache.org/confluence/display/MAVEN/MojoFailureException
