WARNING: A terminally deprecated method in sun.misc.Unsafe has been called
WARNING: sun.misc.Unsafe::staticFieldBase has been called by com.google.inject.internal.aop.HiddenClassDefiner (file:/C:/Users/mraysmit/scoop/apps/maven/current/lib/guice-5.1.0-classes.jar)
WARNING: Please consider reporting this to the maintainers of class com.google.inject.internal.aop.HiddenClassDefiner
WARNING: sun.misc.Unsafe::staticFieldBase will be removed in a future release
WARNING: Final field _cipher in class org.sonatype.plexus.components.sec.dispatcher.DefaultSecDispatcher has been mutated reflectively by class org.eclipse.sisu.bean.BeanPropertyField in unnamed module @1f3f4916 (file:/C:/Users/mraysmit/scoop/apps/maven/current/lib/org.eclipse.sisu.inject-0.9.0.M4.jar)
WARNING: Use --enable-final-field-mutation=ALL-UNNAMED to avoid a warning
WARNING: Mutating final fields will be blocked in a future release unless final field mutation is enabled
[INFO] Scanning for projects...
[INFO] 
[INFO] ------------------------< dev.mars:quorus-core >------------------------
[INFO] Building Quorus Core 1.0-SNAPSHOT
[INFO]   from pom.xml
[INFO] --------------------------------[ jar ]---------------------------------
[INFO] 
[INFO] --- clean:3.2.0:clean (default-clean) @ quorus-core ---
[INFO] Deleting C:\Users\mraysmit\dev\idea-projects\quorus\quorus-core\target
[INFO] 
[INFO] --- jacoco:0.8.15:prepare-agent (prepare-agent) @ quorus-core ---
[INFO] argLine set to -javaagent:C:\\Users\\mraysmit\\.m2\\repository\\org\\jacoco\\org.jacoco.agent\\0.8.15\\org.jacoco.agent-0.8.15-runtime.jar=destfile=C:\\Users\\mraysmit\\dev\\idea-projects\\quorus\\quorus-core\\target\\jacoco.exec,excludes=sun/**:jdk/**:java/**:com/sun/**:org/jcp/**
[INFO] 
[INFO] --- resources:3.3.1:resources (default-resources) @ quorus-core ---
[INFO] Copying 1 resource from src\main\resources to target\classes
[INFO] 
[INFO] --- compiler:3.13.0:compile (default-compile) @ quorus-core ---
[INFO] Recompiling the module because of changed source code.
[INFO] Compiling 74 source files with javac [debug release 27] to target\classes
[INFO] /C:/Users/mraysmit/dev/idea-projects/quorus/quorus-core/src/main/java/dev/mars/quorus/protocol/FtpTransferProtocol.java: Some input files use or override a deprecated API.
[INFO] /C:/Users/mraysmit/dev/idea-projects/quorus/quorus-core/src/main/java/dev/mars/quorus/protocol/FtpTransferProtocol.java: Recompile with -Xlint:deprecation for details.
[INFO] 
[INFO] --- resources:3.3.1:testResources (default-testResources) @ quorus-core ---
[INFO] Copying 11 resources from src\test\resources to target\test-classes
[INFO] 
[INFO] --- compiler:3.13.0:testCompile (default-testCompile) @ quorus-core ---
[INFO] Recompiling the module because of changed dependency.
[INFO] Compiling 92 source files with javac [debug release 27] to target\test-classes
[INFO] /C:/Users/mraysmit/dev/idea-projects/quorus/quorus-core/src/test/java/dev/mars/quorus/connection/TlsTrustAnchorPolicyTest.java: Some input files use or override a deprecated API.
[INFO] /C:/Users/mraysmit/dev/idea-projects/quorus/quorus-core/src/test/java/dev/mars/quorus/connection/TlsTrustAnchorPolicyTest.java: Recompile with -Xlint:deprecation for details.
[INFO] 
[INFO] --- surefire:3.2.2:test (default-test) @ quorus-core ---
[INFO] Using auto detected provider org.apache.maven.surefire.junitplatform.JUnitPlatformProvider
[INFO] 
[INFO] -------------------------------------------------------
[INFO]  T E S T S
[INFO] -------------------------------------------------------
[INFO] Running dev.mars.quorus.concurrent.TaskScopeContextPropagationTest
[INFO] Running dev.mars.quorus.concurrent.TaskScopeContextPropagationTest$Characterization
[INFO] Tests run: 5, Failures: 0, Errors: 0, Skipped: 0, Time elapsed: 0.402 s -- in dev.mars.quorus.concurrent.TaskScopeContextPropagationTest$Characterization
[INFO] Running dev.mars.quorus.concurrent.TaskScopeContextPropagationTest$ScopedValues
[INFO] Tests run: 3, Failures: 0, Errors: 0, Skipped: 0, Time elapsed: 0.011 s -- in dev.mars.quorus.concurrent.TaskScopeContextPropagationTest$ScopedValues
[INFO] Running dev.mars.quorus.concurrent.TaskScopeContextPropagationTest$MappedDiagnosticContext
[INFO] Tests run: 3, Failures: 0, Errors: 0, Skipped: 0, Time elapsed: 0.042 s -- in dev.mars.quorus.concurrent.TaskScopeContextPropagationTest$MappedDiagnosticContext
[INFO] Running dev.mars.quorus.concurrent.TaskScopeContextPropagationTest$StructuredTracing
[INFO] Tests run: 5, Failures: 0, Errors: 0, Skipped: 0, Time elapsed: 0.213 s -- in dev.mars.quorus.concurrent.TaskScopeContextPropagationTest$StructuredTracing
[INFO] Tests run: 0, Failures: 0, Errors: 0, Skipped: 0, Time elapsed: 0.687 s -- in dev.mars.quorus.concurrent.TaskScopeContextPropagationTest
[INFO] Running dev.mars.quorus.concurrent.TaskScopeStructureTest
[ERROR] Tests run: 5, Failures: 3, Errors: 0, Skipped: 0, Time elapsed: 0.015 s <<< FAILURE! -- in dev.mars.quorus.concurrent.TaskScopeStructureTest
[ERROR] dev.mars.quorus.concurrent.TaskScopeStructureTest.closingAnOuterScopeWhileAnInnerScopeIsOpenClosesTheInnerFirstAndReportsAViolation -- Time elapsed: 0.005 s <<< FAILURE!
org.opentest4j.AssertionFailedError: Expected dev.mars.quorus.concurrent.TaskScope.StructureViolationException to be thrown, but nothing was thrown.
	at org.junit.jupiter.api.AssertionFailureBuilder.build(AssertionFailureBuilder.java:152)
	at org.junit.jupiter.api.AssertThrows.assertThrows(AssertThrows.java:73)
	at org.junit.jupiter.api.AssertThrows.assertThrows(AssertThrows.java:35)
	at org.junit.jupiter.api.Assertions.assertThrows(Assertions.java:3083)
	at dev.mars.quorus.concurrent.TaskScopeStructureTest.closingAnOuterScopeWhileAnInnerScopeIsOpenClosesTheInnerFirstAndReportsAViolation(TaskScopeStructureTest.java:86)
	at java.base/jdk.internal.reflect.DirectMethodHandleAccessor.invoke(DirectMethodHandleAccessor.java:104)
	at java.base/java.lang.reflect.Method.invoke(Method.java:583)
	at org.junit.platform.commons.util.ReflectionUtils.invokeMethod(ReflectionUtils.java:727)
	at org.junit.jupiter.engine.execution.MethodInvocation.proceed(MethodInvocation.java:60)
	at org.junit.jupiter.engine.execution.InvocationInterceptorChain$ValidatingInvocation.proceed(InvocationInterceptorChain.java:131)
	at org.junit.jupiter.api.AssertTimeoutPreemptively.lambda$submitTask$3(AssertTimeoutPreemptively.java:95)
	at java.base/java.util.concurrent.FutureTask.run(FutureTask.java:330)
	at java.base/java.util.concurrent.ThreadPoolExecutor.runWorker(ThreadPoolExecutor.java:1090)
	at java.base/java.util.concurrent.ThreadPoolExecutor$Worker.run(ThreadPoolExecutor.java:614)
	at java.base/java.lang.Thread.run(Thread.java:1527)

[ERROR] dev.mars.quorus.concurrent.TaskScopeStructureTest.forkingUnderADifferentBindingOfADeclaredKeyIsAStructureViolation -- Time elapsed: 0.002 s <<< FAILURE!
org.opentest4j.AssertionFailedError: Expected dev.mars.quorus.concurrent.TaskScope.StructureViolationException to be thrown, but nothing was thrown.
	at org.junit.jupiter.api.AssertionFailureBuilder.build(AssertionFailureBuilder.java:152)
	at org.junit.jupiter.api.AssertThrows.assertThrows(AssertThrows.java:73)
	at org.junit.jupiter.api.AssertThrows.assertThrows(AssertThrows.java:35)
	at org.junit.jupiter.api.Assertions.assertThrows(Assertions.java:3083)
	at dev.mars.quorus.concurrent.TaskScopeStructureTest.lambda$forkingUnderADifferentBindingOfADeclaredKeyIsAStructureViolation$1(TaskScopeStructureTest.java:41)
	at java.base/jdk.internal.vm.ScopedValueContainer.runWithoutScope(ScopedValueContainer.java:112)
	at java.base/jdk.internal.vm.ScopedValueContainer.run(ScopedValueContainer.java:98)
	at java.base/java.lang.ScopedValue$Carrier.run(ScopedValue.java:471)
	at dev.mars.quorus.concurrent.TaskScopeStructureTest.lambda$forkingUnderADifferentBindingOfADeclaredKeyIsAStructureViolation$0(TaskScopeStructureTest.java:40)
	at java.base/jdk.internal.vm.ScopedValueContainer.callWithoutScope(ScopedValueContainer.java:162)
	at java.base/jdk.internal.vm.ScopedValueContainer.call(ScopedValueContainer.java:147)
	at java.base/java.lang.ScopedValue$Carrier.call(ScopedValue.java:424)
	at dev.mars.quorus.concurrent.TaskScopeStructureTest.forkingUnderADifferentBindingOfADeclaredKeyIsAStructureViolation(TaskScopeStructureTest.java:38)
	at java.base/jdk.internal.reflect.DirectMethodHandleAccessor.invoke(DirectMethodHandleAccessor.java:104)
	at java.base/java.lang.reflect.Method.invoke(Method.java:583)
	at org.junit.platform.commons.util.ReflectionUtils.invokeMethod(ReflectionUtils.java:727)
	at org.junit.jupiter.engine.execution.MethodInvocation.proceed(MethodInvocation.java:60)
	at org.junit.jupiter.engine.execution.InvocationInterceptorChain$ValidatingInvocation.proceed(InvocationInterceptorChain.java:131)
	at org.junit.jupiter.api.AssertTimeoutPreemptively.lambda$submitTask$3(AssertTimeoutPreemptively.java:95)
	at java.base/java.util.concurrent.FutureTask.run(FutureTask.java:330)
	at java.base/java.util.concurrent.ThreadPoolExecutor.runWorker(ThreadPoolExecutor.java:1090)
	at java.base/java.util.concurrent.ThreadPoolExecutor$Worker.run(ThreadPoolExecutor.java:614)
	at java.base/java.lang.Thread.run(Thread.java:1527)
	Suppressed: java.lang.IllegalStateException: scope 'rebound' was closed without join()
		at dev.mars.quorus.concurrent.TaskScope.close(TaskScope.java:247)
		at dev.mars.quorus.concurrent.TaskScopeStructureTest.lambda$forkingUnderADifferentBindingOfADeclaredKeyIsAStructureViolation$0(TaskScopeStructureTest.java:39)
		... 14 more

[ERROR] dev.mars.quorus.concurrent.TaskScopeStructureTest.forkingAfterADeclaredKeyBecameBoundIsAStructureViolation -- Time elapsed: 0.001 s <<< FAILURE!
org.opentest4j.AssertionFailedError: Expected dev.mars.quorus.concurrent.TaskScope.StructureViolationException to be thrown, but nothing was thrown.
	at org.junit.jupiter.api.AssertionFailureBuilder.build(AssertionFailureBuilder.java:152)
	at org.junit.jupiter.api.AssertThrows.assertThrows(AssertThrows.java:73)
	at org.junit.jupiter.api.AssertThrows.assertThrows(AssertThrows.java:35)
	at org.junit.jupiter.api.Assertions.assertThrows(Assertions.java:3083)
	at dev.mars.quorus.concurrent.TaskScopeStructureTest.lambda$forkingAfterADeclaredKeyBecameBoundIsAStructureViolation$0(TaskScopeStructureTest.java:52)
	at java.base/jdk.internal.vm.ScopedValueContainer.runWithoutScope(ScopedValueContainer.java:112)
	at java.base/jdk.internal.vm.ScopedValueContainer.run(ScopedValueContainer.java:98)
	at java.base/java.lang.ScopedValue$Carrier.run(ScopedValue.java:471)
	at dev.mars.quorus.concurrent.TaskScopeStructureTest.forkingAfterADeclaredKeyBecameBoundIsAStructureViolation(TaskScopeStructureTest.java:51)
	at java.base/jdk.internal.reflect.DirectMethodHandleAccessor.invoke(DirectMethodHandleAccessor.java:104)
	at java.base/java.lang.reflect.Method.invoke(Method.java:583)
	at org.junit.platform.commons.util.ReflectionUtils.invokeMethod(ReflectionUtils.java:727)
	at org.junit.jupiter.engine.execution.MethodInvocation.proceed(MethodInvocation.java:60)
	at org.junit.jupiter.engine.execution.InvocationInterceptorChain$ValidatingInvocation.proceed(InvocationInterceptorChain.java:131)
	at org.junit.jupiter.api.AssertTimeoutPreemptively.lambda$submitTask$3(AssertTimeoutPreemptively.java:95)
	at java.base/java.util.concurrent.FutureTask.run(FutureTask.java:330)
	at java.base/java.util.concurrent.ThreadPoolExecutor.runWorker(ThreadPoolExecutor.java:1090)
	at java.base/java.util.concurrent.ThreadPoolExecutor$Worker.run(ThreadPoolExecutor.java:614)
	at java.base/java.lang.Thread.run(Thread.java:1527)
	Suppressed: java.lang.IllegalStateException: scope 'newly-bound' was closed without join()
		at dev.mars.quorus.concurrent.TaskScope.close(TaskScope.java:247)
		at dev.mars.quorus.concurrent.TaskScopeStructureTest.forkingAfterADeclaredKeyBecameBoundIsAStructureViolation(TaskScopeStructureTest.java:50)
		... 10 more

[INFO] Running dev.mars.quorus.concurrent.TaskScopeTest
[INFO] Tests run: 13, Failures: 0, Errors: 0, Skipped: 0, Time elapsed: 0.228 s -- in dev.mars.quorus.concurrent.TaskScopeTest
[INFO] 
[INFO] Results:
[INFO] 
[ERROR] Failures: 
[ERROR]   TaskScopeStructureTest.closingAnOuterScopeWhileAnInnerScopeIsOpenClosesTheInnerFirstAndReportsAViolation:86 Expected dev.mars.quorus.concurrent.TaskScope.StructureViolationException to be thrown, but nothing was thrown.
[ERROR]   TaskScopeStructureTest.forkingAfterADeclaredKeyBecameBoundIsAStructureViolation:51->lambda$forkingAfterADeclaredKeyBecameBoundIsAStructureViolation$0:52 Expected dev.mars.quorus.concurrent.TaskScope.StructureViolationException to be thrown, but nothing was thrown.
[ERROR]   TaskScopeStructureTest.forkingUnderADifferentBindingOfADeclaredKeyIsAStructureViolation:38->lambda$forkingUnderADifferentBindingOfADeclaredKeyIsAStructureViolation$0:40->lambda$forkingUnderADifferentBindingOfADeclaredKeyIsAStructureViolation$1:41 Expected dev.mars.quorus.concurrent.TaskScope.StructureViolationException to be thrown, but nothing was thrown.
[INFO] 
[ERROR] Tests run: 34, Failures: 3, Errors: 0, Skipped: 0
[INFO] 
[INFO] ------------------------------------------------------------------------
[INFO] BUILD FAILURE
[INFO] ------------------------------------------------------------------------
[INFO] Total time:  7.166 s
[INFO] Finished at: 2026-09-26T15:12:04+01:00
[INFO] ------------------------------------------------------------------------
[ERROR] Failed to execute goal org.apache.maven.plugins:maven-surefire-plugin:3.2.2:test (default-test) on project quorus-core: There are test failures.
[ERROR] 
[ERROR] Please refer to C:\Users\mraysmit\dev\idea-projects\quorus\quorus-core\target\surefire-reports for the individual test results.
[ERROR] Please refer to dump files (if any exist) [date].dump, [date]-jvmRun[N].dump and [date].dumpstream.
[ERROR] -> [Help 1]
[ERROR] 
[ERROR] To see the full stack trace of the errors, re-run Maven with the -e switch.
[ERROR] Re-run Maven using the -X switch to enable full debug logging.
[ERROR] 
[ERROR] For more information about the errors and possible solutions, please read the following articles:
[ERROR] [Help 1] http://cwiki.apache.org/confluence/display/MAVEN/MojoFailureException
