WARNING: A terminally deprecated method in sun.misc.Unsafe has been called
WARNING: sun.misc.Unsafe::staticFieldBase has been called by com.google.inject.internal.aop.HiddenClassDefiner (file:/C:/Users/mraysmit/scoop/apps/maven/current/lib/guice-5.1.0-classes.jar)
WARNING: Please consider reporting this to the maintainers of class com.google.inject.internal.aop.HiddenClassDefiner
WARNING: sun.misc.Unsafe::staticFieldBase will be removed in a future release
[INFO] Scanning for projects...
[INFO] ------------------------------------------------------------------------
[INFO] Reactor Build Order:
[INFO] 
[INFO] Quorus File Transfer System                                        [pom]
[INFO] Quorus Core                                                        [jar]
[INFO] Quorus Workflow Engine                                             [jar]
[INFO] Quorus Tenant Management                                           [jar]
[INFO] Quorus Distributed Controller                                      [jar]
[INFO] 
[INFO] --------------------------< dev.mars:quorus >---------------------------
[INFO] Building Quorus File Transfer System 1.0-SNAPSHOT                  [1/5]
[INFO]   from pom.xml
[INFO] --------------------------------[ pom ]---------------------------------
[INFO] 
[INFO] --- jacoco:0.8.15:prepare-agent (prepare-agent) @ quorus ---
[INFO] argLine set to -javaagent:C:\\Users\\mraysmit\\.m2\\repository\\org\\jacoco\\org.jacoco.agent\\0.8.15\\org.jacoco.agent-0.8.15-runtime.jar=destfile=C:\\Users\\mraysmit\\dev\\idea-projects\\quorus\\target\\jacoco.exec,excludes=sun/**:jdk/**:java/**:com/sun/**:org/jcp/**
[INFO] 
[INFO] --- jacoco:0.8.15:report (report) @ quorus ---
[INFO] Skipping JaCoCo execution due to missing execution data file.
[INFO] 
[INFO] ------------------------< dev.mars:quorus-core >------------------------
[INFO] Building Quorus Core 1.0-SNAPSHOT                                  [2/5]
[INFO]   from quorus-core\pom.xml
[INFO] --------------------------------[ jar ]---------------------------------
[INFO] 
[INFO] --- jacoco:0.8.15:prepare-agent (prepare-agent) @ quorus-core ---
[INFO] argLine set to -javaagent:C:\\Users\\mraysmit\\.m2\\repository\\org\\jacoco\\org.jacoco.agent\\0.8.15\\org.jacoco.agent-0.8.15-runtime.jar=destfile=C:\\Users\\mraysmit\\dev\\idea-projects\\quorus\\quorus-core\\target\\jacoco.exec,excludes=sun/**:jdk/**:java/**:com/sun/**:org/jcp/**
[INFO] 
[INFO] --- resources:3.3.1:resources (default-resources) @ quorus-core ---
[INFO] Copying 1 resource from src\main\resources to target\classes
[INFO] 
[INFO] --- compiler:3.13.0:compile (default-compile) @ quorus-core ---
[INFO] Nothing to compile - all classes are up to date.
[INFO] 
[INFO] --- resources:3.3.1:testResources (default-testResources) @ quorus-core ---
[INFO] Copying 11 resources from src\test\resources to target\test-classes
[INFO] 
[INFO] --- compiler:3.13.0:testCompile (default-testCompile) @ quorus-core ---
[INFO] Nothing to compile - all classes are up to date.
[INFO] 
[INFO] --- surefire:3.2.2:test (default-test) @ quorus-core ---
[INFO] 
[INFO] --- jacoco:0.8.15:report (report) @ quorus-core ---
[INFO] Loading execution data file C:\Users\mraysmit\dev\idea-projects\quorus\quorus-core\target\jacoco.exec
[INFO] Analyzed bundle 'Quorus Core' with 124 classes
[WARNING] Classes in bundle 'Quorus Core' do not match with execution data. For report generation the same class files must be used as at runtime.
[WARNING] Execution data for class dev/mars/quorus/protocol/HttpTransferProtocol does not match.
[WARNING] Execution data for class dev/mars/quorus/protocol/SftpTransferProtocol$PinnedHostKeyRepository does not match.
[WARNING] Execution data for class dev/mars/quorus/connection/ServiceConnection$AuthenticationType does not match.
[WARNING] Execution data for class dev/mars/quorus/connection/ServiceConnection$Direction does not match.
[WARNING] Execution data for class dev/mars/quorus/connection/GovernedConnectionResolver does not match.
[WARNING] Execution data for class dev/mars/quorus/connection/RuntimeCredential does not match.
[WARNING] Execution data for class dev/mars/quorus/protocol/SftpTransferProtocol$SftpConnectionInfo does not match.
[WARNING] Execution data for class dev/mars/quorus/connection/ConnectionAccessRequest does not match.
[WARNING] Execution data for class dev/mars/quorus/connection/ConnectionPolicyEnforcer$ConnectionAuthorization does not match.
[WARNING] Execution data for class dev/mars/quorus/connection/ServiceConnection$Status does not match.
[WARNING] Execution data for class dev/mars/quorus/protocol/ProtocolFactory does not match.
[WARNING] Execution data for class dev/mars/quorus/connection/ConnectionValidationService does not match.
[WARNING] Execution data for class dev/mars/quorus/protocol/SftpTransferProtocol$SftpClient$2 does not match.
[WARNING] Execution data for class dev/mars/quorus/protocol/SftpTransferProtocol$SftpClient$1 does not match.
[WARNING] Execution data for class dev/mars/quorus/connection/ServiceConnection$Protocol does not match.
[WARNING] Execution data for class dev/mars/quorus/connection/ServiceConnection$TrustPolicy does not match.
[WARNING] Execution data for class dev/mars/quorus/connection/ConnectionValidationService$Result does not match.
[WARNING] Execution data for class dev/mars/quorus/protocol/SftpTransferProtocol does not match.
[WARNING] Execution data for class dev/mars/quorus/connection/ConnectionPolicyEnforcer does not match.
[WARNING] Execution data for class dev/mars/quorus/protocol/SftpTransferProtocol$SftpClient does not match.
[WARNING] Execution data for class dev/mars/quorus/connection/ServiceConnection$EgressPolicy does not match.
[WARNING] Execution data for class dev/mars/quorus/connection/ConnectionValidationService$Stage does not match.
[WARNING] Execution data for class dev/mars/quorus/connection/ServiceConnection does not match.
[INFO] 
[INFO] ----------------------< dev.mars:quorus-workflow >----------------------
[INFO] Building Quorus Workflow Engine 1.0-SNAPSHOT                       [3/5]
[INFO]   from quorus-workflow\pom.xml
[INFO] --------------------------------[ jar ]---------------------------------
[INFO] 
[INFO] --- jacoco:0.8.15:prepare-agent (prepare-agent) @ quorus-workflow ---
[INFO] argLine set to -javaagent:C:\\Users\\mraysmit\\.m2\\repository\\org\\jacoco\\org.jacoco.agent\\0.8.15\\org.jacoco.agent-0.8.15-runtime.jar=destfile=C:\\Users\\mraysmit\\dev\\idea-projects\\quorus\\quorus-workflow\\target\\jacoco.exec,excludes=sun/**:jdk/**:java/**:com/sun/**:org/jcp/**
[INFO] 
[INFO] --- resources:3.3.1:resources (default-resources) @ quorus-workflow ---
[INFO] Copying 1 resource from src\main\resources to target\classes
[INFO] 
[INFO] --- compiler:3.13.0:compile (default-compile) @ quorus-workflow ---
[INFO] Nothing to compile - all classes are up to date.
[INFO] 
[INFO] --- resources:3.3.1:testResources (default-testResources) @ quorus-workflow ---
[INFO] Copying 2 resources from src\test\resources to target\test-classes
[INFO] 
[INFO] --- compiler:3.13.0:testCompile (default-testCompile) @ quorus-workflow ---
[INFO] Nothing to compile - all classes are up to date.
[INFO] 
[INFO] --- surefire:3.2.2:test (default-test) @ quorus-workflow ---
[INFO] 
[INFO] --- jacoco:0.8.15:report (report) @ quorus-workflow ---
[INFO] Loading execution data file C:\Users\mraysmit\dev\idea-projects\quorus\quorus-workflow\target\jacoco.exec
[INFO] Analyzed bundle 'Quorus Workflow Engine' with 24 classes
[WARNING] Classes in bundle 'Quorus Workflow Engine' do not match with execution data. For report generation the same class files must be used as at runtime.
[WARNING] Execution data for class dev/mars/quorus/workflow/WorkflowExecution$GroupExecution does not match.
[WARNING] Execution data for class dev/mars/quorus/workflow/SimpleWorkflowEngine does not match.
[WARNING] Execution data for class dev/mars/quorus/workflow/WorkflowExecution does not match.
[WARNING] Execution data for class dev/mars/quorus/workflow/TransferGroup does not match.
[WARNING] Execution data for class dev/mars/quorus/workflow/TransferGroup$TransferDefinition does not match.
[INFO] 
[INFO] -----------------------< dev.mars:quorus-tenant >-----------------------
[INFO] Building Quorus Tenant Management 1.0-SNAPSHOT                     [4/5]
[INFO]   from quorus-tenant\pom.xml
[INFO] --------------------------------[ jar ]---------------------------------
[INFO] 
[INFO] --- jacoco:0.8.15:prepare-agent (prepare-agent) @ quorus-tenant ---
[INFO] argLine set to -javaagent:C:\\Users\\mraysmit\\.m2\\repository\\org\\jacoco\\org.jacoco.agent\\0.8.15\\org.jacoco.agent-0.8.15-runtime.jar=destfile=C:\\Users\\mraysmit\\dev\\idea-projects\\quorus\\quorus-tenant\\target\\jacoco.exec,excludes=sun/**:jdk/**:java/**:com/sun/**:org/jcp/**
[INFO] 
[INFO] --- resources:3.3.1:resources (default-resources) @ quorus-tenant ---
[INFO] skip non existing resourceDirectory C:\Users\mraysmit\dev\idea-projects\quorus\quorus-tenant\src\main\resources
[INFO] 
[INFO] --- compiler:3.13.0:compile (default-compile) @ quorus-tenant ---
[INFO] Nothing to compile - all classes are up to date.
[INFO] 
[INFO] --- resources:3.3.1:testResources (default-testResources) @ quorus-tenant ---
[INFO] Copying 1 resource from src\test\resources to target\test-classes
[INFO] 
[INFO] --- compiler:3.13.0:testCompile (default-testCompile) @ quorus-tenant ---
[INFO] Nothing to compile - all classes are up to date.
[INFO] 
[INFO] --- surefire:3.2.2:test (default-test) @ quorus-tenant ---
[INFO] 
[INFO] --- jacoco:0.8.15:report (report) @ quorus-tenant ---
[INFO] Loading execution data file C:\Users\mraysmit\dev\idea-projects\quorus\quorus-tenant\target\jacoco.exec
[INFO] Analyzed bundle 'Quorus Tenant Management' with 25 classes
[INFO] 
[INFO] ---------------------< dev.mars:quorus-controller >---------------------
[INFO] Building Quorus Distributed Controller 1.0-SNAPSHOT                [5/5]
[INFO]   from quorus-controller\pom.xml
[INFO] --------------------------------[ jar ]---------------------------------
[INFO] 
[INFO] --- jacoco:0.8.15:prepare-agent (prepare-agent) @ quorus-controller ---
[INFO] argLine set to -javaagent:C:\\Users\\mraysmit\\.m2\\repository\\org\\jacoco\\org.jacoco.agent\\0.8.15\\org.jacoco.agent-0.8.15-runtime.jar=destfile=C:\\Users\\mraysmit\\dev\\idea-projects\\quorus\\quorus-controller\\target\\jacoco.exec,excludes=sun/**:jdk/**:java/**:com/sun/**:org/jcp/**:dev/mars/quorus/controller/raft/grpc/**
[INFO] 
[INFO] --- protobuf:4.1.2:generate (default) @ quorus-controller ---
[WARNING]  Parameter 'binaryMavenPlugins' is deprecated: Users should now use plugins instead. This option will be removed in v5.
[INFO] Resolving artifact "com.google.protobuf:protoc:exe:windows-x86_64:3.25.5"
[INFO] Resolving artifact "io.grpc:protoc-gen-grpc-java:exe:windows-x86_64:1.68.1"
[INFO] Registering "C:\Users\mraysmit\dev\idea-projects\quorus\quorus-controller\target\generated-sources\protobuf" as a Maven main source root for compiler plugins
[INFO] Registering "C:\Users\mraysmit\dev\idea-projects\quorus\quorus-controller\target\generated-sources\protobuf" as a Maven main source root for compiler plugins
[INFO] Found 2 proto source files and 0 descriptor files to compile, but all are up-to-date so none will be built this time
[INFO] NOTHING TO DO: There is nothing to do. If this is unexpected, review the above logs for more details.
[INFO] 
[INFO] --- resources:3.3.1:resources (default-resources) @ quorus-controller ---
[INFO] Copying 3 resources from src\main\resources to target\classes
[INFO] 
[INFO] --- compiler:3.13.0:compile (default-compile) @ quorus-controller ---
[INFO] Nothing to compile - all classes are up to date.
[INFO] 
[INFO] --- resources:3.3.1:testResources (default-testResources) @ quorus-controller ---
[INFO] Copying 11 resources from src\test\resources to target\test-classes
[INFO] 
[INFO] --- compiler:3.13.0:testCompile (default-testCompile) @ quorus-controller ---
[INFO] Nothing to compile - all classes are up to date.
[INFO] 
[INFO] --- surefire:3.2.2:test (default-test) @ quorus-controller ---
[INFO] Using auto detected provider org.apache.maven.surefire.junitplatform.JUnitPlatformProvider
[INFO] 
[INFO] -------------------------------------------------------
[INFO]  T E S T S
[INFO] -------------------------------------------------------
[INFO] Running dev.mars.quorus.controller.http.ServiceConnectionHttpIntegrationTest
19:33:22,046 |-INFO in ch.qos.logback.classic.LoggerContext[default] - Found logback-core version 1.5.32
19:33:22,050 |-INFO in ch.qos.logback.classic.util.ContextInitializer@601779d8 - No custom configurators were discovered as a service.
19:33:22,050 |-INFO in ch.qos.logback.classic.util.ContextInitializer@601779d8 - Trying to configure with ch.qos.logback.classic.util.DefaultJoranConfigurator
19:33:22,052 |-INFO in ch.qos.logback.classic.util.ContextInitializer@601779d8 - Constructed configurator of type class ch.qos.logback.classic.util.DefaultJoranConfigurator
19:33:22,054 |-INFO in ch.qos.logback.classic.LoggerContext[default] - Found resource [logback-test.xml] at [file:/C:/Users/mraysmit/dev/idea-projects/quorus/quorus-controller/target/test-classes/logback-test.xml]
19:33:22,054 |-WARN in ch.qos.logback.classic.util.DefaultJoranConfigurator@18e7e6a - Resource [logback-test.xml] occurs multiple times on the classpath.
19:33:22,055 |-WARN in ch.qos.logback.classic.util.DefaultJoranConfigurator@18e7e6a - Resource [logback-test.xml] occurs at [file:/C:/Users/mraysmit/dev/idea-projects/quorus/quorus-core/target/test-classes/logback-test.xml]
19:33:22,055 |-WARN in ch.qos.logback.classic.util.DefaultJoranConfigurator@18e7e6a - Resource [logback-test.xml] occurs at [file:/C:/Users/mraysmit/dev/idea-projects/quorus/quorus-controller/target/test-classes/logback-test.xml]
19:33:22,182 |-INFO in ch.qos.logback.classic.model.processor.ConfigurationModelHandlerFull - Scan attribute not set or set to unrecognized value.
19:33:22,193 |-INFO in ch.qos.logback.core.model.processor.ModelInterpretationContext@2c08036c - value "../test-logs/quorus-test-2026-09-05_11-33-17.log" substituted for "../test-logs/quorus-test-${testRunTimestamp}.log"
19:33:22,194 |-INFO in ch.qos.logback.core.model.processor.AppenderModelHandler - Processing appender named [CONSOLE]
19:33:22,194 |-INFO in ch.qos.logback.core.model.processor.AppenderModelHandler - About to instantiate appender of type [ch.qos.logback.core.ConsoleAppender]
19:33:22,205 |-INFO in ch.qos.logback.core.model.processor.ImplicitModelHandler - Assuming default type [ch.qos.logback.classic.encoder.PatternLayoutEncoder] for [encoder] property
19:33:22,255 |-INFO in ch.qos.logback.core.ConsoleAppender[CONSOLE] - NOTE: Writing to the console can be slow. Try to avoid logging to the 
19:33:22,255 |-INFO in ch.qos.logback.core.ConsoleAppender[CONSOLE] - console in production environments, especially in high volume systems.
19:33:22,255 |-INFO in ch.qos.logback.core.ConsoleAppender[CONSOLE] - See also https://logback.qos.ch/codes.html#slowConsole
19:33:22,258 |-INFO in ch.qos.logback.core.model.processor.AppenderModelHandler - Processing appender named [FILE]
19:33:22,258 |-INFO in ch.qos.logback.core.model.processor.AppenderModelHandler - About to instantiate appender of type [ch.qos.logback.core.FileAppender]
19:33:22,261 |-INFO in ch.qos.logback.core.model.processor.ModelInterpretationContext@2c08036c - value "../test-logs/quorus-test-2026-09-05_11-33-17.log" substituted for "../test-logs/quorus-test-${testRunTimestamp}.log"
19:33:22,263 |-INFO in ch.qos.logback.core.model.processor.ImplicitModelHandler - Assuming default type [ch.qos.logback.classic.encoder.PatternLayoutEncoder] for [encoder] property
19:33:22,264 |-INFO in ch.qos.logback.core.FileAppender[FILE] - File property is set to [../test-logs/quorus-test-2026-09-05_11-33-17.log]
19:33:22,268 |-INFO in ch.qos.logback.classic.model.processor.LoggerModelHandler - Setting level of logger [dev.mars.quorus] to DEBUG
19:33:22,268 |-INFO in ch.qos.logback.classic.model.processor.LoggerModelHandler - Setting level of logger [org.apache] to WARN
19:33:22,268 |-INFO in ch.qos.logback.classic.model.processor.LoggerModelHandler - Setting level of logger [io.vertx] to WARN
19:33:22,268 |-INFO in ch.qos.logback.classic.model.processor.LoggerModelHandler - Setting level of logger [io.netty] to WARN
19:33:22,268 |-INFO in ch.qos.logback.classic.model.processor.LoggerModelHandler - Setting level of logger [io.grpc] to WARN
19:33:22,268 |-INFO in ch.qos.logback.classic.model.processor.RootLoggerModelHandler - Setting level of ROOT logger to INFO
19:33:22,268 |-INFO in ch.qos.logback.core.model.processor.AppenderRefModelHandler - Attaching appender named [CONSOLE] to Logger[ROOT]
19:33:22,269 |-INFO in ch.qos.logback.core.model.processor.AppenderRefModelHandler - Attaching appender named [FILE] to Logger[ROOT]
19:33:22,269 |-INFO in ch.qos.logback.core.model.processor.DefaultProcessor@2ce31bd3 - End of configuration.
19:33:22,270 |-INFO in ch.qos.logback.classic.joran.JoranConfigurator@77617e2e - Registering current configuration as safe fallback point
19:33:22,272 |-INFO in ch.qos.logback.classic.util.ContextInitializer@601779d8 - ch.qos.logback.classic.util.DefaultJoranConfigurator.configure() call lasted 218 milliseconds. ExecutionStatus=DO_NOT_INVOKE_NEXT_IF_ANY

19:33:22.952 [ForkJoinPool-1-worker-1] DEBUG d.m.q.c.state.QuorusStateStore - Initializing default metadata: version=2.0
19:33:23.008 [vert.x-eventloop-thread-0] INFO  d.m.quorus.controller.raft.RaftNode - Starting Raft node: phase4-service-connection-node
19:33:23.009 [vert.x-eventloop-thread-0] INFO  d.m.quorus.controller.raft.RaftNode [FOLLOWER/0] - No storage configured, running in volatile mode
19:33:23.010 [vert.x-eventloop-thread-0] INFO  d.m.q.c.r.InMemoryTransportSimulator [FOLLOWER/0] - Started in-memory transport for node: phase4-service-connection-node
19:33:23.021 [vert.x-eventloop-thread-0] INFO  d.m.quorus.controller.raft.RaftNode [FOLLOWER/0] - Raft node phase4-service-connection-node started successfully (term=0, logSize=1)
19:33:23.268 [vert.x-eventloop-thread-0] INFO  d.m.quorus.controller.raft.RaftNode [FOLLOWER/0] - Starting election for node: phase4-service-connection-node
19:33:23.269 [vert.x-eventloop-thread-0] DEBUG d.m.quorus.controller.raft.RaftNode [CANDIDATE/1] - Persisting raft metadata: term=1, votedForPresent=true, votedFor=phase4-service-connection-node
19:33:23.271 [vert.x-eventloop-thread-0] INFO  d.m.quorus.controller.raft.RaftNode [LEADER/1] - Node phase4-service-connection-node became LEADER for term 1
19:33:23.275 [vert.x-eventloop-thread-0] INFO  d.m.quorus.controller.raft.RaftNode [LEADER/1] - Command submitted at index 1 term 1
19:33:23.275 [vert.x-eventloop-thread-0] DEBUG d.m.quorus.controller.raft.RaftNode [LEADER/1] - Committed leader no-op entry for term 1
19:33:23.279 [ForkJoinPool-1-worker-1] INFO  d.m.q.controller.config.AppConfig - Loaded configuration from quorus-controller.properties
19:33:23.280 [ForkJoinPool-1-worker-1] DEBUG d.m.q.controller.config.AppConfig - Optional configuration profile quorus-controller-test.properties not found
19:33:23.281 [ForkJoinPool-1-worker-1] INFO  d.m.q.controller.config.AppConfig - === Quorus Controller Configuration ===
19:33:23.281 [ForkJoinPool-1-worker-1] INFO  d.m.q.controller.config.AppConfig -   Node ID:              test-node
19:33:23.281 [ForkJoinPool-1-worker-1] INFO  d.m.q.controller.config.AppConfig -   HTTP Host:            127.0.0.1
19:33:23.282 [ForkJoinPool-1-worker-1] INFO  d.m.q.controller.config.AppConfig -   HTTP Port:            8080
19:33:23.282 [ForkJoinPool-1-worker-1] INFO  d.m.q.controller.config.AppConfig -   Raft Port:            9080
19:33:23.282 [ForkJoinPool-1-worker-1] INFO  d.m.q.controller.config.AppConfig -   Cluster Nodes:        test-node=localhost:9080
19:33:23.282 [ForkJoinPool-1-worker-1] INFO  d.m.q.controller.config.AppConfig -   Service Name:         quorus-controller
19:33:23.283 [ForkJoinPool-1-worker-1] INFO  d.m.q.controller.config.AppConfig -   Version:              2.0-ext
19:33:23.283 [ForkJoinPool-1-worker-1] INFO  d.m.q.controller.config.AppConfig -   --- Thread Pools ---
19:33:23.283 [ForkJoinPool-1-worker-1] INFO  d.m.q.controller.config.AppConfig -   Raft I/O Pool Size:   10
19:33:23.283 [ForkJoinPool-1-worker-1] INFO  d.m.q.controller.config.AppConfig -   Raft I/O Queue Size:  1000
19:33:23.283 [ForkJoinPool-1-worker-1] INFO  d.m.q.controller.config.AppConfig -   --- Job Assignment ---
19:33:23.283 [ForkJoinPool-1-worker-1] INFO  d.m.q.controller.config.AppConfig -   Initial Delay:        5000ms
19:33:23.283 [ForkJoinPool-1-worker-1] INFO  d.m.q.controller.config.AppConfig -   Assignment Interval:  10000ms
19:33:23.284 [ForkJoinPool-1-worker-1] INFO  d.m.q.controller.config.AppConfig -   Timeout Initial:      30000ms
19:33:23.284 [ForkJoinPool-1-worker-1] INFO  d.m.q.controller.config.AppConfig -   Timeout Interval:     30000ms
19:33:23.284 [ForkJoinPool-1-worker-1] INFO  d.m.q.controller.config.AppConfig -   --- Snapshot ---
19:33:23.284 [ForkJoinPool-1-worker-1] INFO  d.m.q.controller.config.AppConfig -   Enabled:              true
19:33:23.284 [ForkJoinPool-1-worker-1] INFO  d.m.q.controller.config.AppConfig -   Threshold:            10000 entries
19:33:23.284 [ForkJoinPool-1-worker-1] INFO  d.m.q.controller.config.AppConfig -   Check Interval:       60000ms
19:33:23.285 [ForkJoinPool-1-worker-1] INFO  d.m.q.controller.config.AppConfig -   --- Telemetry ---
19:33:23.285 [ForkJoinPool-1-worker-1] INFO  d.m.q.controller.config.AppConfig -   Enabled:              true
19:33:23.285 [ForkJoinPool-1-worker-1] INFO  d.m.q.controller.config.AppConfig -   OTLP Endpoint:        http://localhost:4317
19:33:23.285 [ForkJoinPool-1-worker-1] INFO  d.m.q.controller.config.AppConfig -   Prometheus Port:      9464
19:33:23.285 [ForkJoinPool-1-worker-1] INFO  d.m.q.controller.config.AppConfig -   Transfer Freshness:   60000ms
19:33:23.285 [ForkJoinPool-1-worker-1] INFO  d.m.q.controller.config.AppConfig -   Transfer Stall:       120000ms
19:33:23.285 [ForkJoinPool-1-worker-1] INFO  d.m.q.controller.config.AppConfig - ========================================
19:33:23.387 [ForkJoinPool-1-worker-1] WARN  d.m.q.controller.http.HttpApiServer - INSECURE DEVELOPMENT MODE: HTTP TLS and request authentication are not production-ready
19:33:23.549 [vert.x-eventloop-thread-0] INFO  d.m.q.controller.http.HttpApiServer [LEADER/1] - HTTP API Server listening on 127.0.0.1:61095
19:33:23.987 [vert.x-eventloop-thread-0] INFO  d.m.quorus.controller.raft.RaftNode [LEADER/1] [req-8a397863-0db0-43c5-a24d-e55645b34067] - Command submitted at index 2 term 1
19:33:23.988 [vert.x-eventloop-thread-0] DEBUG d.m.q.c.state.QuorusStateStore [LEADER/1] [req-8a397863-0db0-43c5-a24d-e55645b34067] - Applying command: type=Set
19:33:23.992 [vert.x-eventloop-thread-0] DEBUG d.m.q.c.state.QuorusStateStore [LEADER/1] [req-8a397863-0db0-43c5-a24d-e55645b34067] - Processing system metadata command: key=phase4.v2.secret-reference.regulated-bank-a:partial-trust-secret, type=Set
19:33:23.993 [vert.x-eventloop-thread-0] INFO  d.m.q.c.state.QuorusStateStore [LEADER/1] [req-8a397863-0db0-43c5-a24d-e55645b34067] - Set system metadata: key=phase4.v2.secret-reference.regulated-bank-a:partial-trust-secret, valuePresent=true, replaced=false
19:33:23.993 [vert.x-eventloop-thread-0] DEBUG d.m.q.c.state.QuorusStateStore [LEADER/1] [req-8a397863-0db0-43c5-a24d-e55645b34067] - Command applied successfully: type=Set, result=Success
19:33:23.995 [vert.x-eventloop-thread-0] INFO  d.m.quorus.controller.raft.RaftNode [LEADER/1] [req-8a397863-0db0-43c5-a24d-e55645b34067] - Command submitted at index 3 term 1
19:33:23.995 [vert.x-eventloop-thread-0] DEBUG d.m.q.c.state.QuorusStateStore [LEADER/1] [req-8a397863-0db0-43c5-a24d-e55645b34067] - Applying command: type=Set
19:33:23.997 [vert.x-eventloop-thread-0] DEBUG d.m.q.c.state.QuorusStateStore [LEADER/1] [req-8a397863-0db0-43c5-a24d-e55645b34067] - Processing system metadata command: key=phase4.v2.security-event.regulated-bank-a:1788608003994.f154903e-d7d7-4ed9-a7e9-0150ed847951, type=Set
19:33:23.997 [vert.x-eventloop-thread-0] INFO  d.m.q.c.state.QuorusStateStore [LEADER/1] [req-8a397863-0db0-43c5-a24d-e55645b34067] - Set system metadata: key=phase4.v2.security-event.regulated-bank-a:1788608003994.f154903e-d7d7-4ed9-a7e9-0150ed847951, valuePresent=true, replaced=false
19:33:23.997 [vert.x-eventloop-thread-0] DEBUG d.m.q.c.state.QuorusStateStore [LEADER/1] [req-8a397863-0db0-43c5-a24d-e55645b34067] - Command applied successfully: type=Set, result=Success
19:33:24.053 [vert.x-eventloop-thread-0] INFO  d.m.quorus.controller.raft.RaftNode [LEADER/1] [req-da91b3a3-59b6-45d7-83b4-3847d8ac6b46] - Command submitted at index 4 term 1
19:33:24.054 [vert.x-eventloop-thread-0] DEBUG d.m.q.c.state.QuorusStateStore [LEADER/1] [req-da91b3a3-59b6-45d7-83b4-3847d8ac6b46] - Applying command: type=Set
19:33:24.055 [vert.x-eventloop-thread-0] DEBUG d.m.q.c.state.QuorusStateStore [LEADER/1] [req-da91b3a3-59b6-45d7-83b4-3847d8ac6b46] - Processing system metadata command: key=phase4.v2.service-connection.regulated-bank-a:partial-trust-https, type=Set
19:33:24.056 [vert.x-eventloop-thread-0] INFO  d.m.q.c.state.QuorusStateStore [LEADER/1] [req-da91b3a3-59b6-45d7-83b4-3847d8ac6b46] - Set system metadata: key=phase4.v2.service-connection.regulated-bank-a:partial-trust-https, valuePresent=true, replaced=false
19:33:24.056 [vert.x-eventloop-thread-0] DEBUG d.m.q.c.state.QuorusStateStore [LEADER/1] [req-da91b3a3-59b6-45d7-83b4-3847d8ac6b46] - Command applied successfully: type=Set, result=Success
19:33:24.057 [vert.x-eventloop-thread-0] INFO  d.m.quorus.controller.raft.RaftNode [LEADER/1] [req-da91b3a3-59b6-45d7-83b4-3847d8ac6b46] - Command submitted at index 5 term 1
19:33:24.057 [vert.x-eventloop-thread-0] DEBUG d.m.q.c.state.QuorusStateStore [LEADER/1] [req-da91b3a3-59b6-45d7-83b4-3847d8ac6b46] - Applying command: type=Set
19:33:24.057 [vert.x-eventloop-thread-0] DEBUG d.m.q.c.state.QuorusStateStore [LEADER/1] [req-da91b3a3-59b6-45d7-83b4-3847d8ac6b46] - Processing system metadata command: key=phase4.v2.security-event.regulated-bank-a:1788608004056.59d6702d-1c03-43ba-9421-ea05835ed995, type=Set
19:33:24.058 [vert.x-eventloop-thread-0] INFO  d.m.q.c.state.QuorusStateStore [LEADER/1] [req-da91b3a3-59b6-45d7-83b4-3847d8ac6b46] - Set system metadata: key=phase4.v2.security-event.regulated-bank-a:1788608004056.59d6702d-1c03-43ba-9421-ea05835ed995, valuePresent=true, replaced=false
19:33:24.058 [vert.x-eventloop-thread-0] DEBUG d.m.q.c.state.QuorusStateStore [LEADER/1] [req-da91b3a3-59b6-45d7-83b4-3847d8ac6b46] - Command applied successfully: type=Set, result=Success
19:33:24.074 [vert.x-eventloop-thread-0] INFO  d.m.quorus.controller.raft.RaftNode [LEADER/1] [req-b694016b-4c60-4db4-8259-8006f0e08020] - Command submitted at index 6 term 1
19:33:24.074 [vert.x-eventloop-thread-0] DEBUG d.m.q.c.state.QuorusStateStore [LEADER/1] [req-b694016b-4c60-4db4-8259-8006f0e08020] - Applying command: type=Set
19:33:24.075 [vert.x-eventloop-thread-0] DEBUG d.m.q.c.state.QuorusStateStore [LEADER/1] [req-b694016b-4c60-4db4-8259-8006f0e08020] - Processing system metadata command: key=phase4.v2.service-connection.regulated-bank-a:partial-trust-https, type=Set
19:33:24.075 [vert.x-eventloop-thread-0] INFO  d.m.q.c.state.QuorusStateStore [LEADER/1] [req-b694016b-4c60-4db4-8259-8006f0e08020] - Set system metadata: key=phase4.v2.service-connection.regulated-bank-a:partial-trust-https, valuePresent=true, replaced=true
19:33:24.075 [vert.x-eventloop-thread-0] DEBUG d.m.q.c.state.QuorusStateStore [LEADER/1] [req-b694016b-4c60-4db4-8259-8006f0e08020] - Command applied successfully: type=Set, result=Success
19:33:24.075 [vert.x-eventloop-thread-0] INFO  d.m.quorus.controller.raft.RaftNode [LEADER/1] [req-b694016b-4c60-4db4-8259-8006f0e08020] - Command submitted at index 7 term 1
19:33:24.076 [vert.x-eventloop-thread-0] DEBUG d.m.q.c.state.QuorusStateStore [LEADER/1] [req-b694016b-4c60-4db4-8259-8006f0e08020] - Applying command: type=Set
19:33:24.077 [vert.x-eventloop-thread-0] DEBUG d.m.q.c.state.QuorusStateStore [LEADER/1] [req-b694016b-4c60-4db4-8259-8006f0e08020] - Processing system metadata command: key=phase4.v2.security-event.regulated-bank-a:1788608004075.b2fda43b-0372-4fd9-86bf-49d7df031beb, type=Set
19:33:24.077 [vert.x-eventloop-thread-0] INFO  d.m.q.c.state.QuorusStateStore [LEADER/1] [req-b694016b-4c60-4db4-8259-8006f0e08020] - Set system metadata: key=phase4.v2.security-event.regulated-bank-a:1788608004075.b2fda43b-0372-4fd9-86bf-49d7df031beb, valuePresent=true, replaced=false
19:33:24.077 [vert.x-eventloop-thread-0] DEBUG d.m.q.c.state.QuorusStateStore [LEADER/1] [req-b694016b-4c60-4db4-8259-8006f0e08020] - Command applied successfully: type=Set, result=Success
19:33:24.077 [vert.x-eventloop-thread-0] INFO  d.m.quorus.controller.raft.RaftNode [LEADER/1] [req-b694016b-4c60-4db4-8259-8006f0e08020] - Command submitted at index 8 term 1
19:33:24.077 [vert.x-eventloop-thread-0] DEBUG d.m.q.c.state.QuorusStateStore [LEADER/1] [req-b694016b-4c60-4db4-8259-8006f0e08020] - Applying command: type=Set
19:33:24.078 [vert.x-eventloop-thread-0] DEBUG d.m.q.c.state.QuorusStateStore [LEADER/1] [req-b694016b-4c60-4db4-8259-8006f0e08020] - Processing system metadata command: key=phase4.v2.security-event.regulated-bank-a:1788608004077.a6909f2c-bb4e-4568-a0ef-932530d63f77, type=Set
19:33:24.078 [vert.x-eventloop-thread-0] INFO  d.m.q.c.state.QuorusStateStore [LEADER/1] [req-b694016b-4c60-4db4-8259-8006f0e08020] - Set system metadata: key=phase4.v2.security-event.regulated-bank-a:1788608004077.a6909f2c-bb4e-4568-a0ef-932530d63f77, valuePresent=true, replaced=false
19:33:24.078 [vert.x-eventloop-thread-0] DEBUG d.m.q.c.state.QuorusStateStore [LEADER/1] [req-b694016b-4c60-4db4-8259-8006f0e08020] - Command applied successfully: type=Set, result=Success
19:33:24.103 [vert.x-eventloop-thread-0] INFO  d.m.q.controller.http.HttpApiServer [LEADER/1] - HTTP API Server stopped
19:33:24.104 [vert.x-eventloop-thread-0] INFO  d.m.q.c.r.InMemoryTransportSimulator [LEADER/1] - Stopped in-memory transport for node: phase4-service-connection-node
19:33:24.105 [vert.x-eventloop-thread-0] INFO  d.m.quorus.controller.raft.RaftNode [LEADER/1] - Raft node stopped: phase4-service-connection-node
[INFO] Tests run: 1, Failures: 0, Errors: 0, Skipped: 0, Time elapsed: 2.157 s -- in dev.mars.quorus.controller.http.ServiceConnectionHttpIntegrationTest
[INFO] Running dev.mars.quorus.controller.http.ServiceConnectionRouteProbeTest
[INFO] Tests run: 1, Failures: 0, Errors: 0, Skipped: 0, Time elapsed: 0.010 s -- in dev.mars.quorus.controller.http.ServiceConnectionRouteProbeTest
[INFO] 
[INFO] Results:
[INFO] 
[INFO] Tests run: 2, Failures: 0, Errors: 0, Skipped: 0
[INFO] 
[INFO] 
[INFO] --- jacoco:0.8.15:report (report) @ quorus-controller ---
[INFO] Loading execution data file C:\Users\mraysmit\dev\idea-projects\quorus\quorus-controller\target\jacoco.exec
[INFO] Analyzed bundle 'Quorus Distributed Controller' with 158 classes
[WARNING] Classes in bundle 'Quorus Distributed Controller' do not match with execution data. For report generation the same class files must be used as at runtime.
[WARNING] Execution data for class dev/mars/quorus/controller/service/JobAssignmentService does not match.
[WARNING] Execution data for class dev/mars/quorus/controller/state/JobAssignmentCommand$Cancel does not match.
[WARNING] Execution data for class dev/mars/quorus/controller/state/JobAssignmentCommand$Timeout does not match.
[WARNING] Execution data for class dev/mars/quorus/controller/state/JobAssignmentCodec does not match.
[WARNING] Execution data for class dev/mars/quorus/controller/state/JobAssignmentCommand does not match.
[WARNING] Execution data for class dev/mars/quorus/controller/state/TransferJobCommand$Create does not match.
[WARNING] Execution data for class dev/mars/quorus/controller/state/JobAssignmentCommand$Accept does not match.
[WARNING] Execution data for class dev/mars/quorus/controller/state/RouteCommand$Delete does not match.
[WARNING] Execution data for class dev/mars/quorus/controller/state/AgentCommand$UpdateCapabilities does not match.
[WARNING] Execution data for class dev/mars/quorus/controller/state/RouteCodec does not match.
[WARNING] Execution data for class dev/mars/quorus/controller/state/AgentCommand$UpdateStatus does not match.
[WARNING] Execution data for class dev/mars/quorus/controller/state/JobQueueCommand$Prioritize does not match.
[WARNING] Execution data for class dev/mars/quorus/controller/state/RouteCommand does not match.
[WARNING] Execution data for class dev/mars/quorus/controller/state/JobQueueCommand$Remove does not match.
[WARNING] Execution data for class dev/mars/quorus/controller/http/ErrorResponse does not match.
[WARNING] Execution data for class dev/mars/quorus/controller/state/ProtobufCommandCodec does not match.
[WARNING] Execution data for class dev/mars/quorus/controller/state/TransferAttemptCommand does not match.
[WARNING] Execution data for class dev/mars/quorus/controller/state/TransferAttemptCommand$Offer does not match.
[WARNING] Execution data for class dev/mars/quorus/controller/state/JobAssignmentCommand$Remove does not match.
[WARNING] Execution data for class dev/mars/quorus/controller/state/TransferJobCommand$Delete does not match.
[WARNING] Execution data for class dev/mars/quorus/controller/state/JobAssignmentCommand$UpdateStatus does not match.
[WARNING] Execution data for class dev/mars/quorus/controller/state/JobAssignmentCommand$Reject does not match.
[WARNING] Execution data for class dev/mars/quorus/controller/service/AgentSelectionService does not match.
[WARNING] Execution data for class dev/mars/quorus/controller/state/JobAssignmentCommand$Assign does not match.
[WARNING] Execution data for class dev/mars/quorus/controller/state/QuorusSnapshot does not match.
[WARNING] Execution data for class dev/mars/quorus/controller/http/handlers/TransferProgressHandler$Condition does not match.
[WARNING] Execution data for class dev/mars/quorus/controller/state/TransferAttemptCodec does not match.
[WARNING] Execution data for class dev/mars/quorus/controller/state/RouteCommand$Create does not match.
[WARNING] Execution data for class dev/mars/quorus/controller/state/RouteCommand$UpdateStatus does not match.
[WARNING] Execution data for class dev/mars/quorus/controller/state/AgentCommand does not match.
[WARNING] Execution data for class dev/mars/quorus/controller/state/RouteCommand$Resume does not match.
[WARNING] Execution data for class dev/mars/quorus/controller/state/JobQueueCommand does not match.
[WARNING] Execution data for class dev/mars/quorus/controller/state/TransferAttemptCommand$RenewLease does not match.
[WARNING] Execution data for class dev/mars/quorus/controller/state/JobQueueCodec does not match.
[WARNING] Execution data for class dev/mars/quorus/controller/state/AgentCodec does not match.
[WARNING] Execution data for class dev/mars/quorus/controller/state/TransferAttemptCommand$Report does not match.
[WARNING] Execution data for class dev/mars/quorus/controller/state/AgentCommand$Register does not match.
[WARNING] Execution data for class dev/mars/quorus/controller/state/RouteCommand$Update does not match.
[WARNING] Execution data for class dev/mars/quorus/controller/state/TransferJobSnapshot does not match.
[WARNING] Execution data for class dev/mars/quorus/controller/state/TransferJobCommand does not match.
[WARNING] Execution data for class dev/mars/quorus/controller/state/TransferAttemptCommand$LifecycleReport does not match.
[WARNING] Execution data for class dev/mars/quorus/controller/state/AgentCommand$Deregister does not match.
[WARNING] Execution data for class dev/mars/quorus/controller/state/RouteCommand$Suspend does not match.
[WARNING] Execution data for class dev/mars/quorus/controller/state/JobQueueCommand$Enqueue does not match.
[WARNING] Execution data for class dev/mars/quorus/controller/state/AgentCommand$Heartbeat does not match.
[WARNING] Execution data for class dev/mars/quorus/controller/state/TransferJobCommand$UpdateProgress does not match.
[WARNING] Execution data for class dev/mars/quorus/controller/state/TransferJobCommand$UpdateStatus does not match.
[WARNING] Execution data for class dev/mars/quorus/controller/state/JobQueueCommand$Expedite does not match.
[WARNING] Execution data for class dev/mars/quorus/controller/state/TransferCodec does not match.
[WARNING] Execution data for class dev/mars/quorus/controller/state/JobQueueCommand$Dequeue does not match.
[INFO] ------------------------------------------------------------------------
[INFO] Reactor Summary for Quorus File Transfer System 1.0-SNAPSHOT:
[INFO] 
[INFO] Quorus File Transfer System ........................ SUCCESS [  0.228 s]
[INFO] Quorus Core ........................................ SUCCESS [  1.497 s]
[INFO] Quorus Workflow Engine ............................. SUCCESS [  0.276 s]
[INFO] Quorus Tenant Management ........................... SUCCESS [  0.179 s]
[INFO] Quorus Distributed Controller ...................... SUCCESS [  5.052 s]
[INFO] ------------------------------------------------------------------------
[INFO] BUILD SUCCESS
[INFO] ------------------------------------------------------------------------
[INFO] Total time:  7.402 s
[INFO] Finished at: 2026-09-05T19:33:24+08:00
[INFO] ------------------------------------------------------------------------
