WARNING: A terminally deprecated method in sun.misc.Unsafe has been called
WARNING: sun.misc.Unsafe::staticFieldBase has been called by com.google.inject.internal.aop.HiddenClassDefiner (file:/C:/Users/mraysmit/scoop/apps/maven/current/lib/guice-5.1.0-classes.jar)
WARNING: Please consider reporting this to the maintainers of class com.google.inject.internal.aop.HiddenClassDefiner
WARNING: sun.misc.Unsafe::staticFieldBase will be removed in a future release
[INFO] Scanning for projects...
[INFO] ------------------------------------------------------------------------
[INFO] Reactor Build Order:
[INFO] 
[INFO] Quorus File Transfer System                                        [pom]
[INFO] Quorus Core                                                        [jar]
[INFO] Quorus Workflow Engine                                             [jar]
[INFO] Quorus Tenant Management                                           [jar]
[INFO] Quorus Distributed Controller                                      [jar]
[INFO] Quorus Agent                                                       [jar]
[INFO] 
[INFO] --------------------------< dev.mars:quorus >---------------------------
[INFO] Building Quorus File Transfer System 1.0-SNAPSHOT                  [1/6]
[INFO]   from pom.xml
[INFO] --------------------------------[ pom ]---------------------------------
[INFO] 
[INFO] --- jacoco:0.8.15:prepare-agent (prepare-agent) @ quorus ---
[INFO] argLine set to -javaagent:C:\\Users\\mraysmit\\.m2\\repository\\org\\jacoco\\org.jacoco.agent\\0.8.15\\org.jacoco.agent-0.8.15-runtime.jar=destfile=C:\\Users\\mraysmit\\dev\\idea-projects\\quorus\\target\\jacoco.exec,excludes=sun/**:jdk/**:java/**:com/sun/**:org/jcp/**
[INFO] 
[INFO] --- jacoco:0.8.15:report (report) @ quorus ---
[INFO] Skipping JaCoCo execution due to missing execution data file.
[INFO] 
[INFO] ------------------------< dev.mars:quorus-core >------------------------
[INFO] Building Quorus Core 1.0-SNAPSHOT                                  [2/6]
[INFO]   from quorus-core\pom.xml
[INFO] --------------------------------[ jar ]---------------------------------
[INFO] 
[INFO] --- jacoco:0.8.15:prepare-agent (prepare-agent) @ quorus-core ---
[INFO] argLine set to -javaagent:C:\\Users\\mraysmit\\.m2\\repository\\org\\jacoco\\org.jacoco.agent\\0.8.15\\org.jacoco.agent-0.8.15-runtime.jar=destfile=C:\\Users\\mraysmit\\dev\\idea-projects\\quorus\\quorus-core\\target\\jacoco.exec,excludes=sun/**:jdk/**:java/**:com/sun/**:org/jcp/**
[INFO] 
[INFO] --- resources:3.3.1:resources (default-resources) @ quorus-core ---
[INFO] Copying 1 resource from src\main\resources to target\classes
[INFO] 
[INFO] --- compiler:3.13.0:compile (default-compile) @ quorus-core ---
[INFO] Recompiling the module because of added or removed source files.
[INFO] Compiling 74 source files with javac [debug release 25] to target\classes
[INFO] /C:/Users/mraysmit/dev/idea-projects/quorus/quorus-core/src/main/java/dev/mars/quorus/protocol/FtpTransferProtocol.java: Some input files use or override a deprecated API.
[INFO] /C:/Users/mraysmit/dev/idea-projects/quorus/quorus-core/src/main/java/dev/mars/quorus/protocol/FtpTransferProtocol.java: Recompile with -Xlint:deprecation for details.
[INFO] 
[INFO] --- resources:3.3.1:testResources (default-testResources) @ quorus-core ---
[INFO] Copying 11 resources from src\test\resources to target\test-classes
[INFO] 
[INFO] --- compiler:3.13.0:testCompile (default-testCompile) @ quorus-core ---
[INFO] Recompiling the module because of changed dependency.
[INFO] Compiling 89 source files with javac [debug release 25] to target\test-classes
[INFO] /C:/Users/mraysmit/dev/idea-projects/quorus/quorus-core/src/test/java/dev/mars/quorus/connection/TlsTrustAnchorPolicyTest.java: Some input files use or override a deprecated API.
[INFO] /C:/Users/mraysmit/dev/idea-projects/quorus/quorus-core/src/test/java/dev/mars/quorus/connection/TlsTrustAnchorPolicyTest.java: Recompile with -Xlint:deprecation for details.
[INFO] 
[INFO] --- surefire:3.2.2:test (default-test) @ quorus-core ---
[INFO] 
[INFO] --- jacoco:0.8.15:report (report) @ quorus-core ---
[INFO] Loading execution data file C:\Users\mraysmit\dev\idea-projects\quorus\quorus-core\target\jacoco.exec
[INFO] Analyzed bundle 'Quorus Core' with 126 classes
[WARNING] Classes in bundle 'Quorus Core' do not match with execution data. For report generation the same class files must be used as at runtime.
[WARNING] Execution data for class dev/mars/quorus/connection/ServiceConnection$AuthenticationType does not match.
[WARNING] Execution data for class dev/mars/quorus/connection/ServiceConnection$Direction does not match.
[WARNING] Execution data for class dev/mars/quorus/connection/ServiceConnection$Status does not match.
[WARNING] Execution data for class dev/mars/quorus/connection/ServiceConnection$Protocol does not match.
[WARNING] Execution data for class dev/mars/quorus/connection/ServiceConnection$TrustPolicy does not match.
[WARNING] Execution data for class dev/mars/quorus/connection/ServiceConnection$EgressPolicy does not match.
[WARNING] Execution data for class dev/mars/quorus/connection/ServiceConnection does not match.
[INFO] 
[INFO] ----------------------< dev.mars:quorus-workflow >----------------------
[INFO] Building Quorus Workflow Engine 1.0-SNAPSHOT                       [3/6]
[INFO]   from quorus-workflow\pom.xml
[INFO] --------------------------------[ jar ]---------------------------------
[INFO] 
[INFO] --- jacoco:0.8.15:prepare-agent (prepare-agent) @ quorus-workflow ---
[INFO] argLine set to -javaagent:C:\\Users\\mraysmit\\.m2\\repository\\org\\jacoco\\org.jacoco.agent\\0.8.15\\org.jacoco.agent-0.8.15-runtime.jar=destfile=C:\\Users\\mraysmit\\dev\\idea-projects\\quorus\\quorus-workflow\\target\\jacoco.exec,excludes=sun/**:jdk/**:java/**:com/sun/**:org/jcp/**
[INFO] 
[INFO] --- resources:3.3.1:resources (default-resources) @ quorus-workflow ---
[INFO] Copying 1 resource from src\main\resources to target\classes
[INFO] 
[INFO] --- compiler:3.13.0:compile (default-compile) @ quorus-workflow ---
[INFO] Recompiling the module because of changed dependency.
[INFO] Compiling 15 source files with javac [debug release 25] to target\classes
[INFO] 
[INFO] --- resources:3.3.1:testResources (default-testResources) @ quorus-workflow ---
[INFO] Copying 2 resources from src\test\resources to target\test-classes
[INFO] 
[INFO] --- compiler:3.13.0:testCompile (default-testCompile) @ quorus-workflow ---
[INFO] Recompiling the module because of changed dependency.
[INFO] Compiling 11 source files with javac [debug release 25] to target\test-classes
[INFO] 
[INFO] --- surefire:3.2.2:test (default-test) @ quorus-workflow ---
[INFO] 
[INFO] --- jacoco:0.8.15:report (report) @ quorus-workflow ---
[INFO] Loading execution data file C:\Users\mraysmit\dev\idea-projects\quorus\quorus-workflow\target\jacoco.exec
[INFO] Analyzed bundle 'Quorus Workflow Engine' with 24 classes
[INFO] 
[INFO] -----------------------< dev.mars:quorus-tenant >-----------------------
[INFO] Building Quorus Tenant Management 1.0-SNAPSHOT                     [4/6]
[INFO]   from quorus-tenant\pom.xml
[INFO] --------------------------------[ jar ]---------------------------------
[INFO] 
[INFO] --- jacoco:0.8.15:prepare-agent (prepare-agent) @ quorus-tenant ---
[INFO] argLine set to -javaagent:C:\\Users\\mraysmit\\.m2\\repository\\org\\jacoco\\org.jacoco.agent\\0.8.15\\org.jacoco.agent-0.8.15-runtime.jar=destfile=C:\\Users\\mraysmit\\dev\\idea-projects\\quorus\\quorus-tenant\\target\\jacoco.exec,excludes=sun/**:jdk/**:java/**:com/sun/**:org/jcp/**
[INFO] 
[INFO] --- resources:3.3.1:resources (default-resources) @ quorus-tenant ---
[INFO] skip non existing resourceDirectory C:\Users\mraysmit\dev\idea-projects\quorus\quorus-tenant\src\main\resources
[INFO] 
[INFO] --- compiler:3.13.0:compile (default-compile) @ quorus-tenant ---
[INFO] Recompiling the module because of changed dependency.
[INFO] Compiling 8 source files with javac [debug release 25] to target\classes
[INFO] 
[INFO] --- resources:3.3.1:testResources (default-testResources) @ quorus-tenant ---
[INFO] Copying 1 resource from src\test\resources to target\test-classes
[INFO] 
[INFO] --- compiler:3.13.0:testCompile (default-testCompile) @ quorus-tenant ---
[INFO] Recompiling the module because of changed dependency.
[INFO] Compiling 5 source files with javac [debug release 25] to target\test-classes
[INFO] 
[INFO] --- surefire:3.2.2:test (default-test) @ quorus-tenant ---
[INFO] 
[INFO] --- jacoco:0.8.15:report (report) @ quorus-tenant ---
[INFO] Loading execution data file C:\Users\mraysmit\dev\idea-projects\quorus\quorus-tenant\target\jacoco.exec
[INFO] Analyzed bundle 'Quorus Tenant Management' with 25 classes
[INFO] 
[INFO] ---------------------< dev.mars:quorus-controller >---------------------
[INFO] Building Quorus Distributed Controller 1.0-SNAPSHOT                [5/6]
[INFO]   from quorus-controller\pom.xml
[INFO] --------------------------------[ jar ]---------------------------------
[INFO] 
[INFO] --- jacoco:0.8.15:prepare-agent (prepare-agent) @ quorus-controller ---
[INFO] argLine set to -javaagent:C:\\Users\\mraysmit\\.m2\\repository\\org\\jacoco\\org.jacoco.agent\\0.8.15\\org.jacoco.agent-0.8.15-runtime.jar=destfile=C:\\Users\\mraysmit\\dev\\idea-projects\\quorus\\quorus-controller\\target\\jacoco.exec,excludes=sun/**:jdk/**:java/**:com/sun/**:org/jcp/**:dev/mars/quorus/controller/raft/grpc/**
[INFO] 
[INFO] --- protobuf:4.1.2:generate (default) @ quorus-controller ---
[WARNING]  Parameter 'binaryMavenPlugins' is deprecated: Users should now use plugins instead. This option will be removed in v5.
[INFO] Resolving artifact "com.google.protobuf:protoc:exe:windows-x86_64:3.25.5"
[INFO] Resolving artifact "io.grpc:protoc-gen-grpc-java:exe:windows-x86_64:1.68.1"
[INFO] Registering "C:\Users\mraysmit\dev\idea-projects\quorus\quorus-controller\target\generated-sources\protobuf" as a Maven main source root for compiler plugins
[INFO] Registering "C:\Users\mraysmit\dev\idea-projects\quorus\quorus-controller\target\generated-sources\protobuf" as a Maven main source root for compiler plugins
[INFO] Found 2 proto source files and 0 descriptor files to compile, but all are up-to-date so none will be built this time
[INFO] NOTHING TO DO: There is nothing to do. If this is unexpected, review the above logs for more details.
[INFO] 
[INFO] --- resources:3.3.1:resources (default-resources) @ quorus-controller ---
[INFO] Copying 3 resources from src\main\resources to target\classes
[INFO] 
[INFO] --- compiler:3.13.0:compile (default-compile) @ quorus-controller ---
[INFO] Recompiling the module because of changed dependency.
[INFO] Compiling 168 source files with javac [debug release 25] to target\classes
[INFO] 
[INFO] --- resources:3.3.1:testResources (default-testResources) @ quorus-controller ---
[INFO] Copying 11 resources from src\test\resources to target\test-classes
[INFO] 
[INFO] --- compiler:3.13.0:testCompile (default-testCompile) @ quorus-controller ---
[INFO] Recompiling the module because of changed dependency.
[INFO] Compiling 74 source files with javac [debug release 25] to target\test-classes
[INFO] 
[INFO] --- surefire:3.2.2:test (default-test) @ quorus-controller ---
[INFO] Using auto detected provider org.apache.maven.surefire.junitplatform.JUnitPlatformProvider
[INFO] 
[INFO] -------------------------------------------------------
[INFO]  T E S T S
[INFO] -------------------------------------------------------
[INFO] Running dev.mars.quorus.controller.http.ServiceConnectionHttpIntegrationTest
19:38:05,292 |-INFO in ch.qos.logback.classic.LoggerContext[default] - Found logback-core version 1.5.32
19:38:05,294 |-INFO in ch.qos.logback.classic.util.ContextInitializer@133d0a73 - No custom configurators were discovered as a service.
19:38:05,294 |-INFO in ch.qos.logback.classic.util.ContextInitializer@133d0a73 - Trying to configure with ch.qos.logback.classic.util.DefaultJoranConfigurator
19:38:05,296 |-INFO in ch.qos.logback.classic.util.ContextInitializer@133d0a73 - Constructed configurator of type class ch.qos.logback.classic.util.DefaultJoranConfigurator
19:38:05,297 |-INFO in ch.qos.logback.classic.LoggerContext[default] - Found resource [logback-test.xml] at [file:/C:/Users/mraysmit/dev/idea-projects/quorus/quorus-controller/target/test-classes/logback-test.xml]
19:38:05,299 |-WARN in ch.qos.logback.classic.util.DefaultJoranConfigurator@3ef88179 - Resource [logback-test.xml] occurs multiple times on the classpath.
19:38:05,299 |-WARN in ch.qos.logback.classic.util.DefaultJoranConfigurator@3ef88179 - Resource [logback-test.xml] occurs at [file:/C:/Users/mraysmit/dev/idea-projects/quorus/quorus-core/target/test-classes/logback-test.xml]
19:38:05,299 |-WARN in ch.qos.logback.classic.util.DefaultJoranConfigurator@3ef88179 - Resource [logback-test.xml] occurs at [file:/C:/Users/mraysmit/dev/idea-projects/quorus/quorus-controller/target/test-classes/logback-test.xml]
19:38:05,462 |-INFO in ch.qos.logback.classic.model.processor.ConfigurationModelHandlerFull - Scan attribute not set or set to unrecognized value.
19:38:05,473 |-INFO in ch.qos.logback.core.model.processor.ModelInterpretationContext@50f468a4 - value "../test-logs/quorus-test-2026-09-05_11-37-43.log" substituted for "../test-logs/quorus-test-${testRunTimestamp}.log"
19:38:05,475 |-INFO in ch.qos.logback.core.model.processor.AppenderModelHandler - Processing appender named [CONSOLE]
19:38:05,475 |-INFO in ch.qos.logback.core.model.processor.AppenderModelHandler - About to instantiate appender of type [ch.qos.logback.core.ConsoleAppender]
19:38:05,491 |-INFO in ch.qos.logback.core.model.processor.ImplicitModelHandler - Assuming default type [ch.qos.logback.classic.encoder.PatternLayoutEncoder] for [encoder] property
19:38:05,564 |-INFO in ch.qos.logback.core.ConsoleAppender[CONSOLE] - NOTE: Writing to the console can be slow. Try to avoid logging to the 
19:38:05,564 |-INFO in ch.qos.logback.core.ConsoleAppender[CONSOLE] - console in production environments, especially in high volume systems.
19:38:05,564 |-INFO in ch.qos.logback.core.ConsoleAppender[CONSOLE] - See also https://logback.qos.ch/codes.html#slowConsole
19:38:05,567 |-INFO in ch.qos.logback.core.model.processor.AppenderModelHandler - Processing appender named [FILE]
19:38:05,567 |-INFO in ch.qos.logback.core.model.processor.AppenderModelHandler - About to instantiate appender of type [ch.qos.logback.core.FileAppender]
19:38:05,570 |-INFO in ch.qos.logback.core.model.processor.ModelInterpretationContext@50f468a4 - value "../test-logs/quorus-test-2026-09-05_11-37-43.log" substituted for "../test-logs/quorus-test-${testRunTimestamp}.log"
19:38:05,572 |-INFO in ch.qos.logback.core.model.processor.ImplicitModelHandler - Assuming default type [ch.qos.logback.classic.encoder.PatternLayoutEncoder] for [encoder] property
19:38:05,573 |-INFO in ch.qos.logback.core.FileAppender[FILE] - File property is set to [../test-logs/quorus-test-2026-09-05_11-37-43.log]
19:38:05,578 |-INFO in ch.qos.logback.classic.model.processor.LoggerModelHandler - Setting level of logger [dev.mars.quorus] to DEBUG
19:38:05,578 |-INFO in ch.qos.logback.classic.model.processor.LoggerModelHandler - Setting level of logger [org.apache] to WARN
19:38:05,578 |-INFO in ch.qos.logback.classic.model.processor.LoggerModelHandler - Setting level of logger [io.vertx] to WARN
19:38:05,578 |-INFO in ch.qos.logback.classic.model.processor.LoggerModelHandler - Setting level of logger [io.netty] to WARN
19:38:05,578 |-INFO in ch.qos.logback.classic.model.processor.LoggerModelHandler - Setting level of logger [io.grpc] to WARN
19:38:05,578 |-INFO in ch.qos.logback.classic.model.processor.RootLoggerModelHandler - Setting level of ROOT logger to INFO
19:38:05,578 |-INFO in ch.qos.logback.core.model.processor.AppenderRefModelHandler - Attaching appender named [CONSOLE] to Logger[ROOT]
19:38:05,579 |-INFO in ch.qos.logback.core.model.processor.AppenderRefModelHandler - Attaching appender named [FILE] to Logger[ROOT]
19:38:05,579 |-INFO in ch.qos.logback.core.model.processor.DefaultProcessor@2e37e898 - End of configuration.
19:38:05,581 |-INFO in ch.qos.logback.classic.joran.JoranConfigurator@55a211bf - Registering current configuration as safe fallback point
19:38:05,584 |-INFO in ch.qos.logback.classic.util.ContextInitializer@133d0a73 - ch.qos.logback.classic.util.DefaultJoranConfigurator.configure() call lasted 285 milliseconds. ExecutionStatus=DO_NOT_INVOKE_NEXT_IF_ANY

19:38:06.349 [ForkJoinPool-1-worker-1] DEBUG d.m.q.c.state.QuorusStateStore - Initializing default metadata: version=2.0
19:38:06.418 [vert.x-eventloop-thread-0] INFO  d.m.quorus.controller.raft.RaftNode - Starting Raft node: phase4-service-connection-node
19:38:06.419 [vert.x-eventloop-thread-0] INFO  d.m.quorus.controller.raft.RaftNode [FOLLOWER/0] - No storage configured, running in volatile mode
19:38:06.420 [vert.x-eventloop-thread-0] INFO  d.m.q.c.r.InMemoryTransportSimulator [FOLLOWER/0] - Started in-memory transport for node: phase4-service-connection-node
19:38:06.432 [vert.x-eventloop-thread-0] INFO  d.m.quorus.controller.raft.RaftNode [FOLLOWER/0] - Raft node phase4-service-connection-node started successfully (term=0, logSize=1)
19:38:06.639 [vert.x-eventloop-thread-0] INFO  d.m.quorus.controller.raft.RaftNode [FOLLOWER/0] - Starting election for node: phase4-service-connection-node
19:38:06.639 [vert.x-eventloop-thread-0] DEBUG d.m.quorus.controller.raft.RaftNode [CANDIDATE/1] - Persisting raft metadata: term=1, votedForPresent=true, votedFor=phase4-service-connection-node
19:38:06.641 [vert.x-eventloop-thread-0] INFO  d.m.quorus.controller.raft.RaftNode [LEADER/1] - Node phase4-service-connection-node became LEADER for term 1
19:38:06.646 [vert.x-eventloop-thread-0] INFO  d.m.quorus.controller.raft.RaftNode [LEADER/1] - Command submitted at index 1 term 1
19:38:06.646 [vert.x-eventloop-thread-0] DEBUG d.m.quorus.controller.raft.RaftNode [LEADER/1] - Committed leader no-op entry for term 1
19:38:06.650 [ForkJoinPool-1-worker-1] INFO  d.m.q.controller.config.AppConfig - Loaded configuration from quorus-controller.properties
19:38:06.651 [ForkJoinPool-1-worker-1] DEBUG d.m.q.controller.config.AppConfig - Optional configuration profile quorus-controller-test.properties not found
19:38:06.651 [ForkJoinPool-1-worker-1] INFO  d.m.q.controller.config.AppConfig - === Quorus Controller Configuration ===
19:38:06.652 [ForkJoinPool-1-worker-1] INFO  d.m.q.controller.config.AppConfig -   Node ID:              test-node
19:38:06.652 [ForkJoinPool-1-worker-1] INFO  d.m.q.controller.config.AppConfig -   HTTP Host:            127.0.0.1
19:38:06.652 [ForkJoinPool-1-worker-1] INFO  d.m.q.controller.config.AppConfig -   HTTP Port:            8080
19:38:06.652 [ForkJoinPool-1-worker-1] INFO  d.m.q.controller.config.AppConfig -   Raft Port:            9080
19:38:06.652 [ForkJoinPool-1-worker-1] INFO  d.m.q.controller.config.AppConfig -   Cluster Nodes:        test-node=localhost:9080
19:38:06.652 [ForkJoinPool-1-worker-1] INFO  d.m.q.controller.config.AppConfig -   Service Name:         quorus-controller
19:38:06.653 [ForkJoinPool-1-worker-1] INFO  d.m.q.controller.config.AppConfig -   Version:              2.0-ext
19:38:06.653 [ForkJoinPool-1-worker-1] INFO  d.m.q.controller.config.AppConfig -   --- Thread Pools ---
19:38:06.653 [ForkJoinPool-1-worker-1] INFO  d.m.q.controller.config.AppConfig -   Raft I/O Pool Size:   10
19:38:06.653 [ForkJoinPool-1-worker-1] INFO  d.m.q.controller.config.AppConfig -   Raft I/O Queue Size:  1000
19:38:06.653 [ForkJoinPool-1-worker-1] INFO  d.m.q.controller.config.AppConfig -   --- Job Assignment ---
19:38:06.653 [ForkJoinPool-1-worker-1] INFO  d.m.q.controller.config.AppConfig -   Initial Delay:        5000ms
19:38:06.653 [ForkJoinPool-1-worker-1] INFO  d.m.q.controller.config.AppConfig -   Assignment Interval:  10000ms
19:38:06.653 [ForkJoinPool-1-worker-1] INFO  d.m.q.controller.config.AppConfig -   Timeout Initial:      30000ms
19:38:06.653 [ForkJoinPool-1-worker-1] INFO  d.m.q.controller.config.AppConfig -   Timeout Interval:     30000ms
19:38:06.654 [ForkJoinPool-1-worker-1] INFO  d.m.q.controller.config.AppConfig -   --- Snapshot ---
19:38:06.654 [ForkJoinPool-1-worker-1] INFO  d.m.q.controller.config.AppConfig -   Enabled:              true
19:38:06.654 [ForkJoinPool-1-worker-1] INFO  d.m.q.controller.config.AppConfig -   Threshold:            10000 entries
19:38:06.654 [ForkJoinPool-1-worker-1] INFO  d.m.q.controller.config.AppConfig -   Check Interval:       60000ms
19:38:06.654 [ForkJoinPool-1-worker-1] INFO  d.m.q.controller.config.AppConfig -   --- Telemetry ---
19:38:06.654 [ForkJoinPool-1-worker-1] INFO  d.m.q.controller.config.AppConfig -   Enabled:              true
19:38:06.654 [ForkJoinPool-1-worker-1] INFO  d.m.q.controller.config.AppConfig -   OTLP Endpoint:        http://localhost:4317
19:38:06.654 [ForkJoinPool-1-worker-1] INFO  d.m.q.controller.config.AppConfig -   Prometheus Port:      9464
19:38:06.654 [ForkJoinPool-1-worker-1] INFO  d.m.q.controller.config.AppConfig -   Transfer Freshness:   60000ms
19:38:06.655 [ForkJoinPool-1-worker-1] INFO  d.m.q.controller.config.AppConfig -   Transfer Stall:       120000ms
19:38:06.655 [ForkJoinPool-1-worker-1] INFO  d.m.q.controller.config.AppConfig - ========================================
19:38:06.776 [ForkJoinPool-1-worker-1] WARN  d.m.q.controller.http.HttpApiServer - INSECURE DEVELOPMENT MODE: HTTP TLS and request authentication are not production-ready
19:38:06.927 [vert.x-eventloop-thread-0] INFO  d.m.q.controller.http.HttpApiServer [LEADER/1] - HTTP API Server listening on 127.0.0.1:63680
19:38:07.469 [vert.x-eventloop-thread-0] INFO  d.m.quorus.controller.raft.RaftNode [LEADER/1] [req-8d402017-97b5-4cf3-bf6f-da63fa3b17ca] - Command submitted at index 2 term 1
19:38:07.469 [vert.x-eventloop-thread-0] DEBUG d.m.q.c.state.QuorusStateStore [LEADER/1] [req-8d402017-97b5-4cf3-bf6f-da63fa3b17ca] - Applying command: type=Set
19:38:07.480 [vert.x-eventloop-thread-0] DEBUG d.m.q.c.state.QuorusStateStore [LEADER/1] [req-8d402017-97b5-4cf3-bf6f-da63fa3b17ca] - Processing system metadata command: key=phase4.v2.secret-reference.regulated-bank-a:vault-payments-sftp, type=Set
19:38:07.481 [vert.x-eventloop-thread-0] INFO  d.m.q.c.state.QuorusStateStore [LEADER/1] [req-8d402017-97b5-4cf3-bf6f-da63fa3b17ca] - Set system metadata: key=phase4.v2.secret-reference.regulated-bank-a:vault-payments-sftp, valuePresent=true, replaced=false
19:38:07.482 [vert.x-eventloop-thread-0] DEBUG d.m.q.c.state.QuorusStateStore [LEADER/1] [req-8d402017-97b5-4cf3-bf6f-da63fa3b17ca] - Command applied successfully: type=Set, result=Success
19:38:07.486 [vert.x-eventloop-thread-0] INFO  d.m.quorus.controller.raft.RaftNode [LEADER/1] [req-8d402017-97b5-4cf3-bf6f-da63fa3b17ca] - Command submitted at index 3 term 1
19:38:07.487 [vert.x-eventloop-thread-0] DEBUG d.m.q.c.state.QuorusStateStore [LEADER/1] [req-8d402017-97b5-4cf3-bf6f-da63fa3b17ca] - Applying command: type=Set
19:38:07.492 [vert.x-eventloop-thread-0] DEBUG d.m.q.c.state.QuorusStateStore [LEADER/1] [req-8d402017-97b5-4cf3-bf6f-da63fa3b17ca] - Processing system metadata command: key=phase4.v2.security-event.regulated-bank-a:1788608287482.e972faa4-00c5-4554-8763-d3b454868012, type=Set
19:38:07.493 [vert.x-eventloop-thread-0] INFO  d.m.q.c.state.QuorusStateStore [LEADER/1] [req-8d402017-97b5-4cf3-bf6f-da63fa3b17ca] - Set system metadata: key=phase4.v2.security-event.regulated-bank-a:1788608287482.e972faa4-00c5-4554-8763-d3b454868012, valuePresent=true, replaced=false
19:38:07.493 [vert.x-eventloop-thread-0] DEBUG d.m.q.c.state.QuorusStateStore [LEADER/1] [req-8d402017-97b5-4cf3-bf6f-da63fa3b17ca] - Command applied successfully: type=Set, result=Success
19:38:07.524 [vert.x-eventloop-thread-0] INFO  d.m.quorus.controller.raft.RaftNode [LEADER/1] [req-53eacecc-1e0c-4f5c-8625-027367b112d6] - Command submitted at index 4 term 1
19:38:07.525 [vert.x-eventloop-thread-0] DEBUG d.m.q.c.state.QuorusStateStore [LEADER/1] [req-53eacecc-1e0c-4f5c-8625-027367b112d6] - Applying command: type=Set
19:38:07.526 [vert.x-eventloop-thread-0] DEBUG d.m.q.c.state.QuorusStateStore [LEADER/1] [req-53eacecc-1e0c-4f5c-8625-027367b112d6] - Processing system metadata command: key=phase4.v2.security-event.regulated-bank-a:1788608287523.032ced99-27d6-4448-a16c-3bd632f4f5cf, type=Set
19:38:07.526 [vert.x-eventloop-thread-0] INFO  d.m.q.c.state.QuorusStateStore [LEADER/1] [req-53eacecc-1e0c-4f5c-8625-027367b112d6] - Set system metadata: key=phase4.v2.security-event.regulated-bank-a:1788608287523.032ced99-27d6-4448-a16c-3bd632f4f5cf, valuePresent=true, replaced=false
19:38:07.526 [vert.x-eventloop-thread-0] DEBUG d.m.q.c.state.QuorusStateStore [LEADER/1] [req-53eacecc-1e0c-4f5c-8625-027367b112d6] - Command applied successfully: type=Set, result=Success
19:38:07.531 [vert.x-eventloop-thread-0] WARN  d.m.q.c.http.GlobalErrorHandler [LEADER/1] [req-53eacecc-1e0c-4f5c-8625-027367b112d6] - Client error [VALIDATION_ERROR] at /api/v1/secret-references: Secret values are forbidden; submit only an opaque external reference
19:38:07.604 [vert.x-eventloop-thread-0] INFO  d.m.quorus.controller.raft.RaftNode [LEADER/1] [req-5eecdf54-a679-4458-bd25-04372af869ab] - Command submitted at index 5 term 1
19:38:07.605 [vert.x-eventloop-thread-0] DEBUG d.m.q.c.state.QuorusStateStore [LEADER/1] [req-5eecdf54-a679-4458-bd25-04372af869ab] - Applying command: type=Set
19:38:07.608 [vert.x-eventloop-thread-0] DEBUG d.m.q.c.state.QuorusStateStore [LEADER/1] [req-5eecdf54-a679-4458-bd25-04372af869ab] - Processing system metadata command: key=phase4.v2.service-connection.regulated-bank-a:payments-sftp, type=Set
19:38:07.608 [vert.x-eventloop-thread-0] INFO  d.m.q.c.state.QuorusStateStore [LEADER/1] [req-5eecdf54-a679-4458-bd25-04372af869ab] - Set system metadata: key=phase4.v2.service-connection.regulated-bank-a:payments-sftp, valuePresent=true, replaced=false
19:38:07.608 [vert.x-eventloop-thread-0] DEBUG d.m.q.c.state.QuorusStateStore [LEADER/1] [req-5eecdf54-a679-4458-bd25-04372af869ab] - Command applied successfully: type=Set, result=Success
19:38:07.609 [vert.x-eventloop-thread-0] INFO  d.m.quorus.controller.raft.RaftNode [LEADER/1] [req-5eecdf54-a679-4458-bd25-04372af869ab] - Command submitted at index 6 term 1
19:38:07.609 [vert.x-eventloop-thread-0] DEBUG d.m.q.c.state.QuorusStateStore [LEADER/1] [req-5eecdf54-a679-4458-bd25-04372af869ab] - Applying command: type=Set
19:38:07.610 [vert.x-eventloop-thread-0] DEBUG d.m.q.c.state.QuorusStateStore [LEADER/1] [req-5eecdf54-a679-4458-bd25-04372af869ab] - Processing system metadata command: key=phase4.v2.security-event.regulated-bank-a:1788608287608.a10c2f72-3d38-4bac-b0f8-6c8c1176eb7a, type=Set
19:38:07.610 [vert.x-eventloop-thread-0] INFO  d.m.q.c.state.QuorusStateStore [LEADER/1] [req-5eecdf54-a679-4458-bd25-04372af869ab] - Set system metadata: key=phase4.v2.security-event.regulated-bank-a:1788608287608.a10c2f72-3d38-4bac-b0f8-6c8c1176eb7a, valuePresent=true, replaced=false
19:38:07.610 [vert.x-eventloop-thread-0] DEBUG d.m.q.c.state.QuorusStateStore [LEADER/1] [req-5eecdf54-a679-4458-bd25-04372af869ab] - Command applied successfully: type=Set, result=Success
19:38:07.627 [vert.x-eventloop-thread-0] WARN  d.m.q.c.http.GlobalErrorHandler [LEADER/1] [req-94f04e8f-3aae-43ce-95cf-320fcec6efb2] - Client error [VALIDATION_ERROR] at /api/v1/transfers: Remote path is outside the approved path scope
19:38:07.778 [vert.x-eventloop-thread-0] INFO  d.m.q.c.h.handlers.TransferHandler [LEADER/1] [req-59ba5894-2bd9-4bf0-9030-79d892c87021] - Creating transfer job: jobId=phase4-governed-transfer, tenantId=regulated-bank-a
19:38:07.781 [vert.x-eventloop-thread-0] INFO  d.m.quorus.controller.raft.RaftNode [LEADER/1] [req-59ba5894-2bd9-4bf0-9030-79d892c87021] - Command submitted at index 7 term 1
19:38:07.781 [vert.x-eventloop-thread-0] DEBUG d.m.q.c.state.QuorusStateStore [LEADER/1] [req-59ba5894-2bd9-4bf0-9030-79d892c87021] - Applying command: type=Create
19:38:07.784 [vert.x-eventloop-thread-0] DEBUG d.m.q.c.state.QuorusStateStore [LEADER/1] [req-59ba5894-2bd9-4bf0-9030-79d892c87021] - Creating transfer job: jobId=phase4-governed-transfer, sourceUri=sftp://192.0.2.10:22/outbound/settlement.dat, destPath=file:///C:/Users/mraysmit/dev/idea-projects/quorus/quorus-controller/target/phase4-governed-transfer.dat
19:38:07.790 [vert.x-eventloop-thread-0] INFO  d.m.q.c.state.QuorusStateStore [LEADER/1] [req-59ba5894-2bd9-4bf0-9030-79d892c87021] - Created transfer job: jobId=phase4-governed-transfer, protocol=http, totalJobs=1
19:38:07.790 [vert.x-eventloop-thread-0] DEBUG d.m.q.c.state.QuorusStateStore [LEADER/1] [req-59ba5894-2bd9-4bf0-9030-79d892c87021] - Command applied successfully: type=Create, result=Success
19:38:07.792 [vert.x-eventloop-thread-0] INFO  d.m.q.c.h.handlers.TransferHandler [LEADER/1] [req-59ba5894-2bd9-4bf0-9030-79d892c87021] - Transfer job created: jobId=phase4-governed-transfer
19:38:07.793 [vert.x-eventloop-thread-0] INFO  d.m.quorus.controller.raft.RaftNode [LEADER/1] [req-59ba5894-2bd9-4bf0-9030-79d892c87021] - Command submitted at index 8 term 1
19:38:07.794 [vert.x-eventloop-thread-0] DEBUG d.m.q.c.state.QuorusStateStore [LEADER/1] [req-59ba5894-2bd9-4bf0-9030-79d892c87021] - Applying command: type=Set
19:38:07.794 [vert.x-eventloop-thread-0] DEBUG d.m.q.c.state.QuorusStateStore [LEADER/1] [req-59ba5894-2bd9-4bf0-9030-79d892c87021] - Processing system metadata command: key=phase4.v2.security-event.regulated-bank-a:1788608287792.ecaf8991-719c-4baa-b6a4-92453bf80be6, type=Set
19:38:07.794 [vert.x-eventloop-thread-0] INFO  d.m.q.c.state.QuorusStateStore [LEADER/1] [req-59ba5894-2bd9-4bf0-9030-79d892c87021] - Set system metadata: key=phase4.v2.security-event.regulated-bank-a:1788608287792.ecaf8991-719c-4baa-b6a4-92453bf80be6, valuePresent=true, replaced=false
19:38:07.794 [vert.x-eventloop-thread-0] DEBUG d.m.q.c.state.QuorusStateStore [LEADER/1] [req-59ba5894-2bd9-4bf0-9030-79d892c87021] - Command applied successfully: type=Set, result=Success
19:38:07.805 [vert.x-eventloop-thread-0] DEBUG d.m.q.c.h.handlers.TransferHandler [LEADER/1] [req-e5dd6537-1199-445c-9712-c7911352590a] - Getting transfer job: jobId=phase4-governed-transfer
19:38:07.829 [vert.x-eventloop-thread-0] INFO  d.m.q.c.h.handlers.TransferHandler [LEADER/1] [req-2e56d983-80b0-4845-9fc2-075798b3da6f] - Creating transfer job: jobId=phase4-governed-upload, tenantId=regulated-bank-a
19:38:07.830 [vert.x-eventloop-thread-0] INFO  d.m.quorus.controller.raft.RaftNode [LEADER/1] [req-2e56d983-80b0-4845-9fc2-075798b3da6f] - Command submitted at index 9 term 1
19:38:07.830 [vert.x-eventloop-thread-0] DEBUG d.m.q.c.state.QuorusStateStore [LEADER/1] [req-2e56d983-80b0-4845-9fc2-075798b3da6f] - Applying command: type=Create
19:38:07.831 [vert.x-eventloop-thread-0] DEBUG d.m.q.c.state.QuorusStateStore [LEADER/1] [req-2e56d983-80b0-4845-9fc2-075798b3da6f] - Creating transfer job: jobId=phase4-governed-upload, sourceUri=file:///C:/quorus-agent-spool/upload.dat, destPath=sftp://192.0.2.10:22/outbound/upload.dat
19:38:07.831 [vert.x-eventloop-thread-0] INFO  d.m.q.c.state.QuorusStateStore [LEADER/1] [req-2e56d983-80b0-4845-9fc2-075798b3da6f] - Created transfer job: jobId=phase4-governed-upload, protocol=http, totalJobs=2
19:38:07.831 [vert.x-eventloop-thread-0] DEBUG d.m.q.c.state.QuorusStateStore [LEADER/1] [req-2e56d983-80b0-4845-9fc2-075798b3da6f] - Command applied successfully: type=Create, result=Success
19:38:07.831 [vert.x-eventloop-thread-0] INFO  d.m.q.c.h.handlers.TransferHandler [LEADER/1] [req-2e56d983-80b0-4845-9fc2-075798b3da6f] - Transfer job created: jobId=phase4-governed-upload
19:38:07.832 [vert.x-eventloop-thread-0] INFO  d.m.quorus.controller.raft.RaftNode [LEADER/1] [req-2e56d983-80b0-4845-9fc2-075798b3da6f] - Command submitted at index 10 term 1
19:38:07.832 [vert.x-eventloop-thread-0] DEBUG d.m.q.c.state.QuorusStateStore [LEADER/1] [req-2e56d983-80b0-4845-9fc2-075798b3da6f] - Applying command: type=Set
19:38:07.833 [vert.x-eventloop-thread-0] DEBUG d.m.q.c.state.QuorusStateStore [LEADER/1] [req-2e56d983-80b0-4845-9fc2-075798b3da6f] - Processing system metadata command: key=phase4.v2.security-event.regulated-bank-a:1788608287832.ced5001a-b383-4e88-ab96-436e8b92a5fb, type=Set
19:38:07.833 [vert.x-eventloop-thread-0] INFO  d.m.q.c.state.QuorusStateStore [LEADER/1] [req-2e56d983-80b0-4845-9fc2-075798b3da6f] - Set system metadata: key=phase4.v2.security-event.regulated-bank-a:1788608287832.ced5001a-b383-4e88-ab96-436e8b92a5fb, valuePresent=true, replaced=false
19:38:07.833 [vert.x-eventloop-thread-0] DEBUG d.m.q.c.state.QuorusStateStore [LEADER/1] [req-2e56d983-80b0-4845-9fc2-075798b3da6f] - Command applied successfully: type=Set, result=Success
19:38:07.839 [vert.x-eventloop-thread-0] DEBUG d.m.q.c.h.handlers.TransferHandler [LEADER/1] [req-4e68e175-991d-4731-b68f-f6ea76591ff4] - Getting transfer job: jobId=phase4-governed-upload
19:38:07.854 [vert.x-eventloop-thread-0] INFO  d.m.quorus.controller.raft.RaftNode [LEADER/1] [req-83ea52e2-c6fa-4ef5-9afd-4c149ac20de8] - Command submitted at index 11 term 1
19:38:07.855 [vert.x-eventloop-thread-0] DEBUG d.m.q.c.state.QuorusStateStore [LEADER/1] [req-83ea52e2-c6fa-4ef5-9afd-4c149ac20de8] - Applying command: type=Set
19:38:07.856 [vert.x-eventloop-thread-0] DEBUG d.m.q.c.state.QuorusStateStore [LEADER/1] [req-83ea52e2-c6fa-4ef5-9afd-4c149ac20de8] - Processing system metadata command: key=phase4.v2.security-event.regulated-bank-a:1788608287851.990261f3-9499-4ee6-89f9-13cfdfa280e7, type=Set
19:38:07.856 [vert.x-eventloop-thread-0] INFO  d.m.q.c.state.QuorusStateStore [LEADER/1] [req-83ea52e2-c6fa-4ef5-9afd-4c149ac20de8] - Set system metadata: key=phase4.v2.security-event.regulated-bank-a:1788608287851.990261f3-9499-4ee6-89f9-13cfdfa280e7, valuePresent=true, replaced=false
19:38:07.856 [vert.x-eventloop-thread-0] DEBUG d.m.q.c.state.QuorusStateStore [LEADER/1] [req-83ea52e2-c6fa-4ef5-9afd-4c149ac20de8] - Command applied successfully: type=Set, result=Success
19:38:07.860 [ForkJoinPool-1-worker-1] DEBUG d.m.q.c.state.QuorusStateStore - Taking state machine snapshot: jobs=2, agents=0, metadata=10, assignments=0, queue=0
19:38:07.931 [ForkJoinPool-1-worker-1] INFO  d.m.q.c.state.QuorusStateStore - Created snapshot: size=6544bytes, jobs=2, agents=0, assignments=0, queue=0, routes=0, lastAppliedIndex=0
19:38:07.931 [ForkJoinPool-1-worker-1] DEBUG d.m.q.c.state.QuorusStateStore - Resetting state machine: jobs=2, agents=0, metadata=10
19:38:07.932 [ForkJoinPool-1-worker-1] DEBUG d.m.q.c.state.QuorusStateStore - Initializing default metadata: version=2.0
19:38:07.932 [ForkJoinPool-1-worker-1] INFO  d.m.q.c.state.QuorusStateStore - State machine reset completed: version=2.0
19:38:07.932 [ForkJoinPool-1-worker-1] DEBUG d.m.q.c.state.QuorusStateStore - Restoring state machine snapshot: snapshotSize=6544bytes
19:38:08.015 [ForkJoinPool-1-worker-1] INFO  d.m.q.c.state.QuorusStateStore - Restored snapshot: jobs=2, agents=0, metadata=10, assignments=0, queue=0, routes=0, lastAppliedIndex=0
19:38:08.049 [vert.x-eventloop-thread-0] INFO  d.m.quorus.controller.raft.RaftNode [LEADER/1] [req-dbd032c2-fa9f-4b3e-8cf4-fa9aeda13d80] - Command submitted at index 12 term 1
19:38:08.050 [vert.x-eventloop-thread-0] DEBUG d.m.q.c.state.QuorusStateStore [LEADER/1] [req-dbd032c2-fa9f-4b3e-8cf4-fa9aeda13d80] - Applying command: type=Set
19:38:08.052 [vert.x-eventloop-thread-0] DEBUG d.m.q.c.state.QuorusStateStore [LEADER/1] [req-dbd032c2-fa9f-4b3e-8cf4-fa9aeda13d80] - Processing system metadata command: key=phase4.v2.service-connection.regulated-bank-a:payments-sftp, type=Set
19:38:08.052 [vert.x-eventloop-thread-0] INFO  d.m.q.c.state.QuorusStateStore [LEADER/1] [req-dbd032c2-fa9f-4b3e-8cf4-fa9aeda13d80] - Set system metadata: key=phase4.v2.service-connection.regulated-bank-a:payments-sftp, valuePresent=true, replaced=true
19:38:08.053 [vert.x-eventloop-thread-0] DEBUG d.m.q.c.state.QuorusStateStore [LEADER/1] [req-dbd032c2-fa9f-4b3e-8cf4-fa9aeda13d80] - Command applied successfully: type=Set, result=Success
19:38:08.054 [vert.x-eventloop-thread-0] INFO  d.m.quorus.controller.raft.RaftNode [LEADER/1] [req-dbd032c2-fa9f-4b3e-8cf4-fa9aeda13d80] - Command submitted at index 13 term 1
19:38:08.054 [vert.x-eventloop-thread-0] DEBUG d.m.q.c.state.QuorusStateStore [LEADER/1] [req-dbd032c2-fa9f-4b3e-8cf4-fa9aeda13d80] - Applying command: type=Set
19:38:08.055 [vert.x-eventloop-thread-0] DEBUG d.m.q.c.state.QuorusStateStore [LEADER/1] [req-dbd032c2-fa9f-4b3e-8cf4-fa9aeda13d80] - Processing system metadata command: key=phase4.v2.security-event.regulated-bank-a:1788608288053.5e5853cc-170d-46e3-b7be-f2c6a037b301, type=Set
19:38:08.055 [vert.x-eventloop-thread-0] INFO  d.m.q.c.state.QuorusStateStore [LEADER/1] [req-dbd032c2-fa9f-4b3e-8cf4-fa9aeda13d80] - Set system metadata: key=phase4.v2.security-event.regulated-bank-a:1788608288053.5e5853cc-170d-46e3-b7be-f2c6a037b301, valuePresent=true, replaced=false
19:38:08.055 [vert.x-eventloop-thread-0] DEBUG d.m.q.c.state.QuorusStateStore [LEADER/1] [req-dbd032c2-fa9f-4b3e-8cf4-fa9aeda13d80] - Command applied successfully: type=Set, result=Success
19:38:08.056 [vert.x-eventloop-thread-0] INFO  d.m.quorus.controller.raft.RaftNode [LEADER/1] [req-dbd032c2-fa9f-4b3e-8cf4-fa9aeda13d80] - Command submitted at index 14 term 1
19:38:08.056 [vert.x-eventloop-thread-0] DEBUG d.m.q.c.state.QuorusStateStore [LEADER/1] [req-dbd032c2-fa9f-4b3e-8cf4-fa9aeda13d80] - Applying command: type=Set
19:38:08.057 [vert.x-eventloop-thread-0] DEBUG d.m.q.c.state.QuorusStateStore [LEADER/1] [req-dbd032c2-fa9f-4b3e-8cf4-fa9aeda13d80] - Processing system metadata command: key=phase4.v2.security-event.regulated-bank-a:1788608288055.a86f2d1b-f35a-493d-9678-29ed4c69a496, type=Set
19:38:08.057 [vert.x-eventloop-thread-0] INFO  d.m.q.c.state.QuorusStateStore [LEADER/1] [req-dbd032c2-fa9f-4b3e-8cf4-fa9aeda13d80] - Set system metadata: key=phase4.v2.security-event.regulated-bank-a:1788608288055.a86f2d1b-f35a-493d-9678-29ed4c69a496, valuePresent=true, replaced=false
19:38:08.057 [vert.x-eventloop-thread-0] DEBUG d.m.q.c.state.QuorusStateStore [LEADER/1] [req-dbd032c2-fa9f-4b3e-8cf4-fa9aeda13d80] - Command applied successfully: type=Set, result=Success
19:38:08.064 [vert.x-eventloop-thread-0] INFO  d.m.quorus.controller.raft.RaftNode [LEADER/1] [req-c4dd6126-81e5-4d3f-bcb1-e657c2d0d389] - Command submitted at index 15 term 1
19:38:08.065 [vert.x-eventloop-thread-0] DEBUG d.m.q.c.state.QuorusStateStore [LEADER/1] [req-c4dd6126-81e5-4d3f-bcb1-e657c2d0d389] - Applying command: type=Set
19:38:08.066 [vert.x-eventloop-thread-0] DEBUG d.m.q.c.state.QuorusStateStore [LEADER/1] [req-c4dd6126-81e5-4d3f-bcb1-e657c2d0d389] - Processing system metadata command: key=phase4.v2.secret-reference.regulated-bank-a:vault-payments-sftp, type=Set
19:38:08.066 [vert.x-eventloop-thread-0] INFO  d.m.q.c.state.QuorusStateStore [LEADER/1] [req-c4dd6126-81e5-4d3f-bcb1-e657c2d0d389] - Set system metadata: key=phase4.v2.secret-reference.regulated-bank-a:vault-payments-sftp, valuePresent=true, replaced=true
19:38:08.066 [vert.x-eventloop-thread-0] DEBUG d.m.q.c.state.QuorusStateStore [LEADER/1] [req-c4dd6126-81e5-4d3f-bcb1-e657c2d0d389] - Command applied successfully: type=Set, result=Success
19:38:08.067 [vert.x-eventloop-thread-0] INFO  d.m.quorus.controller.raft.RaftNode [LEADER/1] [req-c4dd6126-81e5-4d3f-bcb1-e657c2d0d389] - Command submitted at index 16 term 1
19:38:08.067 [vert.x-eventloop-thread-0] DEBUG d.m.q.c.state.QuorusStateStore [LEADER/1] [req-c4dd6126-81e5-4d3f-bcb1-e657c2d0d389] - Applying command: type=Set
19:38:08.069 [vert.x-eventloop-thread-0] DEBUG d.m.q.c.state.QuorusStateStore [LEADER/1] [req-c4dd6126-81e5-4d3f-bcb1-e657c2d0d389] - Processing system metadata command: key=phase4.v2.security-event.regulated-bank-a:1788608288066.d6bae6ef-0eae-4a46-8a6e-0a57f729406f, type=Set
19:38:08.069 [vert.x-eventloop-thread-0] INFO  d.m.q.c.state.QuorusStateStore [LEADER/1] [req-c4dd6126-81e5-4d3f-bcb1-e657c2d0d389] - Set system metadata: key=phase4.v2.security-event.regulated-bank-a:1788608288066.d6bae6ef-0eae-4a46-8a6e-0a57f729406f, valuePresent=true, replaced=false
19:38:08.070 [vert.x-eventloop-thread-0] DEBUG d.m.q.c.state.QuorusStateStore [LEADER/1] [req-c4dd6126-81e5-4d3f-bcb1-e657c2d0d389] - Command applied successfully: type=Set, result=Success
19:38:08.083 [vert.x-eventloop-thread-0] INFO  d.m.quorus.controller.raft.RaftNode [LEADER/1] [req-045a9585-fcb3-4f11-9890-724584ca2ffe] - Command submitted at index 17 term 1
19:38:08.084 [vert.x-eventloop-thread-0] DEBUG d.m.q.c.state.QuorusStateStore [LEADER/1] [req-045a9585-fcb3-4f11-9890-724584ca2ffe] - Applying command: type=Set
19:38:08.085 [vert.x-eventloop-thread-0] DEBUG d.m.q.c.state.QuorusStateStore [LEADER/1] [req-045a9585-fcb3-4f11-9890-724584ca2ffe] - Processing system metadata command: key=phase4.v2.secret-reference.regulated-bank-a:expired-secret, type=Set
19:38:08.085 [vert.x-eventloop-thread-0] INFO  d.m.q.c.state.QuorusStateStore [LEADER/1] [req-045a9585-fcb3-4f11-9890-724584ca2ffe] - Set system metadata: key=phase4.v2.secret-reference.regulated-bank-a:expired-secret, valuePresent=true, replaced=false
19:38:08.085 [vert.x-eventloop-thread-0] DEBUG d.m.q.c.state.QuorusStateStore [LEADER/1] [req-045a9585-fcb3-4f11-9890-724584ca2ffe] - Command applied successfully: type=Set, result=Success
19:38:08.087 [vert.x-eventloop-thread-0] INFO  d.m.quorus.controller.raft.RaftNode [LEADER/1] [req-045a9585-fcb3-4f11-9890-724584ca2ffe] - Command submitted at index 18 term 1
19:38:08.087 [vert.x-eventloop-thread-0] DEBUG d.m.q.c.state.QuorusStateStore [LEADER/1] [req-045a9585-fcb3-4f11-9890-724584ca2ffe] - Applying command: type=Set
19:38:08.087 [vert.x-eventloop-thread-0] DEBUG d.m.q.c.state.QuorusStateStore [LEADER/1] [req-045a9585-fcb3-4f11-9890-724584ca2ffe] - Processing system metadata command: key=phase4.v2.security-event.regulated-bank-a:1788608288085.fdc212e5-0f13-4a8b-ab9c-73d06643fe41, type=Set
19:38:08.087 [vert.x-eventloop-thread-0] INFO  d.m.q.c.state.QuorusStateStore [LEADER/1] [req-045a9585-fcb3-4f11-9890-724584ca2ffe] - Set system metadata: key=phase4.v2.security-event.regulated-bank-a:1788608288085.fdc212e5-0f13-4a8b-ab9c-73d06643fe41, valuePresent=true, replaced=false
19:38:08.087 [vert.x-eventloop-thread-0] DEBUG d.m.q.c.state.QuorusStateStore [LEADER/1] [req-045a9585-fcb3-4f11-9890-724584ca2ffe] - Command applied successfully: type=Set, result=Success
19:38:08.094 [vert.x-eventloop-thread-0] INFO  d.m.quorus.controller.raft.RaftNode [LEADER/1] [req-672c691d-d86c-48b6-bc4a-f0d776b80510] - Command submitted at index 19 term 1
19:38:08.094 [vert.x-eventloop-thread-0] DEBUG d.m.q.c.state.QuorusStateStore [LEADER/1] [req-672c691d-d86c-48b6-bc4a-f0d776b80510] - Applying command: type=Set
19:38:08.095 [vert.x-eventloop-thread-0] DEBUG d.m.q.c.state.QuorusStateStore [LEADER/1] [req-672c691d-d86c-48b6-bc4a-f0d776b80510] - Processing system metadata command: key=phase4.v2.service-connection.regulated-bank-a:expired-connection, type=Set
19:38:08.095 [vert.x-eventloop-thread-0] INFO  d.m.q.c.state.QuorusStateStore [LEADER/1] [req-672c691d-d86c-48b6-bc4a-f0d776b80510] - Set system metadata: key=phase4.v2.service-connection.regulated-bank-a:expired-connection, valuePresent=true, replaced=false
19:38:08.095 [vert.x-eventloop-thread-0] DEBUG d.m.q.c.state.QuorusStateStore [LEADER/1] [req-672c691d-d86c-48b6-bc4a-f0d776b80510] - Command applied successfully: type=Set, result=Success
19:38:08.096 [vert.x-eventloop-thread-0] INFO  d.m.quorus.controller.raft.RaftNode [LEADER/1] [req-672c691d-d86c-48b6-bc4a-f0d776b80510] - Command submitted at index 20 term 1
19:38:08.097 [vert.x-eventloop-thread-0] DEBUG d.m.q.c.state.QuorusStateStore [LEADER/1] [req-672c691d-d86c-48b6-bc4a-f0d776b80510] - Applying command: type=Set
19:38:08.099 [vert.x-eventloop-thread-0] DEBUG d.m.q.c.state.QuorusStateStore [LEADER/1] [req-672c691d-d86c-48b6-bc4a-f0d776b80510] - Processing system metadata command: key=phase4.v2.security-event.regulated-bank-a:1788608288096.b03c500a-8301-43ca-8dbb-fb64f80e6582, type=Set
19:38:08.099 [vert.x-eventloop-thread-0] INFO  d.m.q.c.state.QuorusStateStore [LEADER/1] [req-672c691d-d86c-48b6-bc4a-f0d776b80510] - Set system metadata: key=phase4.v2.security-event.regulated-bank-a:1788608288096.b03c500a-8301-43ca-8dbb-fb64f80e6582, valuePresent=true, replaced=false
19:38:08.100 [vert.x-eventloop-thread-0] DEBUG d.m.q.c.state.QuorusStateStore [LEADER/1] [req-672c691d-d86c-48b6-bc4a-f0d776b80510] - Command applied successfully: type=Set, result=Success
19:38:08.110 [vert.x-eventloop-thread-0] INFO  d.m.quorus.controller.raft.RaftNode [LEADER/1] [req-7cd8b88e-c686-4167-969e-e29cb15f40cb] - Command submitted at index 21 term 1
19:38:08.111 [vert.x-eventloop-thread-0] DEBUG d.m.q.c.state.QuorusStateStore [LEADER/1] [req-7cd8b88e-c686-4167-969e-e29cb15f40cb] - Applying command: type=Set
19:38:08.111 [vert.x-eventloop-thread-0] DEBUG d.m.q.c.state.QuorusStateStore [LEADER/1] [req-7cd8b88e-c686-4167-969e-e29cb15f40cb] - Processing system metadata command: key=phase4.v2.secret-reference.regulated-bank-a:expired-secret, type=Set
19:38:08.112 [vert.x-eventloop-thread-0] INFO  d.m.q.c.state.QuorusStateStore [LEADER/1] [req-7cd8b88e-c686-4167-969e-e29cb15f40cb] - Set system metadata: key=phase4.v2.secret-reference.regulated-bank-a:expired-secret, valuePresent=true, replaced=true
19:38:08.112 [vert.x-eventloop-thread-0] DEBUG d.m.q.c.state.QuorusStateStore [LEADER/1] [req-7cd8b88e-c686-4167-969e-e29cb15f40cb] - Command applied successfully: type=Set, result=Success
19:38:08.112 [vert.x-eventloop-thread-0] INFO  d.m.quorus.controller.raft.RaftNode [LEADER/1] [req-7cd8b88e-c686-4167-969e-e29cb15f40cb] - Command submitted at index 22 term 1
19:38:08.112 [vert.x-eventloop-thread-0] DEBUG d.m.q.c.state.QuorusStateStore [LEADER/1] [req-7cd8b88e-c686-4167-969e-e29cb15f40cb] - Applying command: type=Set
19:38:08.113 [vert.x-eventloop-thread-0] DEBUG d.m.q.c.state.QuorusStateStore [LEADER/1] [req-7cd8b88e-c686-4167-969e-e29cb15f40cb] - Processing system metadata command: key=phase4.v2.security-event.regulated-bank-a:1788608288109.ad373b3e-3e77-4e20-bbba-a97811869f6b, type=Set
19:38:08.113 [vert.x-eventloop-thread-0] INFO  d.m.q.c.state.QuorusStateStore [LEADER/1] [req-7cd8b88e-c686-4167-969e-e29cb15f40cb] - Set system metadata: key=phase4.v2.security-event.regulated-bank-a:1788608288109.ad373b3e-3e77-4e20-bbba-a97811869f6b, valuePresent=true, replaced=false
19:38:08.113 [vert.x-eventloop-thread-0] DEBUG d.m.q.c.state.QuorusStateStore [LEADER/1] [req-7cd8b88e-c686-4167-969e-e29cb15f40cb] - Command applied successfully: type=Set, result=Success
19:38:08.114 [vert.x-eventloop-thread-0] WARN  d.m.q.c.http.GlobalErrorHandler [LEADER/1] [req-7cd8b88e-c686-4167-969e-e29cb15f40cb] - Client error [CONFLICT] at /api/v1/transfers: Service connection secret reference is unavailable
19:38:08.132 [vert.x-eventloop-thread-0] INFO  d.m.quorus.controller.raft.RaftNode [LEADER/1] [req-59776dea-f9a2-4674-bcd8-b27c2d0c6afa] - Command submitted at index 23 term 1
19:38:08.132 [vert.x-eventloop-thread-0] DEBUG d.m.q.c.state.QuorusStateStore [LEADER/1] [req-59776dea-f9a2-4674-bcd8-b27c2d0c6afa] - Applying command: type=Delete
19:38:08.134 [vert.x-eventloop-thread-0] DEBUG d.m.q.c.state.QuorusStateStore [LEADER/1] [req-59776dea-f9a2-4674-bcd8-b27c2d0c6afa] - Processing system metadata command: key=phase4.v2.service-connection.regulated-bank-a:payments-sftp, type=Delete
19:38:08.134 [vert.x-eventloop-thread-0] INFO  d.m.q.c.state.QuorusStateStore [LEADER/1] [req-59776dea-f9a2-4674-bcd8-b27c2d0c6afa] - Deleted system metadata: key=phase4.v2.service-connection.regulated-bank-a:payments-sftp, valueRemoved=true
19:38:08.134 [vert.x-eventloop-thread-0] DEBUG d.m.q.c.state.QuorusStateStore [LEADER/1] [req-59776dea-f9a2-4674-bcd8-b27c2d0c6afa] - Command applied successfully: type=Delete, result=Success
19:38:08.135 [vert.x-eventloop-thread-0] INFO  d.m.quorus.controller.raft.RaftNode [LEADER/1] [req-59776dea-f9a2-4674-bcd8-b27c2d0c6afa] - Command submitted at index 24 term 1
19:38:08.135 [vert.x-eventloop-thread-0] DEBUG d.m.q.c.state.QuorusStateStore [LEADER/1] [req-59776dea-f9a2-4674-bcd8-b27c2d0c6afa] - Applying command: type=Set
19:38:08.136 [vert.x-eventloop-thread-0] DEBUG d.m.q.c.state.QuorusStateStore [LEADER/1] [req-59776dea-f9a2-4674-bcd8-b27c2d0c6afa] - Processing system metadata command: key=phase4.v2.security-event.regulated-bank-a:1788608288134.f5aa0280-27de-47b7-aa71-ec365e0a647c, type=Set
19:38:08.137 [vert.x-eventloop-thread-0] INFO  d.m.q.c.state.QuorusStateStore [LEADER/1] [req-59776dea-f9a2-4674-bcd8-b27c2d0c6afa] - Set system metadata: key=phase4.v2.security-event.regulated-bank-a:1788608288134.f5aa0280-27de-47b7-aa71-ec365e0a647c, valuePresent=true, replaced=false
19:38:08.137 [vert.x-eventloop-thread-0] DEBUG d.m.q.c.state.QuorusStateStore [LEADER/1] [req-59776dea-f9a2-4674-bcd8-b27c2d0c6afa] - Command applied successfully: type=Set, result=Success
19:38:08.144 [vert.x-eventloop-thread-0] INFO  d.m.quorus.controller.raft.RaftNode [LEADER/1] [req-62c058a0-44e8-4409-8f7a-e16493a41d98] - Command submitted at index 25 term 1
19:38:08.152 [vert.x-eventloop-thread-0] DEBUG d.m.q.c.state.QuorusStateStore [LEADER/1] [req-62c058a0-44e8-4409-8f7a-e16493a41d98] - Applying command: type=Delete
19:38:08.153 [vert.x-eventloop-thread-0] DEBUG d.m.q.c.state.QuorusStateStore [LEADER/1] [req-62c058a0-44e8-4409-8f7a-e16493a41d98] - Processing system metadata command: key=phase4.v2.secret-reference.regulated-bank-a:vault-payments-sftp, type=Delete
19:38:08.153 [vert.x-eventloop-thread-0] INFO  d.m.q.c.state.QuorusStateStore [LEADER/1] [req-62c058a0-44e8-4409-8f7a-e16493a41d98] - Deleted system metadata: key=phase4.v2.secret-reference.regulated-bank-a:vault-payments-sftp, valueRemoved=true
19:38:08.153 [vert.x-eventloop-thread-0] DEBUG d.m.q.c.state.QuorusStateStore [LEADER/1] [req-62c058a0-44e8-4409-8f7a-e16493a41d98] - Command applied successfully: type=Delete, result=Success
19:38:08.154 [vert.x-eventloop-thread-0] INFO  d.m.quorus.controller.raft.RaftNode [LEADER/1] [req-62c058a0-44e8-4409-8f7a-e16493a41d98] - Command submitted at index 26 term 1
19:38:08.154 [vert.x-eventloop-thread-0] DEBUG d.m.q.c.state.QuorusStateStore [LEADER/1] [req-62c058a0-44e8-4409-8f7a-e16493a41d98] - Applying command: type=Set
19:38:08.155 [vert.x-eventloop-thread-0] DEBUG d.m.q.c.state.QuorusStateStore [LEADER/1] [req-62c058a0-44e8-4409-8f7a-e16493a41d98] - Processing system metadata command: key=phase4.v2.security-event.regulated-bank-a:1788608288153.2730ed8d-f02b-4bc8-81b7-1fe9c333aa71, type=Set
19:38:08.155 [vert.x-eventloop-thread-0] INFO  d.m.q.c.state.QuorusStateStore [LEADER/1] [req-62c058a0-44e8-4409-8f7a-e16493a41d98] - Set system metadata: key=phase4.v2.security-event.regulated-bank-a:1788608288153.2730ed8d-f02b-4bc8-81b7-1fe9c333aa71, valuePresent=true, replaced=false
19:38:08.155 [vert.x-eventloop-thread-0] DEBUG d.m.q.c.state.QuorusStateStore [LEADER/1] [req-62c058a0-44e8-4409-8f7a-e16493a41d98] - Command applied successfully: type=Set, result=Success
19:38:08.178 [vert.x-eventloop-thread-0] INFO  d.m.quorus.controller.raft.RaftNode [LEADER/1] [req-311a5a59-99ac-4f2d-861b-46a947b353aa] - Command submitted at index 27 term 1
19:38:08.179 [vert.x-eventloop-thread-0] DEBUG d.m.q.c.state.QuorusStateStore [LEADER/1] [req-311a5a59-99ac-4f2d-861b-46a947b353aa] - Applying command: type=Set
19:38:08.179 [vert.x-eventloop-thread-0] DEBUG d.m.q.c.state.QuorusStateStore [LEADER/1] [req-311a5a59-99ac-4f2d-861b-46a947b353aa] - Processing system metadata command: key=phase4.v2.secret-reference.regulated-bank-a:partial-trust-secret, type=Set
19:38:08.179 [vert.x-eventloop-thread-0] INFO  d.m.q.c.state.QuorusStateStore [LEADER/1] [req-311a5a59-99ac-4f2d-861b-46a947b353aa] - Set system metadata: key=phase4.v2.secret-reference.regulated-bank-a:partial-trust-secret, valuePresent=true, replaced=false
19:38:08.180 [vert.x-eventloop-thread-0] DEBUG d.m.q.c.state.QuorusStateStore [LEADER/1] [req-311a5a59-99ac-4f2d-861b-46a947b353aa] - Command applied successfully: type=Set, result=Success
19:38:08.180 [vert.x-eventloop-thread-0] INFO  d.m.quorus.controller.raft.RaftNode [LEADER/1] [req-311a5a59-99ac-4f2d-861b-46a947b353aa] - Command submitted at index 28 term 1
19:38:08.180 [vert.x-eventloop-thread-0] DEBUG d.m.q.c.state.QuorusStateStore [LEADER/1] [req-311a5a59-99ac-4f2d-861b-46a947b353aa] - Applying command: type=Set
19:38:08.181 [vert.x-eventloop-thread-0] DEBUG d.m.q.c.state.QuorusStateStore [LEADER/1] [req-311a5a59-99ac-4f2d-861b-46a947b353aa] - Processing system metadata command: key=phase4.v2.security-event.regulated-bank-a:1788608288180.70f98d70-0c33-401f-8785-dcbd0e98f6c8, type=Set
19:38:08.181 [vert.x-eventloop-thread-0] INFO  d.m.q.c.state.QuorusStateStore [LEADER/1] [req-311a5a59-99ac-4f2d-861b-46a947b353aa] - Set system metadata: key=phase4.v2.security-event.regulated-bank-a:1788608288180.70f98d70-0c33-401f-8785-dcbd0e98f6c8, valuePresent=true, replaced=false
19:38:08.181 [vert.x-eventloop-thread-0] DEBUG d.m.q.c.state.QuorusStateStore [LEADER/1] [req-311a5a59-99ac-4f2d-861b-46a947b353aa] - Command applied successfully: type=Set, result=Success
19:38:08.191 [vert.x-eventloop-thread-0] INFO  d.m.quorus.controller.raft.RaftNode [LEADER/1] [req-2bd24eba-b9d1-404a-9204-6ba7e3924899] - Command submitted at index 29 term 1
19:38:08.191 [vert.x-eventloop-thread-0] DEBUG d.m.q.c.state.QuorusStateStore [LEADER/1] [req-2bd24eba-b9d1-404a-9204-6ba7e3924899] - Applying command: type=Set
19:38:08.192 [vert.x-eventloop-thread-0] DEBUG d.m.q.c.state.QuorusStateStore [LEADER/1] [req-2bd24eba-b9d1-404a-9204-6ba7e3924899] - Processing system metadata command: key=phase4.v2.service-connection.regulated-bank-a:partial-trust-https, type=Set
19:38:08.192 [vert.x-eventloop-thread-0] INFO  d.m.q.c.state.QuorusStateStore [LEADER/1] [req-2bd24eba-b9d1-404a-9204-6ba7e3924899] - Set system metadata: key=phase4.v2.service-connection.regulated-bank-a:partial-trust-https, valuePresent=true, replaced=false
19:38:08.192 [vert.x-eventloop-thread-0] DEBUG d.m.q.c.state.QuorusStateStore [LEADER/1] [req-2bd24eba-b9d1-404a-9204-6ba7e3924899] - Command applied successfully: type=Set, result=Success
19:38:08.193 [vert.x-eventloop-thread-0] INFO  d.m.quorus.controller.raft.RaftNode [LEADER/1] [req-2bd24eba-b9d1-404a-9204-6ba7e3924899] - Command submitted at index 30 term 1
19:38:08.193 [vert.x-eventloop-thread-0] DEBUG d.m.q.c.state.QuorusStateStore [LEADER/1] [req-2bd24eba-b9d1-404a-9204-6ba7e3924899] - Applying command: type=Set
19:38:08.194 [vert.x-eventloop-thread-0] DEBUG d.m.q.c.state.QuorusStateStore [LEADER/1] [req-2bd24eba-b9d1-404a-9204-6ba7e3924899] - Processing system metadata command: key=phase4.v2.security-event.regulated-bank-a:1788608288193.eae5312c-e6df-4de9-9173-0a3a333f95e0, type=Set
19:38:08.194 [vert.x-eventloop-thread-0] INFO  d.m.q.c.state.QuorusStateStore [LEADER/1] [req-2bd24eba-b9d1-404a-9204-6ba7e3924899] - Set system metadata: key=phase4.v2.security-event.regulated-bank-a:1788608288193.eae5312c-e6df-4de9-9173-0a3a333f95e0, valuePresent=true, replaced=false
19:38:08.194 [vert.x-eventloop-thread-0] DEBUG d.m.q.c.state.QuorusStateStore [LEADER/1] [req-2bd24eba-b9d1-404a-9204-6ba7e3924899] - Command applied successfully: type=Set, result=Success
19:38:08.201 [vert.x-eventloop-thread-0] INFO  d.m.quorus.controller.raft.RaftNode [LEADER/1] [req-0c0dd938-6a7d-4b79-827f-a48a2b9c8648] - Command submitted at index 31 term 1
19:38:08.202 [vert.x-eventloop-thread-0] DEBUG d.m.q.c.state.QuorusStateStore [LEADER/1] [req-0c0dd938-6a7d-4b79-827f-a48a2b9c8648] - Applying command: type=Set
19:38:08.203 [vert.x-eventloop-thread-0] DEBUG d.m.q.c.state.QuorusStateStore [LEADER/1] [req-0c0dd938-6a7d-4b79-827f-a48a2b9c8648] - Processing system metadata command: key=phase4.v2.service-connection.regulated-bank-a:partial-trust-https, type=Set
19:38:08.203 [vert.x-eventloop-thread-0] INFO  d.m.q.c.state.QuorusStateStore [LEADER/1] [req-0c0dd938-6a7d-4b79-827f-a48a2b9c8648] - Set system metadata: key=phase4.v2.service-connection.regulated-bank-a:partial-trust-https, valuePresent=true, replaced=true
19:38:08.203 [vert.x-eventloop-thread-0] DEBUG d.m.q.c.state.QuorusStateStore [LEADER/1] [req-0c0dd938-6a7d-4b79-827f-a48a2b9c8648] - Command applied successfully: type=Set, result=Success
19:38:08.204 [vert.x-eventloop-thread-0] INFO  d.m.quorus.controller.raft.RaftNode [LEADER/1] [req-0c0dd938-6a7d-4b79-827f-a48a2b9c8648] - Command submitted at index 32 term 1
19:38:08.204 [vert.x-eventloop-thread-0] DEBUG d.m.q.c.state.QuorusStateStore [LEADER/1] [req-0c0dd938-6a7d-4b79-827f-a48a2b9c8648] - Applying command: type=Set
19:38:08.204 [vert.x-eventloop-thread-0] DEBUG d.m.q.c.state.QuorusStateStore [LEADER/1] [req-0c0dd938-6a7d-4b79-827f-a48a2b9c8648] - Processing system metadata command: key=phase4.v2.security-event.regulated-bank-a:1788608288203.a223cd43-7888-4315-9397-a674494ecdc2, type=Set
19:38:08.205 [vert.x-eventloop-thread-0] INFO  d.m.q.c.state.QuorusStateStore [LEADER/1] [req-0c0dd938-6a7d-4b79-827f-a48a2b9c8648] - Set system metadata: key=phase4.v2.security-event.regulated-bank-a:1788608288203.a223cd43-7888-4315-9397-a674494ecdc2, valuePresent=true, replaced=false
19:38:08.205 [vert.x-eventloop-thread-0] DEBUG d.m.q.c.state.QuorusStateStore [LEADER/1] [req-0c0dd938-6a7d-4b79-827f-a48a2b9c8648] - Command applied successfully: type=Set, result=Success
19:38:08.206 [vert.x-eventloop-thread-0] INFO  d.m.quorus.controller.raft.RaftNode [LEADER/1] [req-0c0dd938-6a7d-4b79-827f-a48a2b9c8648] - Command submitted at index 33 term 1
19:38:08.206 [vert.x-eventloop-thread-0] DEBUG d.m.q.c.state.QuorusStateStore [LEADER/1] [req-0c0dd938-6a7d-4b79-827f-a48a2b9c8648] - Applying command: type=Set
19:38:08.207 [vert.x-eventloop-thread-0] DEBUG d.m.q.c.state.QuorusStateStore [LEADER/1] [req-0c0dd938-6a7d-4b79-827f-a48a2b9c8648] - Processing system metadata command: key=phase4.v2.security-event.regulated-bank-a:1788608288205.8af84bce-1fe8-4ede-88b1-da2c6a06dcf8, type=Set
19:38:08.207 [vert.x-eventloop-thread-0] INFO  d.m.q.c.state.QuorusStateStore [LEADER/1] [req-0c0dd938-6a7d-4b79-827f-a48a2b9c8648] - Set system metadata: key=phase4.v2.security-event.regulated-bank-a:1788608288205.8af84bce-1fe8-4ede-88b1-da2c6a06dcf8, valuePresent=true, replaced=false
19:38:08.207 [vert.x-eventloop-thread-0] DEBUG d.m.q.c.state.QuorusStateStore [LEADER/1] [req-0c0dd938-6a7d-4b79-827f-a48a2b9c8648] - Command applied successfully: type=Set, result=Success
19:38:08.226 [vert.x-eventloop-thread-0] INFO  d.m.q.controller.http.HttpApiServer [LEADER/1] - HTTP API Server stopped
19:38:08.227 [vert.x-eventloop-thread-0] INFO  d.m.q.c.r.InMemoryTransportSimulator [LEADER/1] - Stopped in-memory transport for node: phase4-service-connection-node
19:38:08.228 [vert.x-eventloop-thread-0] INFO  d.m.quorus.controller.raft.RaftNode [LEADER/1] - Raft node stopped: phase4-service-connection-node
[INFO] Tests run: 2, Failures: 0, Errors: 0, Skipped: 0, Time elapsed: 3.049 s -- in dev.mars.quorus.controller.http.ServiceConnectionHttpIntegrationTest
[INFO] Running dev.mars.quorus.controller.state.ServiceConnectionRegistryIsolationTest
19:38:08.266 [ForkJoinPool-1-worker-1] DEBUG d.m.q.c.state.QuorusStateStore - Initializing default metadata: version=2.0
19:38:08.267 [ForkJoinPool-1-worker-1] DEBUG d.m.q.c.state.QuorusStateStore - Applying command: type=Set
19:38:08.267 [ForkJoinPool-1-worker-1] DEBUG d.m.q.c.state.QuorusStateStore - Processing system metadata command: key=phase4.secret-reference.bank.branch.ledger, type=Set
19:38:08.267 [ForkJoinPool-1-worker-1] INFO  d.m.q.c.state.QuorusStateStore - Set system metadata: key=phase4.secret-reference.bank.branch.ledger, valuePresent=true, replaced=false
19:38:08.268 [ForkJoinPool-1-worker-1] DEBUG d.m.q.c.state.QuorusStateStore - Command applied successfully: type=Set, result=Success
19:38:08.273 [ForkJoinPool-1-worker-1] DEBUG d.m.q.c.state.QuorusStateStore - Initializing default metadata: version=2.0
19:38:08.275 [ForkJoinPool-1-worker-1] DEBUG d.m.q.c.state.QuorusStateStore - Initializing default metadata: version=2.0
19:38:08.279 [ForkJoinPool-1-worker-1] DEBUG d.m.q.c.state.QuorusStateStore - Initializing default metadata: version=2.0
19:38:08.280 [ForkJoinPool-1-worker-1] DEBUG d.m.q.c.state.QuorusStateStore - Applying command: type=Set
19:38:08.281 [ForkJoinPool-1-worker-1] DEBUG d.m.q.c.state.QuorusStateStore - Processing system metadata command: key=phase4.v2.secret-reference.bank:new, type=Set
19:38:08.281 [ForkJoinPool-1-worker-1] INFO  d.m.q.c.state.QuorusStateStore - Set system metadata: key=phase4.v2.secret-reference.bank:new, valuePresent=true, replaced=false
19:38:08.281 [ForkJoinPool-1-worker-1] DEBUG d.m.q.c.state.QuorusStateStore - Command applied successfully: type=Set, result=Success
19:38:08.281 [ForkJoinPool-1-worker-1] DEBUG d.m.q.c.state.QuorusStateStore - Applying command: type=Set
19:38:08.282 [ForkJoinPool-1-worker-1] DEBUG d.m.q.c.state.QuorusStateStore - Command applied successfully: type=Set, result=Rejected
19:38:08.286 [ForkJoinPool-1-worker-1] DEBUG d.m.q.c.state.QuorusStateStore - Initializing default metadata: version=2.0
19:38:08.287 [ForkJoinPool-1-worker-1] DEBUG d.m.q.c.state.QuorusStateStore - Applying command: type=Set
19:38:08.287 [ForkJoinPool-1-worker-1] DEBUG d.m.q.c.state.QuorusStateStore - Processing system metadata command: key=phase4.secret-reference.bank.ledger, type=Set
19:38:08.287 [ForkJoinPool-1-worker-1] INFO  d.m.q.c.state.QuorusStateStore - Set system metadata: key=phase4.secret-reference.bank.ledger, valuePresent=true, replaced=false
19:38:08.288 [ForkJoinPool-1-worker-1] DEBUG d.m.q.c.state.QuorusStateStore - Command applied successfully: type=Set, result=Success
19:38:08.288 [ForkJoinPool-1-worker-1] DEBUG d.m.q.c.state.QuorusStateStore - Applying command: type=Set
19:38:08.289 [ForkJoinPool-1-worker-1] DEBUG d.m.q.c.state.QuorusStateStore - Command applied successfully: type=Set, result=Rejected
19:38:08.293 [ForkJoinPool-1-worker-1] DEBUG d.m.q.c.state.QuorusStateStore - Initializing default metadata: version=2.0
19:38:08.293 [ForkJoinPool-1-worker-1] DEBUG d.m.q.c.state.QuorusStateStore - Applying command: type=Delete
19:38:08.294 [ForkJoinPool-1-worker-1] DEBUG d.m.q.c.state.QuorusStateStore - Processing system metadata command: key=phase4.v2.secret-reference.bank:absent, type=Delete
19:38:08.294 [ForkJoinPool-1-worker-1] WARN  d.m.q.c.state.QuorusStateStore - System metadata not found for deletion: key=phase4.v2.secret-reference.bank:absent
19:38:08.294 [ForkJoinPool-1-worker-1] DEBUG d.m.q.c.state.QuorusStateStore - Command applied successfully: type=Delete, result=NotFound
19:38:08.297 [ForkJoinPool-1-worker-1] DEBUG d.m.q.c.state.QuorusStateStore - Initializing default metadata: version=2.0
19:38:08.298 [ForkJoinPool-1-worker-1] DEBUG d.m.q.c.state.QuorusStateStore - Taking state machine snapshot: jobs=0, agents=0, metadata=4, assignments=0, queue=0
19:38:08.306 [ForkJoinPool-1-worker-1] INFO  d.m.q.c.state.QuorusStateStore - Created snapshot: size=1728bytes, jobs=0, agents=0, assignments=0, queue=0, routes=0, lastAppliedIndex=0
19:38:08.307 [ForkJoinPool-1-worker-1] DEBUG d.m.q.c.state.QuorusStateStore - Initializing default metadata: version=2.0
19:38:08.308 [ForkJoinPool-1-worker-1] DEBUG d.m.q.c.state.QuorusStateStore - Restoring state machine snapshot: snapshotSize=1728bytes
19:38:08.343 [ForkJoinPool-1-worker-1] INFO  d.m.q.c.state.QuorusStateStore - Restored snapshot: jobs=0, agents=0, metadata=4, assignments=0, queue=0, routes=0, lastAppliedIndex=0
19:38:08.344 [ForkJoinPool-1-worker-1] DEBUG d.m.q.c.state.QuorusStateStore - Applying command: type=Set
19:38:08.346 [ForkJoinPool-1-worker-1] DEBUG d.m.q.c.state.QuorusStateStore - Processing system metadata command: key=phase4.v2.secret-reference.bank:new, type=Set
19:38:08.346 [ForkJoinPool-1-worker-1] INFO  d.m.q.c.state.QuorusStateStore - Set system metadata: key=phase4.v2.secret-reference.bank:new, valuePresent=true, replaced=false
19:38:08.346 [ForkJoinPool-1-worker-1] DEBUG d.m.q.c.state.QuorusStateStore - Command applied successfully: type=Set, result=Success
19:38:08.352 [ForkJoinPool-1-worker-1] DEBUG d.m.q.c.state.QuorusStateStore - Initializing default metadata: version=2.0
19:38:08.354 [ForkJoinPool-1-worker-1] DEBUG d.m.q.c.state.QuorusStateStore - Applying command: type=Set
19:38:08.355 [ForkJoinPool-1-worker-1] DEBUG d.m.q.c.state.QuorusStateStore - Command applied successfully: type=Set, result=Rejected
19:38:08.357 [ForkJoinPool-1-worker-1] DEBUG d.m.q.c.state.QuorusStateStore - Initializing default metadata: version=2.0
19:38:08.358 [ForkJoinPool-1-worker-1] DEBUG d.m.q.c.state.QuorusStateStore - Initializing default metadata: version=2.0
19:38:08.358 [ForkJoinPool-1-worker-1] DEBUG d.m.q.c.state.QuorusStateStore - Applying command: type=Set
19:38:08.358 [ForkJoinPool-1-worker-1] DEBUG d.m.q.c.state.QuorusStateStore - Processing system metadata command: key=phase4.secret-reference.bank.branch.ledger, type=Set
19:38:08.358 [ForkJoinPool-1-worker-1] INFO  d.m.q.c.state.QuorusStateStore - Set system metadata: key=phase4.secret-reference.bank.branch.ledger, valuePresent=true, replaced=false
19:38:08.358 [ForkJoinPool-1-worker-1] DEBUG d.m.q.c.state.QuorusStateStore - Command applied successfully: type=Set, result=Success
WARNING: A terminally deprecated method in sun.misc.Unsafe has been called
WARNING: sun.misc.Unsafe::arrayBaseOffset has been called by com.google.protobuf.UnsafeUtil$MemoryAccessor (file:/C:/Users/mraysmit/.m2/repository/com/google/protobuf/protobuf-java/3.25.5/protobuf-java-3.25.5.jar)
WARNING: Please consider reporting this to the maintainers of class com.google.protobuf.UnsafeUtil$MemoryAccessor
WARNING: sun.misc.Unsafe::arrayBaseOffset will be removed in a future release
19:38:08.497 [ForkJoinPool-1-worker-1] DEBUG d.m.q.c.state.QuorusStateStore - Applying command: type=Set
19:38:08.498 [ForkJoinPool-1-worker-1] DEBUG d.m.q.c.state.QuorusStateStore - Processing system metadata command: key=phase4.secret-reference.bank.branch.ledger, type=Set
19:38:08.498 [ForkJoinPool-1-worker-1] INFO  d.m.q.c.state.QuorusStateStore - Set system metadata: key=phase4.secret-reference.bank.branch.ledger, valuePresent=true, replaced=false
19:38:08.498 [ForkJoinPool-1-worker-1] DEBUG d.m.q.c.state.QuorusStateStore - Command applied successfully: type=Set, result=Success
19:38:08.498 [ForkJoinPool-1-worker-1] DEBUG d.m.q.c.state.QuorusStateStore - Applying command: type=Set
19:38:08.499 [ForkJoinPool-1-worker-1] DEBUG d.m.q.c.state.QuorusStateStore - Processing system metadata command: key=phase4.v2.secret-reference.bank:branch.ledger, type=Set
19:38:08.499 [ForkJoinPool-1-worker-1] INFO  d.m.q.c.state.QuorusStateStore - Set system metadata: key=phase4.v2.secret-reference.bank:branch.ledger, valuePresent=true, replaced=false
19:38:08.499 [ForkJoinPool-1-worker-1] DEBUG d.m.q.c.state.QuorusStateStore - Command applied successfully: type=Set, result=Success
19:38:08.499 [ForkJoinPool-1-worker-1] DEBUG d.m.q.c.state.QuorusStateStore - Applying command: type=Set
19:38:08.500 [ForkJoinPool-1-worker-1] DEBUG d.m.q.c.state.QuorusStateStore - Processing system metadata command: key=phase4.v2.secret-reference.bank:branch.ledger, type=Set
19:38:08.500 [ForkJoinPool-1-worker-1] INFO  d.m.q.c.state.QuorusStateStore - Set system metadata: key=phase4.v2.secret-reference.bank:branch.ledger, valuePresent=true, replaced=false
19:38:08.500 [ForkJoinPool-1-worker-1] DEBUG d.m.q.c.state.QuorusStateStore - Command applied successfully: type=Set, result=Success
19:38:08.501 [ForkJoinPool-1-worker-1] DEBUG d.m.q.c.state.QuorusStateStore - Applying command: type=Set
19:38:08.502 [ForkJoinPool-1-worker-1] DEBUG d.m.q.c.state.QuorusStateStore - Processing system metadata command: key=phase4.v2.secret-reference.bank:branch.ledger, type=Set
19:38:08.502 [ForkJoinPool-1-worker-1] INFO  d.m.q.c.state.QuorusStateStore - Set system metadata: key=phase4.v2.secret-reference.bank:branch.ledger, valuePresent=true, replaced=true
19:38:08.502 [ForkJoinPool-1-worker-1] DEBUG d.m.q.c.state.QuorusStateStore - Command applied successfully: type=Set, result=Success
19:38:08.507 [ForkJoinPool-1-worker-1] DEBUG d.m.q.c.state.QuorusStateStore - Initializing default metadata: version=2.0
19:38:08.507 [ForkJoinPool-1-worker-1] DEBUG d.m.q.c.state.QuorusStateStore - Applying command: type=Set
19:38:08.507 [ForkJoinPool-1-worker-1] DEBUG d.m.q.c.state.QuorusStateStore - Command applied successfully: type=Set, result=Rejected
19:38:08.510 [ForkJoinPool-1-worker-1] DEBUG d.m.q.c.state.QuorusStateStore - Initializing default metadata: version=2.0
19:38:08.510 [ForkJoinPool-1-worker-1] DEBUG d.m.q.c.state.QuorusStateStore - Initializing default metadata: version=2.0
19:38:08.511 [ForkJoinPool-1-worker-1] DEBUG d.m.q.c.state.QuorusStateStore - Applying command: type=Set
19:38:08.512 [ForkJoinPool-1-worker-1] DEBUG d.m.q.c.state.QuorusStateStore - Command applied successfully: type=Set, result=Rejected
19:38:08.516 [ForkJoinPool-1-worker-1] DEBUG d.m.q.c.state.QuorusStateStore - Initializing default metadata: version=2.0
19:38:08.516 [ForkJoinPool-1-worker-1] DEBUG d.m.q.c.state.QuorusStateStore - Applying command: type=Set
19:38:08.516 [ForkJoinPool-1-worker-1] DEBUG d.m.q.c.state.QuorusStateStore - Processing system metadata command: key=phase4.secret-reference.bank.branch.ledger, type=Set
19:38:08.516 [ForkJoinPool-1-worker-1] INFO  d.m.q.c.state.QuorusStateStore - Set system metadata: key=phase4.secret-reference.bank.branch.ledger, valuePresent=true, replaced=false
19:38:08.516 [ForkJoinPool-1-worker-1] DEBUG d.m.q.c.state.QuorusStateStore - Command applied successfully: type=Set, result=Success
19:38:08.520 [ForkJoinPool-1-worker-1] DEBUG d.m.q.c.state.QuorusStateStore - Initializing default metadata: version=2.0
[INFO] Tests run: 13, Failures: 0, Errors: 0, Skipped: 0, Time elapsed: 0.260 s -- in dev.mars.quorus.controller.state.ServiceConnectionRegistryIsolationTest
[INFO] 
[INFO] Results:
[INFO] 
[INFO] Tests run: 15, Failures: 0, Errors: 0, Skipped: 0
[INFO] 
[INFO] 
[INFO] --- jacoco:0.8.15:report (report) @ quorus-controller ---
[INFO] Loading execution data file C:\Users\mraysmit\dev\idea-projects\quorus\quorus-controller\target\jacoco.exec
[INFO] Analyzed bundle 'Quorus Distributed Controller' with 158 classes
[WARNING] Classes in bundle 'Quorus Distributed Controller' do not match with execution data. For report generation the same class files must be used as at runtime.
[WARNING] Execution data for class dev/mars/quorus/controller/http/ServiceConnectionRouteProbe does not match.
[WARNING] Execution data for class dev/mars/quorus/controller/http/ServiceConnectionRouteProbe$Result does not match.
[INFO] 
[INFO] -----------------------< dev.mars:quorus-agent >------------------------
[INFO] Building Quorus Agent 1.0-SNAPSHOT                                 [6/6]
[INFO]   from quorus-agent\pom.xml
[INFO] --------------------------------[ jar ]---------------------------------
[INFO] 
[INFO] --- jacoco:0.8.15:prepare-agent (prepare-agent) @ quorus-agent ---
[INFO] argLine set to -javaagent:C:\\Users\\mraysmit\\.m2\\repository\\org\\jacoco\\org.jacoco.agent\\0.8.15\\org.jacoco.agent-0.8.15-runtime.jar=destfile=C:\\Users\\mraysmit\\dev\\idea-projects\\quorus\\quorus-agent\\target\\jacoco.exec,excludes=sun/**:jdk/**:java/**:com/sun/**:org/jcp/**
[INFO] 
[INFO] --- resources:3.3.1:resources (default-resources) @ quorus-agent ---
[INFO] Copying 2 resources from src\main\resources to target\classes
[INFO] 
[INFO] --- compiler:3.13.0:compile (default-compile) @ quorus-agent ---
[INFO] Recompiling the module because of changed dependency.
[INFO] Compiling 14 source files with javac [debug release 25] to target\classes
[INFO] 
[INFO] --- resources:3.3.1:testResources (default-testResources) @ quorus-agent ---
[INFO] Copying 2 resources from src\test\resources to target\test-classes
[INFO] 
[INFO] --- compiler:3.13.0:testCompile (default-testCompile) @ quorus-agent ---
[INFO] Recompiling the module because of changed dependency.
[INFO] Compiling 14 source files with javac [debug release 25] to target\test-classes
[WARNING] /C:/Users/mraysmit/dev/idea-projects/quorus/quorus-agent/src/test/java/dev/mars/quorus/agent/QuorusAgentTest.java:[221,29] QuorusAgent(dev.mars.quorus.agent.config.AgentConfiguration) in dev.mars.quorus.agent.QuorusAgent has been deprecated and marked for removal
[INFO] 
[INFO] --- surefire:3.2.2:test (default-test) @ quorus-agent ---
[INFO] Using auto detected provider org.apache.maven.surefire.junitplatform.JUnitPlatformProvider
[INFO] 
[INFO] -------------------------------------------------------
[INFO]  T E S T S
[INFO] -------------------------------------------------------
[INFO] Running dev.mars.quorus.agent.service.AgentGovernedConnectionTest
[INFO] Tests run: 2, Failures: 0, Errors: 0, Skipped: 0, Time elapsed: 0.156 s -- in dev.mars.quorus.agent.service.AgentGovernedConnectionTest
[INFO] 
[INFO] Results:
[INFO] 
[INFO] Tests run: 2, Failures: 0, Errors: 0, Skipped: 0
[INFO] 
[INFO] 
[INFO] --- jacoco:0.8.15:report (report) @ quorus-agent ---
[INFO] Loading execution data file C:\Users\mraysmit\dev\idea-projects\quorus\quorus-agent\target\jacoco.exec
[INFO] Analyzed bundle 'Quorus Agent' with 20 classes
[INFO] ------------------------------------------------------------------------
[INFO] Reactor Summary for Quorus File Transfer System 1.0-SNAPSHOT:
[INFO] 
[INFO] Quorus File Transfer System ........................ SUCCESS [  0.290 s]
[INFO] Quorus Core ........................................ SUCCESS [  9.034 s]
[INFO] Quorus Workflow Engine ............................. SUCCESS [  1.378 s]
[INFO] Quorus Tenant Management ........................... SUCCESS [  1.014 s]
[INFO] Quorus Distributed Controller ...................... SUCCESS [ 13.931 s]
[INFO] Quorus Agent ....................................... SUCCESS [  2.905 s]
[INFO] ------------------------------------------------------------------------
[INFO] BUILD SUCCESS
[INFO] ------------------------------------------------------------------------
[INFO] Total time:  28.783 s
[INFO] Finished at: 2026-09-05T19:38:12+08:00
[INFO] ------------------------------------------------------------------------
