WARNING: A terminally deprecated method in sun.misc.Unsafe has been called
WARNING: sun.misc.Unsafe::staticFieldBase has been called by com.google.inject.internal.aop.HiddenClassDefiner (file:/C:/Users/mraysmit/scoop/apps/maven/current/lib/guice-5.1.0-classes.jar)
WARNING: Please consider reporting this to the maintainers of class com.google.inject.internal.aop.HiddenClassDefiner
WARNING: sun.misc.Unsafe::staticFieldBase will be removed in a future release
[INFO] Scanning for projects...
[INFO] ------------------------------------------------------------------------
[INFO] Reactor Build Order:
[INFO] 
[INFO] Quorus File Transfer System                                        [pom]
[INFO] Quorus Core                                                        [jar]
[INFO] Quorus Workflow Engine                                             [jar]
[INFO] Quorus Tenant Management                                           [jar]
[INFO] Quorus Distributed Controller                                      [jar]
[INFO] 
[INFO] --------------------------< dev.mars:quorus >---------------------------
[INFO] Building Quorus File Transfer System 1.0-SNAPSHOT                  [1/5]
[INFO]   from pom.xml
[INFO] --------------------------------[ pom ]---------------------------------
[INFO] 
[INFO] --- jacoco:0.8.15:prepare-agent (prepare-agent) @ quorus ---
[INFO] argLine set to -javaagent:C:\\Users\\mraysmit\\.m2\\repository\\org\\jacoco\\org.jacoco.agent\\0.8.15\\org.jacoco.agent-0.8.15-runtime.jar=destfile=C:\\Users\\mraysmit\\dev\\idea-projects\\quorus\\target\\jacoco.exec,excludes=sun/**:jdk/**:java/**:com/sun/**:org/jcp/**
[INFO] 
[INFO] --- jacoco:0.8.15:report (report) @ quorus ---
[INFO] Skipping JaCoCo execution due to missing execution data file.
[INFO] 
[INFO] ------------------------< dev.mars:quorus-core >------------------------
[INFO] Building Quorus Core 1.0-SNAPSHOT                                  [2/5]
[INFO]   from quorus-core\pom.xml
[INFO] --------------------------------[ jar ]---------------------------------
[INFO] 
[INFO] --- jacoco:0.8.15:prepare-agent (prepare-agent) @ quorus-core ---
[INFO] argLine set to -javaagent:C:\\Users\\mraysmit\\.m2\\repository\\org\\jacoco\\org.jacoco.agent\\0.8.15\\org.jacoco.agent-0.8.15-runtime.jar=destfile=C:\\Users\\mraysmit\\dev\\idea-projects\\quorus\\quorus-core\\target\\jacoco.exec,excludes=sun/**:jdk/**:java/**:com/sun/**:org/jcp/**
[INFO] 
[INFO] --- resources:3.3.1:resources (default-resources) @ quorus-core ---
[INFO] Copying 1 resource from src\main\resources to target\classes
[INFO] 
[INFO] --- compiler:3.13.0:compile (default-compile) @ quorus-core ---
[INFO] Nothing to compile - all classes are up to date.
[INFO] 
[INFO] --- resources:3.3.1:testResources (default-testResources) @ quorus-core ---
[INFO] Copying 11 resources from src\test\resources to target\test-classes
[INFO] 
[INFO] --- compiler:3.13.0:testCompile (default-testCompile) @ quorus-core ---
[INFO] Nothing to compile - all classes are up to date.
[INFO] 
[INFO] --- surefire:3.2.2:test (default-test) @ quorus-core ---
[INFO] 
[INFO] --- jacoco:0.8.15:report (report) @ quorus-core ---
[INFO] Loading execution data file C:\Users\mraysmit\dev\idea-projects\quorus\quorus-core\target\jacoco.exec
[INFO] Analyzed bundle 'Quorus Core' with 126 classes
[WARNING] Classes in bundle 'Quorus Core' do not match with execution data. For report generation the same class files must be used as at runtime.
[WARNING] Execution data for class dev/mars/quorus/connection/ServiceConnection$AuthenticationType does not match.
[WARNING] Execution data for class dev/mars/quorus/connection/ServiceConnection$Direction does not match.
[WARNING] Execution data for class dev/mars/quorus/connection/ServiceConnection$Status does not match.
[WARNING] Execution data for class dev/mars/quorus/connection/ServiceConnection$Protocol does not match.
[WARNING] Execution data for class dev/mars/quorus/connection/ServiceConnection$TrustPolicy does not match.
[WARNING] Execution data for class dev/mars/quorus/connection/ServiceConnection$EgressPolicy does not match.
[WARNING] Execution data for class dev/mars/quorus/connection/ServiceConnection does not match.
[INFO] 
[INFO] ----------------------< dev.mars:quorus-workflow >----------------------
[INFO] Building Quorus Workflow Engine 1.0-SNAPSHOT                       [3/5]
[INFO]   from quorus-workflow\pom.xml
[INFO] --------------------------------[ jar ]---------------------------------
[INFO] 
[INFO] --- jacoco:0.8.15:prepare-agent (prepare-agent) @ quorus-workflow ---
[INFO] argLine set to -javaagent:C:\\Users\\mraysmit\\.m2\\repository\\org\\jacoco\\org.jacoco.agent\\0.8.15\\org.jacoco.agent-0.8.15-runtime.jar=destfile=C:\\Users\\mraysmit\\dev\\idea-projects\\quorus\\quorus-workflow\\target\\jacoco.exec,excludes=sun/**:jdk/**:java/**:com/sun/**:org/jcp/**
[INFO] 
[INFO] --- resources:3.3.1:resources (default-resources) @ quorus-workflow ---
[INFO] Copying 1 resource from src\main\resources to target\classes
[INFO] 
[INFO] --- compiler:3.13.0:compile (default-compile) @ quorus-workflow ---
[INFO] Nothing to compile - all classes are up to date.
[INFO] 
[INFO] --- resources:3.3.1:testResources (default-testResources) @ quorus-workflow ---
[INFO] Copying 2 resources from src\test\resources to target\test-classes
[INFO] 
[INFO] --- compiler:3.13.0:testCompile (default-testCompile) @ quorus-workflow ---
[INFO] Nothing to compile - all classes are up to date.
[INFO] 
[INFO] --- surefire:3.2.2:test (default-test) @ quorus-workflow ---
[INFO] 
[INFO] --- jacoco:0.8.15:report (report) @ quorus-workflow ---
[INFO] Loading execution data file C:\Users\mraysmit\dev\idea-projects\quorus\quorus-workflow\target\jacoco.exec
[INFO] Analyzed bundle 'Quorus Workflow Engine' with 24 classes
[INFO] 
[INFO] -----------------------< dev.mars:quorus-tenant >-----------------------
[INFO] Building Quorus Tenant Management 1.0-SNAPSHOT                     [4/5]
[INFO]   from quorus-tenant\pom.xml
[INFO] --------------------------------[ jar ]---------------------------------
[INFO] 
[INFO] --- jacoco:0.8.15:prepare-agent (prepare-agent) @ quorus-tenant ---
[INFO] argLine set to -javaagent:C:\\Users\\mraysmit\\.m2\\repository\\org\\jacoco\\org.jacoco.agent\\0.8.15\\org.jacoco.agent-0.8.15-runtime.jar=destfile=C:\\Users\\mraysmit\\dev\\idea-projects\\quorus\\quorus-tenant\\target\\jacoco.exec,excludes=sun/**:jdk/**:java/**:com/sun/**:org/jcp/**
[INFO] 
[INFO] --- resources:3.3.1:resources (default-resources) @ quorus-tenant ---
[INFO] skip non existing resourceDirectory C:\Users\mraysmit\dev\idea-projects\quorus\quorus-tenant\src\main\resources
[INFO] 
[INFO] --- compiler:3.13.0:compile (default-compile) @ quorus-tenant ---
[INFO] Nothing to compile - all classes are up to date.
[INFO] 
[INFO] --- resources:3.3.1:testResources (default-testResources) @ quorus-tenant ---
[INFO] Copying 1 resource from src\test\resources to target\test-classes
[INFO] 
[INFO] --- compiler:3.13.0:testCompile (default-testCompile) @ quorus-tenant ---
[INFO] Nothing to compile - all classes are up to date.
[INFO] 
[INFO] --- surefire:3.2.2:test (default-test) @ quorus-tenant ---
[INFO] 
[INFO] --- jacoco:0.8.15:report (report) @ quorus-tenant ---
[INFO] Loading execution data file C:\Users\mraysmit\dev\idea-projects\quorus\quorus-tenant\target\jacoco.exec
[INFO] Analyzed bundle 'Quorus Tenant Management' with 25 classes
[INFO] 
[INFO] ---------------------< dev.mars:quorus-controller >---------------------
[INFO] Building Quorus Distributed Controller 1.0-SNAPSHOT                [5/5]
[INFO]   from quorus-controller\pom.xml
[INFO] --------------------------------[ jar ]---------------------------------
[INFO] 
[INFO] --- jacoco:0.8.15:prepare-agent (prepare-agent) @ quorus-controller ---
[INFO] argLine set to -javaagent:C:\\Users\\mraysmit\\.m2\\repository\\org\\jacoco\\org.jacoco.agent\\0.8.15\\org.jacoco.agent-0.8.15-runtime.jar=destfile=C:\\Users\\mraysmit\\dev\\idea-projects\\quorus\\quorus-controller\\target\\jacoco.exec,excludes=sun/**:jdk/**:java/**:com/sun/**:org/jcp/**:dev/mars/quorus/controller/raft/grpc/**
[INFO] 
[INFO] --- protobuf:4.1.2:generate (default) @ quorus-controller ---
[WARNING]  Parameter 'binaryMavenPlugins' is deprecated: Users should now use plugins instead. This option will be removed in v5.
[INFO] Resolving artifact "com.google.protobuf:protoc:exe:windows-x86_64:3.25.5"
[INFO] Resolving artifact "io.grpc:protoc-gen-grpc-java:exe:windows-x86_64:1.68.1"
[INFO] Registering "C:\Users\mraysmit\dev\idea-projects\quorus\quorus-controller\target\generated-sources\protobuf" as a Maven main source root for compiler plugins
[INFO] Registering "C:\Users\mraysmit\dev\idea-projects\quorus\quorus-controller\target\generated-sources\protobuf" as a Maven main source root for compiler plugins
[INFO] Found 2 proto source files and 0 descriptor files to compile, but all are up-to-date so none will be built this time
[INFO] NOTHING TO DO: There is nothing to do. If this is unexpected, review the above logs for more details.
[INFO] 
[INFO] --- resources:3.3.1:resources (default-resources) @ quorus-controller ---
[INFO] Copying 3 resources from src\main\resources to target\classes
[INFO] 
[INFO] --- compiler:3.13.0:compile (default-compile) @ quorus-controller ---
[INFO] Nothing to compile - all classes are up to date.
[INFO] 
[INFO] --- resources:3.3.1:testResources (default-testResources) @ quorus-controller ---
[INFO] Copying 11 resources from src\test\resources to target\test-classes
[INFO] 
[INFO] --- compiler:3.13.0:testCompile (default-testCompile) @ quorus-controller ---
[INFO] Nothing to compile - all classes are up to date.
[INFO] 
[INFO] --- surefire:3.2.2:test (default-test) @ quorus-controller ---
[INFO] Using auto detected provider org.apache.maven.surefire.junitplatform.JUnitPlatformProvider
[INFO] 
[INFO] -------------------------------------------------------
[INFO]  T E S T S
[INFO] -------------------------------------------------------
[INFO] Running dev.mars.quorus.controller.http.ServiceConnectionHttpIntegrationTest
19:39:50,059 |-INFO in ch.qos.logback.classic.LoggerContext[default] - Found logback-core version 1.5.32
19:39:50,061 |-INFO in ch.qos.logback.classic.util.ContextInitializer@5f92b60e - No custom configurators were discovered as a service.
19:39:50,061 |-INFO in ch.qos.logback.classic.util.ContextInitializer@5f92b60e - Trying to configure with ch.qos.logback.classic.util.DefaultJoranConfigurator
19:39:50,063 |-INFO in ch.qos.logback.classic.util.ContextInitializer@5f92b60e - Constructed configurator of type class ch.qos.logback.classic.util.DefaultJoranConfigurator
19:39:50,064 |-INFO in ch.qos.logback.classic.LoggerContext[default] - Found resource [logback-test.xml] at [file:/C:/Users/mraysmit/dev/idea-projects/quorus/quorus-controller/target/test-classes/logback-test.xml]
19:39:50,066 |-WARN in ch.qos.logback.classic.util.DefaultJoranConfigurator@17a35e10 - Resource [logback-test.xml] occurs multiple times on the classpath.
19:39:50,066 |-WARN in ch.qos.logback.classic.util.DefaultJoranConfigurator@17a35e10 - Resource [logback-test.xml] occurs at [file:/C:/Users/mraysmit/dev/idea-projects/quorus/quorus-core/target/test-classes/logback-test.xml]
19:39:50,066 |-WARN in ch.qos.logback.classic.util.DefaultJoranConfigurator@17a35e10 - Resource [logback-test.xml] occurs at [file:/C:/Users/mraysmit/dev/idea-projects/quorus/quorus-controller/target/test-classes/logback-test.xml]
19:39:50,197 |-INFO in ch.qos.logback.classic.model.processor.ConfigurationModelHandlerFull - Scan attribute not set or set to unrecognized value.
19:39:50,208 |-INFO in ch.qos.logback.core.model.processor.ModelInterpretationContext@724a10f6 - value "../test-logs/quorus-test-2026-09-05_11-39-44.log" substituted for "../test-logs/quorus-test-${testRunTimestamp}.log"
19:39:50,210 |-INFO in ch.qos.logback.core.model.processor.AppenderModelHandler - Processing appender named [CONSOLE]
19:39:50,210 |-INFO in ch.qos.logback.core.model.processor.AppenderModelHandler - About to instantiate appender of type [ch.qos.logback.core.ConsoleAppender]
19:39:50,222 |-INFO in ch.qos.logback.core.model.processor.ImplicitModelHandler - Assuming default type [ch.qos.logback.classic.encoder.PatternLayoutEncoder] for [encoder] property
19:39:50,275 |-INFO in ch.qos.logback.core.ConsoleAppender[CONSOLE] - NOTE: Writing to the console can be slow. Try to avoid logging to the 
19:39:50,275 |-INFO in ch.qos.logback.core.ConsoleAppender[CONSOLE] - console in production environments, especially in high volume systems.
19:39:50,275 |-INFO in ch.qos.logback.core.ConsoleAppender[CONSOLE] - See also https://logback.qos.ch/codes.html#slowConsole
19:39:50,276 |-INFO in ch.qos.logback.core.model.processor.AppenderModelHandler - Processing appender named [FILE]
19:39:50,276 |-INFO in ch.qos.logback.core.model.processor.AppenderModelHandler - About to instantiate appender of type [ch.qos.logback.core.FileAppender]
19:39:50,279 |-INFO in ch.qos.logback.core.model.processor.ModelInterpretationContext@724a10f6 - value "../test-logs/quorus-test-2026-09-05_11-39-44.log" substituted for "../test-logs/quorus-test-${testRunTimestamp}.log"
19:39:50,281 |-INFO in ch.qos.logback.core.model.processor.ImplicitModelHandler - Assuming default type [ch.qos.logback.classic.encoder.PatternLayoutEncoder] for [encoder] property
19:39:50,282 |-INFO in ch.qos.logback.core.FileAppender[FILE] - File property is set to [../test-logs/quorus-test-2026-09-05_11-39-44.log]
19:39:50,285 |-INFO in ch.qos.logback.classic.model.processor.LoggerModelHandler - Setting level of logger [dev.mars.quorus] to DEBUG
19:39:50,285 |-INFO in ch.qos.logback.classic.model.processor.LoggerModelHandler - Setting level of logger [org.apache] to WARN
19:39:50,285 |-INFO in ch.qos.logback.classic.model.processor.LoggerModelHandler - Setting level of logger [io.vertx] to WARN
19:39:50,285 |-INFO in ch.qos.logback.classic.model.processor.LoggerModelHandler - Setting level of logger [io.netty] to WARN
19:39:50,285 |-INFO in ch.qos.logback.classic.model.processor.LoggerModelHandler - Setting level of logger [io.grpc] to WARN
19:39:50,286 |-INFO in ch.qos.logback.classic.model.processor.RootLoggerModelHandler - Setting level of ROOT logger to INFO
19:39:50,286 |-INFO in ch.qos.logback.core.model.processor.AppenderRefModelHandler - Attaching appender named [CONSOLE] to Logger[ROOT]
19:39:50,287 |-INFO in ch.qos.logback.core.model.processor.AppenderRefModelHandler - Attaching appender named [FILE] to Logger[ROOT]
19:39:50,287 |-INFO in ch.qos.logback.core.model.processor.DefaultProcessor@1a06b395 - End of configuration.
19:39:50,288 |-INFO in ch.qos.logback.classic.joran.JoranConfigurator@50ee441d - Registering current configuration as safe fallback point
19:39:50,290 |-INFO in ch.qos.logback.classic.util.ContextInitializer@5f92b60e - ch.qos.logback.classic.util.DefaultJoranConfigurator.configure() call lasted 225 milliseconds. ExecutionStatus=DO_NOT_INVOKE_NEXT_IF_ANY

19:39:51.005 [ForkJoinPool-1-worker-1] DEBUG d.m.q.c.state.QuorusStateStore - Initializing default metadata: version=2.0
19:39:51.061 [vert.x-eventloop-thread-0] INFO  d.m.quorus.controller.raft.RaftNode - Starting Raft node: phase4-service-connection-node
19:39:51.062 [vert.x-eventloop-thread-0] INFO  d.m.quorus.controller.raft.RaftNode [FOLLOWER/0] - No storage configured, running in volatile mode
19:39:51.063 [vert.x-eventloop-thread-0] INFO  d.m.q.c.r.InMemoryTransportSimulator [FOLLOWER/0] - Started in-memory transport for node: phase4-service-connection-node
19:39:51.075 [vert.x-eventloop-thread-0] INFO  d.m.quorus.controller.raft.RaftNode [FOLLOWER/0] - Raft node phase4-service-connection-node started successfully (term=0, logSize=1)
19:39:51.443 [vert.x-eventloop-thread-0] INFO  d.m.quorus.controller.raft.RaftNode [FOLLOWER/0] - Starting election for node: phase4-service-connection-node
19:39:51.443 [vert.x-eventloop-thread-0] DEBUG d.m.quorus.controller.raft.RaftNode [CANDIDATE/1] - Persisting raft metadata: term=1, votedForPresent=true, votedFor=phase4-service-connection-node
19:39:51.445 [vert.x-eventloop-thread-0] INFO  d.m.quorus.controller.raft.RaftNode [LEADER/1] - Node phase4-service-connection-node became LEADER for term 1
19:39:51.450 [vert.x-eventloop-thread-0] INFO  d.m.quorus.controller.raft.RaftNode [LEADER/1] - Command submitted at index 1 term 1
19:39:51.450 [vert.x-eventloop-thread-0] DEBUG d.m.quorus.controller.raft.RaftNode [LEADER/1] - Committed leader no-op entry for term 1
19:39:51.456 [ForkJoinPool-1-worker-1] INFO  d.m.q.controller.config.AppConfig - Loaded configuration from quorus-controller.properties
19:39:51.457 [ForkJoinPool-1-worker-1] DEBUG d.m.q.controller.config.AppConfig - Optional configuration profile quorus-controller-test.properties not found
19:39:51.457 [ForkJoinPool-1-worker-1] INFO  d.m.q.controller.config.AppConfig - === Quorus Controller Configuration ===
19:39:51.457 [ForkJoinPool-1-worker-1] INFO  d.m.q.controller.config.AppConfig -   Node ID:              test-node
19:39:51.457 [ForkJoinPool-1-worker-1] INFO  d.m.q.controller.config.AppConfig -   HTTP Host:            127.0.0.1
19:39:51.457 [ForkJoinPool-1-worker-1] INFO  d.m.q.controller.config.AppConfig -   HTTP Port:            8080
19:39:51.458 [ForkJoinPool-1-worker-1] INFO  d.m.q.controller.config.AppConfig -   Raft Port:            9080
19:39:51.458 [ForkJoinPool-1-worker-1] INFO  d.m.q.controller.config.AppConfig -   Cluster Nodes:        test-node=localhost:9080
19:39:51.459 [ForkJoinPool-1-worker-1] INFO  d.m.q.controller.config.AppConfig -   Service Name:         quorus-controller
19:39:51.459 [ForkJoinPool-1-worker-1] INFO  d.m.q.controller.config.AppConfig -   Version:              2.0-ext
19:39:51.459 [ForkJoinPool-1-worker-1] INFO  d.m.q.controller.config.AppConfig -   --- Thread Pools ---
19:39:51.459 [ForkJoinPool-1-worker-1] INFO  d.m.q.controller.config.AppConfig -   Raft I/O Pool Size:   10
19:39:51.460 [ForkJoinPool-1-worker-1] INFO  d.m.q.controller.config.AppConfig -   Raft I/O Queue Size:  1000
19:39:51.460 [ForkJoinPool-1-worker-1] INFO  d.m.q.controller.config.AppConfig -   --- Job Assignment ---
19:39:51.460 [ForkJoinPool-1-worker-1] INFO  d.m.q.controller.config.AppConfig -   Initial Delay:        5000ms
19:39:51.460 [ForkJoinPool-1-worker-1] INFO  d.m.q.controller.config.AppConfig -   Assignment Interval:  10000ms
19:39:51.460 [ForkJoinPool-1-worker-1] INFO  d.m.q.controller.config.AppConfig -   Timeout Initial:      30000ms
19:39:51.460 [ForkJoinPool-1-worker-1] INFO  d.m.q.controller.config.AppConfig -   Timeout Interval:     30000ms
19:39:51.460 [ForkJoinPool-1-worker-1] INFO  d.m.q.controller.config.AppConfig -   --- Snapshot ---
19:39:51.460 [ForkJoinPool-1-worker-1] INFO  d.m.q.controller.config.AppConfig -   Enabled:              true
19:39:51.460 [ForkJoinPool-1-worker-1] INFO  d.m.q.controller.config.AppConfig -   Threshold:            10000 entries
19:39:51.460 [ForkJoinPool-1-worker-1] INFO  d.m.q.controller.config.AppConfig -   Check Interval:       60000ms
19:39:51.460 [ForkJoinPool-1-worker-1] INFO  d.m.q.controller.config.AppConfig -   --- Telemetry ---
19:39:51.461 [ForkJoinPool-1-worker-1] INFO  d.m.q.controller.config.AppConfig -   Enabled:              true
19:39:51.461 [ForkJoinPool-1-worker-1] INFO  d.m.q.controller.config.AppConfig -   OTLP Endpoint:        http://localhost:4317
19:39:51.461 [ForkJoinPool-1-worker-1] INFO  d.m.q.controller.config.AppConfig -   Prometheus Port:      9464
19:39:51.461 [ForkJoinPool-1-worker-1] INFO  d.m.q.controller.config.AppConfig -   Transfer Freshness:   60000ms
19:39:51.461 [ForkJoinPool-1-worker-1] INFO  d.m.q.controller.config.AppConfig -   Transfer Stall:       120000ms
19:39:51.461 [ForkJoinPool-1-worker-1] INFO  d.m.q.controller.config.AppConfig - ========================================
19:39:51.563 [ForkJoinPool-1-worker-1] WARN  d.m.q.controller.http.HttpApiServer - INSECURE DEVELOPMENT MODE: HTTP TLS and request authentication are not production-ready
19:39:51.696 [vert.x-eventloop-thread-0] INFO  d.m.q.controller.http.HttpApiServer [LEADER/1] - HTTP API Server listening on 127.0.0.1:57146
19:39:51.757 [ForkJoinPool-1-worker-1] DEBUG d.m.q.c.state.QuorusStateStore - Applying command: type=Set
19:39:51.787 [ForkJoinPool-1-worker-1] DEBUG d.m.q.c.state.QuorusStateStore - Processing system metadata command: key=phase4.v2.security-event.paging-tenant:1788570000000.77efabef-f0a4-4745-90a3-5160bab7483f, type=Set
19:39:51.789 [ForkJoinPool-1-worker-1] INFO  d.m.q.c.state.QuorusStateStore - Set system metadata: key=phase4.v2.security-event.paging-tenant:1788570000000.77efabef-f0a4-4745-90a3-5160bab7483f, valuePresent=true, replaced=false
19:39:51.789 [ForkJoinPool-1-worker-1] DEBUG d.m.q.c.state.QuorusStateStore - Command applied successfully: type=Set, result=Success
19:39:51.792 [ForkJoinPool-1-worker-1] DEBUG d.m.q.c.state.QuorusStateStore - Applying command: type=Set
19:39:51.793 [ForkJoinPool-1-worker-1] DEBUG d.m.q.c.state.QuorusStateStore - Processing system metadata command: key=phase4.v2.security-event.paging-tenant:1788570001000.e95180da-dcaa-4305-8784-6c078cb861ce, type=Set
19:39:51.793 [ForkJoinPool-1-worker-1] INFO  d.m.q.c.state.QuorusStateStore - Set system metadata: key=phase4.v2.security-event.paging-tenant:1788570001000.e95180da-dcaa-4305-8784-6c078cb861ce, valuePresent=true, replaced=false
19:39:51.793 [ForkJoinPool-1-worker-1] DEBUG d.m.q.c.state.QuorusStateStore - Command applied successfully: type=Set, result=Success
19:39:51.794 [ForkJoinPool-1-worker-1] DEBUG d.m.q.c.state.QuorusStateStore - Applying command: type=Set
19:39:51.794 [ForkJoinPool-1-worker-1] DEBUG d.m.q.c.state.QuorusStateStore - Processing system metadata command: key=phase4.v2.security-event.paging-tenant:1788570002000.198df42a-cf11-417c-a314-89c941e146c2, type=Set
19:39:51.794 [ForkJoinPool-1-worker-1] INFO  d.m.q.c.state.QuorusStateStore - Set system metadata: key=phase4.v2.security-event.paging-tenant:1788570002000.198df42a-cf11-417c-a314-89c941e146c2, valuePresent=true, replaced=false
19:39:51.794 [ForkJoinPool-1-worker-1] DEBUG d.m.q.c.state.QuorusStateStore - Command applied successfully: type=Set, result=Success
19:39:52.296 [vert.x-eventloop-thread-0] INFO  d.m.q.controller.http.HttpApiServer [LEADER/1] - HTTP API Server stopped
19:39:52.298 [vert.x-eventloop-thread-0] INFO  d.m.q.c.r.InMemoryTransportSimulator [LEADER/1] - Stopped in-memory transport for node: phase4-service-connection-node
19:39:52.299 [vert.x-eventloop-thread-0] INFO  d.m.quorus.controller.raft.RaftNode [LEADER/1] - Raft node stopped: phase4-service-connection-node
[INFO] Tests run: 1, Failures: 0, Errors: 0, Skipped: 0, Time elapsed: 2.337 s -- in dev.mars.quorus.controller.http.ServiceConnectionHttpIntegrationTest
[INFO] Running dev.mars.quorus.controller.state.ServiceConnectionRegistryIsolationTest
19:39:52.338 [ForkJoinPool-1-worker-1] DEBUG d.m.q.c.state.QuorusStateStore - Initializing default metadata: version=2.0
19:39:52.340 [ForkJoinPool-1-worker-1] DEBUG d.m.q.c.state.QuorusStateStore - Applying command: type=Set
19:39:52.340 [ForkJoinPool-1-worker-1] DEBUG d.m.q.c.state.QuorusStateStore - Processing system metadata command: key=phase4.secret-reference.bank.branch.ledger, type=Set
19:39:52.340 [ForkJoinPool-1-worker-1] INFO  d.m.q.c.state.QuorusStateStore - Set system metadata: key=phase4.secret-reference.bank.branch.ledger, valuePresent=true, replaced=false
19:39:52.340 [ForkJoinPool-1-worker-1] DEBUG d.m.q.c.state.QuorusStateStore - Command applied successfully: type=Set, result=Success
19:39:52.349 [ForkJoinPool-1-worker-1] DEBUG d.m.q.c.state.QuorusStateStore - Initializing default metadata: version=2.0
19:39:52.350 [ForkJoinPool-1-worker-1] DEBUG d.m.q.c.state.QuorusStateStore - Initializing default metadata: version=2.0
19:39:52.360 [ForkJoinPool-1-worker-1] DEBUG d.m.q.c.state.QuorusStateStore - Initializing default metadata: version=2.0
19:39:52.361 [ForkJoinPool-1-worker-1] DEBUG d.m.q.c.state.QuorusStateStore - Applying command: type=Set
19:39:52.362 [ForkJoinPool-1-worker-1] DEBUG d.m.q.c.state.QuorusStateStore - Processing system metadata command: key=phase4.v2.secret-reference.bank:new, type=Set
19:39:52.362 [ForkJoinPool-1-worker-1] INFO  d.m.q.c.state.QuorusStateStore - Set system metadata: key=phase4.v2.secret-reference.bank:new, valuePresent=true, replaced=false
19:39:52.363 [ForkJoinPool-1-worker-1] DEBUG d.m.q.c.state.QuorusStateStore - Command applied successfully: type=Set, result=Success
19:39:52.363 [ForkJoinPool-1-worker-1] DEBUG d.m.q.c.state.QuorusStateStore - Applying command: type=Set
19:39:52.363 [ForkJoinPool-1-worker-1] DEBUG d.m.q.c.state.QuorusStateStore - Command applied successfully: type=Set, result=Rejected
19:39:52.365 [ForkJoinPool-1-worker-1] DEBUG d.m.q.c.state.QuorusStateStore - Initializing default metadata: version=2.0
19:39:52.366 [ForkJoinPool-1-worker-1] DEBUG d.m.q.c.state.QuorusStateStore - Applying command: type=Set
19:39:52.366 [ForkJoinPool-1-worker-1] DEBUG d.m.q.c.state.QuorusStateStore - Processing system metadata command: key=phase4.secret-reference.bank.ledger, type=Set
19:39:52.366 [ForkJoinPool-1-worker-1] INFO  d.m.q.c.state.QuorusStateStore - Set system metadata: key=phase4.secret-reference.bank.ledger, valuePresent=true, replaced=false
19:39:52.366 [ForkJoinPool-1-worker-1] DEBUG d.m.q.c.state.QuorusStateStore - Command applied successfully: type=Set, result=Success
19:39:52.367 [ForkJoinPool-1-worker-1] DEBUG d.m.q.c.state.QuorusStateStore - Applying command: type=Set
19:39:52.367 [ForkJoinPool-1-worker-1] DEBUG d.m.q.c.state.QuorusStateStore - Command applied successfully: type=Set, result=Rejected
19:39:52.370 [ForkJoinPool-1-worker-1] DEBUG d.m.q.c.state.QuorusStateStore - Initializing default metadata: version=2.0
19:39:52.371 [ForkJoinPool-1-worker-1] DEBUG d.m.q.c.state.QuorusStateStore - Applying command: type=Delete
19:39:52.372 [ForkJoinPool-1-worker-1] DEBUG d.m.q.c.state.QuorusStateStore - Processing system metadata command: key=phase4.v2.secret-reference.bank:absent, type=Delete
19:39:52.373 [ForkJoinPool-1-worker-1] WARN  d.m.q.c.state.QuorusStateStore - System metadata not found for deletion: key=phase4.v2.secret-reference.bank:absent
19:39:52.373 [ForkJoinPool-1-worker-1] DEBUG d.m.q.c.state.QuorusStateStore - Command applied successfully: type=Delete, result=NotFound
19:39:52.379 [ForkJoinPool-1-worker-1] DEBUG d.m.q.c.state.QuorusStateStore - Initializing default metadata: version=2.0
19:39:52.380 [ForkJoinPool-1-worker-1] DEBUG d.m.q.c.state.QuorusStateStore - Taking state machine snapshot: jobs=0, agents=0, metadata=4, assignments=0, queue=0
19:39:52.461 [ForkJoinPool-1-worker-1] INFO  d.m.q.c.state.QuorusStateStore - Created snapshot: size=1728bytes, jobs=0, agents=0, assignments=0, queue=0, routes=0, lastAppliedIndex=0
19:39:52.465 [ForkJoinPool-1-worker-1] DEBUG d.m.q.c.state.QuorusStateStore - Initializing default metadata: version=2.0
19:39:52.469 [ForkJoinPool-1-worker-1] DEBUG d.m.q.c.state.QuorusStateStore - Restoring state machine snapshot: snapshotSize=1728bytes
19:39:52.616 [ForkJoinPool-1-worker-1] INFO  d.m.q.c.state.QuorusStateStore - Restored snapshot: jobs=0, agents=0, metadata=4, assignments=0, queue=0, routes=0, lastAppliedIndex=0
19:39:52.627 [ForkJoinPool-1-worker-1] DEBUG d.m.q.c.state.QuorusStateStore - Applying command: type=Set
19:39:52.629 [ForkJoinPool-1-worker-1] DEBUG d.m.q.c.state.QuorusStateStore - Processing system metadata command: key=phase4.v2.secret-reference.bank:new, type=Set
19:39:52.629 [ForkJoinPool-1-worker-1] INFO  d.m.q.c.state.QuorusStateStore - Set system metadata: key=phase4.v2.secret-reference.bank:new, valuePresent=true, replaced=false
19:39:52.630 [ForkJoinPool-1-worker-1] DEBUG d.m.q.c.state.QuorusStateStore - Command applied successfully: type=Set, result=Success
19:39:52.634 [ForkJoinPool-1-worker-1] DEBUG d.m.q.c.state.QuorusStateStore - Initializing default metadata: version=2.0
19:39:52.635 [ForkJoinPool-1-worker-1] DEBUG d.m.q.c.state.QuorusStateStore - Applying command: type=Set
19:39:52.635 [ForkJoinPool-1-worker-1] DEBUG d.m.q.c.state.QuorusStateStore - Command applied successfully: type=Set, result=Rejected
WARNING: A terminally deprecated method in sun.misc.Unsafe has been called
WARNING: sun.misc.Unsafe::arrayBaseOffset has been called by com.google.protobuf.UnsafeUtil$MemoryAccessor (file:/C:/Users/mraysmit/.m2/repository/com/google/protobuf/protobuf-java/3.25.5/protobuf-java-3.25.5.jar)
WARNING: Please consider reporting this to the maintainers of class com.google.protobuf.UnsafeUtil$MemoryAccessor
WARNING: sun.misc.Unsafe::arrayBaseOffset will be removed in a future release
19:39:52.637 [ForkJoinPool-1-worker-1] DEBUG d.m.q.c.state.QuorusStateStore - Initializing default metadata: version=2.0
19:39:52.638 [ForkJoinPool-1-worker-1] DEBUG d.m.q.c.state.QuorusStateStore - Initializing default metadata: version=2.0
19:39:52.638 [ForkJoinPool-1-worker-1] DEBUG d.m.q.c.state.QuorusStateStore - Applying command: type=Set
19:39:52.639 [ForkJoinPool-1-worker-1] DEBUG d.m.q.c.state.QuorusStateStore - Processing system metadata command: key=phase4.secret-reference.bank.branch.ledger, type=Set
19:39:52.639 [ForkJoinPool-1-worker-1] INFO  d.m.q.c.state.QuorusStateStore - Set system metadata: key=phase4.secret-reference.bank.branch.ledger, valuePresent=true, replaced=false
19:39:52.639 [ForkJoinPool-1-worker-1] DEBUG d.m.q.c.state.QuorusStateStore - Command applied successfully: type=Set, result=Success
19:39:52.745 [ForkJoinPool-1-worker-1] DEBUG d.m.q.c.state.QuorusStateStore - Applying command: type=Set
19:39:52.746 [ForkJoinPool-1-worker-1] DEBUG d.m.q.c.state.QuorusStateStore - Processing system metadata command: key=phase4.secret-reference.bank.branch.ledger, type=Set
19:39:52.746 [ForkJoinPool-1-worker-1] INFO  d.m.q.c.state.QuorusStateStore - Set system metadata: key=phase4.secret-reference.bank.branch.ledger, valuePresent=true, replaced=false
19:39:52.746 [ForkJoinPool-1-worker-1] DEBUG d.m.q.c.state.QuorusStateStore - Command applied successfully: type=Set, result=Success
19:39:52.747 [ForkJoinPool-1-worker-1] DEBUG d.m.q.c.state.QuorusStateStore - Applying command: type=Set
19:39:52.748 [ForkJoinPool-1-worker-1] DEBUG d.m.q.c.state.QuorusStateStore - Processing system metadata command: key=phase4.v2.secret-reference.bank:branch.ledger, type=Set
19:39:52.748 [ForkJoinPool-1-worker-1] INFO  d.m.q.c.state.QuorusStateStore - Set system metadata: key=phase4.v2.secret-reference.bank:branch.ledger, valuePresent=true, replaced=false
19:39:52.748 [ForkJoinPool-1-worker-1] DEBUG d.m.q.c.state.QuorusStateStore - Command applied successfully: type=Set, result=Success
19:39:52.749 [ForkJoinPool-1-worker-1] DEBUG d.m.q.c.state.QuorusStateStore - Applying command: type=Set
19:39:52.750 [ForkJoinPool-1-worker-1] DEBUG d.m.q.c.state.QuorusStateStore - Processing system metadata command: key=phase4.v2.secret-reference.bank:branch.ledger, type=Set
19:39:52.750 [ForkJoinPool-1-worker-1] INFO  d.m.q.c.state.QuorusStateStore - Set system metadata: key=phase4.v2.secret-reference.bank:branch.ledger, valuePresent=true, replaced=false
19:39:52.750 [ForkJoinPool-1-worker-1] DEBUG d.m.q.c.state.QuorusStateStore - Command applied successfully: type=Set, result=Success
19:39:52.751 [ForkJoinPool-1-worker-1] DEBUG d.m.q.c.state.QuorusStateStore - Applying command: type=Set
19:39:52.751 [ForkJoinPool-1-worker-1] DEBUG d.m.q.c.state.QuorusStateStore - Processing system metadata command: key=phase4.v2.secret-reference.bank:branch.ledger, type=Set
19:39:52.751 [ForkJoinPool-1-worker-1] INFO  d.m.q.c.state.QuorusStateStore - Set system metadata: key=phase4.v2.secret-reference.bank:branch.ledger, valuePresent=true, replaced=true
19:39:52.751 [ForkJoinPool-1-worker-1] DEBUG d.m.q.c.state.QuorusStateStore - Command applied successfully: type=Set, result=Success
19:39:52.755 [ForkJoinPool-1-worker-1] DEBUG d.m.q.c.state.QuorusStateStore - Initializing default metadata: version=2.0
19:39:52.757 [ForkJoinPool-1-worker-1] DEBUG d.m.q.c.state.QuorusStateStore - Applying command: type=Set
19:39:52.758 [ForkJoinPool-1-worker-1] DEBUG d.m.q.c.state.QuorusStateStore - Command applied successfully: type=Set, result=Rejected
19:39:52.760 [ForkJoinPool-1-worker-1] DEBUG d.m.q.c.state.QuorusStateStore - Initializing default metadata: version=2.0
19:39:52.762 [ForkJoinPool-1-worker-1] DEBUG d.m.q.c.state.QuorusStateStore - Initializing default metadata: version=2.0
19:39:52.763 [ForkJoinPool-1-worker-1] DEBUG d.m.q.c.state.QuorusStateStore - Applying command: type=Set
19:39:52.764 [ForkJoinPool-1-worker-1] DEBUG d.m.q.c.state.QuorusStateStore - Command applied successfully: type=Set, result=Rejected
19:39:52.767 [ForkJoinPool-1-worker-1] DEBUG d.m.q.c.state.QuorusStateStore - Initializing default metadata: version=2.0
19:39:52.768 [ForkJoinPool-1-worker-1] DEBUG d.m.q.c.state.QuorusStateStore - Applying command: type=Set
19:39:52.768 [ForkJoinPool-1-worker-1] DEBUG d.m.q.c.state.QuorusStateStore - Processing system metadata command: key=phase4.secret-reference.bank.branch.ledger, type=Set
19:39:52.769 [ForkJoinPool-1-worker-1] INFO  d.m.q.c.state.QuorusStateStore - Set system metadata: key=phase4.secret-reference.bank.branch.ledger, valuePresent=true, replaced=false
19:39:52.770 [ForkJoinPool-1-worker-1] DEBUG d.m.q.c.state.QuorusStateStore - Command applied successfully: type=Set, result=Success
19:39:52.773 [ForkJoinPool-1-worker-1] DEBUG d.m.q.c.state.QuorusStateStore - Initializing default metadata: version=2.0
[INFO] Tests run: 13, Failures: 0, Errors: 0, Skipped: 0, Time elapsed: 0.441 s -- in dev.mars.quorus.controller.state.ServiceConnectionRegistryIsolationTest
[INFO] 
[INFO] Results:
[INFO] 
[INFO] Tests run: 14, Failures: 0, Errors: 0, Skipped: 0
[INFO] 
[INFO] 
[INFO] --- jacoco:0.8.15:report (report) @ quorus-controller ---
[INFO] Loading execution data file C:\Users\mraysmit\dev\idea-projects\quorus\quorus-controller\target\jacoco.exec
[INFO] Analyzed bundle 'Quorus Distributed Controller' with 160 classes
[WARNING] Classes in bundle 'Quorus Distributed Controller' do not match with execution data. For report generation the same class files must be used as at runtime.
[WARNING] Execution data for class dev/mars/quorus/controller/http/ServiceConnectionRouteProbe does not match.
[WARNING] Execution data for class dev/mars/quorus/controller/http/ServiceConnectionRouteProbe$Result does not match.
[INFO] ------------------------------------------------------------------------
[INFO] Reactor Summary for Quorus File Transfer System 1.0-SNAPSHOT:
[INFO] 
[INFO] Quorus File Transfer System ........................ SUCCESS [  0.220 s]
[INFO] Quorus Core ........................................ SUCCESS [  1.515 s]
[INFO] Quorus Workflow Engine ............................. SUCCESS [  0.343 s]
[INFO] Quorus Tenant Management ........................... SUCCESS [  0.245 s]
[INFO] Quorus Distributed Controller ...................... SUCCESS [  6.424 s]
[INFO] ------------------------------------------------------------------------
[INFO] BUILD SUCCESS
[INFO] ------------------------------------------------------------------------
[INFO] Total time:  8.940 s
[INFO] Finished at: 2026-09-05T19:39:53+08:00
[INFO] ------------------------------------------------------------------------
