WARNING: A terminally deprecated method in sun.misc.Unsafe has been called
WARNING: sun.misc.Unsafe::staticFieldBase has been called by com.google.inject.internal.aop.HiddenClassDefiner (file:/C:/Users/mraysmit/scoop/apps/maven/current/lib/guice-5.1.0-classes.jar)
WARNING: Please consider reporting this to the maintainers of class com.google.inject.internal.aop.HiddenClassDefiner
WARNING: sun.misc.Unsafe::staticFieldBase will be removed in a future release
WARNING: Final field _cipher in class org.sonatype.plexus.components.sec.dispatcher.DefaultSecDispatcher has been mutated reflectively by class org.eclipse.sisu.bean.BeanPropertyField in unnamed module @1e802ef9 (file:/C:/Users/mraysmit/scoop/apps/maven/current/lib/org.eclipse.sisu.inject-0.9.0.M4.jar)
WARNING: Use --enable-final-field-mutation=ALL-UNNAMED to avoid a warning
WARNING: Mutating final fields will be blocked in a future release unless final field mutation is enabled
[INFO] Scanning for projects...
[INFO] 
[INFO] ------------------------< dev.mars:quorus-core >------------------------
[INFO] Building Quorus Core 1.0-SNAPSHOT
[INFO]   from pom.xml
[INFO] --------------------------------[ jar ]---------------------------------
[INFO] 
[INFO] --- jacoco:0.8.15:prepare-agent (prepare-agent) @ quorus-core ---
[INFO] Skipping JaCoCo execution because property jacoco.skip is set.
[INFO] argLine set to empty
[INFO] 
[INFO] --- resources:3.3.1:resources (default-resources) @ quorus-core ---
[INFO] Copying 1 resource from src\main\resources to target\classes
[INFO] 
[INFO] --- compiler:3.13.0:compile (default-compile) @ quorus-core ---
[INFO] Recompiling the module because of changed source code.
[INFO] Compiling 73 source files with javac [debug release 27] to target\classes
[INFO] /C:/Users/mraysmit/dev/idea-projects/quorus/quorus-core/src/main/java/dev/mars/quorus/protocol/FtpTransferProtocol.java: Some input files use or override a deprecated API.
[INFO] /C:/Users/mraysmit/dev/idea-projects/quorus/quorus-core/src/main/java/dev/mars/quorus/protocol/FtpTransferProtocol.java: Recompile with -Xlint:deprecation for details.
[INFO] 
[INFO] --- resources:3.3.1:testResources (default-testResources) @ quorus-core ---
[INFO] Copying 16 resources from src\test\resources to target\test-classes
[INFO] 
[INFO] --- compiler:3.13.0:testCompile (default-testCompile) @ quorus-core ---
[INFO] Recompiling the module because of changed dependency.
[INFO] Compiling 93 source files with javac [debug release 27] to target\test-classes
[INFO] /C:/Users/mraysmit/dev/idea-projects/quorus/quorus-core/src/test/java/dev/mars/quorus/connection/TlsTrustAnchorPolicyTest.java: Some input files use or override a deprecated API.
[INFO] /C:/Users/mraysmit/dev/idea-projects/quorus/quorus-core/src/test/java/dev/mars/quorus/connection/TlsTrustAnchorPolicyTest.java: Recompile with -Xlint:deprecation for details.
[INFO] 
[INFO] --- surefire:3.2.2:test (default-test) @ quorus-core ---
[INFO] Using auto detected provider org.apache.maven.surefire.junitplatform.JUnitPlatformProvider
[INFO] 
[INFO] -------------------------------------------------------
[INFO]  T E S T S
[INFO] -------------------------------------------------------
[INFO] Running dev.mars.quorus.transfer.SimpleTransferEngineBlockingTest
10:32:21.472 [junit-timeout-thread-1] DEBUG d.m.quorus.protocol.ProtocolFactory - Initializing ProtocolFactory
10:32:21.475 [junit-timeout-thread-1] DEBUG d.m.quorus.protocol.ProtocolFactory - Registering default transfer protocols
10:32:21.475 [junit-timeout-thread-1] DEBUG d.m.quorus.protocol.ProtocolFactory - Creating HttpTransferProtocol instance
10:32:21.480 [junit-timeout-thread-1] INFO  d.m.q.protocol.HttpTransferProtocol - HttpTransferProtocol initialized: connectTimeout=30 SECONDS, socketTimeout=60 SECONDS, maxFileSize=10737418240 bytes
10:32:21.491 [junit-timeout-thread-1] INFO  d.m.quorus.protocol.ProtocolFactory - Registered protocol: http
10:32:21.491 [junit-timeout-thread-1] DEBUG d.m.quorus.protocol.ProtocolFactory - Protocol details: name=http, class=HttpTransferProtocol, supportsResume=false, supportsPause=true
10:32:21.491 [junit-timeout-thread-1] INFO  d.m.quorus.protocol.ProtocolFactory - Registered protocol alias: https -> http
10:32:21.491 [junit-timeout-thread-1] DEBUG d.m.quorus.protocol.ProtocolFactory - Creating SmbTransferProtocol instance
10:32:21.493 [junit-timeout-thread-1] INFO  d.m.quorus.protocol.ProtocolFactory - Registered protocol: smb
10:32:21.493 [junit-timeout-thread-1] DEBUG d.m.quorus.protocol.ProtocolFactory - Protocol details: name=smb, class=SmbTransferProtocol, supportsResume=false, supportsPause=false
10:32:21.493 [junit-timeout-thread-1] INFO  d.m.quorus.protocol.ProtocolFactory - Registered protocol alias: cifs -> smb
10:32:21.493 [junit-timeout-thread-1] DEBUG d.m.quorus.protocol.ProtocolFactory - Creating FtpTransferProtocol instance
10:32:21.494 [junit-timeout-thread-1] INFO  d.m.quorus.protocol.ProtocolFactory - Registered protocol: ftp
10:32:21.494 [junit-timeout-thread-1] DEBUG d.m.quorus.protocol.ProtocolFactory - Protocol details: name=ftp, class=FtpTransferProtocol, supportsResume=false, supportsPause=false
10:32:21.494 [junit-timeout-thread-1] INFO  d.m.quorus.protocol.ProtocolFactory - Registered protocol alias: ftps -> ftp
10:32:21.495 [junit-timeout-thread-1] DEBUG d.m.quorus.protocol.ProtocolFactory - Creating SftpTransferProtocol instance
10:32:21.496 [junit-timeout-thread-1] INFO  d.m.quorus.protocol.ProtocolFactory - Registered protocol: sftp
10:32:21.496 [junit-timeout-thread-1] DEBUG d.m.quorus.protocol.ProtocolFactory - Protocol details: name=sftp, class=SftpTransferProtocol, supportsResume=false, supportsPause=false
10:32:21.496 [junit-timeout-thread-1] DEBUG d.m.quorus.protocol.ProtocolFactory - Creating NfsTransferProtocol instance
10:32:21.497 [junit-timeout-thread-1] DEBUG d.m.q.protocol.NfsTransferProtocol - NfsTransferProtocol initialized with mountRoot=C:\nfs
10:32:21.497 [junit-timeout-thread-1] INFO  d.m.quorus.protocol.ProtocolFactory - Registered protocol: nfs
10:32:21.498 [junit-timeout-thread-1] DEBUG d.m.quorus.protocol.ProtocolFactory - Protocol details: name=nfs, class=NfsTransferProtocol, supportsResume=false, supportsPause=false
10:32:21.498 [junit-timeout-thread-1] INFO  d.m.quorus.protocol.ProtocolFactory - Registered default transfer protocols: count=8, schemes=ftps, ftp, http, smb, sftp, nfs, https, cifs
10:32:21.508 [junit-timeout-thread-1] INFO  d.m.q.t.o.TransferTelemetryMetrics - TransferTelemetryMetrics initialized
10:32:21.508 [junit-timeout-thread-1] INFO  d.m.q.transfer.SimpleTransferEngine - SimpleTransferEngine initialized: maxConcurrent=1, maxRetries=2, retryDelay=1ms
10:32:21.512 [junit-timeout-thread-1] DEBUG d.m.quorus.protocol.ProtocolFactory - isProtocolSupported: protocol=http, supported=true
10:32:21.512 [junit-timeout-thread-1] DEBUG d.m.quorus.protocol.ProtocolFactory - Protocol found: name=http, implementation=HttpTransferProtocol
10:32:21.517 [junit-timeout-thread-1] INFO  d.m.q.transfer.SimpleTransferEngine - Transfer started: retried
10:32:21.519 [junit-timeout-thread-1] DEBUG d.m.q.transfer.SimpleTransferEngine - Executing DOWNLOAD (Remote -> Local) transfer retried: protocol=http, source=http://127.0.0.1:56067/retried, destination=file:///C:/Users/mraysmit/AppData/Local/Temp/junit1081382847654540384/retried.bin
10:32:21.528 [junit-timeout-thread-1] DEBUG d.m.quorus.protocol.ProtocolFactory - Protocol found: name=http, implementation=HttpTransferProtocol
10:32:21.530 [junit-timeout-thread-1] INFO  d.m.q.protocol.HttpTransferProtocol - Starting HTTP download from http://127.0.0.1:56067/retried
10:32:21.731 [junit-timeout-thread-1] ERROR d.m.q.protocol.HttpTransferProtocol - [QUORUS-1203] HTTP request failed: statusCode=500, reason=Internal Server Error
10:32:21.732 [junit-timeout-thread-1] WARN  d.m.q.transfer.SimpleTransferEngine - Transfer attempt 1 of 3 failed for job retried: Transfer retried failed: HTTP 500: Internal Server Error
10:32:21.732 [junit-timeout-thread-1] DEBUG d.m.q.transfer.SimpleTransferEngine - Retrying after 1 ms
10:32:21.734 [junit-timeout-thread-1] DEBUG d.m.quorus.protocol.ProtocolFactory - Protocol found: name=http, implementation=HttpTransferProtocol
10:32:21.734 [junit-timeout-thread-1] INFO  d.m.q.protocol.HttpTransferProtocol - Starting HTTP download from http://127.0.0.1:56067/retried
10:32:21.738 [junit-timeout-thread-1] ERROR d.m.q.protocol.HttpTransferProtocol - [QUORUS-1203] HTTP request failed: statusCode=500, reason=Internal Server Error
10:32:21.739 [junit-timeout-thread-1] WARN  d.m.q.transfer.SimpleTransferEngine - Transfer attempt 2 of 3 failed for job retried: Transfer retried failed: HTTP 500: Internal Server Error
10:32:21.739 [junit-timeout-thread-1] DEBUG d.m.q.transfer.SimpleTransferEngine - Retrying after 2 ms
10:32:21.742 [junit-timeout-thread-1] DEBUG d.m.quorus.protocol.ProtocolFactory - Protocol found: name=http, implementation=HttpTransferProtocol
10:32:21.742 [junit-timeout-thread-1] INFO  d.m.q.protocol.HttpTransferProtocol - Starting HTTP download from http://127.0.0.1:56067/retried
10:32:21.751 [junit-timeout-thread-1] INFO  d.m.q.protocol.HttpTransferProtocol - HTTP download completed: jobId=retried, bytesTransferred=30, checksum=4807125757598c4f742d6a3615e1e60a59e001841574834ba43c9909e02babaf
10:32:21.753 [junit-timeout-thread-1] INFO  d.m.q.transfer.SimpleTransferEngine - DOWNLOAD (Remote -> Local) transfer completed: retried (30 bytes in 223 ms)
10:32:21.761 [main] INFO  d.m.q.transfer.SimpleTransferEngine - Shutting down transfer engine; cancelling 0 running transfer(s)
10:32:21.763 [main] INFO  d.m.q.transfer.SimpleTransferEngine - Transfer engine shutdown completed
10:32:21.780 [junit-timeout-thread-2] DEBUG d.m.quorus.protocol.ProtocolFactory - Initializing ProtocolFactory
10:32:21.780 [junit-timeout-thread-2] DEBUG d.m.quorus.protocol.ProtocolFactory - Registering default transfer protocols
10:32:21.780 [junit-timeout-thread-2] DEBUG d.m.quorus.protocol.ProtocolFactory - Creating HttpTransferProtocol instance
10:32:21.780 [junit-timeout-thread-2] INFO  d.m.q.protocol.HttpTransferProtocol - HttpTransferProtocol initialized: connectTimeout=30 SECONDS, socketTimeout=60 SECONDS, maxFileSize=10737418240 bytes
10:32:21.780 [junit-timeout-thread-2] INFO  d.m.quorus.protocol.ProtocolFactory - Registered protocol: http
10:32:21.781 [junit-timeout-thread-2] DEBUG d.m.quorus.protocol.ProtocolFactory - Protocol details: name=http, class=HttpTransferProtocol, supportsResume=false, supportsPause=true
10:32:21.781 [junit-timeout-thread-2] INFO  d.m.quorus.protocol.ProtocolFactory - Registered protocol alias: https -> http
10:32:21.781 [junit-timeout-thread-2] DEBUG d.m.quorus.protocol.ProtocolFactory - Creating SmbTransferProtocol instance
10:32:21.781 [junit-timeout-thread-2] INFO  d.m.quorus.protocol.ProtocolFactory - Registered protocol: smb
10:32:21.781 [junit-timeout-thread-2] DEBUG d.m.quorus.protocol.ProtocolFactory - Protocol details: name=smb, class=SmbTransferProtocol, supportsResume=false, supportsPause=false
10:32:21.781 [junit-timeout-thread-2] INFO  d.m.quorus.protocol.ProtocolFactory - Registered protocol alias: cifs -> smb
10:32:21.781 [junit-timeout-thread-2] DEBUG d.m.quorus.protocol.ProtocolFactory - Creating FtpTransferProtocol instance
10:32:21.781 [junit-timeout-thread-2] INFO  d.m.quorus.protocol.ProtocolFactory - Registered protocol: ftp
10:32:21.781 [junit-timeout-thread-2] DEBUG d.m.quorus.protocol.ProtocolFactory - Protocol details: name=ftp, class=FtpTransferProtocol, supportsResume=false, supportsPause=false
10:32:21.782 [junit-timeout-thread-2] INFO  d.m.quorus.protocol.ProtocolFactory - Registered protocol alias: ftps -> ftp
10:32:21.782 [junit-timeout-thread-2] DEBUG d.m.quorus.protocol.ProtocolFactory - Creating SftpTransferProtocol instance
10:32:21.782 [junit-timeout-thread-2] INFO  d.m.quorus.protocol.ProtocolFactory - Registered protocol: sftp
10:32:21.782 [junit-timeout-thread-2] DEBUG d.m.quorus.protocol.ProtocolFactory - Protocol details: name=sftp, class=SftpTransferProtocol, supportsResume=false, supportsPause=false
10:32:21.782 [junit-timeout-thread-2] DEBUG d.m.quorus.protocol.ProtocolFactory - Creating NfsTransferProtocol instance
10:32:21.783 [junit-timeout-thread-2] DEBUG d.m.q.protocol.NfsTransferProtocol - NfsTransferProtocol initialized with mountRoot=C:\nfs
10:32:21.784 [junit-timeout-thread-2] INFO  d.m.quorus.protocol.ProtocolFactory - Registered protocol: nfs
10:32:21.784 [junit-timeout-thread-2] DEBUG d.m.quorus.protocol.ProtocolFactory - Protocol details: name=nfs, class=NfsTransferProtocol, supportsResume=false, supportsPause=false
10:32:21.784 [junit-timeout-thread-2] INFO  d.m.quorus.protocol.ProtocolFactory - Registered default transfer protocols: count=8, schemes=ftps, ftp, http, smb, sftp, nfs, https, cifs
10:32:21.784 [junit-timeout-thread-2] INFO  d.m.q.transfer.SimpleTransferEngine - SimpleTransferEngine initialized: maxConcurrent=2, maxRetries=3, retryDelay=1ms
10:32:21.784 [transfer-held-cancel] DEBUG d.m.quorus.protocol.ProtocolFactory - isProtocolSupported: protocol=http, supported=true
10:32:21.786 [transfer-held-cancel] DEBUG d.m.quorus.protocol.ProtocolFactory - Protocol found: name=http, implementation=HttpTransferProtocol
10:32:21.786 [transfer-held-cancel] INFO  d.m.q.transfer.SimpleTransferEngine - Transfer started: held-cancel
10:32:21.787 [transfer-held-cancel] DEBUG d.m.q.transfer.SimpleTransferEngine - Executing DOWNLOAD (Remote -> Local) transfer held-cancel: protocol=http, source=http://127.0.0.1:56072/held-cancel, destination=file:///C:/Users/mraysmit/AppData/Local/Temp/junit3732826684335179249/held-cancel.bin
10:32:21.787 [transfer-held-cancel] DEBUG d.m.quorus.protocol.ProtocolFactory - Protocol found: name=http, implementation=HttpTransferProtocol
10:32:21.787 [transfer-held-cancel] INFO  d.m.q.protocol.HttpTransferProtocol - Starting HTTP download from http://127.0.0.1:56072/held-cancel
10:32:21.792 [junit-timeout-thread-2] INFO  d.m.q.transfer.SimpleTransferEngine - Transfer cancellation requested: held-cancel
10:32:31.795 [main] INFO  d.m.q.transfer.SimpleTransferEngine - Shutting down transfer engine; cancelling 1 running transfer(s)
10:32:31.797 [transfer-held-cancel] INFO  d.m.q.transfer.SimpleTransferEngine - Transfer cancelled: held-cancel
10:32:31.797 [main] INFO  d.m.q.transfer.SimpleTransferEngine - Transfer engine shutdown completed
10:32:31.807 [junit-timeout-thread-3] DEBUG d.m.quorus.protocol.ProtocolFactory - Initializing ProtocolFactory
10:32:31.808 [junit-timeout-thread-3] DEBUG d.m.quorus.protocol.ProtocolFactory - Registering default transfer protocols
10:32:31.808 [junit-timeout-thread-3] DEBUG d.m.quorus.protocol.ProtocolFactory - Creating HttpTransferProtocol instance
10:32:31.808 [junit-timeout-thread-3] INFO  d.m.q.protocol.HttpTransferProtocol - HttpTransferProtocol initialized: connectTimeout=30 SECONDS, socketTimeout=60 SECONDS, maxFileSize=10737418240 bytes
10:32:31.808 [junit-timeout-thread-3] INFO  d.m.quorus.protocol.ProtocolFactory - Registered protocol: http
10:32:31.808 [junit-timeout-thread-3] DEBUG d.m.quorus.protocol.ProtocolFactory - Protocol details: name=http, class=HttpTransferProtocol, supportsResume=false, supportsPause=true
10:32:31.808 [junit-timeout-thread-3] INFO  d.m.quorus.protocol.ProtocolFactory - Registered protocol alias: https -> http
10:32:31.808 [junit-timeout-thread-3] DEBUG d.m.quorus.protocol.ProtocolFactory - Creating SmbTransferProtocol instance
10:32:31.808 [junit-timeout-thread-3] INFO  d.m.quorus.protocol.ProtocolFactory - Registered protocol: smb
10:32:31.808 [junit-timeout-thread-3] DEBUG d.m.quorus.protocol.ProtocolFactory - Protocol details: name=smb, class=SmbTransferProtocol, supportsResume=false, supportsPause=false
10:32:31.808 [junit-timeout-thread-3] INFO  d.m.quorus.protocol.ProtocolFactory - Registered protocol alias: cifs -> smb
10:32:31.808 [junit-timeout-thread-3] DEBUG d.m.quorus.protocol.ProtocolFactory - Creating FtpTransferProtocol instance
10:32:31.808 [junit-timeout-thread-3] INFO  d.m.quorus.protocol.ProtocolFactory - Registered protocol: ftp
10:32:31.808 [junit-timeout-thread-3] DEBUG d.m.quorus.protocol.ProtocolFactory - Protocol details: name=ftp, class=FtpTransferProtocol, supportsResume=false, supportsPause=false
10:32:31.808 [junit-timeout-thread-3] INFO  d.m.quorus.protocol.ProtocolFactory - Registered protocol alias: ftps -> ftp
10:32:31.808 [junit-timeout-thread-3] DEBUG d.m.quorus.protocol.ProtocolFactory - Creating SftpTransferProtocol instance
10:32:31.808 [junit-timeout-thread-3] INFO  d.m.quorus.protocol.ProtocolFactory - Registered protocol: sftp
10:32:31.808 [junit-timeout-thread-3] DEBUG d.m.quorus.protocol.ProtocolFactory - Protocol details: name=sftp, class=SftpTransferProtocol, supportsResume=false, supportsPause=false
10:32:31.808 [junit-timeout-thread-3] DEBUG d.m.quorus.protocol.ProtocolFactory - Creating NfsTransferProtocol instance
10:32:31.808 [junit-timeout-thread-3] DEBUG d.m.q.protocol.NfsTransferProtocol - NfsTransferProtocol initialized with mountRoot=C:\nfs
10:32:31.808 [junit-timeout-thread-3] INFO  d.m.quorus.protocol.ProtocolFactory - Registered protocol: nfs
10:32:31.808 [junit-timeout-thread-3] DEBUG d.m.quorus.protocol.ProtocolFactory - Protocol details: name=nfs, class=NfsTransferProtocol, supportsResume=false, supportsPause=false
10:32:31.809 [junit-timeout-thread-3] INFO  d.m.quorus.protocol.ProtocolFactory - Registered default transfer protocols: count=8, schemes=ftps, ftp, http, smb, sftp, nfs, https, cifs
10:32:31.809 [junit-timeout-thread-3] INFO  d.m.q.transfer.SimpleTransferEngine - SimpleTransferEngine initialized: maxConcurrent=1, maxRetries=2, retryDelay=1ms
10:32:31.809 [junit-timeout-thread-3] DEBUG d.m.quorus.protocol.ProtocolFactory - isProtocolSupported: protocol=http, supported=true
10:32:31.809 [junit-timeout-thread-3] DEBUG d.m.quorus.protocol.ProtocolFactory - Protocol found: name=http, implementation=HttpTransferProtocol
10:32:31.809 [junit-timeout-thread-3] INFO  d.m.q.transfer.SimpleTransferEngine - Transfer started: exhausted
10:32:31.809 [junit-timeout-thread-3] DEBUG d.m.q.transfer.SimpleTransferEngine - Executing DOWNLOAD (Remote -> Local) transfer exhausted: protocol=http, source=http://127.0.0.1:56127/exhausted, destination=file:///C:/Users/mraysmit/AppData/Local/Temp/junit5705758444577423955/exhausted.bin
10:32:31.809 [junit-timeout-thread-3] DEBUG d.m.quorus.protocol.ProtocolFactory - Protocol found: name=http, implementation=HttpTransferProtocol
10:32:31.809 [junit-timeout-thread-3] INFO  d.m.q.protocol.HttpTransferProtocol - Starting HTTP download from http://127.0.0.1:56127/exhausted
10:32:31.812 [junit-timeout-thread-3] ERROR d.m.q.protocol.HttpTransferProtocol - [QUORUS-1203] HTTP request failed: statusCode=500, reason=Internal Server Error
10:32:31.813 [junit-timeout-thread-3] WARN  d.m.q.transfer.SimpleTransferEngine - Transfer attempt 1 of 3 failed for job exhausted: Transfer exhausted failed: HTTP 500: Internal Server Error
10:32:31.814 [junit-timeout-thread-3] DEBUG d.m.q.transfer.SimpleTransferEngine - Retrying after 1 ms
10:32:31.816 [junit-timeout-thread-3] DEBUG d.m.quorus.protocol.ProtocolFactory - Protocol found: name=http, implementation=HttpTransferProtocol
10:32:31.816 [junit-timeout-thread-3] INFO  d.m.q.protocol.HttpTransferProtocol - Starting HTTP download from http://127.0.0.1:56127/exhausted
10:32:31.819 [junit-timeout-thread-3] ERROR d.m.q.protocol.HttpTransferProtocol - [QUORUS-1203] HTTP request failed: statusCode=500, reason=Internal Server Error
10:32:31.819 [junit-timeout-thread-3] WARN  d.m.q.transfer.SimpleTransferEngine - Transfer attempt 2 of 3 failed for job exhausted: Transfer exhausted failed: HTTP 500: Internal Server Error
10:32:31.820 [junit-timeout-thread-3] DEBUG d.m.q.transfer.SimpleTransferEngine - Retrying after 2 ms
10:32:31.823 [junit-timeout-thread-3] DEBUG d.m.quorus.protocol.ProtocolFactory - Protocol found: name=http, implementation=HttpTransferProtocol
10:32:31.823 [junit-timeout-thread-3] INFO  d.m.q.protocol.HttpTransferProtocol - Starting HTTP download from http://127.0.0.1:56127/exhausted
10:32:31.826 [junit-timeout-thread-3] ERROR d.m.q.protocol.HttpTransferProtocol - [QUORUS-1203] HTTP request failed: statusCode=500, reason=Internal Server Error
10:32:31.827 [junit-timeout-thread-3] ERROR d.m.q.transfer.SimpleTransferEngine - DOWNLOAD (Remote -> Local) transfer failed permanently: exhausted - Transfer exhausted failed: HTTP 500: Internal Server Error
10:32:31.827 [junit-timeout-thread-3] DEBUG d.m.q.transfer.SimpleTransferEngine - Failure detail for transfer exhausted
dev.mars.quorus.core.exceptions.TransferException: Transfer exhausted failed: HTTP 500: Internal Server Error
	at dev.mars.quorus.protocol.HttpTransferProtocol.requireStatus(HttpTransferProtocol.java:484)
10:32:31.829 [main] INFO  d.m.q.transfer.SimpleTransferEngine - Shutting down transfer engine; cancelling 0 running transfer(s)
10:32:31.830 [main] INFO  d.m.q.transfer.SimpleTransferEngine - Transfer engine shutdown completed
10:32:31.836 [junit-timeout-thread-4] DEBUG d.m.quorus.protocol.ProtocolFactory - Initializing ProtocolFactory
10:32:31.836 [junit-timeout-thread-4] DEBUG d.m.quorus.protocol.ProtocolFactory - Registering default transfer protocols
10:32:31.836 [junit-timeout-thread-4] DEBUG d.m.quorus.protocol.ProtocolFactory - Creating HttpTransferProtocol instance
10:32:31.836 [junit-timeout-thread-4] INFO  d.m.q.protocol.HttpTransferProtocol - HttpTransferProtocol initialized: connectTimeout=30 SECONDS, socketTimeout=60 SECONDS, maxFileSize=10737418240 bytes
10:32:31.836 [junit-timeout-thread-4] INFO  d.m.quorus.protocol.ProtocolFactory - Registered protocol: http
10:32:31.836 [junit-timeout-thread-4] DEBUG d.m.quorus.protocol.ProtocolFactory - Protocol details: name=http, class=HttpTransferProtocol, supportsResume=false, supportsPause=true
10:32:31.836 [junit-timeout-thread-4] INFO  d.m.quorus.protocol.ProtocolFactory - Registered protocol alias: https -> http
10:32:31.836 [junit-timeout-thread-4] DEBUG d.m.quorus.protocol.ProtocolFactory - Creating SmbTransferProtocol instance
10:32:31.836 [junit-timeout-thread-4] INFO  d.m.quorus.protocol.ProtocolFactory - Registered protocol: smb
10:32:31.836 [junit-timeout-thread-4] DEBUG d.m.quorus.protocol.ProtocolFactory - Protocol details: name=smb, class=SmbTransferProtocol, supportsResume=false, supportsPause=false
10:32:31.836 [junit-timeout-thread-4] INFO  d.m.quorus.protocol.ProtocolFactory - Registered protocol alias: cifs -> smb
10:32:31.837 [junit-timeout-thread-4] DEBUG d.m.quorus.protocol.ProtocolFactory - Creating FtpTransferProtocol instance
10:32:31.837 [junit-timeout-thread-4] INFO  d.m.quorus.protocol.ProtocolFactory - Registered protocol: ftp
10:32:31.837 [junit-timeout-thread-4] DEBUG d.m.quorus.protocol.ProtocolFactory - Protocol details: name=ftp, class=FtpTransferProtocol, supportsResume=false, supportsPause=false
10:32:31.837 [junit-timeout-thread-4] INFO  d.m.quorus.protocol.ProtocolFactory - Registered protocol alias: ftps -> ftp
10:32:31.837 [junit-timeout-thread-4] DEBUG d.m.quorus.protocol.ProtocolFactory - Creating SftpTransferProtocol instance
10:32:31.837 [junit-timeout-thread-4] INFO  d.m.quorus.protocol.ProtocolFactory - Registered protocol: sftp
10:32:31.837 [junit-timeout-thread-4] DEBUG d.m.quorus.protocol.ProtocolFactory - Protocol details: name=sftp, class=SftpTransferProtocol, supportsResume=false, supportsPause=false
10:32:31.837 [junit-timeout-thread-4] DEBUG d.m.quorus.protocol.ProtocolFactory - Creating NfsTransferProtocol instance
10:32:31.837 [junit-timeout-thread-4] DEBUG d.m.q.protocol.NfsTransferProtocol - NfsTransferProtocol initialized with mountRoot=C:\nfs
10:32:31.837 [junit-timeout-thread-4] INFO  d.m.quorus.protocol.ProtocolFactory - Registered protocol: nfs
10:32:31.837 [junit-timeout-thread-4] DEBUG d.m.quorus.protocol.ProtocolFactory - Protocol details: name=nfs, class=NfsTransferProtocol, supportsResume=false, supportsPause=false
10:32:31.837 [junit-timeout-thread-4] INFO  d.m.quorus.protocol.ProtocolFactory - Registered default transfer protocols: count=8, schemes=ftps, ftp, http, smb, sftp, nfs, https, cifs
10:32:31.837 [junit-timeout-thread-4] INFO  d.m.q.transfer.SimpleTransferEngine - SimpleTransferEngine initialized: maxConcurrent=1, maxRetries=0, retryDelay=1ms
10:32:31.837 [transfer-held-slow] DEBUG d.m.quorus.protocol.ProtocolFactory - isProtocolSupported: protocol=http, supported=true
10:32:31.838 [transfer-held-slow] DEBUG d.m.quorus.protocol.ProtocolFactory - Protocol found: name=http, implementation=HttpTransferProtocol
10:32:31.838 [transfer-held-slow] INFO  d.m.q.transfer.SimpleTransferEngine - Transfer started: held-slow
10:32:31.838 [transfer-held-slow] DEBUG d.m.q.transfer.SimpleTransferEngine - Executing DOWNLOAD (Remote -> Local) transfer held-slow: protocol=http, source=http://127.0.0.1:56131/held-slow, destination=file:///C:/Users/mraysmit/AppData/Local/Temp/junit3606622425684399791/held-slow.bin
10:32:31.838 [transfer-held-slow] DEBUG d.m.quorus.protocol.ProtocolFactory - Protocol found: name=http, implementation=HttpTransferProtocol
10:32:31.838 [transfer-held-slow] INFO  d.m.q.protocol.HttpTransferProtocol - Starting HTTP download from http://127.0.0.1:56131/held-slow
10:32:31.843 [junit-timeout-thread-4] DEBUG d.m.quorus.protocol.ProtocolFactory - isProtocolSupported: protocol=http, supported=true
10:32:31.843 [junit-timeout-thread-4] DEBUG d.m.quorus.protocol.ProtocolFactory - Protocol found: name=http, implementation=HttpTransferProtocol
10:32:31.844 [transfer-held-slow] INFO  d.m.q.protocol.HttpTransferProtocol - HTTP download completed: jobId=held-slow, bytesTransferred=30, checksum=4807125757598c4f742d6a3615e1e60a59e001841574834ba43c9909e02babaf
10:32:31.844 [transfer-held-slow] INFO  d.m.q.transfer.SimpleTransferEngine - DOWNLOAD (Remote -> Local) transfer completed: held-slow (30 bytes in 5 ms)
10:32:31.844 [junit-timeout-thread-4] DEBUG d.m.quorus.protocol.ProtocolFactory - isProtocolSupported: protocol=http, supported=true
10:32:31.844 [junit-timeout-thread-4] DEBUG d.m.quorus.protocol.ProtocolFactory - Protocol found: name=http, implementation=HttpTransferProtocol
10:32:31.846 [junit-timeout-thread-4] INFO  d.m.q.transfer.SimpleTransferEngine - Transfer started: fast
10:32:31.846 [junit-timeout-thread-4] DEBUG d.m.q.transfer.SimpleTransferEngine - Executing DOWNLOAD (Remote -> Local) transfer fast: protocol=http, source=http://127.0.0.1:56131/fast, destination=file:///C:/Users/mraysmit/AppData/Local/Temp/junit3606622425684399791/fast.bin
10:32:31.846 [junit-timeout-thread-4] DEBUG d.m.quorus.protocol.ProtocolFactory - Protocol found: name=http, implementation=HttpTransferProtocol
10:32:31.846 [junit-timeout-thread-4] INFO  d.m.q.protocol.HttpTransferProtocol - Starting HTTP download from http://127.0.0.1:56131/fast
10:32:31.851 [junit-timeout-thread-4] INFO  d.m.q.protocol.HttpTransferProtocol - HTTP download completed: jobId=fast, bytesTransferred=30, checksum=4807125757598c4f742d6a3615e1e60a59e001841574834ba43c9909e02babaf
10:32:31.851 [junit-timeout-thread-4] INFO  d.m.q.transfer.SimpleTransferEngine - DOWNLOAD (Remote -> Local) transfer completed: fast (30 bytes in 5 ms)
10:32:31.851 [main] INFO  d.m.q.transfer.SimpleTransferEngine - Shutting down transfer engine; cancelling 0 running transfer(s)
10:32:31.851 [main] INFO  d.m.q.transfer.SimpleTransferEngine - Transfer engine shutdown completed
10:32:31.856 [junit-timeout-thread-5] DEBUG d.m.quorus.protocol.ProtocolFactory - Initializing ProtocolFactory
10:32:31.857 [junit-timeout-thread-5] DEBUG d.m.quorus.protocol.ProtocolFactory - Registering default transfer protocols
10:32:31.857 [junit-timeout-thread-5] DEBUG d.m.quorus.protocol.ProtocolFactory - Creating HttpTransferProtocol instance
10:32:31.857 [junit-timeout-thread-5] INFO  d.m.q.protocol.HttpTransferProtocol - HttpTransferProtocol initialized: connectTimeout=30 SECONDS, socketTimeout=60 SECONDS, maxFileSize=10737418240 bytes
10:32:31.857 [junit-timeout-thread-5] INFO  d.m.quorus.protocol.ProtocolFactory - Registered protocol: http
10:32:31.857 [junit-timeout-thread-5] DEBUG d.m.quorus.protocol.ProtocolFactory - Protocol details: name=http, class=HttpTransferProtocol, supportsResume=false, supportsPause=true
10:32:31.857 [junit-timeout-thread-5] INFO  d.m.quorus.protocol.ProtocolFactory - Registered protocol alias: https -> http
10:32:31.857 [junit-timeout-thread-5] DEBUG d.m.quorus.protocol.ProtocolFactory - Creating SmbTransferProtocol instance
10:32:31.857 [junit-timeout-thread-5] INFO  d.m.quorus.protocol.ProtocolFactory - Registered protocol: smb
10:32:31.857 [junit-timeout-thread-5] DEBUG d.m.quorus.protocol.ProtocolFactory - Protocol details: name=smb, class=SmbTransferProtocol, supportsResume=false, supportsPause=false
10:32:31.857 [junit-timeout-thread-5] INFO  d.m.quorus.protocol.ProtocolFactory - Registered protocol alias: cifs -> smb
10:32:31.857 [junit-timeout-thread-5] DEBUG d.m.quorus.protocol.ProtocolFactory - Creating FtpTransferProtocol instance
10:32:31.857 [junit-timeout-thread-5] INFO  d.m.quorus.protocol.ProtocolFactory - Registered protocol: ftp
10:32:31.857 [junit-timeout-thread-5] DEBUG d.m.quorus.protocol.ProtocolFactory - Protocol details: name=ftp, class=FtpTransferProtocol, supportsResume=false, supportsPause=false
10:32:31.857 [junit-timeout-thread-5] INFO  d.m.quorus.protocol.ProtocolFactory - Registered protocol alias: ftps -> ftp
10:32:31.857 [junit-timeout-thread-5] DEBUG d.m.quorus.protocol.ProtocolFactory - Creating SftpTransferProtocol instance
10:32:31.857 [junit-timeout-thread-5] INFO  d.m.quorus.protocol.ProtocolFactory - Registered protocol: sftp
10:32:31.857 [junit-timeout-thread-5] DEBUG d.m.quorus.protocol.ProtocolFactory - Protocol details: name=sftp, class=SftpTransferProtocol, supportsResume=false, supportsPause=false
10:32:31.857 [junit-timeout-thread-5] DEBUG d.m.quorus.protocol.ProtocolFactory - Creating NfsTransferProtocol instance
10:32:31.857 [junit-timeout-thread-5] DEBUG d.m.q.protocol.NfsTransferProtocol - NfsTransferProtocol initialized with mountRoot=C:\nfs
10:32:31.857 [junit-timeout-thread-5] INFO  d.m.quorus.protocol.ProtocolFactory - Registered protocol: nfs
10:32:31.857 [junit-timeout-thread-5] DEBUG d.m.quorus.protocol.ProtocolFactory - Protocol details: name=nfs, class=NfsTransferProtocol, supportsResume=false, supportsPause=false
10:32:31.857 [junit-timeout-thread-5] INFO  d.m.quorus.protocol.ProtocolFactory - Registered default transfer protocols: count=8, schemes=ftps, ftp, http, smb, sftp, nfs, https, cifs
10:32:31.857 [junit-timeout-thread-5] INFO  d.m.q.transfer.SimpleTransferEngine - SimpleTransferEngine initialized: maxConcurrent=2, maxRetries=3, retryDelay=1ms
10:32:31.858 [transfer-held-interrupt] DEBUG d.m.quorus.protocol.ProtocolFactory - isProtocolSupported: protocol=http, supported=true
10:32:31.858 [transfer-held-interrupt] DEBUG d.m.quorus.protocol.ProtocolFactory - Protocol found: name=http, implementation=HttpTransferProtocol
10:32:31.858 [transfer-held-interrupt] INFO  d.m.q.transfer.SimpleTransferEngine - Transfer started: held-interrupt
10:32:31.858 [transfer-held-interrupt] DEBUG d.m.q.transfer.SimpleTransferEngine - Executing DOWNLOAD (Remote -> Local) transfer held-interrupt: protocol=http, source=http://127.0.0.1:56134/held-interrupt, destination=file:///C:/Users/mraysmit/AppData/Local/Temp/junit16671784146272430135/held-interrupt.bin
10:32:31.858 [transfer-held-interrupt] DEBUG d.m.quorus.protocol.ProtocolFactory - Protocol found: name=http, implementation=HttpTransferProtocol
10:32:31.859 [transfer-held-interrupt] INFO  d.m.q.protocol.HttpTransferProtocol - Starting HTTP download from http://127.0.0.1:56134/held-interrupt
10:32:31.863 [transfer-held-interrupt] INFO  d.m.q.transfer.SimpleTransferEngine - Transfer cancelled: held-interrupt
10:32:31.863 [main] INFO  d.m.q.transfer.SimpleTransferEngine - Shutting down transfer engine; cancelling 0 running transfer(s)
10:32:31.863 [main] INFO  d.m.q.transfer.SimpleTransferEngine - Transfer engine shutdown completed
10:32:31.868 [junit-timeout-thread-6] DEBUG d.m.quorus.protocol.ProtocolFactory - Initializing ProtocolFactory
10:32:31.868 [junit-timeout-thread-6] DEBUG d.m.quorus.protocol.ProtocolFactory - Registering default transfer protocols
10:32:31.868 [junit-timeout-thread-6] DEBUG d.m.quorus.protocol.ProtocolFactory - Creating HttpTransferProtocol instance
10:32:31.868 [junit-timeout-thread-6] INFO  d.m.q.protocol.HttpTransferProtocol - HttpTransferProtocol initialized: connectTimeout=30 SECONDS, socketTimeout=60 SECONDS, maxFileSize=10737418240 bytes
10:32:31.868 [junit-timeout-thread-6] INFO  d.m.quorus.protocol.ProtocolFactory - Registered protocol: http
10:32:31.868 [junit-timeout-thread-6] DEBUG d.m.quorus.protocol.ProtocolFactory - Protocol details: name=http, class=HttpTransferProtocol, supportsResume=false, supportsPause=true
10:32:31.868 [junit-timeout-thread-6] INFO  d.m.quorus.protocol.ProtocolFactory - Registered protocol alias: https -> http
10:32:31.868 [junit-timeout-thread-6] DEBUG d.m.quorus.protocol.ProtocolFactory - Creating SmbTransferProtocol instance
10:32:31.868 [junit-timeout-thread-6] INFO  d.m.quorus.protocol.ProtocolFactory - Registered protocol: smb
10:32:31.869 [junit-timeout-thread-6] DEBUG d.m.quorus.protocol.ProtocolFactory - Protocol details: name=smb, class=SmbTransferProtocol, supportsResume=false, supportsPause=false
10:32:31.869 [junit-timeout-thread-6] INFO  d.m.quorus.protocol.ProtocolFactory - Registered protocol alias: cifs -> smb
10:32:31.869 [junit-timeout-thread-6] DEBUG d.m.quorus.protocol.ProtocolFactory - Creating FtpTransferProtocol instance
10:32:31.869 [junit-timeout-thread-6] INFO  d.m.quorus.protocol.ProtocolFactory - Registered protocol: ftp
10:32:31.869 [junit-timeout-thread-6] DEBUG d.m.quorus.protocol.ProtocolFactory - Protocol details: name=ftp, class=FtpTransferProtocol, supportsResume=false, supportsPause=false
10:32:31.869 [junit-timeout-thread-6] INFO  d.m.quorus.protocol.ProtocolFactory - Registered protocol alias: ftps -> ftp
10:32:31.869 [junit-timeout-thread-6] DEBUG d.m.quorus.protocol.ProtocolFactory - Creating SftpTransferProtocol instance
10:32:31.869 [junit-timeout-thread-6] INFO  d.m.quorus.protocol.ProtocolFactory - Registered protocol: sftp
10:32:31.869 [junit-timeout-thread-6] DEBUG d.m.quorus.protocol.ProtocolFactory - Protocol details: name=sftp, class=SftpTransferProtocol, supportsResume=false, supportsPause=false
10:32:31.869 [junit-timeout-thread-6] DEBUG d.m.quorus.protocol.ProtocolFactory - Creating NfsTransferProtocol instance
10:32:31.869 [junit-timeout-thread-6] DEBUG d.m.q.protocol.NfsTransferProtocol - NfsTransferProtocol initialized with mountRoot=C:\nfs
10:32:31.869 [junit-timeout-thread-6] INFO  d.m.quorus.protocol.ProtocolFactory - Registered protocol: nfs
10:32:31.869 [junit-timeout-thread-6] DEBUG d.m.quorus.protocol.ProtocolFactory - Protocol details: name=nfs, class=NfsTransferProtocol, supportsResume=false, supportsPause=false
10:32:31.869 [junit-timeout-thread-6] INFO  d.m.quorus.protocol.ProtocolFactory - Registered default transfer protocols: count=8, schemes=ftps, ftp, http, smb, sftp, nfs, https, cifs
10:32:31.869 [junit-timeout-thread-6] INFO  d.m.q.transfer.SimpleTransferEngine - SimpleTransferEngine initialized: maxConcurrent=2, maxRetries=0, retryDelay=1ms
10:32:31.869 [junit-timeout-thread-6] DEBUG d.m.quorus.protocol.ProtocolFactory - isProtocolSupported: protocol=http, supported=true
10:32:31.869 [junit-timeout-thread-6] DEBUG d.m.quorus.protocol.ProtocolFactory - Protocol found: name=http, implementation=HttpTransferProtocol
10:32:31.869 [junit-timeout-thread-6] INFO  d.m.q.transfer.SimpleTransferEngine - Transfer started: plain
10:32:31.870 [junit-timeout-thread-6] DEBUG d.m.q.transfer.SimpleTransferEngine - Executing DOWNLOAD (Remote -> Local) transfer plain: protocol=http, source=http://127.0.0.1:56136/plain, destination=file:///C:/Users/mraysmit/AppData/Local/Temp/junit2884918331099335108/plain.bin
10:32:31.870 [junit-timeout-thread-6] DEBUG d.m.quorus.protocol.ProtocolFactory - Protocol found: name=http, implementation=HttpTransferProtocol
10:32:31.870 [junit-timeout-thread-6] INFO  d.m.q.protocol.HttpTransferProtocol - Starting HTTP download from http://127.0.0.1:56136/plain
10:32:31.873 [junit-timeout-thread-6] INFO  d.m.q.protocol.HttpTransferProtocol - HTTP download completed: jobId=plain, bytesTransferred=30, checksum=4807125757598c4f742d6a3615e1e60a59e001841574834ba43c9909e02babaf
10:32:31.873 [junit-timeout-thread-6] INFO  d.m.q.transfer.SimpleTransferEngine - DOWNLOAD (Remote -> Local) transfer completed: plain (30 bytes in 2 ms)
10:32:31.881 [main] INFO  d.m.q.transfer.SimpleTransferEngine - Shutting down transfer engine; cancelling 0 running transfer(s)
10:32:31.881 [main] INFO  d.m.q.transfer.SimpleTransferEngine - Transfer engine shutdown completed
10:32:31.888 [junit-timeout-thread-7] DEBUG d.m.quorus.protocol.ProtocolFactory - Initializing ProtocolFactory
10:32:31.888 [junit-timeout-thread-7] DEBUG d.m.quorus.protocol.ProtocolFactory - Registering default transfer protocols
10:32:31.888 [junit-timeout-thread-7] DEBUG d.m.quorus.protocol.ProtocolFactory - Creating HttpTransferProtocol instance
10:32:31.888 [junit-timeout-thread-7] INFO  d.m.q.protocol.HttpTransferProtocol - HttpTransferProtocol initialized: connectTimeout=30 SECONDS, socketTimeout=60 SECONDS, maxFileSize=10737418240 bytes
10:32:31.888 [junit-timeout-thread-7] INFO  d.m.quorus.protocol.ProtocolFactory - Registered protocol: http
10:32:31.888 [junit-timeout-thread-7] DEBUG d.m.quorus.protocol.ProtocolFactory - Protocol details: name=http, class=HttpTransferProtocol, supportsResume=false, supportsPause=true
10:32:31.888 [junit-timeout-thread-7] INFO  d.m.quorus.protocol.ProtocolFactory - Registered protocol alias: https -> http
10:32:31.888 [junit-timeout-thread-7] DEBUG d.m.quorus.protocol.ProtocolFactory - Creating SmbTransferProtocol instance
10:32:31.888 [junit-timeout-thread-7] INFO  d.m.quorus.protocol.ProtocolFactory - Registered protocol: smb
10:32:31.889 [junit-timeout-thread-7] DEBUG d.m.quorus.protocol.ProtocolFactory - Protocol details: name=smb, class=SmbTransferProtocol, supportsResume=false, supportsPause=false
10:32:31.889 [junit-timeout-thread-7] INFO  d.m.quorus.protocol.ProtocolFactory - Registered protocol alias: cifs -> smb
10:32:31.889 [junit-timeout-thread-7] DEBUG d.m.quorus.protocol.ProtocolFactory - Creating FtpTransferProtocol instance
10:32:31.889 [junit-timeout-thread-7] INFO  d.m.quorus.protocol.ProtocolFactory - Registered protocol: ftp
10:32:31.889 [junit-timeout-thread-7] DEBUG d.m.quorus.protocol.ProtocolFactory - Protocol details: name=ftp, class=FtpTransferProtocol, supportsResume=false, supportsPause=false
10:32:31.889 [junit-timeout-thread-7] INFO  d.m.quorus.protocol.ProtocolFactory - Registered protocol alias: ftps -> ftp
10:32:31.889 [junit-timeout-thread-7] DEBUG d.m.quorus.protocol.ProtocolFactory - Creating SftpTransferProtocol instance
10:32:31.889 [junit-timeout-thread-7] INFO  d.m.quorus.protocol.ProtocolFactory - Registered protocol: sftp
10:32:31.889 [junit-timeout-thread-7] DEBUG d.m.quorus.protocol.ProtocolFactory - Protocol details: name=sftp, class=SftpTransferProtocol, supportsResume=false, supportsPause=false
10:32:31.889 [junit-timeout-thread-7] DEBUG d.m.quorus.protocol.ProtocolFactory - Creating NfsTransferProtocol instance
10:32:31.889 [junit-timeout-thread-7] DEBUG d.m.q.protocol.NfsTransferProtocol - NfsTransferProtocol initialized with mountRoot=C:\nfs
10:32:31.889 [junit-timeout-thread-7] INFO  d.m.quorus.protocol.ProtocolFactory - Registered protocol: nfs
10:32:31.889 [junit-timeout-thread-7] DEBUG d.m.quorus.protocol.ProtocolFactory - Protocol details: name=nfs, class=NfsTransferProtocol, supportsResume=false, supportsPause=false
10:32:31.889 [junit-timeout-thread-7] INFO  d.m.quorus.protocol.ProtocolFactory - Registered default transfer protocols: count=8, schemes=ftps, ftp, http, smb, sftp, nfs, https, cifs
10:32:31.889 [junit-timeout-thread-7] INFO  d.m.q.transfer.SimpleTransferEngine - SimpleTransferEngine initialized: maxConcurrent=2, maxRetries=3, retryDelay=1ms
10:32:31.889 [transfer-held-shutdown] DEBUG d.m.quorus.protocol.ProtocolFactory - isProtocolSupported: protocol=http, supported=true
10:32:31.890 [transfer-held-shutdown] DEBUG d.m.quorus.protocol.ProtocolFactory - Protocol found: name=http, implementation=HttpTransferProtocol
10:32:31.890 [transfer-held-shutdown] INFO  d.m.q.transfer.SimpleTransferEngine - Transfer started: held-shutdown
10:32:31.890 [transfer-held-shutdown] DEBUG d.m.q.transfer.SimpleTransferEngine - Executing DOWNLOAD (Remote -> Local) transfer held-shutdown: protocol=http, source=http://127.0.0.1:56138/held-shutdown, destination=file:///C:/Users/mraysmit/AppData/Local/Temp/junit7220876311876707541/held-shutdown.bin
10:32:31.890 [transfer-held-shutdown] DEBUG d.m.quorus.protocol.ProtocolFactory - Protocol found: name=http, implementation=HttpTransferProtocol
10:32:31.890 [transfer-held-shutdown] INFO  d.m.q.protocol.HttpTransferProtocol - Starting HTTP download from http://127.0.0.1:56138/held-shutdown
10:32:31.893 [junit-timeout-thread-7] INFO  d.m.q.transfer.SimpleTransferEngine - Shutting down transfer engine; cancelling 1 running transfer(s)
10:32:41.894 [junit-timeout-thread-7] WARN  d.m.q.transfer.SimpleTransferEngine - Transfer engine shutdown timed out with 1 transfer(s) still running
10:32:41.898 [transfer-held-shutdown] INFO  d.m.q.transfer.SimpleTransferEngine - Transfer cancelled: held-shutdown
10:32:41.899 [main] INFO  d.m.q.transfer.SimpleTransferEngine - Transfer engine shutdown completed
10:32:41.905 [junit-timeout-thread-8] DEBUG d.m.quorus.protocol.ProtocolFactory - Initializing ProtocolFactory
10:32:41.905 [junit-timeout-thread-8] DEBUG d.m.quorus.protocol.ProtocolFactory - Registering default transfer protocols
10:32:41.905 [junit-timeout-thread-8] DEBUG d.m.quorus.protocol.ProtocolFactory - Creating HttpTransferProtocol instance
10:32:41.905 [junit-timeout-thread-8] INFO  d.m.q.protocol.HttpTransferProtocol - HttpTransferProtocol initialized: connectTimeout=30 SECONDS, socketTimeout=60 SECONDS, maxFileSize=10737418240 bytes
10:32:41.905 [junit-timeout-thread-8] INFO  d.m.quorus.protocol.ProtocolFactory - Registered protocol: http
10:32:41.905 [junit-timeout-thread-8] DEBUG d.m.quorus.protocol.ProtocolFactory - Protocol details: name=http, class=HttpTransferProtocol, supportsResume=false, supportsPause=true
10:32:41.905 [junit-timeout-thread-8] INFO  d.m.quorus.protocol.ProtocolFactory - Registered protocol alias: https -> http
10:32:41.905 [junit-timeout-thread-8] DEBUG d.m.quorus.protocol.ProtocolFactory - Creating SmbTransferProtocol instance
10:32:41.905 [junit-timeout-thread-8] INFO  d.m.quorus.protocol.ProtocolFactory - Registered protocol: smb
10:32:41.905 [junit-timeout-thread-8] DEBUG d.m.quorus.protocol.ProtocolFactory - Protocol details: name=smb, class=SmbTransferProtocol, supportsResume=false, supportsPause=false
10:32:41.905 [junit-timeout-thread-8] INFO  d.m.quorus.protocol.ProtocolFactory - Registered protocol alias: cifs -> smb
10:32:41.906 [junit-timeout-thread-8] DEBUG d.m.quorus.protocol.ProtocolFactory - Creating FtpTransferProtocol instance
10:32:41.906 [junit-timeout-thread-8] INFO  d.m.quorus.protocol.ProtocolFactory - Registered protocol: ftp
10:32:41.906 [junit-timeout-thread-8] DEBUG d.m.quorus.protocol.ProtocolFactory - Protocol details: name=ftp, class=FtpTransferProtocol, supportsResume=false, supportsPause=false
10:32:41.906 [junit-timeout-thread-8] INFO  d.m.quorus.protocol.ProtocolFactory - Registered protocol alias: ftps -> ftp
10:32:41.906 [junit-timeout-thread-8] DEBUG d.m.quorus.protocol.ProtocolFactory - Creating SftpTransferProtocol instance
10:32:41.906 [junit-timeout-thread-8] INFO  d.m.quorus.protocol.ProtocolFactory - Registered protocol: sftp
10:32:41.906 [junit-timeout-thread-8] DEBUG d.m.quorus.protocol.ProtocolFactory - Protocol details: name=sftp, class=SftpTransferProtocol, supportsResume=false, supportsPause=false
10:32:41.906 [junit-timeout-thread-8] DEBUG d.m.quorus.protocol.ProtocolFactory - Creating NfsTransferProtocol instance
10:32:41.906 [junit-timeout-thread-8] DEBUG d.m.q.protocol.NfsTransferProtocol - NfsTransferProtocol initialized with mountRoot=C:\nfs
10:32:41.906 [junit-timeout-thread-8] INFO  d.m.quorus.protocol.ProtocolFactory - Registered protocol: nfs
10:32:41.906 [junit-timeout-thread-8] DEBUG d.m.quorus.protocol.ProtocolFactory - Protocol details: name=nfs, class=NfsTransferProtocol, supportsResume=false, supportsPause=false
10:32:41.906 [junit-timeout-thread-8] INFO  d.m.quorus.protocol.ProtocolFactory - Registered default transfer protocols: count=8, schemes=ftps, ftp, http, smb, sftp, nfs, https, cifs
10:32:41.906 [junit-timeout-thread-8] INFO  d.m.q.transfer.SimpleTransferEngine - SimpleTransferEngine initialized: maxConcurrent=2, maxRetries=0, retryDelay=1ms
10:32:41.906 [transfer-held-a] DEBUG d.m.quorus.protocol.ProtocolFactory - isProtocolSupported: protocol=http, supported=true
10:32:41.906 [transfer-held-b] DEBUG d.m.quorus.protocol.ProtocolFactory - isProtocolSupported: protocol=http, supported=true
10:32:41.906 [transfer-held-a] DEBUG d.m.quorus.protocol.ProtocolFactory - Protocol found: name=http, implementation=HttpTransferProtocol
10:32:41.906 [transfer-held-b] DEBUG d.m.quorus.protocol.ProtocolFactory - Protocol found: name=http, implementation=HttpTransferProtocol
10:32:41.907 [transfer-held-a] INFO  d.m.q.transfer.SimpleTransferEngine - Transfer started: held-a
10:32:41.907 [transfer-held-b] INFO  d.m.q.transfer.SimpleTransferEngine - Transfer started: held-b
10:32:41.907 [transfer-held-a] DEBUG d.m.q.transfer.SimpleTransferEngine - Executing DOWNLOAD (Remote -> Local) transfer held-a: protocol=http, source=http://127.0.0.1:56196/held-a, destination=file:///C:/Users/mraysmit/AppData/Local/Temp/junit1293641197351594384/held-a.bin
10:32:41.907 [transfer-held-b] DEBUG d.m.q.transfer.SimpleTransferEngine - Executing DOWNLOAD (Remote -> Local) transfer held-b: protocol=http, source=http://127.0.0.1:56196/held-b, destination=file:///C:/Users/mraysmit/AppData/Local/Temp/junit1293641197351594384/held-b.bin
10:32:41.907 [transfer-held-a] DEBUG d.m.quorus.protocol.ProtocolFactory - Protocol found: name=http, implementation=HttpTransferProtocol
10:32:41.907 [transfer-held-b] DEBUG d.m.quorus.protocol.ProtocolFactory - Protocol found: name=http, implementation=HttpTransferProtocol
10:32:41.907 [transfer-held-a] INFO  d.m.q.protocol.HttpTransferProtocol - Starting HTTP download from http://127.0.0.1:56196/held-a
10:32:41.907 [transfer-held-b] INFO  d.m.q.protocol.HttpTransferProtocol - Starting HTTP download from http://127.0.0.1:56196/held-b
10:32:41.911 [junit-timeout-thread-8] INFO  d.m.q.transfer.SimpleTransferEngine - Transfer cancellation requested: held-a
10:32:51.913 [main] INFO  d.m.q.transfer.SimpleTransferEngine - Shutting down transfer engine; cancelling 2 running transfer(s)
10:32:51.915 [transfer-held-a] INFO  d.m.q.transfer.SimpleTransferEngine - Transfer cancelled: held-a
10:32:51.915 [transfer-held-b] INFO  d.m.q.transfer.SimpleTransferEngine - Transfer cancelled: held-b
10:32:51.915 [main] INFO  d.m.q.transfer.SimpleTransferEngine - Transfer engine shutdown completed
[ERROR] Tests run: 8, Failures: 1, Errors: 2, Skipped: 0, Time elapsed: 30.72 s <<< FAILURE! -- in dev.mars.quorus.transfer.SimpleTransferEngineBlockingTest
[ERROR] dev.mars.quorus.transfer.SimpleTransferEngineBlockingTest.cancellingARunningTransferEndsItAsCancelled -- Time elapsed: 10.03 s <<< ERROR!
java.util.concurrent.TimeoutException
	at java.base/java.util.concurrent.CompletableFuture.timedGet(CompletableFuture.java:1981)
	at java.base/java.util.concurrent.CompletableFuture.get(CompletableFuture.java:2116)
	at dev.mars.quorus.transfer.SimpleTransferEngineBlockingTest.cancellingARunningTransferEndsItAsCancelled(SimpleTransferEngineBlockingTest.java:158)
	at java.base/jdk.internal.reflect.DirectMethodHandleAccessor.invoke(DirectMethodHandleAccessor.java:104)
	at java.base/java.lang.reflect.Method.invoke(Method.java:583)
	at org.junit.platform.commons.util.ReflectionUtils.invokeMethod(ReflectionUtils.java:727)
	at org.junit.jupiter.engine.execution.MethodInvocation.proceed(MethodInvocation.java:60)
	at org.junit.jupiter.engine.execution.InvocationInterceptorChain$ValidatingInvocation.proceed(InvocationInterceptorChain.java:131)
	at org.junit.jupiter.api.AssertTimeoutPreemptively.lambda$submitTask$3(AssertTimeoutPreemptively.java:95)
	at java.base/java.util.concurrent.FutureTask.run(FutureTask.java:330)
	at java.base/java.util.concurrent.ThreadPoolExecutor.runWorker(ThreadPoolExecutor.java:1090)
	at java.base/java.util.concurrent.ThreadPoolExecutor$Worker.run(ThreadPoolExecutor.java:614)
	at java.base/java.lang.Thread.run(Thread.java:1527)

[ERROR] dev.mars.quorus.transfer.SimpleTransferEngineBlockingTest.shutdownCancelsAndWaitsForRunningTransfers -- Time elapsed: 10.02 s <<< FAILURE!
org.opentest4j.AssertionFailedError: running transfers must end within the timeout ==> expected: <true> but was: <false>
	at org.junit.jupiter.api.AssertionFailureBuilder.build(AssertionFailureBuilder.java:151)
	at org.junit.jupiter.api.AssertionFailureBuilder.buildAndThrow(AssertionFailureBuilder.java:132)
	at org.junit.jupiter.api.AssertTrue.failNotTrue(AssertTrue.java:63)
	at org.junit.jupiter.api.AssertTrue.assertTrue(AssertTrue.java:36)
	at org.junit.jupiter.api.Assertions.assertTrue(Assertions.java:211)
	at dev.mars.quorus.transfer.SimpleTransferEngineBlockingTest.shutdownCancelsAndWaitsForRunningTransfers(SimpleTransferEngineBlockingTest.java:195)
	at java.base/jdk.internal.reflect.DirectMethodHandleAccessor.invoke(DirectMethodHandleAccessor.java:104)
	at java.base/java.lang.reflect.Method.invoke(Method.java:583)
	at org.junit.platform.commons.util.ReflectionUtils.invokeMethod(ReflectionUtils.java:727)
	at org.junit.jupiter.engine.execution.MethodInvocation.proceed(MethodInvocation.java:60)
	at org.junit.jupiter.engine.execution.InvocationInterceptorChain$ValidatingInvocation.proceed(InvocationInterceptorChain.java:131)
	at org.junit.jupiter.api.AssertTimeoutPreemptively.lambda$submitTask$3(AssertTimeoutPreemptively.java:95)
	at java.base/java.util.concurrent.FutureTask.run(FutureTask.java:330)
	at java.base/java.util.concurrent.ThreadPoolExecutor.runWorker(ThreadPoolExecutor.java:1090)
	at java.base/java.util.concurrent.ThreadPoolExecutor$Worker.run(ThreadPoolExecutor.java:614)
	at java.base/java.lang.Thread.run(Thread.java:1527)

[ERROR] dev.mars.quorus.transfer.SimpleTransferEngineBlockingTest.cancellingOneTransferLeavesAnotherRunning -- Time elapsed: 10.01 s <<< ERROR!
java.util.concurrent.TimeoutException
	at java.base/java.util.concurrent.CompletableFuture.timedGet(CompletableFuture.java:1981)
	at java.base/java.util.concurrent.CompletableFuture.get(CompletableFuture.java:2116)
	at dev.mars.quorus.transfer.SimpleTransferEngineBlockingTest.cancellingOneTransferLeavesAnotherRunning(SimpleTransferEngineBlockingTest.java:178)
	at java.base/jdk.internal.reflect.DirectMethodHandleAccessor.invoke(DirectMethodHandleAccessor.java:104)
	at java.base/java.lang.reflect.Method.invoke(Method.java:583)
	at org.junit.platform.commons.util.ReflectionUtils.invokeMethod(ReflectionUtils.java:727)
	at org.junit.jupiter.engine.execution.MethodInvocation.proceed(MethodInvocation.java:60)
	at org.junit.jupiter.engine.execution.InvocationInterceptorChain$ValidatingInvocation.proceed(InvocationInterceptorChain.java:131)
	at org.junit.jupiter.api.AssertTimeoutPreemptively.lambda$submitTask$3(AssertTimeoutPreemptively.java:95)
	at java.base/java.util.concurrent.FutureTask.run(FutureTask.java:330)
	at java.base/java.util.concurrent.ThreadPoolExecutor.runWorker(ThreadPoolExecutor.java:1090)
	at java.base/java.util.concurrent.ThreadPoolExecutor$Worker.run(ThreadPoolExecutor.java:614)
	at java.base/java.lang.Thread.run(Thread.java:1527)

[INFO] 
[INFO] Results:
[INFO] 
[ERROR] Failures: 
[ERROR]   SimpleTransferEngineBlockingTest.shutdownCancelsAndWaitsForRunningTransfers:195 running transfers must end within the timeout ==> expected: <true> but was: <false>
[ERROR] Errors: 
[ERROR]   SimpleTransferEngineBlockingTest.cancellingARunningTransferEndsItAsCancelled:158 » Timeout
[ERROR]   SimpleTransferEngineBlockingTest.cancellingOneTransferLeavesAnotherRunning:178 » Timeout
[INFO] 
[ERROR] Tests run: 8, Failures: 1, Errors: 2, Skipped: 0
[INFO] 
[INFO] ------------------------------------------------------------------------
[INFO] BUILD FAILURE
[INFO] ------------------------------------------------------------------------
[INFO] Total time:  39.367 s
[INFO] Finished at: 2026-09-27T10:32:52+01:00
[INFO] ------------------------------------------------------------------------
[ERROR] Failed to execute goal org.apache.maven.plugins:maven-surefire-plugin:3.2.2:test (default-test) on project quorus-core: There are test failures.
[ERROR] 
[ERROR] Please refer to C:\Users\mraysmit\dev\idea-projects\quorus\quorus-core\target\surefire-reports for the individual test results.
[ERROR] Please refer to dump files (if any exist) [date].dump, [date]-jvmRun[N].dump and [date].dumpstream.
[ERROR] -> [Help 1]
[ERROR] 
[ERROR] To see the full stack trace of the errors, re-run Maven with the -e switch.
[ERROR] Re-run Maven using the -X switch to enable full debug logging.
[ERROR] 
[ERROR] For more information about the errors and possible solutions, please read the following articles:
[ERROR] [Help 1] http://cwiki.apache.org/confluence/display/MAVEN/MojoFailureException
