WARNING: A terminally deprecated method in sun.misc.Unsafe has been called
WARNING: sun.misc.Unsafe::staticFieldBase has been called by com.google.inject.internal.aop.HiddenClassDefiner (file:/C:/Users/mraysmit/scoop/apps/maven/current/lib/guice-5.1.0-classes.jar)
WARNING: Please consider reporting this to the maintainers of class com.google.inject.internal.aop.HiddenClassDefiner
WARNING: sun.misc.Unsafe::staticFieldBase will be removed in a future release
WARNING: Final field _cipher in class org.sonatype.plexus.components.sec.dispatcher.DefaultSecDispatcher has been mutated reflectively by class org.eclipse.sisu.bean.BeanPropertyField in unnamed module @7f010382 (file:/C:/Users/mraysmit/scoop/apps/maven/current/lib/org.eclipse.sisu.inject-0.9.0.M4.jar)
WARNING: Use --enable-final-field-mutation=ALL-UNNAMED to avoid a warning
WARNING: Mutating final fields will be blocked in a future release unless final field mutation is enabled
[INFO] Scanning for projects...
[INFO] 
[INFO] ------------------------< dev.mars:quorus-core >------------------------
[INFO] Building Quorus Core 1.0-SNAPSHOT
[INFO]   from pom.xml
[INFO] --------------------------------[ jar ]---------------------------------
[INFO] 
[INFO] --- jacoco:0.8.15:prepare-agent (prepare-agent) @ quorus-core ---
[INFO] Skipping JaCoCo execution because property jacoco.skip is set.
[INFO] argLine set to empty
[INFO] 
[INFO] --- resources:3.3.1:resources (default-resources) @ quorus-core ---
[INFO] Copying 1 resource from src\main\resources to target\classes
[INFO] 
[INFO] --- compiler:3.13.0:compile (default-compile) @ quorus-core ---
[INFO] Recompiling the module because of changed source code.
[INFO] Compiling 73 source files with javac [debug release 27] to target\classes
[INFO] /C:/Users/mraysmit/dev/idea-projects/quorus/quorus-core/src/main/java/dev/mars/quorus/protocol/FtpTransferProtocol.java: Some input files use or override a deprecated API.
[INFO] /C:/Users/mraysmit/dev/idea-projects/quorus/quorus-core/src/main/java/dev/mars/quorus/protocol/FtpTransferProtocol.java: Recompile with -Xlint:deprecation for details.
[INFO] 
[INFO] --- resources:3.3.1:testResources (default-testResources) @ quorus-core ---
[INFO] Copying 16 resources from src\test\resources to target\test-classes
[INFO] 
[INFO] --- compiler:3.13.0:testCompile (default-testCompile) @ quorus-core ---
[INFO] Recompiling the module because of changed dependency.
[INFO] Compiling 93 source files with javac [debug release 27] to target\test-classes
[INFO] /C:/Users/mraysmit/dev/idea-projects/quorus/quorus-core/src/test/java/dev/mars/quorus/connection/TlsTrustAnchorPolicyTest.java: Some input files use or override a deprecated API.
[INFO] /C:/Users/mraysmit/dev/idea-projects/quorus/quorus-core/src/test/java/dev/mars/quorus/connection/TlsTrustAnchorPolicyTest.java: Recompile with -Xlint:deprecation for details.
[INFO] 
[INFO] --- surefire:3.2.2:test (default-test) @ quorus-core ---
[INFO] Using auto detected provider org.apache.maven.surefire.junitplatform.JUnitPlatformProvider
[INFO] 
[INFO] -------------------------------------------------------
[INFO]  T E S T S
[INFO] -------------------------------------------------------
[INFO] Running dev.mars.quorus.transfer.SimpleTransferEngineBlockingTest
10:33:24.203 [junit-timeout-thread-1] DEBUG d.m.quorus.protocol.ProtocolFactory - Initializing ProtocolFactory
10:33:24.207 [junit-timeout-thread-1] DEBUG d.m.quorus.protocol.ProtocolFactory - Registering default transfer protocols
10:33:24.207 [junit-timeout-thread-1] DEBUG d.m.quorus.protocol.ProtocolFactory - Creating HttpTransferProtocol instance
10:33:24.211 [junit-timeout-thread-1] INFO  d.m.q.protocol.HttpTransferProtocol - HttpTransferProtocol initialized: connectTimeout=30 SECONDS, socketTimeout=60 SECONDS, maxFileSize=10737418240 bytes
10:33:24.223 [junit-timeout-thread-1] INFO  d.m.quorus.protocol.ProtocolFactory - Registered protocol: http
10:33:24.223 [junit-timeout-thread-1] DEBUG d.m.quorus.protocol.ProtocolFactory - Protocol details: name=http, class=HttpTransferProtocol, supportsResume=false, supportsPause=true
10:33:24.223 [junit-timeout-thread-1] INFO  d.m.quorus.protocol.ProtocolFactory - Registered protocol alias: https -> http
10:33:24.223 [junit-timeout-thread-1] DEBUG d.m.quorus.protocol.ProtocolFactory - Creating SmbTransferProtocol instance
10:33:24.224 [junit-timeout-thread-1] INFO  d.m.quorus.protocol.ProtocolFactory - Registered protocol: smb
10:33:24.225 [junit-timeout-thread-1] DEBUG d.m.quorus.protocol.ProtocolFactory - Protocol details: name=smb, class=SmbTransferProtocol, supportsResume=false, supportsPause=false
10:33:24.225 [junit-timeout-thread-1] INFO  d.m.quorus.protocol.ProtocolFactory - Registered protocol alias: cifs -> smb
10:33:24.225 [junit-timeout-thread-1] DEBUG d.m.quorus.protocol.ProtocolFactory - Creating FtpTransferProtocol instance
10:33:24.225 [junit-timeout-thread-1] INFO  d.m.quorus.protocol.ProtocolFactory - Registered protocol: ftp
10:33:24.225 [junit-timeout-thread-1] DEBUG d.m.quorus.protocol.ProtocolFactory - Protocol details: name=ftp, class=FtpTransferProtocol, supportsResume=false, supportsPause=false
10:33:24.226 [junit-timeout-thread-1] INFO  d.m.quorus.protocol.ProtocolFactory - Registered protocol alias: ftps -> ftp
10:33:24.226 [junit-timeout-thread-1] DEBUG d.m.quorus.protocol.ProtocolFactory - Creating SftpTransferProtocol instance
10:33:24.227 [junit-timeout-thread-1] INFO  d.m.quorus.protocol.ProtocolFactory - Registered protocol: sftp
10:33:24.227 [junit-timeout-thread-1] DEBUG d.m.quorus.protocol.ProtocolFactory - Protocol details: name=sftp, class=SftpTransferProtocol, supportsResume=false, supportsPause=false
10:33:24.227 [junit-timeout-thread-1] DEBUG d.m.quorus.protocol.ProtocolFactory - Creating NfsTransferProtocol instance
10:33:24.228 [junit-timeout-thread-1] DEBUG d.m.q.protocol.NfsTransferProtocol - NfsTransferProtocol initialized with mountRoot=C:\nfs
10:33:24.228 [junit-timeout-thread-1] INFO  d.m.quorus.protocol.ProtocolFactory - Registered protocol: nfs
10:33:24.228 [junit-timeout-thread-1] DEBUG d.m.quorus.protocol.ProtocolFactory - Protocol details: name=nfs, class=NfsTransferProtocol, supportsResume=false, supportsPause=false
10:33:24.228 [junit-timeout-thread-1] INFO  d.m.quorus.protocol.ProtocolFactory - Registered default transfer protocols: count=8, schemes=ftps, ftp, http, smb, sftp, nfs, https, cifs
10:33:24.239 [junit-timeout-thread-1] INFO  d.m.q.t.o.TransferTelemetryMetrics - TransferTelemetryMetrics initialized
10:33:24.240 [junit-timeout-thread-1] INFO  d.m.q.transfer.SimpleTransferEngine - SimpleTransferEngine initialized: maxConcurrent=1, maxRetries=2, retryDelay=1ms
10:33:24.242 [junit-timeout-thread-1] DEBUG d.m.quorus.protocol.ProtocolFactory - isProtocolSupported: protocol=http, supported=true
10:33:24.243 [junit-timeout-thread-1] DEBUG d.m.quorus.protocol.ProtocolFactory - Protocol found: name=http, implementation=HttpTransferProtocol
10:33:24.247 [junit-timeout-thread-1] INFO  d.m.q.transfer.SimpleTransferEngine - Transfer started: retried
10:33:24.250 [junit-timeout-thread-1] DEBUG d.m.q.transfer.SimpleTransferEngine - Executing DOWNLOAD (Remote -> Local) transfer retried: protocol=http, source=http://127.0.0.1:55627/retried, destination=file:///C:/Users/mraysmit/AppData/Local/Temp/junit8113626489595296692/retried.bin
10:33:24.260 [junit-timeout-thread-1] DEBUG d.m.quorus.protocol.ProtocolFactory - Protocol found: name=http, implementation=HttpTransferProtocol
10:33:24.261 [junit-timeout-thread-1] INFO  d.m.q.protocol.HttpTransferProtocol - Starting HTTP download from http://127.0.0.1:55627/retried
10:33:24.479 [junit-timeout-thread-1] ERROR d.m.q.protocol.HttpTransferProtocol - [QUORUS-1203] HTTP request failed: statusCode=500, reason=Internal Server Error
10:33:24.480 [junit-timeout-thread-1] WARN  d.m.q.transfer.SimpleTransferEngine - Transfer attempt 1 of 3 failed for job retried: Transfer retried failed: HTTP 500: Internal Server Error
10:33:24.481 [junit-timeout-thread-1] DEBUG d.m.q.transfer.SimpleTransferEngine - Retrying after 1 ms
10:33:24.483 [junit-timeout-thread-1] DEBUG d.m.quorus.protocol.ProtocolFactory - Protocol found: name=http, implementation=HttpTransferProtocol
10:33:24.483 [junit-timeout-thread-1] INFO  d.m.q.protocol.HttpTransferProtocol - Starting HTTP download from http://127.0.0.1:55627/retried
10:33:24.488 [junit-timeout-thread-1] ERROR d.m.q.protocol.HttpTransferProtocol - [QUORUS-1203] HTTP request failed: statusCode=500, reason=Internal Server Error
10:33:24.489 [junit-timeout-thread-1] WARN  d.m.q.transfer.SimpleTransferEngine - Transfer attempt 2 of 3 failed for job retried: Transfer retried failed: HTTP 500: Internal Server Error
10:33:24.489 [junit-timeout-thread-1] DEBUG d.m.q.transfer.SimpleTransferEngine - Retrying after 2 ms
10:33:24.492 [junit-timeout-thread-1] DEBUG d.m.quorus.protocol.ProtocolFactory - Protocol found: name=http, implementation=HttpTransferProtocol
10:33:24.492 [junit-timeout-thread-1] INFO  d.m.q.protocol.HttpTransferProtocol - Starting HTTP download from http://127.0.0.1:55627/retried
10:33:24.500 [junit-timeout-thread-1] INFO  d.m.q.protocol.HttpTransferProtocol - HTTP download completed: jobId=retried, bytesTransferred=30, checksum=4807125757598c4f742d6a3615e1e60a59e001841574834ba43c9909e02babaf
10:33:24.502 [junit-timeout-thread-1] INFO  d.m.q.transfer.SimpleTransferEngine - DOWNLOAD (Remote -> Local) transfer completed: retried (30 bytes in 242 ms)
10:33:24.508 [main] INFO  d.m.q.transfer.SimpleTransferEngine - Shutting down transfer engine; cancelling 0 running transfer(s)
10:33:24.509 [main] INFO  d.m.q.transfer.SimpleTransferEngine - Transfer engine shutdown completed
10:33:24.524 [junit-timeout-thread-2] DEBUG d.m.quorus.protocol.ProtocolFactory - Initializing ProtocolFactory
10:33:24.524 [junit-timeout-thread-2] DEBUG d.m.quorus.protocol.ProtocolFactory - Registering default transfer protocols
10:33:24.524 [junit-timeout-thread-2] DEBUG d.m.quorus.protocol.ProtocolFactory - Creating HttpTransferProtocol instance
10:33:24.525 [junit-timeout-thread-2] INFO  d.m.q.protocol.HttpTransferProtocol - HttpTransferProtocol initialized: connectTimeout=30 SECONDS, socketTimeout=60 SECONDS, maxFileSize=10737418240 bytes
10:33:24.525 [junit-timeout-thread-2] INFO  d.m.quorus.protocol.ProtocolFactory - Registered protocol: http
10:33:24.525 [junit-timeout-thread-2] DEBUG d.m.quorus.protocol.ProtocolFactory - Protocol details: name=http, class=HttpTransferProtocol, supportsResume=false, supportsPause=true
10:33:24.525 [junit-timeout-thread-2] INFO  d.m.quorus.protocol.ProtocolFactory - Registered protocol alias: https -> http
10:33:24.525 [junit-timeout-thread-2] DEBUG d.m.quorus.protocol.ProtocolFactory - Creating SmbTransferProtocol instance
10:33:24.525 [junit-timeout-thread-2] INFO  d.m.quorus.protocol.ProtocolFactory - Registered protocol: smb
10:33:24.525 [junit-timeout-thread-2] DEBUG d.m.quorus.protocol.ProtocolFactory - Protocol details: name=smb, class=SmbTransferProtocol, supportsResume=false, supportsPause=false
10:33:24.526 [junit-timeout-thread-2] INFO  d.m.quorus.protocol.ProtocolFactory - Registered protocol alias: cifs -> smb
10:33:24.526 [junit-timeout-thread-2] DEBUG d.m.quorus.protocol.ProtocolFactory - Creating FtpTransferProtocol instance
10:33:24.526 [junit-timeout-thread-2] INFO  d.m.quorus.protocol.ProtocolFactory - Registered protocol: ftp
10:33:24.526 [junit-timeout-thread-2] DEBUG d.m.quorus.protocol.ProtocolFactory - Protocol details: name=ftp, class=FtpTransferProtocol, supportsResume=false, supportsPause=false
10:33:24.526 [junit-timeout-thread-2] INFO  d.m.quorus.protocol.ProtocolFactory - Registered protocol alias: ftps -> ftp
10:33:24.526 [junit-timeout-thread-2] DEBUG d.m.quorus.protocol.ProtocolFactory - Creating SftpTransferProtocol instance
10:33:24.526 [junit-timeout-thread-2] INFO  d.m.quorus.protocol.ProtocolFactory - Registered protocol: sftp
10:33:24.526 [junit-timeout-thread-2] DEBUG d.m.quorus.protocol.ProtocolFactory - Protocol details: name=sftp, class=SftpTransferProtocol, supportsResume=false, supportsPause=false
10:33:24.526 [junit-timeout-thread-2] DEBUG d.m.quorus.protocol.ProtocolFactory - Creating NfsTransferProtocol instance
10:33:24.526 [junit-timeout-thread-2] DEBUG d.m.q.protocol.NfsTransferProtocol - NfsTransferProtocol initialized with mountRoot=C:\nfs
10:33:24.528 [junit-timeout-thread-2] INFO  d.m.quorus.protocol.ProtocolFactory - Registered protocol: nfs
10:33:24.528 [junit-timeout-thread-2] DEBUG d.m.quorus.protocol.ProtocolFactory - Protocol details: name=nfs, class=NfsTransferProtocol, supportsResume=false, supportsPause=false
10:33:24.528 [junit-timeout-thread-2] INFO  d.m.quorus.protocol.ProtocolFactory - Registered default transfer protocols: count=8, schemes=ftps, ftp, http, smb, sftp, nfs, https, cifs
10:33:24.528 [junit-timeout-thread-2] INFO  d.m.q.transfer.SimpleTransferEngine - SimpleTransferEngine initialized: maxConcurrent=2, maxRetries=3, retryDelay=1ms
10:33:24.529 [transfer-held-cancel] DEBUG d.m.quorus.protocol.ProtocolFactory - isProtocolSupported: protocol=http, supported=true
10:33:24.530 [transfer-held-cancel] DEBUG d.m.quorus.protocol.ProtocolFactory - Protocol found: name=http, implementation=HttpTransferProtocol
10:33:24.530 [transfer-held-cancel] INFO  d.m.q.transfer.SimpleTransferEngine - Transfer started: held-cancel
10:33:24.530 [transfer-held-cancel] DEBUG d.m.q.transfer.SimpleTransferEngine - Executing DOWNLOAD (Remote -> Local) transfer held-cancel: protocol=http, source=http://127.0.0.1:55635/held-cancel, destination=file:///C:/Users/mraysmit/AppData/Local/Temp/junit6052680302197237669/held-cancel.bin
10:33:24.531 [transfer-held-cancel] DEBUG d.m.quorus.protocol.ProtocolFactory - Protocol found: name=http, implementation=HttpTransferProtocol
10:33:24.531 [transfer-held-cancel] INFO  d.m.q.protocol.HttpTransferProtocol - Starting HTTP download from http://127.0.0.1:55635/held-cancel
10:33:24.537 [junit-timeout-thread-2] INFO  d.m.q.transfer.SimpleTransferEngine - Transfer cancellation requested: held-cancel
10:33:24.538 [transfer-held-cancel] INFO  d.m.q.transfer.SimpleTransferEngine - Transfer cancelled: held-cancel
10:33:24.541 [main] INFO  d.m.q.transfer.SimpleTransferEngine - Shutting down transfer engine; cancelling 0 running transfer(s)
10:33:24.542 [main] INFO  d.m.q.transfer.SimpleTransferEngine - Transfer engine shutdown completed
10:33:24.552 [junit-timeout-thread-3] DEBUG d.m.quorus.protocol.ProtocolFactory - Initializing ProtocolFactory
10:33:24.553 [junit-timeout-thread-3] DEBUG d.m.quorus.protocol.ProtocolFactory - Registering default transfer protocols
10:33:24.553 [junit-timeout-thread-3] DEBUG d.m.quorus.protocol.ProtocolFactory - Creating HttpTransferProtocol instance
10:33:24.553 [junit-timeout-thread-3] INFO  d.m.q.protocol.HttpTransferProtocol - HttpTransferProtocol initialized: connectTimeout=30 SECONDS, socketTimeout=60 SECONDS, maxFileSize=10737418240 bytes
10:33:24.553 [junit-timeout-thread-3] INFO  d.m.quorus.protocol.ProtocolFactory - Registered protocol: http
10:33:24.553 [junit-timeout-thread-3] DEBUG d.m.quorus.protocol.ProtocolFactory - Protocol details: name=http, class=HttpTransferProtocol, supportsResume=false, supportsPause=true
10:33:24.553 [junit-timeout-thread-3] INFO  d.m.quorus.protocol.ProtocolFactory - Registered protocol alias: https -> http
10:33:24.553 [junit-timeout-thread-3] DEBUG d.m.quorus.protocol.ProtocolFactory - Creating SmbTransferProtocol instance
10:33:24.553 [junit-timeout-thread-3] INFO  d.m.quorus.protocol.ProtocolFactory - Registered protocol: smb
10:33:24.554 [junit-timeout-thread-3] DEBUG d.m.quorus.protocol.ProtocolFactory - Protocol details: name=smb, class=SmbTransferProtocol, supportsResume=false, supportsPause=false
10:33:24.554 [junit-timeout-thread-3] INFO  d.m.quorus.protocol.ProtocolFactory - Registered protocol alias: cifs -> smb
10:33:24.554 [junit-timeout-thread-3] DEBUG d.m.quorus.protocol.ProtocolFactory - Creating FtpTransferProtocol instance
10:33:24.554 [junit-timeout-thread-3] INFO  d.m.quorus.protocol.ProtocolFactory - Registered protocol: ftp
10:33:24.554 [junit-timeout-thread-3] DEBUG d.m.quorus.protocol.ProtocolFactory - Protocol details: name=ftp, class=FtpTransferProtocol, supportsResume=false, supportsPause=false
10:33:24.554 [junit-timeout-thread-3] INFO  d.m.quorus.protocol.ProtocolFactory - Registered protocol alias: ftps -> ftp
10:33:24.554 [junit-timeout-thread-3] DEBUG d.m.quorus.protocol.ProtocolFactory - Creating SftpTransferProtocol instance
10:33:24.554 [junit-timeout-thread-3] INFO  d.m.quorus.protocol.ProtocolFactory - Registered protocol: sftp
10:33:24.554 [junit-timeout-thread-3] DEBUG d.m.quorus.protocol.ProtocolFactory - Protocol details: name=sftp, class=SftpTransferProtocol, supportsResume=false, supportsPause=false
10:33:24.554 [junit-timeout-thread-3] DEBUG d.m.quorus.protocol.ProtocolFactory - Creating NfsTransferProtocol instance
10:33:24.556 [junit-timeout-thread-3] DEBUG d.m.q.protocol.NfsTransferProtocol - NfsTransferProtocol initialized with mountRoot=C:\nfs
10:33:24.556 [junit-timeout-thread-3] INFO  d.m.quorus.protocol.ProtocolFactory - Registered protocol: nfs
10:33:24.556 [junit-timeout-thread-3] DEBUG d.m.quorus.protocol.ProtocolFactory - Protocol details: name=nfs, class=NfsTransferProtocol, supportsResume=false, supportsPause=false
10:33:24.556 [junit-timeout-thread-3] INFO  d.m.quorus.protocol.ProtocolFactory - Registered default transfer protocols: count=8, schemes=ftps, ftp, http, smb, sftp, nfs, https, cifs
10:33:24.556 [junit-timeout-thread-3] INFO  d.m.q.transfer.SimpleTransferEngine - SimpleTransferEngine initialized: maxConcurrent=1, maxRetries=2, retryDelay=1ms
10:33:24.557 [junit-timeout-thread-3] DEBUG d.m.quorus.protocol.ProtocolFactory - isProtocolSupported: protocol=http, supported=true
10:33:24.557 [junit-timeout-thread-3] DEBUG d.m.quorus.protocol.ProtocolFactory - Protocol found: name=http, implementation=HttpTransferProtocol
10:33:24.557 [junit-timeout-thread-3] INFO  d.m.q.transfer.SimpleTransferEngine - Transfer started: exhausted
10:33:24.558 [junit-timeout-thread-3] DEBUG d.m.q.transfer.SimpleTransferEngine - Executing DOWNLOAD (Remote -> Local) transfer exhausted: protocol=http, source=http://127.0.0.1:55637/exhausted, destination=file:///C:/Users/mraysmit/AppData/Local/Temp/junit18299791591094701511/exhausted.bin
10:33:24.558 [junit-timeout-thread-3] DEBUG d.m.quorus.protocol.ProtocolFactory - Protocol found: name=http, implementation=HttpTransferProtocol
10:33:24.558 [junit-timeout-thread-3] INFO  d.m.q.protocol.HttpTransferProtocol - Starting HTTP download from http://127.0.0.1:55637/exhausted
10:33:24.563 [junit-timeout-thread-3] ERROR d.m.q.protocol.HttpTransferProtocol - [QUORUS-1203] HTTP request failed: statusCode=500, reason=Internal Server Error
10:33:24.564 [junit-timeout-thread-3] WARN  d.m.q.transfer.SimpleTransferEngine - Transfer attempt 1 of 3 failed for job exhausted: Transfer exhausted failed: HTTP 500: Internal Server Error
10:33:24.564 [junit-timeout-thread-3] DEBUG d.m.q.transfer.SimpleTransferEngine - Retrying after 1 ms
10:33:24.567 [junit-timeout-thread-3] DEBUG d.m.quorus.protocol.ProtocolFactory - Protocol found: name=http, implementation=HttpTransferProtocol
10:33:24.567 [junit-timeout-thread-3] INFO  d.m.q.protocol.HttpTransferProtocol - Starting HTTP download from http://127.0.0.1:55637/exhausted
10:33:24.572 [junit-timeout-thread-3] ERROR d.m.q.protocol.HttpTransferProtocol - [QUORUS-1203] HTTP request failed: statusCode=500, reason=Internal Server Error
10:33:24.572 [junit-timeout-thread-3] WARN  d.m.q.transfer.SimpleTransferEngine - Transfer attempt 2 of 3 failed for job exhausted: Transfer exhausted failed: HTTP 500: Internal Server Error
10:33:24.572 [junit-timeout-thread-3] DEBUG d.m.q.transfer.SimpleTransferEngine - Retrying after 2 ms
10:33:24.576 [junit-timeout-thread-3] DEBUG d.m.quorus.protocol.ProtocolFactory - Protocol found: name=http, implementation=HttpTransferProtocol
10:33:24.576 [junit-timeout-thread-3] INFO  d.m.q.protocol.HttpTransferProtocol - Starting HTTP download from http://127.0.0.1:55637/exhausted
10:33:24.579 [junit-timeout-thread-3] ERROR d.m.q.protocol.HttpTransferProtocol - [QUORUS-1203] HTTP request failed: statusCode=500, reason=Internal Server Error
10:33:24.581 [junit-timeout-thread-3] ERROR d.m.q.transfer.SimpleTransferEngine - DOWNLOAD (Remote -> Local) transfer failed permanently: exhausted - Transfer exhausted failed: HTTP 500: Internal Server Error
10:33:24.581 [junit-timeout-thread-3] DEBUG d.m.q.transfer.SimpleTransferEngine - Failure detail for transfer exhausted
dev.mars.quorus.core.exceptions.TransferException: Transfer exhausted failed: HTTP 500: Internal Server Error
	at dev.mars.quorus.protocol.HttpTransferProtocol.requireStatus(HttpTransferProtocol.java:484)
10:33:24.583 [main] INFO  d.m.q.transfer.SimpleTransferEngine - Shutting down transfer engine; cancelling 0 running transfer(s)
10:33:24.583 [main] INFO  d.m.q.transfer.SimpleTransferEngine - Transfer engine shutdown completed
10:33:24.590 [junit-timeout-thread-4] DEBUG d.m.quorus.protocol.ProtocolFactory - Initializing ProtocolFactory
10:33:24.590 [junit-timeout-thread-4] DEBUG d.m.quorus.protocol.ProtocolFactory - Registering default transfer protocols
10:33:24.590 [junit-timeout-thread-4] DEBUG d.m.quorus.protocol.ProtocolFactory - Creating HttpTransferProtocol instance
10:33:24.590 [junit-timeout-thread-4] INFO  d.m.q.protocol.HttpTransferProtocol - HttpTransferProtocol initialized: connectTimeout=30 SECONDS, socketTimeout=60 SECONDS, maxFileSize=10737418240 bytes
10:33:24.591 [junit-timeout-thread-4] INFO  d.m.quorus.protocol.ProtocolFactory - Registered protocol: http
10:33:24.592 [junit-timeout-thread-4] DEBUG d.m.quorus.protocol.ProtocolFactory - Protocol details: name=http, class=HttpTransferProtocol, supportsResume=false, supportsPause=true
10:33:24.592 [junit-timeout-thread-4] INFO  d.m.quorus.protocol.ProtocolFactory - Registered protocol alias: https -> http
10:33:24.592 [junit-timeout-thread-4] DEBUG d.m.quorus.protocol.ProtocolFactory - Creating SmbTransferProtocol instance
10:33:24.592 [junit-timeout-thread-4] INFO  d.m.quorus.protocol.ProtocolFactory - Registered protocol: smb
10:33:24.592 [junit-timeout-thread-4] DEBUG d.m.quorus.protocol.ProtocolFactory - Protocol details: name=smb, class=SmbTransferProtocol, supportsResume=false, supportsPause=false
10:33:24.592 [junit-timeout-thread-4] INFO  d.m.quorus.protocol.ProtocolFactory - Registered protocol alias: cifs -> smb
10:33:24.592 [junit-timeout-thread-4] DEBUG d.m.quorus.protocol.ProtocolFactory - Creating FtpTransferProtocol instance
10:33:24.592 [junit-timeout-thread-4] INFO  d.m.quorus.protocol.ProtocolFactory - Registered protocol: ftp
10:33:24.592 [junit-timeout-thread-4] DEBUG d.m.quorus.protocol.ProtocolFactory - Protocol details: name=ftp, class=FtpTransferProtocol, supportsResume=false, supportsPause=false
10:33:24.592 [junit-timeout-thread-4] INFO  d.m.quorus.protocol.ProtocolFactory - Registered protocol alias: ftps -> ftp
10:33:24.592 [junit-timeout-thread-4] DEBUG d.m.quorus.protocol.ProtocolFactory - Creating SftpTransferProtocol instance
10:33:24.592 [junit-timeout-thread-4] INFO  d.m.quorus.protocol.ProtocolFactory - Registered protocol: sftp
10:33:24.592 [junit-timeout-thread-4] DEBUG d.m.quorus.protocol.ProtocolFactory - Protocol details: name=sftp, class=SftpTransferProtocol, supportsResume=false, supportsPause=false
10:33:24.592 [junit-timeout-thread-4] DEBUG d.m.quorus.protocol.ProtocolFactory - Creating NfsTransferProtocol instance
10:33:24.592 [junit-timeout-thread-4] DEBUG d.m.q.protocol.NfsTransferProtocol - NfsTransferProtocol initialized with mountRoot=C:\nfs
10:33:24.592 [junit-timeout-thread-4] INFO  d.m.quorus.protocol.ProtocolFactory - Registered protocol: nfs
10:33:24.592 [junit-timeout-thread-4] DEBUG d.m.quorus.protocol.ProtocolFactory - Protocol details: name=nfs, class=NfsTransferProtocol, supportsResume=false, supportsPause=false
10:33:24.593 [junit-timeout-thread-4] INFO  d.m.quorus.protocol.ProtocolFactory - Registered default transfer protocols: count=8, schemes=ftps, ftp, http, smb, sftp, nfs, https, cifs
10:33:24.593 [junit-timeout-thread-4] INFO  d.m.q.transfer.SimpleTransferEngine - SimpleTransferEngine initialized: maxConcurrent=1, maxRetries=0, retryDelay=1ms
10:33:24.593 [transfer-held-slow] DEBUG d.m.quorus.protocol.ProtocolFactory - isProtocolSupported: protocol=http, supported=true
10:33:24.593 [transfer-held-slow] DEBUG d.m.quorus.protocol.ProtocolFactory - Protocol found: name=http, implementation=HttpTransferProtocol
10:33:24.594 [transfer-held-slow] INFO  d.m.q.transfer.SimpleTransferEngine - Transfer started: held-slow
10:33:24.594 [transfer-held-slow] DEBUG d.m.q.transfer.SimpleTransferEngine - Executing DOWNLOAD (Remote -> Local) transfer held-slow: protocol=http, source=http://127.0.0.1:55642/held-slow, destination=file:///C:/Users/mraysmit/AppData/Local/Temp/junit13625729789612559519/held-slow.bin
10:33:24.594 [transfer-held-slow] DEBUG d.m.quorus.protocol.ProtocolFactory - Protocol found: name=http, implementation=HttpTransferProtocol
10:33:24.594 [transfer-held-slow] INFO  d.m.q.protocol.HttpTransferProtocol - Starting HTTP download from http://127.0.0.1:55642/held-slow
10:33:24.600 [junit-timeout-thread-4] DEBUG d.m.quorus.protocol.ProtocolFactory - isProtocolSupported: protocol=http, supported=true
10:33:24.600 [junit-timeout-thread-4] DEBUG d.m.quorus.protocol.ProtocolFactory - Protocol found: name=http, implementation=HttpTransferProtocol
10:33:24.601 [transfer-held-slow] INFO  d.m.q.protocol.HttpTransferProtocol - HTTP download completed: jobId=held-slow, bytesTransferred=30, checksum=4807125757598c4f742d6a3615e1e60a59e001841574834ba43c9909e02babaf
10:33:24.601 [transfer-held-slow] INFO  d.m.q.transfer.SimpleTransferEngine - DOWNLOAD (Remote -> Local) transfer completed: held-slow (30 bytes in 6 ms)
10:33:24.602 [junit-timeout-thread-4] DEBUG d.m.quorus.protocol.ProtocolFactory - isProtocolSupported: protocol=http, supported=true
10:33:24.602 [junit-timeout-thread-4] DEBUG d.m.quorus.protocol.ProtocolFactory - Protocol found: name=http, implementation=HttpTransferProtocol
10:33:24.602 [junit-timeout-thread-4] INFO  d.m.q.transfer.SimpleTransferEngine - Transfer started: fast
10:33:24.602 [junit-timeout-thread-4] DEBUG d.m.q.transfer.SimpleTransferEngine - Executing DOWNLOAD (Remote -> Local) transfer fast: protocol=http, source=http://127.0.0.1:55642/fast, destination=file:///C:/Users/mraysmit/AppData/Local/Temp/junit13625729789612559519/fast.bin
10:33:24.602 [junit-timeout-thread-4] DEBUG d.m.quorus.protocol.ProtocolFactory - Protocol found: name=http, implementation=HttpTransferProtocol
10:33:24.602 [junit-timeout-thread-4] INFO  d.m.q.protocol.HttpTransferProtocol - Starting HTTP download from http://127.0.0.1:55642/fast
10:33:24.606 [junit-timeout-thread-4] INFO  d.m.q.protocol.HttpTransferProtocol - HTTP download completed: jobId=fast, bytesTransferred=30, checksum=4807125757598c4f742d6a3615e1e60a59e001841574834ba43c9909e02babaf
10:33:24.607 [junit-timeout-thread-4] INFO  d.m.q.transfer.SimpleTransferEngine - DOWNLOAD (Remote -> Local) transfer completed: fast (30 bytes in 4 ms)
10:33:24.607 [main] INFO  d.m.q.transfer.SimpleTransferEngine - Shutting down transfer engine; cancelling 0 running transfer(s)
10:33:24.607 [main] INFO  d.m.q.transfer.SimpleTransferEngine - Transfer engine shutdown completed
10:33:24.614 [junit-timeout-thread-5] DEBUG d.m.quorus.protocol.ProtocolFactory - Initializing ProtocolFactory
10:33:24.614 [junit-timeout-thread-5] DEBUG d.m.quorus.protocol.ProtocolFactory - Registering default transfer protocols
10:33:24.614 [junit-timeout-thread-5] DEBUG d.m.quorus.protocol.ProtocolFactory - Creating HttpTransferProtocol instance
10:33:24.614 [junit-timeout-thread-5] INFO  d.m.q.protocol.HttpTransferProtocol - HttpTransferProtocol initialized: connectTimeout=30 SECONDS, socketTimeout=60 SECONDS, maxFileSize=10737418240 bytes
10:33:24.615 [junit-timeout-thread-5] INFO  d.m.quorus.protocol.ProtocolFactory - Registered protocol: http
10:33:24.615 [junit-timeout-thread-5] DEBUG d.m.quorus.protocol.ProtocolFactory - Protocol details: name=http, class=HttpTransferProtocol, supportsResume=false, supportsPause=true
10:33:24.615 [junit-timeout-thread-5] INFO  d.m.quorus.protocol.ProtocolFactory - Registered protocol alias: https -> http
10:33:24.615 [junit-timeout-thread-5] DEBUG d.m.quorus.protocol.ProtocolFactory - Creating SmbTransferProtocol instance
10:33:24.615 [junit-timeout-thread-5] INFO  d.m.quorus.protocol.ProtocolFactory - Registered protocol: smb
10:33:24.615 [junit-timeout-thread-5] DEBUG d.m.quorus.protocol.ProtocolFactory - Protocol details: name=smb, class=SmbTransferProtocol, supportsResume=false, supportsPause=false
10:33:24.615 [junit-timeout-thread-5] INFO  d.m.quorus.protocol.ProtocolFactory - Registered protocol alias: cifs -> smb
10:33:24.615 [junit-timeout-thread-5] DEBUG d.m.quorus.protocol.ProtocolFactory - Creating FtpTransferProtocol instance
10:33:24.615 [junit-timeout-thread-5] INFO  d.m.quorus.protocol.ProtocolFactory - Registered protocol: ftp
10:33:24.615 [junit-timeout-thread-5] DEBUG d.m.quorus.protocol.ProtocolFactory - Protocol details: name=ftp, class=FtpTransferProtocol, supportsResume=false, supportsPause=false
10:33:24.615 [junit-timeout-thread-5] INFO  d.m.quorus.protocol.ProtocolFactory - Registered protocol alias: ftps -> ftp
10:33:24.615 [junit-timeout-thread-5] DEBUG d.m.quorus.protocol.ProtocolFactory - Creating SftpTransferProtocol instance
10:33:24.615 [junit-timeout-thread-5] INFO  d.m.quorus.protocol.ProtocolFactory - Registered protocol: sftp
10:33:24.615 [junit-timeout-thread-5] DEBUG d.m.quorus.protocol.ProtocolFactory - Protocol details: name=sftp, class=SftpTransferProtocol, supportsResume=false, supportsPause=false
10:33:24.616 [junit-timeout-thread-5] DEBUG d.m.quorus.protocol.ProtocolFactory - Creating NfsTransferProtocol instance
10:33:24.616 [junit-timeout-thread-5] DEBUG d.m.q.protocol.NfsTransferProtocol - NfsTransferProtocol initialized with mountRoot=C:\nfs
10:33:24.616 [junit-timeout-thread-5] INFO  d.m.quorus.protocol.ProtocolFactory - Registered protocol: nfs
10:33:24.616 [junit-timeout-thread-5] DEBUG d.m.quorus.protocol.ProtocolFactory - Protocol details: name=nfs, class=NfsTransferProtocol, supportsResume=false, supportsPause=false
10:33:24.616 [junit-timeout-thread-5] INFO  d.m.quorus.protocol.ProtocolFactory - Registered default transfer protocols: count=8, schemes=ftps, ftp, http, smb, sftp, nfs, https, cifs
10:33:24.616 [junit-timeout-thread-5] INFO  d.m.q.transfer.SimpleTransferEngine - SimpleTransferEngine initialized: maxConcurrent=2, maxRetries=3, retryDelay=1ms
10:33:24.616 [transfer-held-interrupt] DEBUG d.m.quorus.protocol.ProtocolFactory - isProtocolSupported: protocol=http, supported=true
10:33:24.616 [transfer-held-interrupt] DEBUG d.m.quorus.protocol.ProtocolFactory - Protocol found: name=http, implementation=HttpTransferProtocol
10:33:24.616 [transfer-held-interrupt] INFO  d.m.q.transfer.SimpleTransferEngine - Transfer started: held-interrupt
10:33:24.616 [transfer-held-interrupt] DEBUG d.m.q.transfer.SimpleTransferEngine - Executing DOWNLOAD (Remote -> Local) transfer held-interrupt: protocol=http, source=http://127.0.0.1:55645/held-interrupt, destination=file:///C:/Users/mraysmit/AppData/Local/Temp/junit5854953069804865690/held-interrupt.bin
10:33:24.616 [transfer-held-interrupt] DEBUG d.m.quorus.protocol.ProtocolFactory - Protocol found: name=http, implementation=HttpTransferProtocol
10:33:24.616 [transfer-held-interrupt] INFO  d.m.q.protocol.HttpTransferProtocol - Starting HTTP download from http://127.0.0.1:55645/held-interrupt
10:33:24.621 [transfer-held-interrupt] INFO  d.m.q.transfer.SimpleTransferEngine - Transfer cancelled: held-interrupt
10:33:24.622 [main] INFO  d.m.q.transfer.SimpleTransferEngine - Shutting down transfer engine; cancelling 0 running transfer(s)
10:33:24.622 [main] INFO  d.m.q.transfer.SimpleTransferEngine - Transfer engine shutdown completed
10:33:24.626 [junit-timeout-thread-6] DEBUG d.m.quorus.protocol.ProtocolFactory - Initializing ProtocolFactory
10:33:24.626 [junit-timeout-thread-6] DEBUG d.m.quorus.protocol.ProtocolFactory - Registering default transfer protocols
10:33:24.626 [junit-timeout-thread-6] DEBUG d.m.quorus.protocol.ProtocolFactory - Creating HttpTransferProtocol instance
10:33:24.626 [junit-timeout-thread-6] INFO  d.m.q.protocol.HttpTransferProtocol - HttpTransferProtocol initialized: connectTimeout=30 SECONDS, socketTimeout=60 SECONDS, maxFileSize=10737418240 bytes
10:33:24.626 [junit-timeout-thread-6] INFO  d.m.quorus.protocol.ProtocolFactory - Registered protocol: http
10:33:24.626 [junit-timeout-thread-6] DEBUG d.m.quorus.protocol.ProtocolFactory - Protocol details: name=http, class=HttpTransferProtocol, supportsResume=false, supportsPause=true
10:33:24.626 [junit-timeout-thread-6] INFO  d.m.quorus.protocol.ProtocolFactory - Registered protocol alias: https -> http
10:33:24.628 [junit-timeout-thread-6] DEBUG d.m.quorus.protocol.ProtocolFactory - Creating SmbTransferProtocol instance
10:33:24.628 [junit-timeout-thread-6] INFO  d.m.quorus.protocol.ProtocolFactory - Registered protocol: smb
10:33:24.628 [junit-timeout-thread-6] DEBUG d.m.quorus.protocol.ProtocolFactory - Protocol details: name=smb, class=SmbTransferProtocol, supportsResume=false, supportsPause=false
10:33:24.628 [junit-timeout-thread-6] INFO  d.m.quorus.protocol.ProtocolFactory - Registered protocol alias: cifs -> smb
10:33:24.628 [junit-timeout-thread-6] DEBUG d.m.quorus.protocol.ProtocolFactory - Creating FtpTransferProtocol instance
10:33:24.628 [junit-timeout-thread-6] INFO  d.m.quorus.protocol.ProtocolFactory - Registered protocol: ftp
10:33:24.628 [junit-timeout-thread-6] DEBUG d.m.quorus.protocol.ProtocolFactory - Protocol details: name=ftp, class=FtpTransferProtocol, supportsResume=false, supportsPause=false
10:33:24.628 [junit-timeout-thread-6] INFO  d.m.quorus.protocol.ProtocolFactory - Registered protocol alias: ftps -> ftp
10:33:24.628 [junit-timeout-thread-6] DEBUG d.m.quorus.protocol.ProtocolFactory - Creating SftpTransferProtocol instance
10:33:24.628 [junit-timeout-thread-6] INFO  d.m.quorus.protocol.ProtocolFactory - Registered protocol: sftp
10:33:24.628 [junit-timeout-thread-6] DEBUG d.m.quorus.protocol.ProtocolFactory - Protocol details: name=sftp, class=SftpTransferProtocol, supportsResume=false, supportsPause=false
10:33:24.628 [junit-timeout-thread-6] DEBUG d.m.quorus.protocol.ProtocolFactory - Creating NfsTransferProtocol instance
10:33:24.628 [junit-timeout-thread-6] DEBUG d.m.q.protocol.NfsTransferProtocol - NfsTransferProtocol initialized with mountRoot=C:\nfs
10:33:24.629 [junit-timeout-thread-6] INFO  d.m.quorus.protocol.ProtocolFactory - Registered protocol: nfs
10:33:24.629 [junit-timeout-thread-6] DEBUG d.m.quorus.protocol.ProtocolFactory - Protocol details: name=nfs, class=NfsTransferProtocol, supportsResume=false, supportsPause=false
10:33:24.629 [junit-timeout-thread-6] INFO  d.m.quorus.protocol.ProtocolFactory - Registered default transfer protocols: count=8, schemes=ftps, ftp, http, smb, sftp, nfs, https, cifs
10:33:24.629 [junit-timeout-thread-6] INFO  d.m.q.transfer.SimpleTransferEngine - SimpleTransferEngine initialized: maxConcurrent=2, maxRetries=0, retryDelay=1ms
10:33:24.629 [junit-timeout-thread-6] DEBUG d.m.quorus.protocol.ProtocolFactory - isProtocolSupported: protocol=http, supported=true
10:33:24.629 [junit-timeout-thread-6] DEBUG d.m.quorus.protocol.ProtocolFactory - Protocol found: name=http, implementation=HttpTransferProtocol
10:33:24.629 [junit-timeout-thread-6] INFO  d.m.q.transfer.SimpleTransferEngine - Transfer started: plain
10:33:24.630 [junit-timeout-thread-6] DEBUG d.m.q.transfer.SimpleTransferEngine - Executing DOWNLOAD (Remote -> Local) transfer plain: protocol=http, source=http://127.0.0.1:55647/plain, destination=file:///C:/Users/mraysmit/AppData/Local/Temp/junit8615752356827006488/plain.bin
10:33:24.630 [junit-timeout-thread-6] DEBUG d.m.quorus.protocol.ProtocolFactory - Protocol found: name=http, implementation=HttpTransferProtocol
10:33:24.630 [junit-timeout-thread-6] INFO  d.m.q.protocol.HttpTransferProtocol - Starting HTTP download from http://127.0.0.1:55647/plain
10:33:24.634 [junit-timeout-thread-6] INFO  d.m.q.protocol.HttpTransferProtocol - HTTP download completed: jobId=plain, bytesTransferred=30, checksum=4807125757598c4f742d6a3615e1e60a59e001841574834ba43c9909e02babaf
10:33:24.634 [junit-timeout-thread-6] INFO  d.m.q.transfer.SimpleTransferEngine - DOWNLOAD (Remote -> Local) transfer completed: plain (30 bytes in 4 ms)
10:33:24.636 [main] INFO  d.m.q.transfer.SimpleTransferEngine - Shutting down transfer engine; cancelling 0 running transfer(s)
10:33:24.637 [main] INFO  d.m.q.transfer.SimpleTransferEngine - Transfer engine shutdown completed
10:33:24.643 [junit-timeout-thread-7] DEBUG d.m.quorus.protocol.ProtocolFactory - Initializing ProtocolFactory
10:33:24.644 [junit-timeout-thread-7] DEBUG d.m.quorus.protocol.ProtocolFactory - Registering default transfer protocols
10:33:24.644 [junit-timeout-thread-7] DEBUG d.m.quorus.protocol.ProtocolFactory - Creating HttpTransferProtocol instance
10:33:24.644 [junit-timeout-thread-7] INFO  d.m.q.protocol.HttpTransferProtocol - HttpTransferProtocol initialized: connectTimeout=30 SECONDS, socketTimeout=60 SECONDS, maxFileSize=10737418240 bytes
10:33:24.644 [junit-timeout-thread-7] INFO  d.m.quorus.protocol.ProtocolFactory - Registered protocol: http
10:33:24.644 [junit-timeout-thread-7] DEBUG d.m.quorus.protocol.ProtocolFactory - Protocol details: name=http, class=HttpTransferProtocol, supportsResume=false, supportsPause=true
10:33:24.644 [junit-timeout-thread-7] INFO  d.m.quorus.protocol.ProtocolFactory - Registered protocol alias: https -> http
10:33:24.644 [junit-timeout-thread-7] DEBUG d.m.quorus.protocol.ProtocolFactory - Creating SmbTransferProtocol instance
10:33:24.645 [junit-timeout-thread-7] INFO  d.m.quorus.protocol.ProtocolFactory - Registered protocol: smb
10:33:24.645 [junit-timeout-thread-7] DEBUG d.m.quorus.protocol.ProtocolFactory - Protocol details: name=smb, class=SmbTransferProtocol, supportsResume=false, supportsPause=false
10:33:24.645 [junit-timeout-thread-7] INFO  d.m.quorus.protocol.ProtocolFactory - Registered protocol alias: cifs -> smb
10:33:24.645 [junit-timeout-thread-7] DEBUG d.m.quorus.protocol.ProtocolFactory - Creating FtpTransferProtocol instance
10:33:24.645 [junit-timeout-thread-7] INFO  d.m.quorus.protocol.ProtocolFactory - Registered protocol: ftp
10:33:24.645 [junit-timeout-thread-7] DEBUG d.m.quorus.protocol.ProtocolFactory - Protocol details: name=ftp, class=FtpTransferProtocol, supportsResume=false, supportsPause=false
10:33:24.645 [junit-timeout-thread-7] INFO  d.m.quorus.protocol.ProtocolFactory - Registered protocol alias: ftps -> ftp
10:33:24.645 [junit-timeout-thread-7] DEBUG d.m.quorus.protocol.ProtocolFactory - Creating SftpTransferProtocol instance
10:33:24.645 [junit-timeout-thread-7] INFO  d.m.quorus.protocol.ProtocolFactory - Registered protocol: sftp
10:33:24.645 [junit-timeout-thread-7] DEBUG d.m.quorus.protocol.ProtocolFactory - Protocol details: name=sftp, class=SftpTransferProtocol, supportsResume=false, supportsPause=false
10:33:24.645 [junit-timeout-thread-7] DEBUG d.m.quorus.protocol.ProtocolFactory - Creating NfsTransferProtocol instance
10:33:24.645 [junit-timeout-thread-7] DEBUG d.m.q.protocol.NfsTransferProtocol - NfsTransferProtocol initialized with mountRoot=C:\nfs
10:33:24.645 [junit-timeout-thread-7] INFO  d.m.quorus.protocol.ProtocolFactory - Registered protocol: nfs
10:33:24.646 [junit-timeout-thread-7] DEBUG d.m.quorus.protocol.ProtocolFactory - Protocol details: name=nfs, class=NfsTransferProtocol, supportsResume=false, supportsPause=false
10:33:24.646 [junit-timeout-thread-7] INFO  d.m.quorus.protocol.ProtocolFactory - Registered default transfer protocols: count=8, schemes=ftps, ftp, http, smb, sftp, nfs, https, cifs
10:33:24.646 [junit-timeout-thread-7] INFO  d.m.q.transfer.SimpleTransferEngine - SimpleTransferEngine initialized: maxConcurrent=2, maxRetries=3, retryDelay=1ms
10:33:24.647 [transfer-held-shutdown] DEBUG d.m.quorus.protocol.ProtocolFactory - isProtocolSupported: protocol=http, supported=true
10:33:24.647 [transfer-held-shutdown] DEBUG d.m.quorus.protocol.ProtocolFactory - Protocol found: name=http, implementation=HttpTransferProtocol
10:33:24.647 [transfer-held-shutdown] INFO  d.m.q.transfer.SimpleTransferEngine - Transfer started: held-shutdown
10:33:24.647 [transfer-held-shutdown] DEBUG d.m.q.transfer.SimpleTransferEngine - Executing DOWNLOAD (Remote -> Local) transfer held-shutdown: protocol=http, source=http://127.0.0.1:55649/held-shutdown, destination=file:///C:/Users/mraysmit/AppData/Local/Temp/junit15605582473419520708/held-shutdown.bin
10:33:24.648 [transfer-held-shutdown] DEBUG d.m.quorus.protocol.ProtocolFactory - Protocol found: name=http, implementation=HttpTransferProtocol
10:33:24.648 [transfer-held-shutdown] INFO  d.m.q.protocol.HttpTransferProtocol - Starting HTTP download from http://127.0.0.1:55649/held-shutdown
10:33:24.651 [junit-timeout-thread-7] INFO  d.m.q.transfer.SimpleTransferEngine - Shutting down transfer engine; cancelling 1 running transfer(s)
10:33:24.653 [transfer-held-shutdown] INFO  d.m.q.transfer.SimpleTransferEngine - Transfer cancelled: held-shutdown
10:33:24.653 [junit-timeout-thread-7] INFO  d.m.q.transfer.SimpleTransferEngine - Transfer engine shutdown completed
10:33:24.654 [main] INFO  d.m.q.transfer.SimpleTransferEngine - Transfer engine shutdown completed
10:33:24.661 [junit-timeout-thread-8] DEBUG d.m.quorus.protocol.ProtocolFactory - Initializing ProtocolFactory
10:33:24.662 [junit-timeout-thread-8] DEBUG d.m.quorus.protocol.ProtocolFactory - Registering default transfer protocols
10:33:24.662 [junit-timeout-thread-8] DEBUG d.m.quorus.protocol.ProtocolFactory - Creating HttpTransferProtocol instance
10:33:24.662 [junit-timeout-thread-8] INFO  d.m.q.protocol.HttpTransferProtocol - HttpTransferProtocol initialized: connectTimeout=30 SECONDS, socketTimeout=60 SECONDS, maxFileSize=10737418240 bytes
10:33:24.662 [junit-timeout-thread-8] INFO  d.m.quorus.protocol.ProtocolFactory - Registered protocol: http
10:33:24.662 [junit-timeout-thread-8] DEBUG d.m.quorus.protocol.ProtocolFactory - Protocol details: name=http, class=HttpTransferProtocol, supportsResume=false, supportsPause=true
10:33:24.662 [junit-timeout-thread-8] INFO  d.m.quorus.protocol.ProtocolFactory - Registered protocol alias: https -> http
10:33:24.662 [junit-timeout-thread-8] DEBUG d.m.quorus.protocol.ProtocolFactory - Creating SmbTransferProtocol instance
10:33:24.662 [junit-timeout-thread-8] INFO  d.m.quorus.protocol.ProtocolFactory - Registered protocol: smb
10:33:24.662 [junit-timeout-thread-8] DEBUG d.m.quorus.protocol.ProtocolFactory - Protocol details: name=smb, class=SmbTransferProtocol, supportsResume=false, supportsPause=false
10:33:24.662 [junit-timeout-thread-8] INFO  d.m.quorus.protocol.ProtocolFactory - Registered protocol alias: cifs -> smb
10:33:24.662 [junit-timeout-thread-8] DEBUG d.m.quorus.protocol.ProtocolFactory - Creating FtpTransferProtocol instance
10:33:24.662 [junit-timeout-thread-8] INFO  d.m.quorus.protocol.ProtocolFactory - Registered protocol: ftp
10:33:24.663 [junit-timeout-thread-8] DEBUG d.m.quorus.protocol.ProtocolFactory - Protocol details: name=ftp, class=FtpTransferProtocol, supportsResume=false, supportsPause=false
10:33:24.663 [junit-timeout-thread-8] INFO  d.m.quorus.protocol.ProtocolFactory - Registered protocol alias: ftps -> ftp
10:33:24.663 [junit-timeout-thread-8] DEBUG d.m.quorus.protocol.ProtocolFactory - Creating SftpTransferProtocol instance
10:33:24.663 [junit-timeout-thread-8] INFO  d.m.quorus.protocol.ProtocolFactory - Registered protocol: sftp
10:33:24.663 [junit-timeout-thread-8] DEBUG d.m.quorus.protocol.ProtocolFactory - Protocol details: name=sftp, class=SftpTransferProtocol, supportsResume=false, supportsPause=false
10:33:24.663 [junit-timeout-thread-8] DEBUG d.m.quorus.protocol.ProtocolFactory - Creating NfsTransferProtocol instance
10:33:24.663 [junit-timeout-thread-8] DEBUG d.m.q.protocol.NfsTransferProtocol - NfsTransferProtocol initialized with mountRoot=C:\nfs
10:33:24.663 [junit-timeout-thread-8] INFO  d.m.quorus.protocol.ProtocolFactory - Registered protocol: nfs
10:33:24.663 [junit-timeout-thread-8] DEBUG d.m.quorus.protocol.ProtocolFactory - Protocol details: name=nfs, class=NfsTransferProtocol, supportsResume=false, supportsPause=false
10:33:24.663 [junit-timeout-thread-8] INFO  d.m.quorus.protocol.ProtocolFactory - Registered default transfer protocols: count=8, schemes=ftps, ftp, http, smb, sftp, nfs, https, cifs
10:33:24.663 [junit-timeout-thread-8] INFO  d.m.q.transfer.SimpleTransferEngine - SimpleTransferEngine initialized: maxConcurrent=2, maxRetries=0, retryDelay=1ms
10:33:24.663 [transfer-held-a] DEBUG d.m.quorus.protocol.ProtocolFactory - isProtocolSupported: protocol=http, supported=true
10:33:24.663 [transfer-held-b] DEBUG d.m.quorus.protocol.ProtocolFactory - isProtocolSupported: protocol=http, supported=true
10:33:24.663 [transfer-held-a] DEBUG d.m.quorus.protocol.ProtocolFactory - Protocol found: name=http, implementation=HttpTransferProtocol
10:33:24.664 [transfer-held-b] DEBUG d.m.quorus.protocol.ProtocolFactory - Protocol found: name=http, implementation=HttpTransferProtocol
10:33:24.664 [transfer-held-a] INFO  d.m.q.transfer.SimpleTransferEngine - Transfer started: held-a
10:33:24.664 [transfer-held-b] INFO  d.m.q.transfer.SimpleTransferEngine - Transfer started: held-b
10:33:24.664 [transfer-held-b] DEBUG d.m.q.transfer.SimpleTransferEngine - Executing DOWNLOAD (Remote -> Local) transfer held-b: protocol=http, source=http://127.0.0.1:55651/held-b, destination=file:///C:/Users/mraysmit/AppData/Local/Temp/junit15279919808676983736/held-b.bin
10:33:24.664 [transfer-held-a] DEBUG d.m.q.transfer.SimpleTransferEngine - Executing DOWNLOAD (Remote -> Local) transfer held-a: protocol=http, source=http://127.0.0.1:55651/held-a, destination=file:///C:/Users/mraysmit/AppData/Local/Temp/junit15279919808676983736/held-a.bin
10:33:24.664 [transfer-held-b] DEBUG d.m.quorus.protocol.ProtocolFactory - Protocol found: name=http, implementation=HttpTransferProtocol
10:33:24.664 [transfer-held-a] DEBUG d.m.quorus.protocol.ProtocolFactory - Protocol found: name=http, implementation=HttpTransferProtocol
10:33:24.664 [transfer-held-b] INFO  d.m.q.protocol.HttpTransferProtocol - Starting HTTP download from http://127.0.0.1:55651/held-b
10:33:24.665 [transfer-held-a] INFO  d.m.q.protocol.HttpTransferProtocol - Starting HTTP download from http://127.0.0.1:55651/held-a
10:33:24.668 [junit-timeout-thread-8] INFO  d.m.q.transfer.SimpleTransferEngine - Transfer cancellation requested: held-a
10:33:24.669 [transfer-held-a] INFO  d.m.q.transfer.SimpleTransferEngine - Transfer cancelled: held-a
10:33:24.671 [transfer-held-b] INFO  d.m.q.protocol.HttpTransferProtocol - HTTP download completed: jobId=held-b, bytesTransferred=30, checksum=4807125757598c4f742d6a3615e1e60a59e001841574834ba43c9909e02babaf
10:33:24.671 [transfer-held-b] INFO  d.m.q.transfer.SimpleTransferEngine - DOWNLOAD (Remote -> Local) transfer completed: held-b (30 bytes in 7 ms)
10:33:24.673 [main] INFO  d.m.q.transfer.SimpleTransferEngine - Shutting down transfer engine; cancelling 0 running transfer(s)
10:33:24.673 [main] INFO  d.m.q.transfer.SimpleTransferEngine - Transfer engine shutdown completed
[ERROR] Tests run: 8, Failures: 1, Errors: 0, Skipped: 0, Time elapsed: 0.720 s <<< FAILURE! -- in dev.mars.quorus.transfer.SimpleTransferEngineBlockingTest
[ERROR] dev.mars.quorus.transfer.SimpleTransferEngineBlockingTest.cancellingARunningTransferEndsItAsCancelled -- Time elapsed: 0.024 s <<< FAILURE!
org.opentest4j.AssertionFailedError: cancellation through the engine must not leave the caller's thread interrupted ==> expected: <false> but was: <true>
	at org.junit.jupiter.api.AssertionFailureBuilder.build(AssertionFailureBuilder.java:151)
	at org.junit.jupiter.api.AssertionFailureBuilder.buildAndThrow(AssertionFailureBuilder.java:132)
	at org.junit.jupiter.api.AssertFalse.failNotFalse(AssertFalse.java:63)
	at org.junit.jupiter.api.AssertFalse.assertFalse(AssertFalse.java:36)
	at org.junit.jupiter.api.Assertions.assertFalse(Assertions.java:236)
	at dev.mars.quorus.transfer.SimpleTransferEngineBlockingTest.cancellingARunningTransferEndsItAsCancelled(SimpleTransferEngineBlockingTest.java:161)
	at java.base/jdk.internal.reflect.DirectMethodHandleAccessor.invoke(DirectMethodHandleAccessor.java:104)
	at java.base/java.lang.reflect.Method.invoke(Method.java:583)
	at org.junit.platform.commons.util.ReflectionUtils.invokeMethod(ReflectionUtils.java:727)
	at org.junit.jupiter.engine.execution.MethodInvocation.proceed(MethodInvocation.java:60)
	at org.junit.jupiter.engine.execution.InvocationInterceptorChain$ValidatingInvocation.proceed(InvocationInterceptorChain.java:131)
	at org.junit.jupiter.api.AssertTimeoutPreemptively.lambda$submitTask$3(AssertTimeoutPreemptively.java:95)
	at java.base/java.util.concurrent.FutureTask.run(FutureTask.java:330)
	at java.base/java.util.concurrent.ThreadPoolExecutor.runWorker(ThreadPoolExecutor.java:1090)
	at java.base/java.util.concurrent.ThreadPoolExecutor$Worker.run(ThreadPoolExecutor.java:614)
	at java.base/java.lang.Thread.run(Thread.java:1527)

[INFO] 
[INFO] Results:
[INFO] 
[ERROR] Failures: 
[ERROR]   SimpleTransferEngineBlockingTest.cancellingARunningTransferEndsItAsCancelled:161 cancellation through the engine must not leave the caller's thread interrupted ==> expected: <false> but was: <true>
[INFO] 
[ERROR] Tests run: 8, Failures: 1, Errors: 0, Skipped: 0
[INFO] 
[INFO] ------------------------------------------------------------------------
[INFO] BUILD FAILURE
[INFO] ------------------------------------------------------------------------
[INFO] Total time:  9.267 s
[INFO] Finished at: 2026-09-27T10:33:25+01:00
[INFO] ------------------------------------------------------------------------
[ERROR] Failed to execute goal org.apache.maven.plugins:maven-surefire-plugin:3.2.2:test (default-test) on project quorus-core: There are test failures.
[ERROR] 
[ERROR] Please refer to C:\Users\mraysmit\dev\idea-projects\quorus\quorus-core\target\surefire-reports for the individual test results.
[ERROR] Please refer to dump files (if any exist) [date].dump, [date]-jvmRun[N].dump and [date].dumpstream.
[ERROR] -> [Help 1]
[ERROR] 
[ERROR] To see the full stack trace of the errors, re-run Maven with the -e switch.
[ERROR] Re-run Maven using the -X switch to enable full debug logging.
[ERROR] 
[ERROR] For more information about the errors and possible solutions, please read the following articles:
[ERROR] [Help 1] http://cwiki.apache.org/confluence/display/MAVEN/MojoFailureException
