WARNING: A terminally deprecated method in sun.misc.Unsafe has been called
WARNING: sun.misc.Unsafe::staticFieldBase has been called by com.google.inject.internal.aop.HiddenClassDefiner (file:/C:/Users/mraysmit/scoop/apps/maven/current/lib/guice-5.1.0-classes.jar)
WARNING: Please consider reporting this to the maintainers of class com.google.inject.internal.aop.HiddenClassDefiner
WARNING: sun.misc.Unsafe::staticFieldBase will be removed in a future release
WARNING: Final field _cipher in class org.sonatype.plexus.components.sec.dispatcher.DefaultSecDispatcher has been mutated reflectively by class org.eclipse.sisu.bean.BeanPropertyField in unnamed module @1e802ef9 (file:/C:/Users/mraysmit/scoop/apps/maven/current/lib/org.eclipse.sisu.inject-0.9.0.M4.jar)
WARNING: Use --enable-final-field-mutation=ALL-UNNAMED to avoid a warning
WARNING: Mutating final fields will be blocked in a future release unless final field mutation is enabled
[INFO] Scanning for projects...
[INFO] 
[INFO] ------------------------< dev.mars:quorus-core >------------------------
[INFO] Building Quorus Core 1.0-SNAPSHOT
[INFO]   from pom.xml
[INFO] --------------------------------[ jar ]---------------------------------
[INFO] 
[INFO] --- clean:3.2.0:clean (default-clean) @ quorus-core ---
[INFO] Deleting C:\Users\mraysmit\dev\idea-projects\quorus\quorus-core\target
[INFO] 
[INFO] --- jacoco:0.8.15:prepare-agent (prepare-agent) @ quorus-core ---
[INFO] argLine set to -javaagent:C:\\Users\\mraysmit\\.m2\\repository\\org\\jacoco\\org.jacoco.agent\\0.8.15\\org.jacoco.agent-0.8.15-runtime.jar=destfile=C:\\Users\\mraysmit\\dev\\idea-projects\\quorus\\quorus-core\\target\\jacoco.exec,excludes=sun/**:jdk/**:java/**:com/sun/**:org/jcp/**
[INFO] 
[INFO] --- resources:3.3.1:resources (default-resources) @ quorus-core ---
[INFO] Copying 1 resource from src\main\resources to target\classes
[INFO] 
[INFO] --- compiler:3.13.0:compile (default-compile) @ quorus-core ---
[INFO] Recompiling the module because of changed source code.
[INFO] Compiling 73 source files with javac [debug release 27] to target\classes
[INFO] /C:/Users/mraysmit/dev/idea-projects/quorus/quorus-core/src/main/java/dev/mars/quorus/protocol/FtpTransferProtocol.java: Some input files use or override a deprecated API.
[INFO] /C:/Users/mraysmit/dev/idea-projects/quorus/quorus-core/src/main/java/dev/mars/quorus/protocol/FtpTransferProtocol.java: Recompile with -Xlint:deprecation for details.
[INFO] 
[INFO] --- resources:3.3.1:testResources (default-testResources) @ quorus-core ---
[INFO] Copying 16 resources from src\test\resources to target\test-classes
[INFO] 
[INFO] --- compiler:3.13.0:testCompile (default-testCompile) @ quorus-core ---
[INFO] Recompiling the module because of changed dependency.
[INFO] Compiling 92 source files with javac [debug release 27] to target\test-classes
[INFO] /C:/Users/mraysmit/dev/idea-projects/quorus/quorus-core/src/test/java/dev/mars/quorus/connection/TlsTrustAnchorPolicyTest.java: Some input files use or override a deprecated API.
[INFO] /C:/Users/mraysmit/dev/idea-projects/quorus/quorus-core/src/test/java/dev/mars/quorus/connection/TlsTrustAnchorPolicyTest.java: Recompile with -Xlint:deprecation for details.
[INFO] 
[INFO] --- surefire:3.2.2:test (default-test) @ quorus-core ---
[INFO] Using auto detected provider org.apache.maven.surefire.junitplatform.JUnitPlatformProvider
[INFO] 
[INFO] -------------------------------------------------------
[INFO]  T E S T S
[INFO] -------------------------------------------------------
[INFO] Running dev.mars.quorus.protocol.HttpTransferProtocolBoundaryTest
[INFO] Running dev.mars.quorus.protocol.HttpTransferProtocolBoundaryTest$Ungoverned
[ERROR] Tests run: 5, Failures: 3, Errors: 2, Skipped: 0, Time elapsed: 0.494 s <<< FAILURE! -- in dev.mars.quorus.protocol.HttpTransferProtocolBoundaryTest$Ungoverned
[ERROR] dev.mars.quorus.protocol.HttpTransferProtocolBoundaryTest$Ungoverned.aNonSuccessStatusFailsTheTransferWithoutWritingTheDestination -- Time elapsed: 0.424 s <<< FAILURE!
org.opentest4j.AssertionFailedError: Transfer download failed: Synchronous HTTP transfer() is disabled in reactive-only mode. Use transferReactive(). ==> expected: <true> but was: <false>
	at org.junit.jupiter.api.AssertionFailureBuilder.build(AssertionFailureBuilder.java:151)
	at org.junit.jupiter.api.AssertionFailureBuilder.buildAndThrow(AssertionFailureBuilder.java:132)
	at org.junit.jupiter.api.AssertTrue.failNotTrue(AssertTrue.java:63)
	at org.junit.jupiter.api.AssertTrue.assertTrue(AssertTrue.java:36)
	at org.junit.jupiter.api.Assertions.assertTrue(Assertions.java:211)
	at dev.mars.quorus.protocol.HttpTransferProtocolBoundaryTest$Ungoverned.aNonSuccessStatusFailsTheTransferWithoutWritingTheDestination(HttpTransferProtocolBoundaryTest.java:233)
	at java.base/jdk.internal.reflect.DirectMethodHandleAccessor.invoke(DirectMethodHandleAccessor.java:104)
	at java.base/java.lang.reflect.Method.invoke(Method.java:583)
	at org.junit.platform.commons.util.ReflectionUtils.invokeMethod(ReflectionUtils.java:727)
	at org.junit.jupiter.engine.execution.MethodInvocation.proceed(MethodInvocation.java:60)
	at org.junit.jupiter.engine.execution.InvocationInterceptorChain$ValidatingInvocation.proceed(InvocationInterceptorChain.java:131)
	at org.junit.jupiter.api.AssertTimeoutPreemptively.lambda$submitTask$3(AssertTimeoutPreemptively.java:95)
	at java.base/java.util.concurrent.FutureTask.run(FutureTask.java:330)
	at java.base/java.util.concurrent.ThreadPoolExecutor.runWorker(ThreadPoolExecutor.java:1090)
	at java.base/java.util.concurrent.ThreadPoolExecutor$Worker.run(ThreadPoolExecutor.java:614)
	at java.base/java.lang.Thread.run(Thread.java:1527)

[ERROR] dev.mars.quorus.protocol.HttpTransferProtocolBoundaryTest$Ungoverned.uploadStreamsTheFileWithPut -- Time elapsed: 0.011 s <<< ERROR!
dev.mars.quorus.core.exceptions.TransferException: Transfer upload failed: Synchronous HTTP transfer() is disabled in reactive-only mode. Use transferReactive().
	at dev.mars.quorus.protocol.HttpTransferProtocol.transfer(HttpTransferProtocol.java:152)
	at dev.mars.quorus.protocol.HttpTransferProtocolBoundaryTest$Ungoverned.uploadStreamsTheFileWithPut(HttpTransferProtocolBoundaryTest.java:327)
	at java.base/jdk.internal.reflect.DirectMethodHandleAccessor.invoke(DirectMethodHandleAccessor.java:104)
	at java.base/java.lang.reflect.Method.invoke(Method.java:583)
	at org.junit.platform.commons.util.ReflectionUtils.invokeMethod(ReflectionUtils.java:727)
	at org.junit.jupiter.engine.execution.MethodInvocation.proceed(MethodInvocation.java:60)
	at org.junit.jupiter.engine.execution.InvocationInterceptorChain$ValidatingInvocation.proceed(InvocationInterceptorChain.java:131)
	at org.junit.jupiter.api.AssertTimeoutPreemptively.lambda$submitTask$3(AssertTimeoutPreemptively.java:95)
	at java.base/java.util.concurrent.FutureTask.run(FutureTask.java:330)
	at java.base/java.util.concurrent.ThreadPoolExecutor.runWorker(ThreadPoolExecutor.java:1090)
	at java.base/java.util.concurrent.ThreadPoolExecutor$Worker.run(ThreadPoolExecutor.java:614)
	at java.base/java.lang.Thread.run(Thread.java:1527)

[ERROR] dev.mars.quorus.protocol.HttpTransferProtocolBoundaryTest$Ungoverned.redirectsAreFollowed -- Time elapsed: 0.006 s <<< ERROR!
dev.mars.quorus.core.exceptions.TransferException: Transfer download failed: Synchronous HTTP transfer() is disabled in reactive-only mode. Use transferReactive().
	at dev.mars.quorus.protocol.HttpTransferProtocol.transfer(HttpTransferProtocol.java:152)
	at dev.mars.quorus.protocol.HttpTransferProtocolBoundaryTest.download(HttpTransferProtocolBoundaryTest.java:346)
	at dev.mars.quorus.protocol.HttpTransferProtocolBoundaryTest$Ungoverned.redirectsAreFollowed(HttpTransferProtocolBoundaryTest.java:217)
	at java.base/jdk.internal.reflect.DirectMethodHandleAccessor.invoke(DirectMethodHandleAccessor.java:104)
	at java.base/java.lang.reflect.Method.invoke(Method.java:583)
	at org.junit.platform.commons.util.ReflectionUtils.invokeMethod(ReflectionUtils.java:727)
	at org.junit.jupiter.engine.execution.MethodInvocation.proceed(MethodInvocation.java:60)
	at org.junit.jupiter.engine.execution.InvocationInterceptorChain$ValidatingInvocation.proceed(InvocationInterceptorChain.java:131)
	at org.junit.jupiter.api.AssertTimeoutPreemptively.lambda$submitTask$3(AssertTimeoutPreemptively.java:95)
	at java.base/java.util.concurrent.FutureTask.run(FutureTask.java:330)
	at java.base/java.util.concurrent.ThreadPoolExecutor.runWorker(ThreadPoolExecutor.java:1090)
	at java.base/java.util.concurrent.ThreadPoolExecutor$Worker.run(ThreadPoolExecutor.java:614)
	at java.base/java.lang.Thread.run(Thread.java:1527)

[ERROR] dev.mars.quorus.protocol.HttpTransferProtocolBoundaryTest$Ungoverned.aChecksumMismatchFailsTheTransferWithoutWritingTheDestination -- Time elapsed: 0.007 s <<< FAILURE!
java.lang.AssertionError: expected the cause chain to mention 'Checksum mismatch'
	at dev.mars.quorus.protocol.HttpTransferProtocolBoundaryTest.assertChainMentions(HttpTransferProtocolBoundaryTest.java:384)
	at dev.mars.quorus.protocol.HttpTransferProtocolBoundaryTest$Ungoverned.aChecksumMismatchFailsTheTransferWithoutWritingTheDestination(HttpTransferProtocolBoundaryTest.java:250)
	at java.base/jdk.internal.reflect.DirectMethodHandleAccessor.invoke(DirectMethodHandleAccessor.java:104)
	at java.base/java.lang.reflect.Method.invoke(Method.java:583)
	at org.junit.platform.commons.util.ReflectionUtils.invokeMethod(ReflectionUtils.java:727)
	at org.junit.jupiter.engine.execution.MethodInvocation.proceed(MethodInvocation.java:60)
	at org.junit.jupiter.engine.execution.InvocationInterceptorChain$ValidatingInvocation.proceed(InvocationInterceptorChain.java:131)
	at org.junit.jupiter.api.AssertTimeoutPreemptively.lambda$submitTask$3(AssertTimeoutPreemptively.java:95)
	at java.base/java.util.concurrent.FutureTask.run(FutureTask.java:330)
	at java.base/java.util.concurrent.ThreadPoolExecutor.runWorker(ThreadPoolExecutor.java:1090)
	at java.base/java.util.concurrent.ThreadPoolExecutor$Worker.run(ThreadPoolExecutor.java:614)
	at java.base/java.lang.Thread.run(Thread.java:1527)
Caused by: dev.mars.quorus.core.exceptions.TransferException: Transfer checksum failed: Synchronous HTTP transfer() is disabled in reactive-only mode. Use transferReactive().
	at dev.mars.quorus.protocol.HttpTransferProtocol.transfer(HttpTransferProtocol.java:152)
	at dev.mars.quorus.protocol.HttpTransferProtocolBoundaryTest$Ungoverned.lambda$aChecksumMismatchFailsTheTransferWithoutWritingTheDestination$0(HttpTransferProtocolBoundaryTest.java:248)
	at org.junit.jupiter.api.AssertThrows.assertThrows(AssertThrows.java:53)
	at org.junit.jupiter.api.AssertThrows.assertThrows(AssertThrows.java:35)
	at org.junit.jupiter.api.Assertions.assertThrows(Assertions.java:3083)
	at dev.mars.quorus.protocol.HttpTransferProtocolBoundaryTest$Ungoverned.aChecksumMismatchFailsTheTransferWithoutWritingTheDestination(HttpTransferProtocolBoundaryTest.java:247)
	... 10 more

[ERROR] dev.mars.quorus.protocol.HttpTransferProtocolBoundaryTest$Ungoverned.downloadsStreamToDiskBeforeTheResponseCompletes -- Time elapsed: 0.020 s <<< FAILURE!
java.lang.AssertionError: the transfer ended before streaming any data to data.bin.tmp
	at dev.mars.quorus.protocol.HttpTransferProtocolBoundaryTest$Ungoverned.downloadsStreamToDiskBeforeTheResponseCompletes(HttpTransferProtocolBoundaryTest.java:291)
	at java.base/jdk.internal.reflect.DirectMethodHandleAccessor.invoke(DirectMethodHandleAccessor.java:104)
	at java.base/java.lang.reflect.Method.invoke(Method.java:583)
	at org.junit.platform.commons.util.ReflectionUtils.invokeMethod(ReflectionUtils.java:727)
	at org.junit.jupiter.engine.execution.MethodInvocation.proceed(MethodInvocation.java:60)
	at org.junit.jupiter.engine.execution.InvocationInterceptorChain$ValidatingInvocation.proceed(InvocationInterceptorChain.java:131)
	at org.junit.jupiter.api.AssertTimeoutPreemptively.lambda$submitTask$3(AssertTimeoutPreemptively.java:95)
	at java.base/java.util.concurrent.FutureTask.run(FutureTask.java:330)
	at java.base/java.util.concurrent.ThreadPoolExecutor.runWorker(ThreadPoolExecutor.java:1090)
	at java.base/java.util.concurrent.ThreadPoolExecutor$Worker.run(ThreadPoolExecutor.java:614)
	at java.base/java.lang.Thread.run(Thread.java:1527)
Caused by: dev.mars.quorus.core.exceptions.TransferException: Transfer download failed: Synchronous HTTP transfer() is disabled in reactive-only mode. Use transferReactive().
	at dev.mars.quorus.protocol.HttpTransferProtocol.transfer(HttpTransferProtocol.java:152)
	at dev.mars.quorus.protocol.HttpTransferProtocolBoundaryTest.download(HttpTransferProtocolBoundaryTest.java:346)
	at dev.mars.quorus.protocol.HttpTransferProtocolBoundaryTest$Ungoverned.lambda$downloadsStreamToDiskBeforeTheResponseCompletes$1(HttpTransferProtocolBoundaryTest.java:276)
	at java.base/java.lang.VirtualThread.run(VirtualThread.java:470)

[INFO] Running dev.mars.quorus.protocol.HttpTransferProtocolBoundaryTest$GovernedHttps
[ERROR] Tests run: 8, Failures: 5, Errors: 3, Skipped: 0, Time elapsed: 0.328 s <<< FAILURE! -- in dev.mars.quorus.protocol.HttpTransferProtocolBoundaryTest$GovernedHttps
[ERROR] dev.mars.quorus.protocol.HttpTransferProtocolBoundaryTest$GovernedHttps.aLeafPinThatDoesNotMatchIsRejected -- Time elapsed: 0.165 s <<< FAILURE!
java.lang.AssertionError: expected the cause chain to mention 'TLS peer certificate is not approved'
	at dev.mars.quorus.protocol.HttpTransferProtocolBoundaryTest.assertChainMentions(HttpTransferProtocolBoundaryTest.java:384)
	at dev.mars.quorus.protocol.HttpTransferProtocolBoundaryTest$GovernedHttps.aLeafPinThatDoesNotMatchIsRejected(HttpTransferProtocolBoundaryTest.java:144)
	at java.base/jdk.internal.reflect.DirectMethodHandleAccessor.invoke(DirectMethodHandleAccessor.java:104)
	at java.base/java.lang.reflect.Method.invoke(Method.java:583)
	at org.junit.platform.commons.util.ReflectionUtils.invokeMethod(ReflectionUtils.java:727)
	at org.junit.jupiter.engine.execution.MethodInvocation.proceed(MethodInvocation.java:60)
	at org.junit.jupiter.engine.execution.InvocationInterceptorChain$ValidatingInvocation.proceed(InvocationInterceptorChain.java:131)
	at org.junit.jupiter.api.AssertTimeoutPreemptively.lambda$submitTask$3(AssertTimeoutPreemptively.java:95)
	at java.base/java.util.concurrent.FutureTask.run(FutureTask.java:330)
	at java.base/java.util.concurrent.ThreadPoolExecutor.runWorker(ThreadPoolExecutor.java:1090)
	at java.base/java.util.concurrent.ThreadPoolExecutor$Worker.run(ThreadPoolExecutor.java:614)
	at java.base/java.lang.Thread.run(Thread.java:1527)
Caused by: dev.mars.quorus.core.exceptions.TransferException: Transfer download failed: Synchronous HTTP transfer() is disabled in reactive-only mode. Use transferReactive().
	at dev.mars.quorus.protocol.HttpTransferProtocol.transfer(HttpTransferProtocol.java:152)
	at dev.mars.quorus.protocol.HttpTransferProtocolBoundaryTest.download(HttpTransferProtocolBoundaryTest.java:346)
	at dev.mars.quorus.protocol.HttpTransferProtocolBoundaryTest$GovernedHttps.lambda$aLeafPinThatDoesNotMatchIsRejected$0(HttpTransferProtocolBoundaryTest.java:140)
	at org.junit.jupiter.api.AssertThrows.assertThrows(AssertThrows.java:53)
	at org.junit.jupiter.api.AssertThrows.assertThrows(AssertThrows.java:35)
	at org.junit.jupiter.api.Assertions.assertThrows(Assertions.java:3083)
	at dev.mars.quorus.protocol.HttpTransferProtocolBoundaryTest$GovernedHttps.aLeafPinThatDoesNotMatchIsRejected(HttpTransferProtocolBoundaryTest.java:140)
	... 10 more

[ERROR] dev.mars.quorus.protocol.HttpTransferProtocolBoundaryTest$GovernedHttps.aCertificateForAnotherNameIsRejected -- Time elapsed: 0.036 s <<< FAILURE!
java.lang.AssertionError: expected a SSLException in the cause chain
	at dev.mars.quorus.protocol.HttpTransferProtocolBoundaryTest.assertCausedBy(HttpTransferProtocolBoundaryTest.java:375)
	at dev.mars.quorus.protocol.HttpTransferProtocolBoundaryTest$GovernedHttps.aCertificateForAnotherNameIsRejected(HttpTransferProtocolBoundaryTest.java:131)
	at java.base/jdk.internal.reflect.DirectMethodHandleAccessor.invoke(DirectMethodHandleAccessor.java:104)
	at java.base/java.lang.reflect.Method.invoke(Method.java:583)
	at org.junit.platform.commons.util.ReflectionUtils.invokeMethod(ReflectionUtils.java:727)
	at org.junit.jupiter.engine.execution.MethodInvocation.proceed(MethodInvocation.java:60)
	at org.junit.jupiter.engine.execution.InvocationInterceptorChain$ValidatingInvocation.proceed(InvocationInterceptorChain.java:131)
	at org.junit.jupiter.api.AssertTimeoutPreemptively.lambda$submitTask$3(AssertTimeoutPreemptively.java:95)
	at java.base/java.util.concurrent.FutureTask.run(FutureTask.java:330)
	at java.base/java.util.concurrent.ThreadPoolExecutor.runWorker(ThreadPoolExecutor.java:1090)
	at java.base/java.util.concurrent.ThreadPoolExecutor$Worker.run(ThreadPoolExecutor.java:614)
	at java.base/java.lang.Thread.run(Thread.java:1527)
Caused by: dev.mars.quorus.core.exceptions.TransferException: Transfer download failed: Synchronous HTTP transfer() is disabled in reactive-only mode. Use transferReactive().
	at dev.mars.quorus.protocol.HttpTransferProtocol.transfer(HttpTransferProtocol.java:152)
	at dev.mars.quorus.protocol.HttpTransferProtocolBoundaryTest.download(HttpTransferProtocolBoundaryTest.java:346)
	at dev.mars.quorus.protocol.HttpTransferProtocolBoundaryTest$GovernedHttps.lambda$aCertificateForAnotherNameIsRejected$0(HttpTransferProtocolBoundaryTest.java:128)
	at org.junit.jupiter.api.AssertThrows.assertThrows(AssertThrows.java:53)
	at org.junit.jupiter.api.AssertThrows.assertThrows(AssertThrows.java:35)
	at org.junit.jupiter.api.Assertions.assertThrows(Assertions.java:3083)
	at dev.mars.quorus.protocol.HttpTransferProtocolBoundaryTest$GovernedHttps.aCertificateForAnotherNameIsRejected(HttpTransferProtocolBoundaryTest.java:128)
	... 10 more

[ERROR] dev.mars.quorus.protocol.HttpTransferProtocolBoundaryTest$GovernedHttps.aMatchingLeafPinIsAccepted -- Time elapsed: 0.030 s <<< ERROR!
dev.mars.quorus.core.exceptions.TransferException: Transfer download failed: Synchronous HTTP transfer() is disabled in reactive-only mode. Use transferReactive().
	at dev.mars.quorus.protocol.HttpTransferProtocol.transfer(HttpTransferProtocol.java:152)
	at dev.mars.quorus.protocol.HttpTransferProtocolBoundaryTest.download(HttpTransferProtocolBoundaryTest.java:346)
	at dev.mars.quorus.protocol.HttpTransferProtocolBoundaryTest$GovernedHttps.aMatchingLeafPinIsAccepted(HttpTransferProtocolBoundaryTest.java:152)
	at java.base/jdk.internal.reflect.DirectMethodHandleAccessor.invoke(DirectMethodHandleAccessor.java:104)
	at java.base/java.lang.reflect.Method.invoke(Method.java:583)
	at org.junit.platform.commons.util.ReflectionUtils.invokeMethod(ReflectionUtils.java:727)
	at org.junit.jupiter.engine.execution.MethodInvocation.proceed(MethodInvocation.java:60)
	at org.junit.jupiter.engine.execution.InvocationInterceptorChain$ValidatingInvocation.proceed(InvocationInterceptorChain.java:131)
	at org.junit.jupiter.api.AssertTimeoutPreemptively.lambda$submitTask$3(AssertTimeoutPreemptively.java:95)
	at java.base/java.util.concurrent.FutureTask.run(FutureTask.java:330)
	at java.base/java.util.concurrent.ThreadPoolExecutor.runWorker(ThreadPoolExecutor.java:1090)
	at java.base/java.util.concurrent.ThreadPoolExecutor$Worker.run(ThreadPoolExecutor.java:614)
	at java.base/java.lang.Thread.run(Thread.java:1527)

[ERROR] dev.mars.quorus.protocol.HttpTransferProtocolBoundaryTest$GovernedHttps.basicAuthenticationSendsTheIdentityAndSecret -- Time elapsed: 0.024 s <<< ERROR!
dev.mars.quorus.core.exceptions.TransferException: Transfer download failed: Synchronous HTTP transfer() is disabled in reactive-only mode. Use transferReactive().
	at dev.mars.quorus.protocol.HttpTransferProtocol.transfer(HttpTransferProtocol.java:152)
	at dev.mars.quorus.protocol.HttpTransferProtocolBoundaryTest.download(HttpTransferProtocolBoundaryTest.java:346)
	at dev.mars.quorus.protocol.HttpTransferProtocolBoundaryTest$GovernedHttps.basicAuthenticationSendsTheIdentityAndSecret(HttpTransferProtocolBoundaryTest.java:117)
	at java.base/jdk.internal.reflect.DirectMethodHandleAccessor.invoke(DirectMethodHandleAccessor.java:104)
	at java.base/java.lang.reflect.Method.invoke(Method.java:583)
	at org.junit.platform.commons.util.ReflectionUtils.invokeMethod(ReflectionUtils.java:727)
	at org.junit.jupiter.engine.execution.MethodInvocation.proceed(MethodInvocation.java:60)
	at org.junit.jupiter.engine.execution.InvocationInterceptorChain$ValidatingInvocation.proceed(InvocationInterceptorChain.java:131)
	at org.junit.jupiter.api.AssertTimeoutPreemptively.lambda$submitTask$3(AssertTimeoutPreemptively.java:95)
	at java.base/java.util.concurrent.FutureTask.run(FutureTask.java:330)
	at java.base/java.util.concurrent.ThreadPoolExecutor.runWorker(ThreadPoolExecutor.java:1090)
	at java.base/java.util.concurrent.ThreadPoolExecutor$Worker.run(ThreadPoolExecutor.java:614)
	at java.base/java.lang.Thread.run(Thread.java:1527)

[ERROR] dev.mars.quorus.protocol.HttpTransferProtocolBoundaryTest$GovernedHttps.downloadReachesTheApprovedAddressUsingTheServiceHostnameForSniAndHost -- Time elapsed: 0.016 s <<< ERROR!
dev.mars.quorus.core.exceptions.TransferException: Transfer download failed: Synchronous HTTP transfer() is disabled in reactive-only mode. Use transferReactive().
	at dev.mars.quorus.protocol.HttpTransferProtocol.transfer(HttpTransferProtocol.java:152)
	at dev.mars.quorus.protocol.HttpTransferProtocolBoundaryTest.download(HttpTransferProtocolBoundaryTest.java:346)
	at dev.mars.quorus.protocol.HttpTransferProtocolBoundaryTest$GovernedHttps.downloadReachesTheApprovedAddressUsingTheServiceHostnameForSniAndHost(HttpTransferProtocolBoundaryTest.java:103)
	at java.base/jdk.internal.reflect.DirectMethodHandleAccessor.invoke(DirectMethodHandleAccessor.java:104)
	at java.base/java.lang.reflect.Method.invoke(Method.java:583)
	at org.junit.platform.commons.util.ReflectionUtils.invokeMethod(ReflectionUtils.java:727)
	at org.junit.jupiter.engine.execution.MethodInvocation.proceed(MethodInvocation.java:60)
	at org.junit.jupiter.engine.execution.InvocationInterceptorChain$ValidatingInvocation.proceed(InvocationInterceptorChain.java:131)
	at org.junit.jupiter.api.AssertTimeoutPreemptively.lambda$submitTask$3(AssertTimeoutPreemptively.java:95)
	at java.base/java.util.concurrent.FutureTask.run(FutureTask.java:330)
	at java.base/java.util.concurrent.ThreadPoolExecutor.runWorker(ThreadPoolExecutor.java:1090)
	at java.base/java.util.concurrent.ThreadPoolExecutor$Worker.run(ThreadPoolExecutor.java:614)
	at java.base/java.lang.Thread.run(Thread.java:1527)

[ERROR] dev.mars.quorus.protocol.HttpTransferProtocolBoundaryTest$GovernedHttps.anUnapprovedCertificateAuthorityIsRejected -- Time elapsed: 0.016 s <<< FAILURE!
java.lang.AssertionError: expected the cause chain to mention 'TLS certificate authority is not approved'
	at dev.mars.quorus.protocol.HttpTransferProtocolBoundaryTest.assertChainMentions(HttpTransferProtocolBoundaryTest.java:384)
	at dev.mars.quorus.protocol.HttpTransferProtocolBoundaryTest$GovernedHttps.anUnapprovedCertificateAuthorityIsRejected(HttpTransferProtocolBoundaryTest.java:167)
	at java.base/jdk.internal.reflect.DirectMethodHandleAccessor.invoke(DirectMethodHandleAccessor.java:104)
	at java.base/java.lang.reflect.Method.invoke(Method.java:583)
	at org.junit.platform.commons.util.ReflectionUtils.invokeMethod(ReflectionUtils.java:727)
	at org.junit.jupiter.engine.execution.MethodInvocation.proceed(MethodInvocation.java:60)
	at org.junit.jupiter.engine.execution.InvocationInterceptorChain$ValidatingInvocation.proceed(InvocationInterceptorChain.java:131)
	at org.junit.jupiter.api.AssertTimeoutPreemptively.lambda$submitTask$3(AssertTimeoutPreemptively.java:95)
	at java.base/java.util.concurrent.FutureTask.run(FutureTask.java:330)
	at java.base/java.util.concurrent.ThreadPoolExecutor.runWorker(ThreadPoolExecutor.java:1090)
	at java.base/java.util.concurrent.ThreadPoolExecutor$Worker.run(ThreadPoolExecutor.java:614)
	at java.base/java.lang.Thread.run(Thread.java:1527)
Caused by: dev.mars.quorus.core.exceptions.TransferException: Transfer download failed: Synchronous HTTP transfer() is disabled in reactive-only mode. Use transferReactive().
	at dev.mars.quorus.protocol.HttpTransferProtocol.transfer(HttpTransferProtocol.java:152)
	at dev.mars.quorus.protocol.HttpTransferProtocolBoundaryTest.download(HttpTransferProtocolBoundaryTest.java:346)
	at dev.mars.quorus.protocol.HttpTransferProtocolBoundaryTest$GovernedHttps.lambda$anUnapprovedCertificateAuthorityIsRejected$0(HttpTransferProtocolBoundaryTest.java:163)
	at org.junit.jupiter.api.AssertThrows.assertThrows(AssertThrows.java:53)
	at org.junit.jupiter.api.AssertThrows.assertThrows(AssertThrows.java:35)
	at org.junit.jupiter.api.Assertions.assertThrows(Assertions.java:3083)
	at dev.mars.quorus.protocol.HttpTransferProtocolBoundaryTest$GovernedHttps.anUnapprovedCertificateAuthorityIsRejected(HttpTransferProtocolBoundaryTest.java:163)
	... 10 more

[ERROR] dev.mars.quorus.protocol.HttpTransferProtocolBoundaryTest$GovernedHttps.redirectsAreNotFollowed -- Time elapsed: 0.013 s <<< FAILURE!
org.opentest4j.AssertionFailedError: Transfer download failed: Synchronous HTTP transfer() is disabled in reactive-only mode. Use transferReactive(). ==> expected: <true> but was: <false>
	at org.junit.jupiter.api.AssertionFailureBuilder.build(AssertionFailureBuilder.java:151)
	at org.junit.jupiter.api.AssertionFailureBuilder.buildAndThrow(AssertionFailureBuilder.java:132)
	at org.junit.jupiter.api.AssertTrue.failNotTrue(AssertTrue.java:63)
	at org.junit.jupiter.api.AssertTrue.assertTrue(AssertTrue.java:36)
	at org.junit.jupiter.api.Assertions.assertTrue(Assertions.java:211)
	at dev.mars.quorus.protocol.HttpTransferProtocolBoundaryTest$GovernedHttps.redirectsAreNotFollowed(HttpTransferProtocolBoundaryTest.java:194)
	at java.base/jdk.internal.reflect.DirectMethodHandleAccessor.invoke(DirectMethodHandleAccessor.java:104)
	at java.base/java.lang.reflect.Method.invoke(Method.java:583)
	at org.junit.platform.commons.util.ReflectionUtils.invokeMethod(ReflectionUtils.java:727)
	at org.junit.jupiter.engine.execution.MethodInvocation.proceed(MethodInvocation.java:60)
	at org.junit.jupiter.engine.execution.InvocationInterceptorChain$ValidatingInvocation.proceed(InvocationInterceptorChain.java:131)
	at org.junit.jupiter.api.AssertTimeoutPreemptively.lambda$submitTask$3(AssertTimeoutPreemptively.java:95)
	at java.base/java.util.concurrent.FutureTask.run(FutureTask.java:330)
	at java.base/java.util.concurrent.ThreadPoolExecutor.runWorker(ThreadPoolExecutor.java:1090)
	at java.base/java.util.concurrent.ThreadPoolExecutor$Worker.run(ThreadPoolExecutor.java:614)
	at java.base/java.lang.Thread.run(Thread.java:1527)

[ERROR] dev.mars.quorus.protocol.HttpTransferProtocolBoundaryTest$GovernedHttps.theMinimumTlsVersionIsEnforced -- Time elapsed: 0.010 s <<< FAILURE!
java.lang.AssertionError: expected a SSLHandshakeException in the cause chain
	at dev.mars.quorus.protocol.HttpTransferProtocolBoundaryTest.assertCausedBy(HttpTransferProtocolBoundaryTest.java:375)
	at dev.mars.quorus.protocol.HttpTransferProtocolBoundaryTest$GovernedHttps.theMinimumTlsVersionIsEnforced(HttpTransferProtocolBoundaryTest.java:178)
	at java.base/jdk.internal.reflect.DirectMethodHandleAccessor.invoke(DirectMethodHandleAccessor.java:104)
	at java.base/java.lang.reflect.Method.invoke(Method.java:583)
	at org.junit.platform.commons.util.ReflectionUtils.invokeMethod(ReflectionUtils.java:727)
	at org.junit.jupiter.engine.execution.MethodInvocation.proceed(MethodInvocation.java:60)
	at org.junit.jupiter.engine.execution.InvocationInterceptorChain$ValidatingInvocation.proceed(InvocationInterceptorChain.java:131)
	at org.junit.jupiter.api.AssertTimeoutPreemptively.lambda$submitTask$3(AssertTimeoutPreemptively.java:95)
	at java.base/java.util.concurrent.FutureTask.run(FutureTask.java:330)
	at java.base/java.util.concurrent.ThreadPoolExecutor.runWorker(ThreadPoolExecutor.java:1090)
	at java.base/java.util.concurrent.ThreadPoolExecutor$Worker.run(ThreadPoolExecutor.java:614)
	at java.base/java.lang.Thread.run(Thread.java:1527)
Caused by: dev.mars.quorus.core.exceptions.TransferException: Transfer download failed: Synchronous HTTP transfer() is disabled in reactive-only mode. Use transferReactive().
	at dev.mars.quorus.protocol.HttpTransferProtocol.transfer(HttpTransferProtocol.java:152)
	at dev.mars.quorus.protocol.HttpTransferProtocolBoundaryTest.download(HttpTransferProtocolBoundaryTest.java:346)
	at dev.mars.quorus.protocol.HttpTransferProtocolBoundaryTest$GovernedHttps.lambda$theMinimumTlsVersionIsEnforced$0(HttpTransferProtocolBoundaryTest.java:175)
	at org.junit.jupiter.api.AssertThrows.assertThrows(AssertThrows.java:53)
	at org.junit.jupiter.api.AssertThrows.assertThrows(AssertThrows.java:35)
	at org.junit.jupiter.api.Assertions.assertThrows(Assertions.java:3083)
	at dev.mars.quorus.protocol.HttpTransferProtocolBoundaryTest$GovernedHttps.theMinimumTlsVersionIsEnforced(HttpTransferProtocolBoundaryTest.java:175)
	... 10 more

[INFO] Tests run: 0, Failures: 0, Errors: 0, Skipped: 0, Time elapsed: 0.838 s -- in dev.mars.quorus.protocol.HttpTransferProtocolBoundaryTest
[INFO] 
[INFO] Results:
[INFO] 
[ERROR] Failures: 
[ERROR]   HttpTransferProtocolBoundaryTest$GovernedHttps.aCertificateForAnotherNameIsRejected:131 expected a SSLException in the cause chain
[ERROR]   HttpTransferProtocolBoundaryTest$GovernedHttps.aLeafPinThatDoesNotMatchIsRejected:144 expected the cause chain to mention 'TLS peer certificate is not approved'
[ERROR]   HttpTransferProtocolBoundaryTest$GovernedHttps.anUnapprovedCertificateAuthorityIsRejected:167 expected the cause chain to mention 'TLS certificate authority is not approved'
[ERROR]   HttpTransferProtocolBoundaryTest$GovernedHttps.redirectsAreNotFollowed:194 Transfer download failed: Synchronous HTTP transfer() is disabled in reactive-only mode. Use transferReactive(). ==> expected: <true> but was: <false>
[ERROR]   HttpTransferProtocolBoundaryTest$GovernedHttps.theMinimumTlsVersionIsEnforced:178 expected a SSLHandshakeException in the cause chain
[ERROR]   HttpTransferProtocolBoundaryTest$Ungoverned.aChecksumMismatchFailsTheTransferWithoutWritingTheDestination:250 expected the cause chain to mention 'Checksum mismatch'
[ERROR]   HttpTransferProtocolBoundaryTest$Ungoverned.aNonSuccessStatusFailsTheTransferWithoutWritingTheDestination:233 Transfer download failed: Synchronous HTTP transfer() is disabled in reactive-only mode. Use transferReactive(). ==> expected: <true> but was: <false>
[ERROR]   HttpTransferProtocolBoundaryTest$Ungoverned.downloadsStreamToDiskBeforeTheResponseCompletes:291 the transfer ended before streaming any data to data.bin.tmp
[ERROR] Errors: 
[ERROR]   HttpTransferProtocolBoundaryTest$GovernedHttps.aMatchingLeafPinIsAccepted:152 » Transfer Transfer download failed: Synchronous HTTP transfer() is disabled in reactive-only mode. Use transferReactive().
[ERROR]   HttpTransferProtocolBoundaryTest$GovernedHttps.basicAuthenticationSendsTheIdentityAndSecret:117 » Transfer Transfer download failed: Synchronous HTTP transfer() is disabled in reactive-only mode. Use transferReactive().
[ERROR]   HttpTransferProtocolBoundaryTest$GovernedHttps.downloadReachesTheApprovedAddressUsingTheServiceHostnameForSniAndHost:103 » Transfer Transfer download failed: Synchronous HTTP transfer() is disabled in reactive-only mode. Use transferReactive().
[ERROR]   HttpTransferProtocolBoundaryTest$Ungoverned.redirectsAreFollowed:217 » Transfer Transfer download failed: Synchronous HTTP transfer() is disabled in reactive-only mode. Use transferReactive().
[ERROR]   HttpTransferProtocolBoundaryTest$Ungoverned.uploadStreamsTheFileWithPut:327 » Transfer Transfer upload failed: Synchronous HTTP transfer() is disabled in reactive-only mode. Use transferReactive().
[INFO] 
[ERROR] Tests run: 13, Failures: 8, Errors: 5, Skipped: 0
[INFO] 
[INFO] ------------------------------------------------------------------------
[INFO] BUILD FAILURE
[INFO] ------------------------------------------------------------------------
[INFO] Total time:  8.345 s
[INFO] Finished at: 2026-09-26T15:54:45+01:00
[INFO] ------------------------------------------------------------------------
[ERROR] Failed to execute goal org.apache.maven.plugins:maven-surefire-plugin:3.2.2:test (default-test) on project quorus-core: There are test failures.
[ERROR] 
[ERROR] Please refer to C:\Users\mraysmit\dev\idea-projects\quorus\quorus-core\target\surefire-reports for the individual test results.
[ERROR] Please refer to dump files (if any exist) [date].dump, [date]-jvmRun[N].dump and [date].dumpstream.
[ERROR] -> [Help 1]
[ERROR] 
[ERROR] To see the full stack trace of the errors, re-run Maven with the -e switch.
[ERROR] Re-run Maven using the -X switch to enable full debug logging.
[ERROR] 
[ERROR] For more information about the errors and possible solutions, please read the following articles:
[ERROR] [Help 1] http://cwiki.apache.org/confluence/display/MAVEN/MojoFailureException
