WARNING: A terminally deprecated method in sun.misc.Unsafe has been called
WARNING: sun.misc.Unsafe::staticFieldBase has been called by com.google.inject.internal.aop.HiddenClassDefiner (file:/C:/Users/mraysmit/scoop/apps/maven/current/lib/guice-5.1.0-classes.jar)
WARNING: Please consider reporting this to the maintainers of class com.google.inject.internal.aop.HiddenClassDefiner
WARNING: sun.misc.Unsafe::staticFieldBase will be removed in a future release
WARNING: Final field _cipher in class org.sonatype.plexus.components.sec.dispatcher.DefaultSecDispatcher has been mutated reflectively by class org.eclipse.sisu.bean.BeanPropertyField in unnamed module @1e802ef9 (file:/C:/Users/mraysmit/scoop/apps/maven/current/lib/org.eclipse.sisu.inject-0.9.0.M4.jar)
WARNING: Use --enable-final-field-mutation=ALL-UNNAMED to avoid a warning
WARNING: Mutating final fields will be blocked in a future release unless final field mutation is enabled
[INFO] Scanning for projects...
[INFO] 
[INFO] ------------------------< dev.mars:quorus-core >------------------------
[INFO] Building Quorus Core 1.0-SNAPSHOT
[INFO]   from pom.xml
[INFO] --------------------------------[ jar ]---------------------------------
[INFO] 
[INFO] --- clean:3.2.0:clean (default-clean) @ quorus-core ---
[INFO] Deleting C:\Users\mraysmit\dev\idea-projects\quorus\quorus-core\target
[INFO] 
[INFO] --- jacoco:0.8.15:prepare-agent (prepare-agent) @ quorus-core ---
[INFO] argLine set to -javaagent:C:\\Users\\mraysmit\\.m2\\repository\\org\\jacoco\\org.jacoco.agent\\0.8.15\\org.jacoco.agent-0.8.15-runtime.jar=destfile=C:\\Users\\mraysmit\\dev\\idea-projects\\quorus\\quorus-core\\target\\jacoco.exec,excludes=sun/**:jdk/**:java/**:com/sun/**:org/jcp/**
[INFO] 
[INFO] --- resources:3.3.1:resources (default-resources) @ quorus-core ---
[INFO] Copying 1 resource from src\main\resources to target\classes
[INFO] 
[INFO] --- compiler:3.13.0:compile (default-compile) @ quorus-core ---
[INFO] Recompiling the module because of changed source code.
[INFO] Compiling 73 source files with javac [debug release 27] to target\classes
[INFO] /C:/Users/mraysmit/dev/idea-projects/quorus/quorus-core/src/main/java/dev/mars/quorus/protocol/FtpTransferProtocol.java: Some input files use or override a deprecated API.
[INFO] /C:/Users/mraysmit/dev/idea-projects/quorus/quorus-core/src/main/java/dev/mars/quorus/protocol/FtpTransferProtocol.java: Recompile with -Xlint:deprecation for details.
[INFO] 
[INFO] --- resources:3.3.1:testResources (default-testResources) @ quorus-core ---
[INFO] Copying 16 resources from src\test\resources to target\test-classes
[INFO] 
[INFO] --- compiler:3.13.0:testCompile (default-testCompile) @ quorus-core ---
[INFO] Recompiling the module because of changed dependency.
[INFO] Compiling 92 source files with javac [debug release 27] to target\test-classes
[INFO] /C:/Users/mraysmit/dev/idea-projects/quorus/quorus-core/src/test/java/dev/mars/quorus/connection/TlsTrustAnchorPolicyTest.java: Some input files use or override a deprecated API.
[INFO] /C:/Users/mraysmit/dev/idea-projects/quorus/quorus-core/src/test/java/dev/mars/quorus/connection/TlsTrustAnchorPolicyTest.java: Recompile with -Xlint:deprecation for details.
[INFO] 
[INFO] --- surefire:3.2.2:test (default-test) @ quorus-core ---
[INFO] Using auto detected provider org.apache.maven.surefire.junitplatform.JUnitPlatformProvider
[INFO] 
[INFO] -------------------------------------------------------
[INFO]  T E S T S
[INFO] -------------------------------------------------------
[INFO] Running dev.mars.quorus.protocol.HttpTransferProtocolBoundaryTest
[INFO] Running dev.mars.quorus.protocol.HttpTransferProtocolBoundaryTest$Ungoverned
16:12:24.989 [virtual-53] INFO  d.m.q.protocol.HttpTransferProtocol - HttpTransferProtocol initialized: connectTimeout=30 SECONDS, socketTimeout=60 SECONDS, maxFileSize=10737418240 bytes
16:12:25.003 [virtual-53] INFO  d.m.q.protocol.HttpTransferProtocol - Starting HTTP download from http://127.0.0.1:57171/data.bin
16:12:45.272 [virtual-53] ERROR d.m.q.protocol.HttpTransferProtocol - [QUORUS-1206] HTTP download failed: jobId=streaming, error=Premature end of Content-Length delimited message body (expected: 2097152; received: 1048576)
[ERROR] Tests run: 1, Failures: 0, Errors: 1, Skipped: 0, Time elapsed: 20.77 s <<< FAILURE! -- in dev.mars.quorus.protocol.HttpTransferProtocolBoundaryTest$Ungoverned
[ERROR] dev.mars.quorus.protocol.HttpTransferProtocolBoundaryTest$Ungoverned.downloadsStreamToDiskBeforeTheResponseCompletes -- Time elapsed: 20.75 s <<< ERROR!
java.util.concurrent.CompletionException: java.lang.AssertionError: the transfer ended before writing half a megabyte
	at java.base/java.util.concurrent.CompletableFuture.wrapInCompletionException(CompletableFuture.java:323)
	at java.base/java.util.concurrent.CompletableFuture.reportJoin(CompletableFuture.java:457)
	at java.base/java.util.concurrent.CompletableFuture.join(CompletableFuture.java:2139)
	at dev.mars.quorus.protocol.HttpTransferProtocolBoundaryTest$Ungoverned.downloadsStreamToDiskBeforeTheResponseCompletes(HttpTransferProtocolBoundaryTest.java:294)
	at java.base/jdk.internal.reflect.DirectMethodHandleAccessor.invoke(DirectMethodHandleAccessor.java:104)
	at java.base/java.lang.reflect.Method.invoke(Method.java:583)
	at org.junit.platform.commons.util.ReflectionUtils.invokeMethod(ReflectionUtils.java:727)
	at org.junit.jupiter.engine.execution.MethodInvocation.proceed(MethodInvocation.java:60)
	at org.junit.jupiter.engine.execution.InvocationInterceptorChain$ValidatingInvocation.proceed(InvocationInterceptorChain.java:131)
	at org.junit.jupiter.api.AssertTimeoutPreemptively.lambda$submitTask$3(AssertTimeoutPreemptively.java:95)
	at java.base/java.util.concurrent.FutureTask.run(FutureTask.java:330)
	at java.base/java.util.concurrent.ThreadPoolExecutor.runWorker(ThreadPoolExecutor.java:1090)
	at java.base/java.util.concurrent.ThreadPoolExecutor$Worker.run(ThreadPoolExecutor.java:614)
	at java.base/java.lang.Thread.run(Thread.java:1527)
Caused by: java.lang.AssertionError: the transfer ended before writing half a megabyte
	at dev.mars.quorus.protocol.HttpTransferProtocolBoundaryTest$Ungoverned.lambda$downloadsStreamToDiskBeforeTheResponseCompletes$1(HttpTransferProtocolBoundaryTest.java:290)
	at java.base/java.lang.VirtualThread.run(VirtualThread.java:470)
Caused by: dev.mars.quorus.core.exceptions.TransferException: Transfer streaming failed: HTTP download failed: Premature end of Content-Length delimited message body (expected: 2097152; received: 1048576)
	at dev.mars.quorus.protocol.HttpTransferProtocol.download(HttpTransferProtocol.java:284)
	at dev.mars.quorus.protocol.HttpTransferProtocol.transfer(HttpTransferProtocol.java:207)
	at dev.mars.quorus.protocol.HttpTransferProtocolBoundaryTest$Ungoverned.lambda$downloadsStreamToDiskBeforeTheResponseCompletes$1(HttpTransferProtocolBoundaryTest.java:285)
	... 1 more
Caused by: org.apache.hc.core5.http.ConnectionClosedException: Premature end of Content-Length delimited message body (expected: 2097152; received: 1048576)
	at org.apache.hc.core5.http.impl.io.ContentLengthInputStream.read(ContentLengthInputStream.java:178)
	at org.apache.hc.core5.http.io.EofSensorInputStream.read(EofSensorInputStream.java:138)
	at java.base/java.io.InputStream.readNBytes(InputStream.java:411)
	at java.base/java.io.InputStream.readAllBytes(InputStream.java:348)
	at dev.mars.quorus.protocol.HttpTransferProtocol.copy(HttpTransferProtocol.java:483)
	at dev.mars.quorus.protocol.HttpTransferProtocol.lambda$download$0(HttpTransferProtocol.java:267)
	at dev.mars.quorus.protocol.HttpTransferProtocol.lambda$execute$0(HttpTransferProtocol.java:442)
	at org.apache.hc.client5.http.impl.classic.CloseableHttpClient.execute(CloseableHttpClient.java:247)
	at org.apache.hc.client5.http.impl.classic.CloseableHttpClient.execute(CloseableHttpClient.java:188)
	at org.apache.hc.client5.http.impl.classic.CloseableHttpClient.execute(CloseableHttpClient.java:162)
	at dev.mars.quorus.protocol.HttpTransferProtocol.execute(HttpTransferProtocol.java:440)
	at dev.mars.quorus.protocol.HttpTransferProtocol.download(HttpTransferProtocol.java:254)
	... 3 more
	Suppressed: org.apache.hc.core5.http.ConnectionClosedException: Premature end of Content-Length delimited message body (expected: 2097152; received: 1048576)
		at org.apache.hc.core5.http.impl.io.ContentLengthInputStream.read(ContentLengthInputStream.java:178)
		at org.apache.hc.core5.http.impl.io.ContentLengthInputStream.read(ContentLengthInputStream.java:196)
		at org.apache.hc.core5.http.impl.io.ContentLengthInputStream.close(ContentLengthInputStream.java:101)
		at org.apache.hc.core5.io.Closer.close(Closer.java:48)
		at org.apache.hc.core5.http.impl.io.support.IncomingHttpEntity.close(IncomingHttpEntity.java:114)
		at org.apache.hc.core5.http.io.entity.HttpEntityWrapper.close(HttpEntityWrapper.java:120)
		at org.apache.hc.client5.http.impl.classic.ResponseEntityProxy.close(ResponseEntityProxy.java:180)
		at org.apache.hc.core5.io.Closer.close(Closer.java:48)
		at org.apache.hc.core5.http.message.BasicClassicHttpResponse.close(BasicClassicHttpResponse.java:93)
		at org.apache.hc.client5.http.impl.classic.CloseableHttpResponse.lambda$new$0(CloseableHttpResponse.java:95)
		at org.apache.hc.client5.http.impl.classic.CloseableHttpResponse.doClose(CloseableHttpResponse.java:236)
		at org.apache.hc.client5.http.impl.classic.CloseableHttpResponse.close(CloseableHttpResponse.java:252)
		at org.apache.hc.client5.http.impl.classic.CloseableHttpClient.execute(CloseableHttpClient.java:263)
		... 7 more

[INFO] Tests run: 0, Failures: 0, Errors: 0, Skipped: 0, Time elapsed: 20.79 s -- in dev.mars.quorus.protocol.HttpTransferProtocolBoundaryTest
[INFO] 
[INFO] Results:
[INFO] 
[ERROR] Errors: 
[ERROR]   HttpTransferProtocolBoundaryTest$Ungoverned.downloadsStreamToDiskBeforeTheResponseCompletes:294 » Completion java.lang.AssertionError: the transfer ended before writing half a megabyte
[INFO] 
[ERROR] Tests run: 1, Failures: 0, Errors: 1, Skipped: 0
[INFO] 
[INFO] ------------------------------------------------------------------------
[INFO] BUILD FAILURE
[INFO] ------------------------------------------------------------------------
[INFO] Total time:  31.188 s
[INFO] Finished at: 2026-09-26T16:12:45+01:00
[INFO] ------------------------------------------------------------------------
[ERROR] Failed to execute goal org.apache.maven.plugins:maven-surefire-plugin:3.2.2:test (default-test) on project quorus-core: 
[ERROR] 
[ERROR] Please refer to C:\Users\mraysmit\dev\idea-projects\quorus\quorus-core\target\surefire-reports for the individual test results.
[ERROR] Please refer to dump files (if any exist) [date].dump, [date]-jvmRun[N].dump and [date].dumpstream.
[ERROR] -> [Help 1]
[ERROR] 
[ERROR] To see the full stack trace of the errors, re-run Maven with the -e switch.
[ERROR] Re-run Maven using the -X switch to enable full debug logging.
[ERROR] 
[ERROR] For more information about the errors and possible solutions, please read the following articles:
[ERROR] [Help 1] http://cwiki.apache.org/confluence/display/MAVEN/MojoFailureException
