Building the Quorus controller and agent jars on the host with Maven...
WARNING: A terminally deprecated method in sun.misc.Unsafe has been called
WARNING: sun.misc.Unsafe::staticFieldBase has been called by com.google.inject.internal.aop.HiddenClassDefiner (file:/C:/Users/mraysmit/scoop/apps/maven/current/lib/guice-5.1.0-classes.jar)
WARNING: Please consider reporting this to the maintainers of class com.google.inject.internal.aop.HiddenClassDefiner
WARNING: sun.misc.Unsafe::staticFieldBase will be removed in a future release
WARNING: Final field _cipher in class org.sonatype.plexus.components.sec.dispatcher.DefaultSecDispatcher has been mutated reflectively by class org.eclipse.sisu.bean.BeanPropertyField in unnamed module @7f010382 (file:/C:/Users/mraysmit/scoop/apps/maven/current/lib/org.eclipse.sisu.inject-0.9.0.M4.jar)
WARNING: Use --enable-final-field-mutation=ALL-UNNAMED to avoid a warning
WARNING: Mutating final fields will be blocked in a future release unless final field mutation is enabled
[INFO] Scanning for projects...
[INFO] ------------------------------------------------------------------------
[INFO] Reactor Build Order:
[INFO] 
[INFO] Quorus File Transfer System                                        [pom]
[INFO] Quorus Core                                                        [jar]
[INFO] Quorus Workflow Engine                                             [jar]
[INFO] Quorus Tenant Management                                           [jar]
[INFO] Quorus Distributed Controller                                      [jar]
[INFO] Quorus Agent                                                       [jar]
[INFO] 
[INFO] --------------------------< dev.mars:quorus >---------------------------
[INFO] Building Quorus File Transfer System 1.0-SNAPSHOT                  [1/6]
[INFO]   from pom.xml
[INFO] --------------------------------[ pom ]---------------------------------
[INFO] 
[INFO] --- clean:3.2.0:clean (default-clean) @ quorus ---
[INFO] 
[INFO] --- jacoco:0.8.15:prepare-agent (prepare-agent) @ quorus ---
[INFO] argLine set to -javaagent:C:\\Users\\mraysmit\\.m2\\repository\\org\\jacoco\\org.jacoco.agent\\0.8.15\\org.jacoco.agent-0.8.15-runtime.jar=destfile=C:\\Users\\mraysmit\\dev\\idea-projects\\quorus\\target\\jacoco.exec,excludes=sun/**:jdk/**:java/**:com/sun/**:org/jcp/**
[INFO] 
[INFO] --- jacoco:0.8.15:report (report) @ quorus ---
[INFO] Skipping JaCoCo execution due to missing execution data file.
[INFO] 
[INFO] ------------------------< dev.mars:quorus-core >------------------------
[INFO] Building Quorus Core 1.0-SNAPSHOT                                  [2/6]
[INFO]   from quorus-core\pom.xml
[INFO] --------------------------------[ jar ]---------------------------------
[INFO] 
[INFO] --- clean:3.2.0:clean (default-clean) @ quorus-core ---
[INFO] Deleting C:\Users\mraysmit\dev\idea-projects\quorus\quorus-core\target
[INFO] 
[INFO] --- jacoco:0.8.15:prepare-agent (prepare-agent) @ quorus-core ---
[INFO] argLine set to -javaagent:C:\\Users\\mraysmit\\.m2\\repository\\org\\jacoco\\org.jacoco.agent\\0.8.15\\org.jacoco.agent-0.8.15-runtime.jar=destfile=C:\\Users\\mraysmit\\dev\\idea-projects\\quorus\\quorus-core\\target\\jacoco.exec,excludes=sun/**:jdk/**:java/**:com/sun/**:org/jcp/**
[INFO] 
[INFO] --- resources:3.3.1:resources (default-resources) @ quorus-core ---
[INFO] Copying 1 resource from src\main\resources to target\classes
[INFO] 
[INFO] --- compiler:3.13.0:compile (default-compile) @ quorus-core ---
[INFO] Recompiling the module because of changed source code.
[INFO] Compiling 73 source files with javac [debug release 27] to target\classes
[INFO] /C:/Users/mraysmit/dev/idea-projects/quorus/quorus-core/src/main/java/dev/mars/quorus/protocol/FtpTransferProtocol.java: Some input files use or override a deprecated API.
[INFO] /C:/Users/mraysmit/dev/idea-projects/quorus/quorus-core/src/main/java/dev/mars/quorus/protocol/FtpTransferProtocol.java: Recompile with -Xlint:deprecation for details.
[INFO] 
[INFO] --- resources:3.3.1:testResources (default-testResources) @ quorus-core ---
[INFO] Copying 11 resources from src\test\resources to target\test-classes
[INFO] 
[INFO] --- compiler:3.13.0:testCompile (default-testCompile) @ quorus-core ---
[INFO] Recompiling the module because of changed dependency.
[INFO] Compiling 89 source files with javac [debug release 27] to target\test-classes
[INFO] /C:/Users/mraysmit/dev/idea-projects/quorus/quorus-core/src/test/java/dev/mars/quorus/connection/TlsTrustAnchorPolicyTest.java: Some input files use or override a deprecated API.
[INFO] /C:/Users/mraysmit/dev/idea-projects/quorus/quorus-core/src/test/java/dev/mars/quorus/connection/TlsTrustAnchorPolicyTest.java: Recompile with -Xlint:deprecation for details.
[INFO] 
[INFO] --- surefire:3.2.2:test (default-test) @ quorus-core ---
[INFO] Tests are skipped.
[INFO] 
[INFO] --- jacoco:0.8.15:report (report) @ quorus-core ---
[INFO] Skipping JaCoCo execution due to missing execution data file.
[INFO] 
[INFO] --- jar:3.3.0:jar (default-jar) @ quorus-core ---
[INFO] Building jar: C:\Users\mraysmit\dev\idea-projects\quorus\quorus-core\target\quorus-core-1.0-SNAPSHOT.jar
[INFO] 
[INFO] --- jar:3.3.0:test-jar (default) @ quorus-core ---
[INFO] Building jar: C:\Users\mraysmit\dev\idea-projects\quorus\quorus-core\target\quorus-core-1.0-SNAPSHOT-tests.jar
[INFO] 
[INFO] ----------------------< dev.mars:quorus-workflow >----------------------
[INFO] Building Quorus Workflow Engine 1.0-SNAPSHOT                       [3/6]
[INFO]   from quorus-workflow\pom.xml
[INFO] --------------------------------[ jar ]---------------------------------
[INFO] 
[INFO] --- clean:3.2.0:clean (default-clean) @ quorus-workflow ---
[INFO] Deleting C:\Users\mraysmit\dev\idea-projects\quorus\quorus-workflow\target
[INFO] 
[INFO] --- jacoco:0.8.15:prepare-agent (prepare-agent) @ quorus-workflow ---
[INFO] argLine set to -javaagent:C:\\Users\\mraysmit\\.m2\\repository\\org\\jacoco\\org.jacoco.agent\\0.8.15\\org.jacoco.agent-0.8.15-runtime.jar=destfile=C:\\Users\\mraysmit\\dev\\idea-projects\\quorus\\quorus-workflow\\target\\jacoco.exec,excludes=sun/**:jdk/**:java/**:com/sun/**:org/jcp/**
[INFO] 
[INFO] --- resources:3.3.1:resources (default-resources) @ quorus-workflow ---
[INFO] Copying 1 resource from src\main\resources to target\classes
[INFO] 
[INFO] --- compiler:3.13.0:compile (default-compile) @ quorus-workflow ---
[INFO] Recompiling the module because of changed dependency.
[INFO] Compiling 15 source files with javac [debug release 27] to target\classes
[INFO] 
[INFO] --- resources:3.3.1:testResources (default-testResources) @ quorus-workflow ---
[INFO] Copying 2 resources from src\test\resources to target\test-classes
[INFO] 
[INFO] --- compiler:3.13.0:testCompile (default-testCompile) @ quorus-workflow ---
[INFO] Recompiling the module because of changed dependency.
[INFO] Compiling 11 source files with javac [debug release 27] to target\test-classes
[INFO] 
[INFO] --- surefire:3.2.2:test (default-test) @ quorus-workflow ---
[INFO] Tests are skipped.
[INFO] 
[INFO] --- jacoco:0.8.15:report (report) @ quorus-workflow ---
[INFO] Skipping JaCoCo execution due to missing execution data file.
[INFO] 
[INFO] --- jar:3.4.1:jar (default-jar) @ quorus-workflow ---
[INFO] Building jar: C:\Users\mraysmit\dev\idea-projects\quorus\quorus-workflow\target\quorus-workflow-1.0-SNAPSHOT.jar
[INFO] 
[INFO] -----------------------< dev.mars:quorus-tenant >-----------------------
[INFO] Building Quorus Tenant Management 1.0-SNAPSHOT                     [4/6]
[INFO]   from quorus-tenant\pom.xml
[INFO] --------------------------------[ jar ]---------------------------------
[INFO] 
[INFO] --- clean:3.2.0:clean (default-clean) @ quorus-tenant ---
[INFO] Deleting C:\Users\mraysmit\dev\idea-projects\quorus\quorus-tenant\target
[INFO] 
[INFO] --- jacoco:0.8.15:prepare-agent (prepare-agent) @ quorus-tenant ---
[INFO] argLine set to -javaagent:C:\\Users\\mraysmit\\.m2\\repository\\org\\jacoco\\org.jacoco.agent\\0.8.15\\org.jacoco.agent-0.8.15-runtime.jar=destfile=C:\\Users\\mraysmit\\dev\\idea-projects\\quorus\\quorus-tenant\\target\\jacoco.exec,excludes=sun/**:jdk/**:java/**:com/sun/**:org/jcp/**
[INFO] 
[INFO] --- resources:3.3.1:resources (default-resources) @ quorus-tenant ---
[INFO] skip non existing resourceDirectory C:\Users\mraysmit\dev\idea-projects\quorus\quorus-tenant\src\main\resources
[INFO] 
[INFO] --- compiler:3.13.0:compile (default-compile) @ quorus-tenant ---
[INFO] Recompiling the module because of changed dependency.
[INFO] Compiling 8 source files with javac [debug release 27] to target\classes
[INFO] 
[INFO] --- resources:3.3.1:testResources (default-testResources) @ quorus-tenant ---
[INFO] Copying 1 resource from src\test\resources to target\test-classes
[INFO] 
[INFO] --- compiler:3.13.0:testCompile (default-testCompile) @ quorus-tenant ---
[INFO] Recompiling the module because of changed dependency.
[INFO] Compiling 5 source files with javac [debug release 27] to target\test-classes
[INFO] 
[INFO] --- surefire:3.2.2:test (default-test) @ quorus-tenant ---
[INFO] Tests are skipped.
[INFO] 
[INFO] --- jacoco:0.8.15:report (report) @ quorus-tenant ---
[INFO] Skipping JaCoCo execution due to missing execution data file.
[INFO] 
[INFO] --- jar:3.4.1:jar (default-jar) @ quorus-tenant ---
[INFO] Building jar: C:\Users\mraysmit\dev\idea-projects\quorus\quorus-tenant\target\quorus-tenant-1.0-SNAPSHOT.jar
[INFO] 
[INFO] ---------------------< dev.mars:quorus-controller >---------------------
[INFO] Building Quorus Distributed Controller 1.0-SNAPSHOT                [5/6]
[INFO]   from quorus-controller\pom.xml
[INFO] --------------------------------[ jar ]---------------------------------
[INFO] 
[INFO] --- clean:3.2.0:clean (default-clean) @ quorus-controller ---
[INFO] Deleting C:\Users\mraysmit\dev\idea-projects\quorus\quorus-controller\target
[INFO] 
[INFO] --- jacoco:0.8.15:prepare-agent (prepare-agent) @ quorus-controller ---
[INFO] argLine set to -javaagent:C:\\Users\\mraysmit\\.m2\\repository\\org\\jacoco\\org.jacoco.agent\\0.8.15\\org.jacoco.agent-0.8.15-runtime.jar=destfile=C:\\Users\\mraysmit\\dev\\idea-projects\\quorus\\quorus-controller\\target\\jacoco.exec,excludes=sun/**:jdk/**:java/**:com/sun/**:org/jcp/**:dev/mars/quorus/controller/raft/grpc/**
[INFO] 
[INFO] --- protobuf:4.1.2:generate (default) @ quorus-controller ---
[WARNING]  Parameter 'binaryMavenPlugins' is deprecated: Users should now use plugins instead. This option will be removed in v5.
[INFO] Resolving artifact "com.google.protobuf:protoc:exe:windows-x86_64:3.25.5"
[INFO] Resolving artifact "io.grpc:protoc-gen-grpc-java:exe:windows-x86_64:1.68.1"
[INFO] Registering "C:\Users\mraysmit\dev\idea-projects\quorus\quorus-controller\target\generated-sources\protobuf" as a Maven main source root for compiler plugins
[INFO] Registering "C:\Users\mraysmit\dev\idea-projects\quorus\quorus-controller\target\generated-sources\protobuf" as a Maven main source root for compiler plugins
[INFO] All sources will be compiled, as no previous build data was detected
[INFO] Generating source code from 2 proto source files and 0 descriptor files (discovered a total of 2 proto source files and 0 descriptor files)
[INFO] Invoking protoc. Enable debug logs (--debug --errors) for more details
[INFO] protoc (pid 54040) returned exit code 0 (success) after 160ms
[INFO] Embedding sources from "C:\Users\mraysmit\dev\idea-projects\quorus\quorus-controller\src\main\proto" in Maven main class outputs
[INFO] PROTOC SUCCEEDED: Protoc invocation succeeded.
[INFO] 
[INFO] --- resources:3.3.1:resources (default-resources) @ quorus-controller ---
[INFO] Copying 3 resources from src\main\resources to target\classes
[INFO] 
[INFO] --- compiler:3.13.0:compile (default-compile) @ quorus-controller ---
[INFO] Recompiling the module because of changed dependency.
[INFO] Compiling 168 source files with javac [debug release 27] to target\classes
[INFO] 
[INFO] --- resources:3.3.1:testResources (default-testResources) @ quorus-controller ---
[INFO] Copying 12 resources from src\test\resources to target\test-classes
[INFO] 
[INFO] --- compiler:3.13.0:testCompile (default-testCompile) @ quorus-controller ---
[INFO] Recompiling the module because of changed dependency.
[INFO] Compiling 77 source files with javac [debug release 27] to target\test-classes
[INFO] 
[INFO] --- surefire:3.2.2:test (default-test) @ quorus-controller ---
[INFO] Tests are skipped.
[INFO] 
[INFO] --- jacoco:0.8.15:report (report) @ quorus-controller ---
[INFO] Skipping JaCoCo execution due to missing execution data file.
[INFO] 
[INFO] --- jar:3.4.1:jar (default-jar) @ quorus-controller ---
[INFO] Building jar: C:\Users\mraysmit\dev\idea-projects\quorus\quorus-controller\target\quorus-controller-1.0-SNAPSHOT.jar
[INFO] 
[INFO] --- shade:3.4.1:shade (default) @ quorus-controller ---
[INFO] Including dev.mars:quorus-core:jar:1.0-SNAPSHOT in the shaded jar.
[INFO] Including io.vertx:vertx-web-client:jar:5.0.8 in the shaded jar.
[INFO] Including io.vertx:vertx-uri-template:jar:5.0.8 in the shaded jar.
[INFO] Including io.vertx:vertx-pg-client:jar:5.0.8 in the shaded jar.
[INFO] Including io.vertx:vertx-sql-client:jar:5.0.8 in the shaded jar.
[INFO] Including com.ongres.scram:scram-client:jar:3.2 in the shaded jar.
[INFO] Including com.ongres.scram:scram-common:jar:3.2 in the shaded jar.
[INFO] Including com.ongres.stringprep:saslprep:jar:2.2 in the shaded jar.
[INFO] Including com.ongres.stringprep:stringprep:jar:2.2 in the shaded jar.
[INFO] Including io.opentelemetry:opentelemetry-api:jar:1.59.0 in the shaded jar.
[INFO] Including io.opentelemetry:opentelemetry-context:jar:1.59.0 in the shaded jar.
[INFO] Including io.opentelemetry:opentelemetry-common:jar:1.59.0 in the shaded jar.
[INFO] Including com.fasterxml.jackson.core:jackson-annotations:jar:2.18.2 in the shaded jar.
[INFO] Including com.fasterxml.jackson.core:jackson-core:jar:2.18.2 in the shaded jar.
[INFO] Including com.github.mwiede:jsch:jar:0.2.26 in the shaded jar.
[INFO] Including dev.mars:quorus-workflow:jar:1.0-SNAPSHOT in the shaded jar.
[INFO] Including org.yaml:snakeyaml:jar:2.0 in the shaded jar.
[INFO] Including com.networknt:json-schema-validator:jar:1.5.9 in the shaded jar.
[INFO] Including com.ethlo.time:itu:jar:1.14.0 in the shaded jar.
[INFO] Including org.springframework:spring-expression:jar:6.2.16 in the shaded jar.
[INFO] Including org.springframework:spring-core:jar:6.2.16 in the shaded jar.
[INFO] Including org.springframework:spring-jcl:jar:6.2.16 in the shaded jar.
[INFO] Including dev.mars:quorus-tenant:jar:1.0-SNAPSHOT in the shaded jar.
[INFO] Including com.fasterxml.jackson.dataformat:jackson-dataformat-yaml:jar:2.18.2 in the shaded jar.
[INFO] Including jakarta.validation:jakarta.validation-api:jar:3.0.2 in the shaded jar.
[INFO] Including io.vertx:vertx-opentelemetry:jar:5.0.8 in the shaded jar.
[INFO] Including io.opentelemetry:opentelemetry-sdk-trace:jar:1.59.0 in the shaded jar.
[INFO] Including io.vertx:vertx-core:jar:5.0.8 in the shaded jar.
[INFO] Including io.vertx:vertx-core-logging:jar:5.0.8 in the shaded jar.
[INFO] Including io.netty:netty-common:jar:4.2.10.Final in the shaded jar.
[INFO] Including io.netty:netty-buffer:jar:4.2.10.Final in the shaded jar.
[INFO] Including io.netty:netty-transport:jar:4.2.10.Final in the shaded jar.
[INFO] Including io.netty:netty-handler:jar:4.2.10.Final in the shaded jar.
[INFO] Including io.netty:netty-codec-base:jar:4.2.10.Final in the shaded jar.
[INFO] Including io.netty:netty-handler-proxy:jar:4.2.10.Final in the shaded jar.
[INFO] Including io.netty:netty-codec-socks:jar:4.2.10.Final in the shaded jar.
[INFO] Including io.netty:netty-codec-http:jar:4.2.10.Final in the shaded jar.
[INFO] Including io.netty:netty-codec-compression:jar:4.2.10.Final in the shaded jar.
[INFO] Including io.netty:netty-codec-http2:jar:4.2.10.Final in the shaded jar.
[INFO] Including io.netty:netty-resolver:jar:4.2.10.Final in the shaded jar.
[INFO] Including io.netty:netty-resolver-dns:jar:4.2.10.Final in the shaded jar.
[INFO] Including io.netty:netty-codec-dns:jar:4.2.10.Final in the shaded jar.
[INFO] Including io.vertx:vertx-web:jar:5.0.8 in the shaded jar.
[INFO] Including io.vertx:vertx-web-common:jar:5.0.8 in the shaded jar.
[INFO] Including io.vertx:vertx-auth-common:jar:5.0.8 in the shaded jar.
[INFO] Including io.vertx:vertx-bridge-common:jar:5.0.8 in the shaded jar.
[INFO] Including io.vertx:vertx-grpc-server:jar:5.0.8 in the shaded jar.
[INFO] Including io.vertx:vertx-grpc-common:jar:5.0.8 in the shaded jar.
[INFO] Including io.vertx:vertx-grpc-client:jar:5.0.8 in the shaded jar.
[INFO] Including io.github.mraysmit:raftlog-core:jar:1.2.0 in the shaded jar.
[INFO] Including io.opentelemetry:opentelemetry-sdk:jar:1.59.0 in the shaded jar.
[INFO] Including io.opentelemetry:opentelemetry-sdk-common:jar:1.59.0 in the shaded jar.
[INFO] Including io.opentelemetry:opentelemetry-sdk-metrics:jar:1.59.0 in the shaded jar.
[INFO] Including io.opentelemetry:opentelemetry-sdk-logs:jar:1.59.0 in the shaded jar.
[INFO] Including io.opentelemetry:opentelemetry-exporter-otlp:jar:1.59.0 in the shaded jar.
[INFO] Including io.opentelemetry:opentelemetry-exporter-otlp-common:jar:1.59.0 in the shaded jar.
[INFO] Including io.opentelemetry:opentelemetry-exporter-sender-okhttp:jar:1.59.0 in the shaded jar.
[INFO] Including com.squareup.okhttp3:okhttp-jvm:jar:5.3.2 in the shaded jar.
[INFO] Including com.squareup.okio:okio-jvm:jar:3.16.4 in the shaded jar.
[INFO] Including org.jetbrains.kotlin:kotlin-stdlib:jar:2.2.21 in the shaded jar.
[INFO] Including io.opentelemetry:opentelemetry-sdk-extension-autoconfigure-spi:jar:1.59.0 in the shaded jar.
[INFO] Including io.opentelemetry:opentelemetry-exporter-prometheus:jar:1.59.0-alpha in the shaded jar.
[INFO] Including io.opentelemetry:opentelemetry-exporter-common:jar:1.59.0 in the shaded jar.
[INFO] Including io.prometheus:prometheus-metrics-exporter-httpserver:jar:1.3.10 in the shaded jar.
[INFO] Including io.prometheus:prometheus-metrics-exporter-common:jar:1.3.10 in the shaded jar.
[INFO] Including io.prometheus:prometheus-metrics-model:jar:1.3.10 in the shaded jar.
[INFO] Including io.prometheus:prometheus-metrics-exposition-formats-no-protobuf:jar:1.3.10 in the shaded jar.
[INFO] Including io.prometheus:prometheus-metrics-exposition-textformats:jar:1.3.10 in the shaded jar.
[INFO] Including io.prometheus:prometheus-metrics-config:jar:1.3.10 in the shaded jar.
[INFO] Including io.opentelemetry.instrumentation:opentelemetry-logback-appender-1.0:jar:2.14.0-alpha in the shaded jar.
[INFO] Including io.opentelemetry.instrumentation:opentelemetry-instrumentation-api:jar:2.14.0 in the shaded jar.
[INFO] Including io.opentelemetry:opentelemetry-api-incubator:jar:1.48.0-alpha in the shaded jar.
[INFO] Including io.opentelemetry.semconv:opentelemetry-semconv:jar:1.30.0 in the shaded jar.
[INFO] Including io.opentelemetry.instrumentation:opentelemetry-instrumentation-api-incubator:jar:2.14.0-alpha in the shaded jar.
[INFO] Including com.fasterxml.jackson.core:jackson-databind:jar:2.18.2 in the shaded jar.
[INFO] Including com.fasterxml.jackson.datatype:jackson-datatype-jsr310:jar:2.19.4 in the shaded jar.
[INFO] Including io.grpc:grpc-protobuf:jar:1.68.1 in the shaded jar.
[INFO] Including io.grpc:grpc-api:jar:1.68.1 in the shaded jar.
[INFO] Including com.google.code.findbugs:jsr305:jar:3.0.2 in the shaded jar.
[INFO] Including com.google.api.grpc:proto-google-common-protos:jar:2.41.0 in the shaded jar.
[INFO] Including io.grpc:grpc-protobuf-lite:jar:1.68.1 in the shaded jar.
[INFO] Including io.grpc:grpc-stub:jar:1.68.1 in the shaded jar.
[INFO] Including com.google.errorprone:error_prone_annotations:jar:2.28.0 in the shaded jar.
[INFO] Including io.grpc:grpc-netty:jar:1.68.1 in the shaded jar.
[INFO] Including io.grpc:grpc-core:jar:1.68.1 in the shaded jar.
[INFO] Including com.google.android:annotations:jar:4.1.1.4 in the shaded jar.
[INFO] Including org.codehaus.mojo:animal-sniffer-annotations:jar:1.24 in the shaded jar.
[INFO] Including io.grpc:grpc-context:jar:1.68.1 in the shaded jar.
[INFO] Including io.perfmark:perfmark-api:jar:0.27.0 in the shaded jar.
[INFO] Including io.netty:netty-transport-native-unix-common:jar:4.2.10.Final in the shaded jar.
[INFO] Including io.grpc:grpc-util:jar:1.68.1 in the shaded jar.
[INFO] Including com.google.guava:guava:jar:33.5.0-jre in the shaded jar.
[INFO] Including com.google.guava:failureaccess:jar:1.0.3 in the shaded jar.
[INFO] Including com.google.guava:listenablefuture:jar:9999.0-empty-to-avoid-conflict-with-guava in the shaded jar.
[INFO] Including org.jspecify:jspecify:jar:1.0.0 in the shaded jar.
[INFO] Including com.google.j2objc:j2objc-annotations:jar:3.1 in the shaded jar.
[INFO] Including com.google.protobuf:protobuf-java:jar:3.25.5 in the shaded jar.
[INFO] Including com.google.protobuf:protobuf-java-util:jar:3.25.5 in the shaded jar.
[INFO] Including com.google.code.gson:gson:jar:2.8.9 in the shaded jar.
[INFO] Including org.slf4j:slf4j-api:jar:2.0.17 in the shaded jar.
[INFO] Including org.slf4j:jul-to-slf4j:jar:2.0.17 in the shaded jar.
[INFO] Including javax.annotation:javax.annotation-api:jar:1.3.2 in the shaded jar.
[INFO] Including ch.qos.logback:logback-classic:jar:1.5.32 in the shaded jar.
[INFO] Including ch.qos.logback:logback-core:jar:1.5.32 in the shaded jar.
[INFO] Including org.jetbrains:annotations:jar:17.0.0 in the shaded jar.
[WARNING] Discovered module-info.class. Shading will break its strong encapsulation.
[WARNING] Discovered module-info.class. Shading will break its strong encapsulation.
[WARNING] Discovered module-info.class. Shading will break its strong encapsulation.
[WARNING] Discovered module-info.class. Shading will break its strong encapsulation.
[WARNING] Discovered module-info.class. Shading will break its strong encapsulation.
[WARNING] Discovered module-info.class. Shading will break its strong encapsulation.
[WARNING] Discovered module-info.class. Shading will break its strong encapsulation.
[WARNING] Discovered module-info.class. Shading will break its strong encapsulation.
[WARNING] Discovered module-info.class. Shading will break its strong encapsulation.
[WARNING] Discovered module-info.class. Shading will break its strong encapsulation.
[WARNING] Discovered module-info.class. Shading will break its strong encapsulation.
[WARNING] Discovered module-info.class. Shading will break its strong encapsulation.
[WARNING] Discovered module-info.class. Shading will break its strong encapsulation.
[WARNING] Discovered module-info.class. Shading will break its strong encapsulation.
[WARNING] Discovered module-info.class. Shading will break its strong encapsulation.
[WARNING] Discovered module-info.class. Shading will break its strong encapsulation.
[WARNING] Discovered module-info.class. Shading will break its strong encapsulation.
[WARNING] Discovered module-info.class. Shading will break its strong encapsulation.
[WARNING] Discovered module-info.class. Shading will break its strong encapsulation.
[WARNING] Discovered module-info.class. Shading will break its strong encapsulation.
[WARNING] jsch-0.2.26.jar, jspecify-1.0.0.jar, okhttp-jvm-5.3.2.jar define 1 overlapping resource: 
[WARNING]   - META-INF/versions/9/OSGI-INF/MANIFEST.MF
[WARNING] javax.annotation-api-1.3.2.jar, jsch-0.2.26.jar, jul-to-slf4j-2.0.17.jar, slf4j-api-2.0.17.jar define 1 overlapping resource: 
[WARNING]   - META-INF/LICENSE.txt
[WARNING] netty-buffer-4.2.10.Final.jar, netty-codec-base-4.2.10.Final.jar, netty-codec-compression-4.2.10.Final.jar, netty-codec-dns-4.2.10.Final.jar, netty-codec-http-4.2.10.Final.jar, netty-codec-http2-4.2.10.Final.jar, netty-codec-socks-4.2.10.Final.jar, netty-common-4.2.10.Final.jar, netty-handler-4.2.10.Final.jar, netty-handler-proxy-4.2.10.Final.jar, netty-resolver-4.2.10.Final.jar, netty-resolver-dns-4.2.10.Final.jar, netty-transport-4.2.10.Final.jar, netty-transport-native-unix-common-4.2.10.Final.jar define 2 overlapping class and resource: 
[WARNING]   - META-INF.versions.11.module-info
[WARNING]   - META-INF/io.netty.versions.properties
[WARNING] failureaccess-1.0.3.jar, guava-33.5.0-jre.jar, jackson-annotations-2.18.2.jar, jackson-core-2.18.2.jar, jackson-databind-2.18.2.jar, jackson-dataformat-yaml-2.18.2.jar, jackson-datatype-jsr310-2.19.4.jar, saslprep-2.2.jar, scram-client-3.2.jar, scram-common-3.2.jar, stringprep-2.2.jar define 1 overlapping resource: 
[WARNING]   - META-INF/LICENSE
[WARNING] animal-sniffer-annotations-1.24.jar, annotations-17.0.0.jar, annotations-4.1.1.4.jar, error_prone_annotations-2.28.0.jar, failureaccess-1.0.3.jar, grpc-api-1.68.1.jar, grpc-context-1.68.1.jar, grpc-core-1.68.1.jar, grpc-netty-1.68.1.jar, grpc-protobuf-1.68.1.jar, grpc-protobuf-lite-1.68.1.jar, grpc-stub-1.68.1.jar, grpc-util-1.68.1.jar, gson-2.8.9.jar, guava-33.5.0-jre.jar, itu-1.14.0.jar, j2objc-annotations-3.1.jar, jackson-annotations-2.18.2.jar, jackson-core-2.18.2.jar, jackson-databind-2.18.2.jar, jackson-dataformat-yaml-2.18.2.jar, jackson-datatype-jsr310-2.19.4.jar, jakarta.validation-api-3.0.2.jar, javax.annotation-api-1.3.2.jar, jsch-0.2.26.jar, json-schema-validator-1.5.9.jar, jspecify-1.0.0.jar, jsr305-3.0.2.jar, jul-to-slf4j-2.0.17.jar, kotlin-stdlib-2.2.21.jar, listenablefuture-9999.0-empty-to-avoid-conflict-with-guava.jar, logback-classic-1.5.32.jar, logback-core-1.5.32.jar, netty-buffer-4.2.10.Final.jar, netty-codec-base-4.2.10.Final.jar, netty-codec-compression-4.2.10.Final.jar, netty-codec-dns-4.2.10.Final.jar, netty-codec-http-4.2.10.Final.jar, netty-codec-http2-4.2.10.Final.jar, netty-codec-socks-4.2.10.Final.jar, netty-common-4.2.10.Final.jar, netty-handler-4.2.10.Final.jar, netty-handler-proxy-4.2.10.Final.jar, netty-resolver-4.2.10.Final.jar, netty-resolver-dns-4.2.10.Final.jar, netty-transport-4.2.10.Final.jar, netty-transport-native-unix-common-4.2.10.Final.jar, okhttp-jvm-5.3.2.jar, okio-jvm-3.16.4.jar, opentelemetry-api-1.59.0.jar, opentelemetry-api-incubator-1.48.0-alpha.jar, opentelemetry-common-1.59.0.jar, opentelemetry-context-1.59.0.jar, opentelemetry-exporter-common-1.59.0.jar, opentelemetry-exporter-otlp-1.59.0.jar, opentelemetry-exporter-otlp-common-1.59.0.jar, opentelemetry-exporter-prometheus-1.59.0-alpha.jar, opentelemetry-exporter-sender-okhttp-1.59.0.jar, opentelemetry-instrumentation-api-2.14.0.jar, opentelemetry-instrumentation-api-incubator-2.14.0-alpha.jar, opentelemetry-logback-appender-1.0-2.14.0-alpha.jar, opentelemetry-sdk-1.59.0.jar, opentelemetry-sdk-common-1.59.0.jar, opentelemetry-sdk-extension-autoconfigure-spi-1.59.0.jar, opentelemetry-sdk-logs-1.59.0.jar, opentelemetry-sdk-metrics-1.59.0.jar, opentelemetry-sdk-trace-1.59.0.jar, opentelemetry-semconv-1.30.0.jar, perfmark-api-0.27.0.jar, prometheus-metrics-config-1.3.10.jar, prometheus-metrics-exporter-common-1.3.10.jar, prometheus-metrics-exporter-httpserver-1.3.10.jar, prometheus-metrics-exposition-formats-no-protobuf-1.3.10.jar, prometheus-metrics-exposition-textformats-1.3.10.jar, prometheus-metrics-model-1.3.10.jar, proto-google-common-protos-2.41.0.jar, protobuf-java-3.25.5.jar, protobuf-java-util-3.25.5.jar, quorus-controller-1.0-SNAPSHOT.jar, quorus-core-1.0-SNAPSHOT.jar, quorus-tenant-1.0-SNAPSHOT.jar, quorus-workflow-1.0-SNAPSHOT.jar, raftlog-core-1.2.0.jar, saslprep-2.2.jar, scram-client-3.2.jar, scram-common-3.2.jar, slf4j-api-2.0.17.jar, snakeyaml-2.0.jar, spring-core-6.2.16.jar, spring-expression-6.2.16.jar, spring-jcl-6.2.16.jar, stringprep-2.2.jar, vertx-auth-common-5.0.8.jar, vertx-bridge-common-5.0.8.jar, vertx-core-5.0.8.jar, vertx-core-logging-5.0.8.jar, vertx-grpc-client-5.0.8.jar, vertx-grpc-common-5.0.8.jar, vertx-grpc-server-5.0.8.jar, vertx-opentelemetry-5.0.8.jar, vertx-pg-client-5.0.8.jar, vertx-sql-client-5.0.8.jar, vertx-uri-template-5.0.8.jar, vertx-web-5.0.8.jar, vertx-web-client-5.0.8.jar, vertx-web-common-5.0.8.jar define 1 overlapping resource: 
[WARNING]   - META-INF/MANIFEST.MF
[WARNING] netty-common-4.2.10.Final.jar, opentelemetry-sdk-trace-1.59.0.jar define 2 overlapping resources: 
[WARNING]   - META-INF/maven/org.jctools/jctools-core/pom.properties
[WARNING]   - META-INF/maven/org.jctools/jctools-core/pom.xml
[WARNING] error_prone_annotations-2.28.0.jar, failureaccess-1.0.3.jar, guava-33.5.0-jre.jar, itu-1.14.0.jar, j2objc-annotations-3.1.jar, jackson-core-2.18.2.jar, jackson-databind-2.18.2.jar, jackson-dataformat-yaml-2.18.2.jar, jackson-datatype-jsr310-2.19.4.jar, jsch-0.2.26.jar, json-schema-validator-1.5.9.jar, jspecify-1.0.0.jar, jul-to-slf4j-2.0.17.jar, kotlin-stdlib-2.2.21.jar, okhttp-jvm-5.3.2.jar, saslprep-2.2.jar, scram-client-3.2.jar, scram-common-3.2.jar, slf4j-api-2.0.17.jar, snakeyaml-2.0.jar, stringprep-2.2.jar define 1 overlapping classes: 
[WARNING]   - META-INF.versions.9.module-info
[WARNING] spring-core-6.2.16.jar, spring-expression-6.2.16.jar, spring-jcl-6.2.16.jar define 2 overlapping resources: 
[WARNING]   - META-INF/license.txt
[WARNING]   - META-INF/notice.txt
[WARNING] jackson-annotations-2.18.2.jar, jackson-core-2.18.2.jar, jackson-databind-2.18.2.jar, jackson-dataformat-yaml-2.18.2.jar, jackson-datatype-jsr310-2.19.4.jar define 1 overlapping resource: 
[WARNING]   - META-INF/NOTICE
[WARNING] maven-shade-plugin has detected that some class files are
[WARNING] present in two or more JARs. When this happens, only one
[WARNING] single version of the class is copied to the uber jar.
[WARNING] Usually this is not harmful and you can skip these warnings,
[WARNING] otherwise try to manually exclude artifacts based on
[WARNING] mvn dependency:tree -Ddetail=true and the above output.
[WARNING] See https://maven.apache.org/plugins/maven-shade-plugin/
[INFO] Replacing original artifact with shaded artifact.
[INFO] Replacing C:\Users\mraysmit\dev\idea-projects\quorus\quorus-controller\target\quorus-controller-1.0-SNAPSHOT.jar with C:\Users\mraysmit\dev\idea-projects\quorus\quorus-controller\target\quorus-controller-1.0-SNAPSHOT-shaded.jar
[INFO] 
[INFO] -----------------------< dev.mars:quorus-agent >------------------------
[INFO] Building Quorus Agent 1.0-SNAPSHOT                                 [6/6]
[INFO]   from quorus-agent\pom.xml
[INFO] --------------------------------[ jar ]---------------------------------
[INFO] 
[INFO] --- clean:3.2.0:clean (default-clean) @ quorus-agent ---
[INFO] Deleting C:\Users\mraysmit\dev\idea-projects\quorus\quorus-agent\target
[INFO] 
[INFO] --- jacoco:0.8.15:prepare-agent (prepare-agent) @ quorus-agent ---
[INFO] argLine set to -javaagent:C:\\Users\\mraysmit\\.m2\\repository\\org\\jacoco\\org.jacoco.agent\\0.8.15\\org.jacoco.agent-0.8.15-runtime.jar=destfile=C:\\Users\\mraysmit\\dev\\idea-projects\\quorus\\quorus-agent\\target\\jacoco.exec,excludes=sun/**:jdk/**:java/**:com/sun/**:org/jcp/**
[INFO] 
[INFO] --- resources:3.3.1:resources (default-resources) @ quorus-agent ---
[INFO] Copying 2 resources from src\main\resources to target\classes
[INFO] 
[INFO] --- compiler:3.13.0:compile (default-compile) @ quorus-agent ---
[INFO] Recompiling the module because of changed dependency.
[INFO] Compiling 14 source files with javac [debug release 27] to target\classes
[INFO] 
[INFO] --- resources:3.3.1:testResources (default-testResources) @ quorus-agent ---
[INFO] Copying 2 resources from src\test\resources to target\test-classes
[INFO] 
[INFO] --- compiler:3.13.0:testCompile (default-testCompile) @ quorus-agent ---
[INFO] Recompiling the module because of changed dependency.
[INFO] Compiling 14 source files with javac [debug release 27] to target\test-classes
[WARNING] /C:/Users/mraysmit/dev/idea-projects/quorus/quorus-agent/src/test/java/dev/mars/quorus/agent/QuorusAgentTest.java:[221,29] QuorusAgent(dev.mars.quorus.agent.config.AgentConfiguration) in dev.mars.quorus.agent.QuorusAgent has been deprecated and marked for removal
[INFO] 
[INFO] --- surefire:3.2.2:test (default-test) @ quorus-agent ---
[INFO] Tests are skipped.
[INFO] 
[INFO] --- jacoco:0.8.15:report (report) @ quorus-agent ---
[INFO] Skipping JaCoCo execution due to missing execution data file.
[INFO] 
[INFO] --- jar:3.3.0:jar (default-jar) @ quorus-agent ---
[INFO] Building jar: C:\Users\mraysmit\dev\idea-projects\quorus\quorus-agent\target\quorus-agent-1.0-SNAPSHOT.jar
[INFO] 
[INFO] --- dependency:3.6.1:copy-dependencies (copy-dependencies) @ quorus-agent ---
[INFO] Copying vertx-core-5.0.8.jar to C:\Users\mraysmit\dev\idea-projects\quorus\quorus-agent\target\lib\vertx-core-5.0.8.jar
[INFO] Copying vertx-core-logging-5.0.8.jar to C:\Users\mraysmit\dev\idea-projects\quorus\quorus-agent\target\lib\vertx-core-logging-5.0.8.jar
[INFO] Copying netty-common-4.2.10.Final.jar to C:\Users\mraysmit\dev\idea-projects\quorus\quorus-agent\target\lib\netty-common-4.2.10.Final.jar
[INFO] Copying netty-buffer-4.2.10.Final.jar to C:\Users\mraysmit\dev\idea-projects\quorus\quorus-agent\target\lib\netty-buffer-4.2.10.Final.jar
[INFO] Copying netty-transport-4.2.10.Final.jar to C:\Users\mraysmit\dev\idea-projects\quorus\quorus-agent\target\lib\netty-transport-4.2.10.Final.jar
[INFO] Copying netty-handler-4.2.10.Final.jar to C:\Users\mraysmit\dev\idea-projects\quorus\quorus-agent\target\lib\netty-handler-4.2.10.Final.jar
[INFO] Copying netty-transport-native-unix-common-4.2.10.Final.jar to C:\Users\mraysmit\dev\idea-projects\quorus\quorus-agent\target\lib\netty-transport-native-unix-common-4.2.10.Final.jar
[INFO] Copying netty-codec-base-4.2.10.Final.jar to C:\Users\mraysmit\dev\idea-projects\quorus\quorus-agent\target\lib\netty-codec-base-4.2.10.Final.jar
[INFO] Copying netty-handler-proxy-4.2.10.Final.jar to C:\Users\mraysmit\dev\idea-projects\quorus\quorus-agent\target\lib\netty-handler-proxy-4.2.10.Final.jar
[INFO] Copying netty-codec-socks-4.2.10.Final.jar to C:\Users\mraysmit\dev\idea-projects\quorus\quorus-agent\target\lib\netty-codec-socks-4.2.10.Final.jar
[INFO] Copying netty-codec-http-4.2.10.Final.jar to C:\Users\mraysmit\dev\idea-projects\quorus\quorus-agent\target\lib\netty-codec-http-4.2.10.Final.jar
[INFO] Copying netty-codec-compression-4.2.10.Final.jar to C:\Users\mraysmit\dev\idea-projects\quorus\quorus-agent\target\lib\netty-codec-compression-4.2.10.Final.jar
[INFO] Copying netty-codec-http2-4.2.10.Final.jar to C:\Users\mraysmit\dev\idea-projects\quorus\quorus-agent\target\lib\netty-codec-http2-4.2.10.Final.jar
[INFO] Copying netty-resolver-4.2.10.Final.jar to C:\Users\mraysmit\dev\idea-projects\quorus\quorus-agent\target\lib\netty-resolver-4.2.10.Final.jar
[INFO] Copying netty-resolver-dns-4.2.10.Final.jar to C:\Users\mraysmit\dev\idea-projects\quorus\quorus-agent\target\lib\netty-resolver-dns-4.2.10.Final.jar
[INFO] Copying netty-codec-dns-4.2.10.Final.jar to C:\Users\mraysmit\dev\idea-projects\quorus\quorus-agent\target\lib\netty-codec-dns-4.2.10.Final.jar
[INFO] Copying jackson-core-2.18.2.jar to C:\Users\mraysmit\dev\idea-projects\quorus\quorus-agent\target\lib\jackson-core-2.18.2.jar
[INFO] Copying vertx-opentelemetry-5.0.8.jar to C:\Users\mraysmit\dev\idea-projects\quorus\quorus-agent\target\lib\vertx-opentelemetry-5.0.8.jar
[INFO] Copying opentelemetry-api-1.59.0.jar to C:\Users\mraysmit\dev\idea-projects\quorus\quorus-agent\target\lib\opentelemetry-api-1.59.0.jar
[INFO] Copying opentelemetry-context-1.59.0.jar to C:\Users\mraysmit\dev\idea-projects\quorus\quorus-agent\target\lib\opentelemetry-context-1.59.0.jar
[INFO] Copying opentelemetry-common-1.59.0.jar to C:\Users\mraysmit\dev\idea-projects\quorus\quorus-agent\target\lib\opentelemetry-common-1.59.0.jar
[INFO] Copying opentelemetry-sdk-trace-1.59.0.jar to C:\Users\mraysmit\dev\idea-projects\quorus\quorus-agent\target\lib\opentelemetry-sdk-trace-1.59.0.jar
[INFO] Copying opentelemetry-sdk-1.59.0.jar to C:\Users\mraysmit\dev\idea-projects\quorus\quorus-agent\target\lib\opentelemetry-sdk-1.59.0.jar
[INFO] Copying opentelemetry-sdk-common-1.59.0.jar to C:\Users\mraysmit\dev\idea-projects\quorus\quorus-agent\target\lib\opentelemetry-sdk-common-1.59.0.jar
[INFO] Copying opentelemetry-sdk-metrics-1.59.0.jar to C:\Users\mraysmit\dev\idea-projects\quorus\quorus-agent\target\lib\opentelemetry-sdk-metrics-1.59.0.jar
[INFO] Copying opentelemetry-sdk-logs-1.59.0.jar to C:\Users\mraysmit\dev\idea-projects\quorus\quorus-agent\target\lib\opentelemetry-sdk-logs-1.59.0.jar
[INFO] Copying opentelemetry-exporter-otlp-1.59.0.jar to C:\Users\mraysmit\dev\idea-projects\quorus\quorus-agent\target\lib\opentelemetry-exporter-otlp-1.59.0.jar
[INFO] Copying opentelemetry-exporter-otlp-common-1.59.0.jar to C:\Users\mraysmit\dev\idea-projects\quorus\quorus-agent\target\lib\opentelemetry-exporter-otlp-common-1.59.0.jar
[INFO] Copying opentelemetry-exporter-sender-okhttp-1.59.0.jar to C:\Users\mraysmit\dev\idea-projects\quorus\quorus-agent\target\lib\opentelemetry-exporter-sender-okhttp-1.59.0.jar
[INFO] Copying okhttp-jvm-5.3.2.jar to C:\Users\mraysmit\dev\idea-projects\quorus\quorus-agent\target\lib\okhttp-jvm-5.3.2.jar
[INFO] Copying okio-jvm-3.16.4.jar to C:\Users\mraysmit\dev\idea-projects\quorus\quorus-agent\target\lib\okio-jvm-3.16.4.jar
[INFO] Copying kotlin-stdlib-2.2.21.jar to C:\Users\mraysmit\dev\idea-projects\quorus\quorus-agent\target\lib\kotlin-stdlib-2.2.21.jar
[INFO] Copying opentelemetry-sdk-extension-autoconfigure-spi-1.59.0.jar to C:\Users\mraysmit\dev\idea-projects\quorus\quorus-agent\target\lib\opentelemetry-sdk-extension-autoconfigure-spi-1.59.0.jar
[INFO] Copying opentelemetry-exporter-prometheus-1.59.0-alpha.jar to C:\Users\mraysmit\dev\idea-projects\quorus\quorus-agent\target\lib\opentelemetry-exporter-prometheus-1.59.0-alpha.jar
[INFO] Copying opentelemetry-exporter-common-1.59.0.jar to C:\Users\mraysmit\dev\idea-projects\quorus\quorus-agent\target\lib\opentelemetry-exporter-common-1.59.0.jar
[INFO] Copying prometheus-metrics-exporter-httpserver-1.3.10.jar to C:\Users\mraysmit\dev\idea-projects\quorus\quorus-agent\target\lib\prometheus-metrics-exporter-httpserver-1.3.10.jar
[INFO] Copying prometheus-metrics-exporter-common-1.3.10.jar to C:\Users\mraysmit\dev\idea-projects\quorus\quorus-agent\target\lib\prometheus-metrics-exporter-common-1.3.10.jar
[INFO] Copying prometheus-metrics-model-1.3.10.jar to C:\Users\mraysmit\dev\idea-projects\quorus\quorus-agent\target\lib\prometheus-metrics-model-1.3.10.jar
[INFO] Copying prometheus-metrics-exposition-formats-no-protobuf-1.3.10.jar to C:\Users\mraysmit\dev\idea-projects\quorus\quorus-agent\target\lib\prometheus-metrics-exposition-formats-no-protobuf-1.3.10.jar
[INFO] Copying prometheus-metrics-exposition-textformats-1.3.10.jar to C:\Users\mraysmit\dev\idea-projects\quorus\quorus-agent\target\lib\prometheus-metrics-exposition-textformats-1.3.10.jar
[INFO] Copying prometheus-metrics-config-1.3.10.jar to C:\Users\mraysmit\dev\idea-projects\quorus\quorus-agent\target\lib\prometheus-metrics-config-1.3.10.jar
[INFO] Copying protobuf-java-4.31.1.jar to C:\Users\mraysmit\dev\idea-projects\quorus\quorus-agent\target\lib\protobuf-java-4.31.1.jar
[INFO] Copying opentelemetry-logback-appender-1.0-2.14.0-alpha.jar to C:\Users\mraysmit\dev\idea-projects\quorus\quorus-agent\target\lib\opentelemetry-logback-appender-1.0-2.14.0-alpha.jar
[INFO] Copying opentelemetry-instrumentation-api-2.14.0.jar to C:\Users\mraysmit\dev\idea-projects\quorus\quorus-agent\target\lib\opentelemetry-instrumentation-api-2.14.0.jar
[INFO] Copying opentelemetry-api-incubator-1.48.0-alpha.jar to C:\Users\mraysmit\dev\idea-projects\quorus\quorus-agent\target\lib\opentelemetry-api-incubator-1.48.0-alpha.jar
[INFO] Copying opentelemetry-semconv-1.30.0.jar to C:\Users\mraysmit\dev\idea-projects\quorus\quorus-agent\target\lib\opentelemetry-semconv-1.30.0.jar
[INFO] Copying opentelemetry-instrumentation-api-incubator-2.14.0-alpha.jar to C:\Users\mraysmit\dev\idea-projects\quorus\quorus-agent\target\lib\opentelemetry-instrumentation-api-incubator-2.14.0-alpha.jar
[INFO] Copying quorus-core-1.0-SNAPSHOT.jar to C:\Users\mraysmit\dev\idea-projects\quorus\quorus-agent\target\lib\quorus-core-1.0-SNAPSHOT.jar
[INFO] Copying vertx-pg-client-5.0.8.jar to C:\Users\mraysmit\dev\idea-projects\quorus\quorus-agent\target\lib\vertx-pg-client-5.0.8.jar
[INFO] Copying vertx-sql-client-5.0.8.jar to C:\Users\mraysmit\dev\idea-projects\quorus\quorus-agent\target\lib\vertx-sql-client-5.0.8.jar
[INFO] Copying scram-client-3.2.jar to C:\Users\mraysmit\dev\idea-projects\quorus\quorus-agent\target\lib\scram-client-3.2.jar
[INFO] Copying scram-common-3.2.jar to C:\Users\mraysmit\dev\idea-projects\quorus\quorus-agent\target\lib\scram-common-3.2.jar
[INFO] Copying saslprep-2.2.jar to C:\Users\mraysmit\dev\idea-projects\quorus\quorus-agent\target\lib\saslprep-2.2.jar
[INFO] Copying stringprep-2.2.jar to C:\Users\mraysmit\dev\idea-projects\quorus\quorus-agent\target\lib\stringprep-2.2.jar
[INFO] Copying jackson-annotations-2.18.2.jar to C:\Users\mraysmit\dev\idea-projects\quorus\quorus-agent\target\lib\jackson-annotations-2.18.2.jar
[INFO] Copying jsch-0.2.26.jar to C:\Users\mraysmit\dev\idea-projects\quorus\quorus-agent\target\lib\jsch-0.2.26.jar
[INFO] Copying quorus-core-1.0-SNAPSHOT-tests.jar to C:\Users\mraysmit\dev\idea-projects\quorus\quorus-agent\target\lib\quorus-core-1.0-SNAPSHOT-tests.jar
[INFO] Copying quorus-workflow-1.0-SNAPSHOT.jar to C:\Users\mraysmit\dev\idea-projects\quorus\quorus-agent\target\lib\quorus-workflow-1.0-SNAPSHOT.jar
[INFO] Copying json-schema-validator-1.5.9.jar to C:\Users\mraysmit\dev\idea-projects\quorus\quorus-agent\target\lib\json-schema-validator-1.5.9.jar
[INFO] Copying itu-1.14.0.jar to C:\Users\mraysmit\dev\idea-projects\quorus\quorus-agent\target\lib\itu-1.14.0.jar
[INFO] Copying jackson-dataformat-yaml-2.18.2.jar to C:\Users\mraysmit\dev\idea-projects\quorus\quorus-agent\target\lib\jackson-dataformat-yaml-2.18.2.jar
[INFO] Copying spring-expression-6.2.16.jar to C:\Users\mraysmit\dev\idea-projects\quorus\quorus-agent\target\lib\spring-expression-6.2.16.jar
[INFO] Copying spring-core-6.2.16.jar to C:\Users\mraysmit\dev\idea-projects\quorus\quorus-agent\target\lib\spring-core-6.2.16.jar
[INFO] Copying spring-jcl-6.2.16.jar to C:\Users\mraysmit\dev\idea-projects\quorus\quorus-agent\target\lib\spring-jcl-6.2.16.jar
[INFO] Copying vertx-web-client-5.0.8.jar to C:\Users\mraysmit\dev\idea-projects\quorus\quorus-agent\target\lib\vertx-web-client-5.0.8.jar
[INFO] Copying vertx-uri-template-5.0.8.jar to C:\Users\mraysmit\dev\idea-projects\quorus\quorus-agent\target\lib\vertx-uri-template-5.0.8.jar
[INFO] Copying vertx-web-common-5.0.8.jar to C:\Users\mraysmit\dev\idea-projects\quorus\quorus-agent\target\lib\vertx-web-common-5.0.8.jar
[INFO] Copying vertx-auth-common-5.0.8.jar to C:\Users\mraysmit\dev\idea-projects\quorus\quorus-agent\target\lib\vertx-auth-common-5.0.8.jar
[INFO] Copying jackson-databind-2.19.4.jar to C:\Users\mraysmit\dev\idea-projects\quorus\quorus-agent\target\lib\jackson-databind-2.19.4.jar
[INFO] Copying jackson-datatype-jsr310-2.19.4.jar to C:\Users\mraysmit\dev\idea-projects\quorus\quorus-agent\target\lib\jackson-datatype-jsr310-2.19.4.jar
[INFO] Copying slf4j-api-2.0.17.jar to C:\Users\mraysmit\dev\idea-projects\quorus\quorus-agent\target\lib\slf4j-api-2.0.17.jar
[INFO] Copying logback-classic-1.5.32.jar to C:\Users\mraysmit\dev\idea-projects\quorus\quorus-agent\target\lib\logback-classic-1.5.32.jar
[INFO] Copying logback-core-1.5.32.jar to C:\Users\mraysmit\dev\idea-projects\quorus\quorus-agent\target\lib\logback-core-1.5.32.jar
[INFO] Copying snakeyaml-2.5.jar to C:\Users\mraysmit\dev\idea-projects\quorus\quorus-agent\target\lib\snakeyaml-2.5.jar
[INFO] Copying junit-jupiter-5.14.3.jar to C:\Users\mraysmit\dev\idea-projects\quorus\quorus-agent\target\lib\junit-jupiter-5.14.3.jar
[INFO] Copying junit-jupiter-api-5.14.3.jar to C:\Users\mraysmit\dev\idea-projects\quorus\quorus-agent\target\lib\junit-jupiter-api-5.14.3.jar
[INFO] Copying opentest4j-1.3.0.jar to C:\Users\mraysmit\dev\idea-projects\quorus\quorus-agent\target\lib\opentest4j-1.3.0.jar
[INFO] Copying junit-platform-commons-1.14.3.jar to C:\Users\mraysmit\dev\idea-projects\quorus\quorus-agent\target\lib\junit-platform-commons-1.14.3.jar
[INFO] Copying apiguardian-api-1.1.2.jar to C:\Users\mraysmit\dev\idea-projects\quorus\quorus-agent\target\lib\apiguardian-api-1.1.2.jar
[INFO] Copying junit-jupiter-params-5.14.3.jar to C:\Users\mraysmit\dev\idea-projects\quorus\quorus-agent\target\lib\junit-jupiter-params-5.14.3.jar
[INFO] Copying junit-jupiter-engine-5.14.3.jar to C:\Users\mraysmit\dev\idea-projects\quorus\quorus-agent\target\lib\junit-jupiter-engine-5.14.3.jar
[INFO] Copying junit-platform-engine-1.14.3.jar to C:\Users\mraysmit\dev\idea-projects\quorus\quorus-agent\target\lib\junit-platform-engine-1.14.3.jar
[INFO] Copying vertx-junit5-5.0.8.jar to C:\Users\mraysmit\dev\idea-projects\quorus\quorus-agent\target\lib\vertx-junit5-5.0.8.jar
[INFO] Copying vertx-web-5.0.8.jar to C:\Users\mraysmit\dev\idea-projects\quorus\quorus-agent\target\lib\vertx-web-5.0.8.jar
[INFO] Copying vertx-bridge-common-5.0.8.jar to C:\Users\mraysmit\dev\idea-projects\quorus\quorus-agent\target\lib\vertx-bridge-common-5.0.8.jar
[INFO] Copying awaitility-4.3.0.jar to C:\Users\mraysmit\dev\idea-projects\quorus\quorus-agent\target\lib\awaitility-4.3.0.jar
[INFO] Copying hamcrest-2.1.jar to C:\Users\mraysmit\dev\idea-projects\quorus\quorus-agent\target\lib\hamcrest-2.1.jar
[INFO] Copying testcontainers-2.0.3.jar to C:\Users\mraysmit\dev\idea-projects\quorus\quorus-agent\target\lib\testcontainers-2.0.3.jar
[INFO] Copying commons-compress-1.28.0.jar to C:\Users\mraysmit\dev\idea-projects\quorus\quorus-agent\target\lib\commons-compress-1.28.0.jar
[INFO] Copying commons-codec-1.19.0.jar to C:\Users\mraysmit\dev\idea-projects\quorus\quorus-agent\target\lib\commons-codec-1.19.0.jar
[INFO] Copying commons-io-2.20.0.jar to C:\Users\mraysmit\dev\idea-projects\quorus\quorus-agent\target\lib\commons-io-2.20.0.jar
[INFO] Copying commons-lang3-3.18.0.jar to C:\Users\mraysmit\dev\idea-projects\quorus\quorus-agent\target\lib\commons-lang3-3.18.0.jar
[INFO] Copying duct-tape-1.0.8.jar to C:\Users\mraysmit\dev\idea-projects\quorus\quorus-agent\target\lib\duct-tape-1.0.8.jar
[INFO] Copying annotations-17.0.0.jar to C:\Users\mraysmit\dev\idea-projects\quorus\quorus-agent\target\lib\annotations-17.0.0.jar
[INFO] Copying docker-java-api-3.7.0.jar to C:\Users\mraysmit\dev\idea-projects\quorus\quorus-agent\target\lib\docker-java-api-3.7.0.jar
[INFO] Copying docker-java-transport-zerodep-3.7.0.jar to C:\Users\mraysmit\dev\idea-projects\quorus\quorus-agent\target\lib\docker-java-transport-zerodep-3.7.0.jar
[INFO] Copying docker-java-transport-3.7.0.jar to C:\Users\mraysmit\dev\idea-projects\quorus\quorus-agent\target\lib\docker-java-transport-3.7.0.jar
[INFO] Copying jna-5.18.1.jar to C:\Users\mraysmit\dev\idea-projects\quorus\quorus-agent\target\lib\jna-5.18.1.jar
[INFO] Copying testcontainers-junit-jupiter-2.0.3.jar to C:\Users\mraysmit\dev\idea-projects\quorus\quorus-agent\target\lib\testcontainers-junit-jupiter-2.0.3.jar
[INFO] ------------------------------------------------------------------------
[INFO] Reactor Summary for Quorus File Transfer System 1.0-SNAPSHOT:
[INFO] 
[INFO] Quorus File Transfer System ........................ SUCCESS [  0.283 s]
[INFO] Quorus Core ........................................ SUCCESS [  7.379 s]
[INFO] Quorus Workflow Engine ............................. SUCCESS [  1.426 s]
[INFO] Quorus Tenant Management ........................... SUCCESS [  0.879 s]
[INFO] Quorus Distributed Controller ...................... SUCCESS [ 11.765 s]
[INFO] Quorus Agent ....................................... SUCCESS [  2.049 s]
[INFO] ------------------------------------------------------------------------
[INFO] BUILD SUCCESS
[INFO] ------------------------------------------------------------------------
[INFO] Total time:  23.975 s
[INFO] Finished at: 2026-09-26T13:04:58+01:00
[INFO] ------------------------------------------------------------------------
Host-built artifact: /c/Users/mraysmit/dev/idea-projects/quorus/quorus-controller/target/quorus-controller-1.0-SNAPSHOT.jar
Host-built artifact: /c/Users/mraysmit/dev/idea-projects/quorus/quorus-agent/target/quorus-agent-1.0-SNAPSHOT.jar
